model XiaomiMiMo/MiMo-V2.6-Flash-RL
warm 0: status 200 tokens 64
== prose concurrency 1: 20:45:36.251 .. 20:45:39.838  wall 3.6 s
   req 0: status 200 finish=length tokens 256 chunks 256 ttft 230 ms  client update pace 13.16 ms/update
   aggregate wall: 256 tokens in 3.59 s = 71.36 tok/s (prefill included)
   legacy output-span aggregate: 76.26955646123787 tok/s (initial TTFT excluded; later admissions included)
   engine decode: 76.879 tok/s
== prose concurrency 1: 20:45:39.839 .. 20:45:43.249  wall 3.4 s
   req 0: status 200 finish=length tokens 256 chunks 256 ttft 76 ms  client update pace 13.07 ms/update
   aggregate wall: 256 tokens in 3.41 s = 75.08 tok/s (prefill included)
   legacy output-span aggregate: 76.80763585394214 tok/s (initial TTFT excluded; later admissions included)
   engine decode: 77.098 tok/s
== prose concurrency 1: 20:45:43.250 .. 20:45:46.685  wall 3.4 s
   req 0: status 200 finish=length tokens 256 chunks 256 ttft 76 ms  client update pace 13.07 ms/update
   aggregate wall: 256 tokens in 3.44 s = 74.51 tok/s (prefill included)
   legacy output-span aggregate: 76.79210561041322 tok/s (initial TTFT excluded; later admissions included)
   engine decode: 76.909 tok/s
== prose concurrency 2: 20:45:46.687 .. 20:45:52.085  wall 5.4 s
   req 0: status 200 finish=length tokens 256 chunks 256 ttft 230 ms  client update pace 19.96 ms/update
   req 1: status 200 finish=length tokens 256 chunks 256 ttft 484 ms  client update pace 19.27 ms/update
   aggregate wall: 512 tokens in 5.40 s = 94.85 tok/s (prefill included)
   legacy output-span aggregate: 99.07830878399996 tok/s (initial TTFT excluded; later admissions included)
   engine decode: 104.622 tok/s
== prose concurrency 2: 20:45:52.086 .. 20:45:57.173  wall 5.1 s
   req 0: status 200 finish=length tokens 256 chunks 256 ttft 76 ms  client update pace 19.34 ms/update
   req 1: status 200 finish=length tokens 256 chunks 256 ttft 153 ms  client update pace 19.35 ms/update
   aggregate wall: 512 tokens in 5.09 s = 100.64 tok/s (prefill included)
   legacy output-span aggregate: 102.18805351572327 tok/s (initial TTFT excluded; later admissions included)
   engine decode: 104.326 tok/s
== prose concurrency 2: 20:45:57.174 .. 20:46:02.275  wall 5.1 s
   req 0: status 200 finish=length tokens 256 chunks 256 ttft 77 ms  client update pace 19.40 ms/update
   req 1: status 200 finish=length tokens 256 chunks 256 ttft 152 ms  client update pace 19.40 ms/update
   aggregate wall: 512 tokens in 5.10 s = 100.37 tok/s (prefill included)
   legacy output-span aggregate: 101.91392341844181 tok/s (initial TTFT excluded; later admissions included)
   engine decode: 104.450 tok/s
== prose concurrency 4: 20:46:02.277 .. 20:46:10.634  wall 8.4 s
   req 0: status 200 finish=length tokens 256 chunks 256 ttft 231 ms  client update pace 31.86 ms/update
   req 1: status 200 finish=length tokens 256 chunks 256 ttft 694 ms  client update pace 29.65 ms/update
   req 2: status 200 finish=length tokens 256 chunks 256 ttft 462 ms  client update pace 30.45 ms/update
   req 3: status 200 finish=length tokens 256 chunks 256 ttft 923 ms  client update pace 28.94 ms/update
   aggregate wall: 1024 tokens in 8.36 s = 122.53 tok/s (prefill included)
   legacy output-span aggregate: 126.02642653853593 tok/s (initial TTFT excluded; later admissions included)
   engine decode: 137.685 tok/s
== prose concurrency 4: 20:46:10.635 .. 20:46:18.463  wall 7.8 s
   req 0: status 200 finish=length tokens 256 chunks 256 ttft 78 ms  client update pace 30.39 ms/update
   req 1: status 200 finish=length tokens 256 chunks 256 ttft 360 ms  client update pace 28.98 ms/update
   req 2: status 200 finish=length tokens 256 chunks 256 ttft 257 ms  client update pace 29.38 ms/update
   req 3: status 200 finish=length tokens 256 chunks 256 ttft 154 ms  client update pace 29.38 ms/update
   aggregate wall: 1024 tokens in 7.83 s = 130.82 tok/s (prefill included)
   legacy output-span aggregate: 132.14500695284835 tok/s (initial TTFT excluded; later admissions included)
   engine decode: 136.821 tok/s
== prose concurrency 4: 20:46:18.464 .. 20:46:26.322  wall 7.9 s
   req 0: status 200 finish=length tokens 256 chunks 256 ttft 78 ms  client update pace 30.51 ms/update
   req 1: status 200 finish=length tokens 256 chunks 256 ttft 254 ms  client update pace 29.22 ms/update
   req 2: status 200 finish=length tokens 256 chunks 256 ttft 153 ms  client update pace 29.61 ms/update
   req 3: status 200 finish=length tokens 256 chunks 256 ttft 354 ms  client update pace 29.12 ms/update
   aggregate wall: 1024 tokens in 7.86 s = 130.30 tok/s (prefill included)
   legacy output-span aggregate: 131.61547122003282 tok/s (initial TTFT excluded; later admissions included)
   engine decode: 137.071 tok/s
== code concurrency 1: 20:46:26.326 .. 20:46:29.795  wall 3.5 s
   req 0: status 200 finish=length tokens 256 chunks 256 ttft 253 ms  client update pace 12.61 ms/update
   aggregate wall: 256 tokens in 3.47 s = 73.80 tok/s (prefill included)
   legacy output-span aggregate: 79.63959189659666 tok/s (initial TTFT excluded; later admissions included)
   engine decode: 80.345 tok/s
== code concurrency 1: 20:46:29.796 .. 20:46:33.083  wall 3.3 s
   req 0: status 200 finish=length tokens 256 chunks 256 ttft 77 ms  client update pace 12.59 ms/update
   aggregate wall: 256 tokens in 3.29 s = 77.87 tok/s (prefill included)
   legacy output-span aggregate: 79.74551076784576 tok/s (initial TTFT excluded; later admissions included)
   engine decode: 80.025 tok/s
== code concurrency 1: 20:46:33.084 .. 20:46:36.369  wall 3.3 s
   req 0: status 200 finish=length tokens 256 chunks 256 ttft 77 ms  client update pace 12.58 ms/update
   aggregate wall: 256 tokens in 3.28 s = 77.93 tok/s (prefill included)
   legacy output-span aggregate: 79.8191105144752 tok/s (initial TTFT excluded; later admissions included)
   engine decode: 80.138 tok/s
== code concurrency 2: 20:46:36.374 .. 20:46:41.608  wall 5.2 s
   req 0: status 200 finish=length tokens 256 chunks 256 ttft 257 ms  client update pace 19.01 ms/update
   req 1: status 200 finish=length tokens 256 chunks 256 ttft 514 ms  client update pace 18.51 ms/update
   aggregate wall: 512 tokens in 5.23 s = 97.82 tok/s (prefill included)
   legacy output-span aggregate: 102.87938784504233 tok/s (initial TTFT excluded; later admissions included)
   engine decode: 108.993 tok/s
== code concurrency 2: 20:46:41.609 .. 20:46:46.509  wall 4.9 s
   req 0: status 200 finish=length tokens 256 chunks 256 ttft 77 ms  client update pace 18.31 ms/update
   req 1: status 200 finish=length tokens 256 chunks 256 ttft 152 ms  client update pace 18.61 ms/update
   aggregate wall: 512 tokens in 4.90 s = 104.50 tok/s (prefill included)
   legacy output-span aggregate: 106.1678766009067 tok/s (initial TTFT excluded; later admissions included)
   engine decode: 108.499 tok/s
== code concurrency 2: 20:46:46.509 .. 20:46:51.379  wall 4.9 s
   req 0: status 200 finish=length tokens 256 chunks 256 ttft 77 ms  client update pace 18.29 ms/update
   req 1: status 200 finish=length tokens 256 chunks 256 ttft 154 ms  client update pace 18.49 ms/update
   aggregate wall: 512 tokens in 4.87 s = 105.15 tok/s (prefill included)
   legacy output-span aggregate: 106.8593738109697 tok/s (initial TTFT excluded; later admissions included)
   engine decode: 108.993 tok/s
== code concurrency 4: 20:46:51.384 .. 20:46:59.558  wall 8.2 s
   req 0: status 200 finish=length tokens 256 chunks 256 ttft 254 ms  client update pace 29.95 ms/update
   req 1: status 200 finish=length tokens 256 chunks 256 ttft 707 ms  client update pace 29.07 ms/update
   req 2: status 200 finish=length tokens 256 chunks 256 ttft 959 ms  client update pace 28.29 ms/update
   req 3: status 200 finish=length tokens 256 chunks 256 ttft 480 ms  client update pace 29.06 ms/update
   aggregate wall: 1024 tokens in 8.17 s = 125.28 tok/s (prefill included)
   legacy output-span aggregate: 129.31494948952982 tok/s (initial TTFT excluded; later admissions included)
   engine decode: 141.425 tok/s
== code concurrency 4: 20:46:59.558 .. 20:47:07.088  wall 7.5 s
   req 0: status 200 finish=length tokens 256 chunks 256 ttft 77 ms  client update pace 28.32 ms/update
   req 1: status 200 finish=length tokens 256 chunks 256 ttft 254 ms  client update pace 28.53 ms/update
   req 2: status 200 finish=length tokens 256 chunks 256 ttft 153 ms  client update pace 28.92 ms/update
   req 3: status 200 finish=length tokens 256 chunks 256 ttft 354 ms  client update pace 27.63 ms/update
   aggregate wall: 1024 tokens in 7.53 s = 136.00 tok/s (prefill included)
   legacy output-span aggregate: 137.42498079996076 tok/s (initial TTFT excluded; later admissions included)
   engine decode: 142.550 tok/s
== code concurrency 4: 20:47:07.088 .. 20:47:14.726  wall 7.6 s
   req 0: status 200 finish=length tokens 256 chunks 256 ttft 78 ms  client update pace 28.54 ms/update
   req 1: status 200 finish=length tokens 256 chunks 256 ttft 154 ms  client update pace 29.04 ms/update
   req 2: status 200 finish=length tokens 256 chunks 256 ttft 360 ms  client update pace 28.54 ms/update
   req 3: status 200 finish=length tokens 256 chunks 256 ttft 257 ms  client update pace 28.04 ms/update
   aggregate wall: 1024 tokens in 7.64 s = 134.07 tok/s (prefill included)
   legacy output-span aggregate: 135.45552697982208 tok/s (initial TTFT excluded; later admissions included)
   engine decode: 141.227 tok/s
== json concurrency 1: 20:47:14.735 .. 20:47:18.046  wall 3.3 s
   req 0: status 200 finish=length tokens 256 chunks 256 ttft 257 ms  client update pace 11.97 ms/update
   aggregate wall: 256 tokens in 3.31 s = 77.33 tok/s (prefill included)
   legacy output-span aggregate: 83.86336462152737 tok/s (initial TTFT excluded; later admissions included)
   engine decode: 84.423 tok/s
== json concurrency 1: 20:47:18.046 .. 20:47:21.151  wall 3.1 s
   req 0: status 200 finish=length tokens 256 chunks 256 ttft 78 ms  client update pace 11.87 ms/update
   aggregate wall: 256 tokens in 3.10 s = 82.45 tok/s (prefill included)
   legacy output-span aggregate: 84.5813741566281 tok/s (initial TTFT excluded; later admissions included)
   engine decode: 84.602 tok/s
== json concurrency 1: 20:47:21.152 .. 20:47:24.273  wall 3.1 s
   req 0: status 200 finish=length tokens 256 chunks 256 ttft 78 ms  client update pace 11.93 ms/update
   aggregate wall: 256 tokens in 3.12 s = 82.03 tok/s (prefill included)
   legacy output-span aggregate: 84.13921559073015 tok/s (initial TTFT excluded; later admissions included)
   engine decode: 84.521 tok/s
== json concurrency 2: 20:47:24.281 .. 20:47:29.116  wall 4.8 s
   req 0: status 200 finish=length tokens 256 chunks 256 ttft 257 ms  client update pace 17.95 ms/update
   req 1: status 200 finish=length tokens 256 chunks 256 ttft 513 ms  client update pace 16.95 ms/update
   aggregate wall: 512 tokens in 4.84 s = 105.88 tok/s (prefill included)
   legacy output-span aggregate: 111.84192542606709 tok/s (initial TTFT excluded; later admissions included)
   engine decode: 118.898 tok/s
== json concurrency 2: 20:47:29.117 .. 20:47:33.602  wall 4.5 s
   req 0: status 200 finish=length tokens 256 chunks 256 ttft 77 ms  client update pace 17.29 ms/update
   req 1: status 200 finish=length tokens 256 chunks 256 ttft 152 ms  client update pace 16.99 ms/update
   aggregate wall: 512 tokens in 4.49 s = 114.15 tok/s (prefill included)
   legacy output-span aggregate: 116.15248084189166 tok/s (initial TTFT excluded; later admissions included)
   engine decode: 118.514 tok/s
== json concurrency 2: 20:47:33.603 .. 20:47:38.093  wall 4.5 s
   req 0: status 200 finish=length tokens 256 chunks 256 ttft 77 ms  client update pace 17.30 ms/update
   req 1: status 200 finish=length tokens 256 chunks 256 ttft 153 ms  client update pace 17.01 ms/update
   aggregate wall: 512 tokens in 4.49 s = 114.02 tok/s (prefill included)
   legacy output-span aggregate: 116.02472942183603 tok/s (initial TTFT excluded; later admissions included)
   engine decode: 118.801 tok/s
== json concurrency 4: 20:47:38.143 .. 20:47:45.990  wall 7.8 s
   req 0: status 200 finish=length tokens 256 chunks 256 ttft 256 ms  client update pace 28.76 ms/update
   req 1: status 200 finish=length tokens 256 chunks 256 ttft 484 ms  client update pace 28.06 ms/update
   req 2: status 200 finish=length tokens 256 chunks 256 ttft 993 ms  client update pace 26.37 ms/update
   req 3: status 200 finish=length tokens 256 chunks 256 ttft 738 ms  client update pace 27.87 ms/update
   aggregate wall: 1024 tokens in 7.85 s = 130.51 tok/s (prefill included)
   legacy output-span aggregate: 134.91043354343483 tok/s (initial TTFT excluded; later admissions included)
   engine decode: 149.416 tok/s
== json concurrency 4: 20:47:45.990 .. 20:47:53.171  wall 7.2 s
   req 0: status 200 finish=length tokens 256 chunks 256 ttft 78 ms  client update pace 26.85 ms/update
   req 1: status 200 finish=length tokens 256 chunks 256 ttft 154 ms  client update pace 26.75 ms/update
   req 2: status 200 finish=length tokens 256 chunks 256 ttft 256 ms  client update pace 26.56 ms/update
   req 3: status 200 finish=length tokens 256 chunks 256 ttft 358 ms  client update pace 26.75 ms/update
   aggregate wall: 1024 tokens in 7.18 s = 142.61 tok/s (prefill included)
   legacy output-span aggregate: 144.18889886459127 tok/s (initial TTFT excluded; later admissions included)
   engine decode: 149.663 tok/s
== json concurrency 4: 20:47:53.172 .. 20:48:00.379  wall 7.2 s
   req 0: status 200 finish=length tokens 256 chunks 256 ttft 78 ms  client update pace 26.96 ms/update
   req 1: status 200 finish=length tokens 256 chunks 256 ttft 154 ms  client update pace 26.86 ms/update
   req 2: status 200 finish=length tokens 256 chunks 256 ttft 255 ms  client update pace 26.66 ms/update
   req 3: status 200 finish=length tokens 256 chunks 256 ttft 356 ms  client update pace 26.86 ms/update
   aggregate wall: 1024 tokens in 7.21 s = 142.08 tok/s (prefill included)
   legacy output-span aggregate: 143.63990902306153 tok/s (initial TTFT excluded; later admissions included)
   engine decode: 149.260 tok/s
== math concurrency 1: 20:48:00.389 .. 20:48:03.749  wall 3.4 s
   req 0: status 200 finish=length tokens 256 chunks 256 ttft 279 ms  client update pace 12.08 ms/update
   aggregate wall: 256 tokens in 3.36 s = 76.19 tok/s (prefill included)
   legacy output-span aggregate: 83.11996235981907 tok/s (initial TTFT excluded; later admissions included)
   engine decode: 83.793 tok/s
== math concurrency 1: 20:48:03.750 .. 20:48:06.897  wall 3.1 s
   req 0: status 200 finish=length tokens 256 chunks 256 ttft 76 ms  client update pace 12.04 ms/update
   aggregate wall: 256 tokens in 3.15 s = 81.35 tok/s (prefill included)
   legacy output-span aggregate: 83.39149295372658 tok/s (initial TTFT excluded; later admissions included)
   engine decode: 83.744 tok/s
== math concurrency 1: 20:48:06.898 .. 20:48:10.044  wall 3.1 s
   req 0: status 200 finish=length tokens 256 chunks 256 ttft 77 ms  client update pace 12.03 ms/update
   aggregate wall: 256 tokens in 3.15 s = 81.37 tok/s (prefill included)
   legacy output-span aggregate: 83.41832041736072 tok/s (initial TTFT excluded; later admissions included)
   engine decode: 83.675 tok/s
== math concurrency 2: 20:48:10.055 .. 20:48:15.022  wall 5.0 s
   req 0: status 200 finish=length tokens 256 chunks 256 ttft 538 ms  client update pace 17.37 ms/update
   req 1: status 200 finish=length tokens 256 chunks 256 ttft 257 ms  client update pace 17.96 ms/update
   aggregate wall: 512 tokens in 4.97 s = 103.09 tok/s (prefill included)
   legacy output-span aggregate: 108.72181086662715 tok/s (initial TTFT excluded; later admissions included)
   engine decode: 116.513 tok/s
== math concurrency 2: 20:48:15.022 .. 20:48:19.590  wall 4.6 s
   req 0: status 200 finish=length tokens 256 chunks 256 ttft 78 ms  client update pace 17.61 ms/update
   req 1: status 200 finish=length tokens 256 chunks 256 ttft 154 ms  client update pace 17.00 ms/update
   aggregate wall: 512 tokens in 4.57 s = 112.09 tok/s (prefill included)
   legacy output-span aggregate: 114.03811206320788 tok/s (initial TTFT excluded; later admissions included)
   engine decode: 116.916 tok/s
== math concurrency 2: 20:48:19.591 .. 20:48:24.164  wall 4.6 s
   req 0: status 200 finish=length tokens 256 chunks 256 ttft 153 ms  client update pace 17.33 ms/update
   req 1: status 200 finish=length tokens 256 chunks 256 ttft 77 ms  client update pace 17.13 ms/update
   aggregate wall: 512 tokens in 4.57 s = 111.96 tok/s (prefill included)
   legacy output-span aggregate: 113.8982135977688 tok/s (initial TTFT excluded; later admissions included)
   engine decode: 116.441 tok/s
== math concurrency 4: 20:48:24.176 .. 20:48:32.283  wall 8.1 s
   req 0: status 200 finish=length tokens 256 chunks 256 ttft 256 ms  client update pace 29.29 ms/update
   req 1: status 200 finish=length tokens 256 chunks 256 ttft 510 ms  client update pace 28.69 ms/update
   req 2: status 200 finish=length tokens 256 chunks 256 ttft 738 ms  client update pace 28.90 ms/update
   req 3: status 200 finish=length tokens 256 chunks 256 ttft 991 ms  client update pace 27.60 ms/update
   aggregate wall: 1024 tokens in 8.11 s = 126.30 tok/s (prefill included)
   legacy output-span aggregate: 130.43554820299562 tok/s (initial TTFT excluded; later admissions included)
   engine decode: 144.066 tok/s
== math concurrency 4: 20:48:32.285 .. 20:48:39.755  wall 7.5 s
   req 0: status 200 finish=length tokens 256 chunks 256 ttft 78 ms  client update pace 27.48 ms/update
   req 1: status 200 finish=length tokens 256 chunks 256 ttft 154 ms  client update pace 27.58 ms/update
   req 2: status 200 finish=length tokens 256 chunks 256 ttft 255 ms  client update pace 28.29 ms/update
   req 3: status 200 finish=length tokens 256 chunks 256 ttft 356 ms  client update pace 27.59 ms/update
   aggregate wall: 1024 tokens in 7.47 s = 137.08 tok/s (prefill included)
   legacy output-span aggregate: 138.54134341825775 tok/s (initial TTFT excluded; later admissions included)
   engine decode: 143.911 tok/s
== math concurrency 4: 20:48:39.756 .. 20:48:47.191  wall 7.4 s
   req 0: status 200 finish=length tokens 256 chunks 256 ttft 156 ms  client update pace 27.43 ms/update
   req 1: status 200 finish=length tokens 256 chunks 256 ttft 258 ms  client update pace 27.43 ms/update
   req 2: status 200 finish=length tokens 256 chunks 256 ttft 78 ms  client update pace 28.84 ms/update
   req 3: status 200 finish=length tokens 256 chunks 256 ttft 359 ms  client update pace 27.64 ms/update
   aggregate wall: 1024 tokens in 7.44 s = 137.72 tok/s (prefill included)
   legacy output-span aggregate: 139.2183881552433 tok/s (initial TTFT excluded; later admissions included)
   engine decode: 144.597 tok/s
== chat concurrency 1: 20:48:47.214 .. 20:48:51.114  wall 3.9 s
   req 0: status 200 finish=length tokens 256 chunks 256 ttft 257 ms  client update pace 14.28 ms/update
   aggregate wall: 256 tokens in 3.90 s = 65.65 tok/s (prefill included)
   legacy output-span aggregate: 70.29345118405548 tok/s (initial TTFT excluded; later admissions included)
   engine decode: 70.833 tok/s
== chat concurrency 1: 20:48:51.115 .. 20:48:54.836  wall 3.7 s
   req 0: status 200 finish=length tokens 256 chunks 256 ttft 77 ms  client update pace 14.29 ms/update
   aggregate wall: 256 tokens in 3.72 s = 68.80 tok/s (prefill included)
   legacy output-span aggregate: 70.26856463147682 tok/s (initial TTFT excluded; later admissions included)
   engine decode: 70.906 tok/s
== chat concurrency 1: 20:48:54.837 .. 20:48:58.555  wall 3.7 s
   req 0: status 200 finish=length tokens 256 chunks 256 ttft 77 ms  client update pace 14.28 ms/update
   aggregate wall: 256 tokens in 3.72 s = 68.85 tok/s (prefill included)
   legacy output-span aggregate: 70.30269510831613 tok/s (initial TTFT excluded; later admissions included)
   engine decode: 70.774 tok/s
== chat concurrency 2: 20:48:58.579 .. 20:49:04.084  wall 5.5 s
   req 0: status 200 finish=length tokens 256 chunks 256 ttft 510 ms  client update pace 19.59 ms/update
   req 1: status 200 finish=length tokens 256 chunks 256 ttft 255 ms  client update pace 19.48 ms/update
   aggregate wall: 512 tokens in 5.50 s = 93.01 tok/s (prefill included)
   legacy output-span aggregate: 97.54943386404433 tok/s (initial TTFT excluded; later admissions included)
   engine decode: 102.852 tok/s
== chat concurrency 2: 20:49:04.085 .. 20:49:09.245  wall 5.2 s
   req 0: status 200 finish=length tokens 256 chunks 256 ttft 154 ms  client update pace 19.63 ms/update
   req 1: status 200 finish=length tokens 256 chunks 256 ttft 77 ms  client update pace 18.83 ms/update
   aggregate wall: 512 tokens in 5.16 s = 99.21 tok/s (prefill included)
   legacy output-span aggregate: 100.7314040549941 tok/s (initial TTFT excluded; later admissions included)
   engine decode: 103.026 tok/s
== chat concurrency 2: 20:49:09.246 .. 20:49:14.396  wall 5.1 s
   req 0: status 200 finish=length tokens 256 chunks 256 ttft 78 ms  client update pace 19.89 ms/update
   req 1: status 200 finish=length tokens 256 chunks 256 ttft 154 ms  client update pace 18.68 ms/update
   aggregate wall: 512 tokens in 5.15 s = 99.43 tok/s (prefill included)
   legacy output-span aggregate: 100.96751085832116 tok/s (initial TTFT excluded; later admissions included)
   engine decode: 103.318 tok/s
== chat concurrency 4: 20:49:14.411 .. 20:49:22.972  wall 8.6 s
   req 0: status 200 finish=length tokens 256 chunks 256 ttft 254 ms  client update pace 31.18 ms/update
   req 1: status 200 finish=length tokens 256 chunks 256 ttft 711 ms  client update pace 30.48 ms/update
   req 2: status 200 finish=length tokens 256 chunks 256 ttft 965 ms  client update pace 29.19 ms/update
   req 3: status 200 finish=length tokens 256 chunks 256 ttft 482 ms  client update pace 31.68 ms/update
   aggregate wall: 1024 tokens in 8.56 s = 119.60 tok/s (prefill included)
   legacy output-span aggregate: 123.27371090194997 tok/s (initial TTFT excluded; later admissions included)
   engine decode: 134.471 tok/s
== chat concurrency 4: 20:49:22.973 .. 20:49:30.924  wall 8.0 s
   req 0: status 200 finish=length tokens 256 chunks 256 ttft 361 ms  client update pace 29.05 ms/update
   req 1: status 200 finish=length tokens 256 chunks 256 ttft 258 ms  client update pace 29.96 ms/update
   req 2: status 200 finish=length tokens 256 chunks 256 ttft 156 ms  client update pace 29.65 ms/update
   req 3: status 200 finish=length tokens 256 chunks 256 ttft 79 ms  client update pace 30.87 ms/update
   aggregate wall: 1024 tokens in 7.95 s = 128.79 tok/s (prefill included)
   legacy output-span aggregate: 130.10316336644914 tok/s (initial TTFT excluded; later admissions included)
   engine decode: 134.956 tok/s
== chat concurrency 4: 20:49:30.925 .. 20:49:38.881  wall 8.0 s
   req 0: status 200 finish=length tokens 256 chunks 256 ttft 154 ms  client update pace 29.39 ms/update
   req 1: status 200 finish=length tokens 256 chunks 256 ttft 78 ms  client update pace 30.29 ms/update
   req 2: status 200 finish=length tokens 256 chunks 256 ttft 357 ms  client update pace 29.19 ms/update
   req 3: status 200 finish=length tokens 256 chunks 256 ttft 255 ms  client update pace 30.19 ms/update
   aggregate wall: 1024 tokens in 7.96 s = 128.72 tok/s (prefill included)
   legacy output-span aggregate: 130.00344018065914 tok/s (initial TTFT excluded; later admissions included)
   engine decode: 134.707 tok/s
== per-class wall aggregate tokens/s (prefill included), greedy, max_tokens 256
| class | c=1 | c=2 | c=4 |
|---|---|---|---|
| prose | 74.5 | 100.4 | 130.3 |
| code | 77.9 | 104.5 | 134.1 |
| json | 82.0 | 114.0 | 142.1 |
| math | 81.3 | 112.0 | 137.1 |
| chat | 68.8 | 99.2 | 128.7 |
