model XiaomiMiMo/MiMo-V2.6-Flash-RL
warm 0: status 200 tokens 64
== prose concurrency 1: 18:19:05.902 .. 18:19:12.364  wall 6.5 s
   req 0: status 200 finish=length tokens 256 chunks 256 ttft 379 ms  client update pace 23.85 ms/update
   aggregate wall: 256 tokens in 6.46 s = 39.62 tok/s (prefill included)
   legacy output-span aggregate: 42.089256184453696 tok/s (initial TTFT excluded; later admissions included)
   engine decode: 42.242 tok/s
== prose concurrency 1: 18:19:12.364 .. 18:19:18.551  wall 6.2 s
   req 0: status 200 finish=length tokens 256 chunks 256 ttft 101 ms  client update pace 23.86 ms/update
   aggregate wall: 256 tokens in 6.19 s = 41.38 tok/s (prefill included)
   legacy output-span aggregate: 42.067777654393005 tok/s (initial TTFT excluded; later admissions included)
   engine decode: 42.185 tok/s
== prose concurrency 1: 18:19:18.552 .. 18:19:24.763  wall 6.2 s
   req 0: status 200 finish=length tokens 256 chunks 256 ttft 102 ms  client update pace 23.96 ms/update
   aggregate wall: 256 tokens in 6.21 s = 41.22 tok/s (prefill included)
   legacy output-span aggregate: 41.90525033547738 tok/s (initial TTFT excluded; later admissions included)
   engine decode: 42.150 tok/s
== prose concurrency 2: 18:19:24.764 .. 18:19:34.908  wall 10.1 s
   req 0: status 200 finish=length tokens 256 chunks 256 ttft 378 ms  client update pace 36.70 ms/update
   req 1: status 200 finish=length tokens 256 chunks 256 ttft 781 ms  client update pace 36.71 ms/update
   aggregate wall: 512 tokens in 10.14 s = 50.48 tok/s (prefill included)
   legacy output-span aggregate: 52.43479757163634 tok/s (initial TTFT excluded; later admissions included)
   engine decode: 54.728 tok/s
== prose concurrency 2: 18:19:34.908 .. 18:19:44.573  wall 9.7 s
   req 0: status 200 finish=length tokens 256 chunks 256 ttft 101 ms  client update pace 35.91 ms/update
   req 1: status 200 finish=length tokens 256 chunks 256 ttft 252 ms  client update pace 36.91 ms/update
   aggregate wall: 512 tokens in 9.66 s = 52.97 tok/s (prefill included)
   legacy output-span aggregate: 53.539252425563085 tok/s (initial TTFT excluded; later admissions included)
   engine decode: 54.409 tok/s
== prose concurrency 2: 18:19:44.574 .. 18:19:54.199  wall 9.6 s
   req 0: status 200 finish=length tokens 256 chunks 256 ttft 102 ms  client update pace 35.75 ms/update
   req 1: status 200 finish=length tokens 256 chunks 256 ttft 253 ms  client update pace 36.75 ms/update
   aggregate wall: 512 tokens in 9.62 s = 53.20 tok/s (prefill included)
   legacy output-span aggregate: 53.76954079983163 tok/s (initial TTFT excluded; later admissions included)
   engine decode: 54.569 tok/s
== prose concurrency 4: 18:19:54.201 .. 18:20:08.682  wall 14.5 s
   req 0: status 200 finish=length tokens 256 chunks 256 ttft 382 ms  client update pace 55.28 ms/update
   req 1: status 200 finish=length tokens 256 chunks 256 ttft 1168 ms  client update pace 51.90 ms/update
   req 2: status 200 finish=length tokens 256 chunks 256 ttft 1573 ms  client update pace 50.61 ms/update
   req 3: status 200 finish=length tokens 256 chunks 256 ttft 761 ms  client update pace 53.10 ms/update
   aggregate wall: 1024 tokens in 14.48 s = 70.72 tok/s (prefill included)
   legacy output-span aggregate: 72.63634541005098 tok/s (initial TTFT excluded; later admissions included)
   engine decode: 78.775 tok/s
== prose concurrency 4: 18:20:08.683 .. 18:20:22.172  wall 13.5 s
   req 0: status 200 finish=length tokens 256 chunks 256 ttft 102 ms  client update pace 52.49 ms/update
   req 1: status 200 finish=length tokens 256 chunks 256 ttft 255 ms  client update pace 51.19 ms/update
   req 2: status 200 finish=length tokens 256 chunks 256 ttft 585 ms  client update pace 50.60 ms/update
   req 3: status 200 finish=length tokens 256 chunks 256 ttft 407 ms  client update pace 50.90 ms/update
   aggregate wall: 1024 tokens in 13.49 s = 75.91 tok/s (prefill included)
   legacy output-span aggregate: 76.49737566472162 tok/s (initial TTFT excluded; later admissions included)
   engine decode: 78.776 tok/s
== prose concurrency 4: 18:20:22.173 .. 18:20:35.654  wall 13.5 s
   req 0: status 200 finish=length tokens 256 chunks 256 ttft 102 ms  client update pace 52.46 ms/update
   req 1: status 200 finish=length tokens 256 chunks 256 ttft 405 ms  client update pace 50.88 ms/update
   req 2: status 200 finish=length tokens 256 chunks 256 ttft 253 ms  client update pace 51.17 ms/update
   req 3: status 200 finish=length tokens 256 chunks 256 ttft 581 ms  client update pace 50.59 ms/update
   aggregate wall: 1024 tokens in 13.48 s = 75.96 tok/s (prefill included)
   legacy output-span aggregate: 76.54025356576997 tok/s (initial TTFT excluded; later admissions included)
   engine decode: 78.841 tok/s
== code concurrency 1: 18:20:35.658 .. 18:20:41.721  wall 6.1 s
   req 0: status 200 finish=length tokens 256 chunks 256 ttft 454 ms  client update pace 21.99 ms/update
   aggregate wall: 256 tokens in 6.06 s = 42.23 tok/s (prefill included)
   legacy output-span aggregate: 45.65343921808631 tok/s (initial TTFT excluded; later admissions included)
   engine decode: 45.662 tok/s
== code concurrency 1: 18:20:41.721 .. 18:20:47.456  wall 5.7 s
   req 0: status 200 finish=length tokens 256 chunks 256 ttft 101 ms  client update pace 22.09 ms/update
   aggregate wall: 256 tokens in 5.73 s = 44.64 tok/s (prefill included)
   legacy output-span aggregate: 45.446170706555264 tok/s (initial TTFT excluded; later admissions included)
   engine decode: 45.677 tok/s
== code concurrency 1: 18:20:47.456 .. 18:20:53.184  wall 5.7 s
   req 0: status 200 finish=length tokens 256 chunks 256 ttft 101 ms  client update pace 22.06 ms/update
   aggregate wall: 256 tokens in 5.73 s = 44.69 tok/s (prefill included)
   legacy output-span aggregate: 45.50403129857255 tok/s (initial TTFT excluded; later admissions included)
   engine decode: 45.642 tok/s
== code concurrency 2: 18:20:53.188 .. 18:21:02.527  wall 9.3 s
   req 0: status 200 finish=length tokens 256 chunks 256 ttft 429 ms  client update pace 34.53 ms/update
   req 1: status 200 finish=length tokens 256 chunks 256 ttft 910 ms  client update pace 32.95 ms/update
   aggregate wall: 512 tokens in 9.34 s = 54.83 tok/s (prefill included)
   legacy output-span aggregate: 57.63936956852952 tok/s (initial TTFT excluded; later admissions included)
   engine decode: 60.773 tok/s
== code concurrency 2: 18:21:02.527 .. 18:21:11.211  wall 8.7 s
   req 0: status 200 finish=length tokens 256 chunks 256 ttft 102 ms  client update pace 33.26 ms/update
   req 1: status 200 finish=length tokens 256 chunks 256 ttft 253 ms  client update pace 33.06 ms/update
   aggregate wall: 512 tokens in 8.68 s = 58.96 tok/s (prefill included)
   legacy output-span aggregate: 59.65889774692206 tok/s (initial TTFT excluded; later admissions included)
   engine decode: 60.792 tok/s
== code concurrency 2: 18:21:11.212 .. 18:21:19.892  wall 8.7 s
   req 0: status 200 finish=length tokens 256 chunks 256 ttft 102 ms  client update pace 33.24 ms/update
   req 1: status 200 finish=length tokens 256 chunks 256 ttft 253 ms  client update pace 33.04 ms/update
   aggregate wall: 512 tokens in 8.68 s = 58.99 tok/s (prefill included)
   legacy output-span aggregate: 59.69178114520701 tok/s (initial TTFT excluded; later admissions included)
   engine decode: 60.800 tok/s
== code concurrency 4: 18:21:19.897 .. 18:21:34.210  wall 14.3 s
   req 0: status 200 finish=length tokens 256 chunks 256 ttft 431 ms  client update pace 53.63 ms/update
   req 1: status 200 finish=length tokens 256 chunks 256 ttft 1213 ms  client update pace 50.57 ms/update
   req 2: status 200 finish=length tokens 256 chunks 256 ttft 1616 ms  client update pace 49.79 ms/update
   req 3: status 200 finish=length tokens 256 chunks 256 ttft 808 ms  client update pace 52.45 ms/update
   aggregate wall: 1024 tokens in 14.31 s = 71.55 tok/s (prefill included)
   legacy output-span aggregate: 73.7700117861776 tok/s (initial TTFT excluded; later admissions included)
   engine decode: 80.112 tok/s
== code concurrency 4: 18:21:34.210 .. 18:21:47.427  wall 13.2 s
   req 0: status 200 finish=length tokens 256 chunks 256 ttft 102 ms  client update pace 50.73 ms/update
   req 1: status 200 finish=length tokens 256 chunks 256 ttft 556 ms  client update pace 49.35 ms/update
   req 2: status 200 finish=length tokens 256 chunks 256 ttft 253 ms  client update pace 50.83 ms/update
   req 3: status 200 finish=length tokens 256 chunks 256 ttft 404 ms  client update pace 50.24 ms/update
   aggregate wall: 1024 tokens in 13.22 s = 77.48 tok/s (prefill included)
   legacy output-span aggregate: 78.08486908254795 tok/s (initial TTFT excluded; later admissions included)
   engine decode: 80.475 tok/s
== code concurrency 4: 18:21:47.428 .. 18:22:00.669  wall 13.2 s
   req 0: status 200 finish=length tokens 256 chunks 256 ttft 103 ms  client update pace 50.72 ms/update
   req 1: status 200 finish=length tokens 256 chunks 256 ttft 406 ms  client update pace 49.44 ms/update
   req 2: status 200 finish=length tokens 256 chunks 256 ttft 254 ms  client update pace 50.82 ms/update
   req 3: status 200 finish=length tokens 256 chunks 256 ttft 556 ms  client update pace 49.74 ms/update
   aggregate wall: 1024 tokens in 13.24 s = 77.33 tok/s (prefill included)
   legacy output-span aggregate: 77.94456071472126 tok/s (initial TTFT excluded; later admissions included)
   engine decode: 80.229 tok/s
== json concurrency 1: 18:22:00.677 .. 18:22:06.428  wall 5.8 s
   req 0: status 200 finish=length tokens 256 chunks 256 ttft 429 ms  client update pace 20.77 ms/update
   aggregate wall: 256 tokens in 5.75 s = 44.51 tok/s (prefill included)
   legacy output-span aggregate: 48.33224361820142 tok/s (initial TTFT excluded; later admissions included)
   engine decode: 48.312 tok/s
== json concurrency 1: 18:22:06.429 .. 18:22:11.826  wall 5.4 s
   req 0: status 200 finish=length tokens 256 chunks 256 ttft 102 ms  client update pace 20.76 ms/update
   aggregate wall: 256 tokens in 5.40 s = 47.43 tok/s (prefill included)
   legacy output-span aggregate: 48.347162295242214 tok/s (initial TTFT excluded; later admissions included)
   engine decode: 48.563 tok/s
== json concurrency 1: 18:22:11.826 .. 18:22:17.248  wall 5.4 s
   req 0: status 200 finish=length tokens 256 chunks 256 ttft 101 ms  client update pace 20.86 ms/update
   aggregate wall: 256 tokens in 5.42 s = 47.22 tok/s (prefill included)
   legacy output-span aggregate: 48.1237888221567 tok/s (initial TTFT excluded; later admissions included)
   engine decode: 48.391 tok/s
== json concurrency 2: 18:22:17.255 .. 18:22:25.833  wall 8.6 s
   req 0: status 200 finish=length tokens 256 chunks 256 ttft 429 ms  client update pace 31.95 ms/update
   req 1: status 200 finish=length tokens 256 chunks 256 ttft 883 ms  client update pace 30.17 ms/update
   aggregate wall: 512 tokens in 8.58 s = 59.69 tok/s (prefill included)
   legacy output-span aggregate: 62.83802711062243 tok/s (initial TTFT excluded; later admissions included)
   engine decode: 66.449 tok/s
== json concurrency 2: 18:22:25.834 .. 18:22:33.782  wall 7.9 s
   req 0: status 200 finish=length tokens 256 chunks 256 ttft 102 ms  client update pace 30.77 ms/update
   req 1: status 200 finish=length tokens 256 chunks 256 ttft 253 ms  client update pace 30.17 ms/update
   aggregate wall: 512 tokens in 7.95 s = 64.41 tok/s (prefill included)
   legacy output-span aggregate: 65.26053416181671 tok/s (initial TTFT excluded; later admissions included)
   engine decode: 66.378 tok/s
== json concurrency 2: 18:22:33.783 .. 18:22:41.736  wall 8.0 s
   req 0: status 200 finish=length tokens 256 chunks 256 ttft 102 ms  client update pace 30.78 ms/update
   req 1: status 200 finish=length tokens 256 chunks 256 ttft 254 ms  client update pace 30.19 ms/update
   aggregate wall: 512 tokens in 7.95 s = 64.38 tok/s (prefill included)
   legacy output-span aggregate: 65.22092280187991 tok/s (initial TTFT excluded; later admissions included)
   engine decode: 66.304 tok/s
== json concurrency 4: 18:22:41.753 .. 18:22:55.574  wall 13.8 s
   req 0: status 200 finish=length tokens 256 chunks 256 ttft 432 ms  client update pace 51.21 ms/update
   req 1: status 200 finish=length tokens 256 chunks 256 ttft 1245 ms  client update pace 48.02 ms/update
   req 2: status 200 finish=length tokens 256 chunks 256 ttft 1676 ms  client update pace 46.63 ms/update
   req 3: status 200 finish=length tokens 256 chunks 256 ttft 837 ms  client update pace 50.91 ms/update
   aggregate wall: 1024 tokens in 13.82 s = 74.09 tok/s (prefill included)
   legacy output-span aggregate: 76.48306291023523 tok/s (initial TTFT excluded; later admissions included)
   engine decode: 83.670 tok/s
== json concurrency 4: 18:22:55.575 .. 18:23:08.369  wall 12.8 s
   req 0: status 200 finish=length tokens 256 chunks 256 ttft 103 ms  client update pace 48.28 ms/update
   req 1: status 200 finish=length tokens 256 chunks 256 ttft 229 ms  client update pace 47.38 ms/update
   req 2: status 200 finish=length tokens 256 chunks 256 ttft 380 ms  client update pace 47.19 ms/update
   req 3: status 200 finish=length tokens 256 chunks 256 ttft 555 ms  client update pace 47.98 ms/update
   aggregate wall: 1024 tokens in 12.79 s = 80.04 tok/s (prefill included)
   legacy output-span aggregate: 80.69248732983974 tok/s (initial TTFT excluded; later admissions included)
   engine decode: 83.063 tok/s
== json concurrency 4: 18:23:08.370 .. 18:23:21.104  wall 12.7 s
   req 0: status 200 finish=length tokens 256 chunks 256 ttft 103 ms  client update pace 48.03 ms/update
   req 1: status 200 finish=length tokens 256 chunks 256 ttft 382 ms  client update pace 46.94 ms/update
   req 2: status 200 finish=length tokens 256 chunks 256 ttft 230 ms  client update pace 47.23 ms/update
   req 3: status 200 finish=length tokens 256 chunks 256 ttft 560 ms  client update pace 47.74 ms/update
   aggregate wall: 1024 tokens in 12.73 s = 80.42 tok/s (prefill included)
   legacy output-span aggregate: 81.07998964276214 tok/s (initial TTFT excluded; later admissions included)
   engine decode: 83.483 tok/s
== math concurrency 1: 18:23:21.124 .. 18:23:27.254  wall 6.1 s
   req 0: status 200 finish=length tokens 256 chunks 256 ttft 509 ms  client update pace 22.04 ms/update
   aggregate wall: 256 tokens in 6.13 s = 41.76 tok/s (prefill included)
   legacy output-span aggregate: 45.544545876390266 tok/s (initial TTFT excluded; later admissions included)
   engine decode: 45.626 tok/s
== math concurrency 1: 18:23:27.255 .. 18:23:33.001  wall 5.7 s
   req 0: status 200 finish=length tokens 256 chunks 256 ttft 102 ms  client update pace 22.13 ms/update
   aggregate wall: 256 tokens in 5.75 s = 44.55 tok/s (prefill included)
   legacy output-span aggregate: 45.36510356142155 tok/s (initial TTFT excluded; later admissions included)
   engine decode: 45.590 tok/s
== math concurrency 1: 18:23:33.002 .. 18:23:38.705  wall 5.7 s
   req 0: status 200 finish=length tokens 256 chunks 256 ttft 101 ms  client update pace 21.96 ms/update
   aggregate wall: 256 tokens in 5.70 s = 44.89 tok/s (prefill included)
   legacy output-span aggregate: 45.71094345234878 tok/s (initial TTFT excluded; later admissions included)
   engine decode: 45.843 tok/s
== math concurrency 2: 18:23:38.802 .. 18:23:47.652  wall 8.9 s
   req 0: status 200 finish=length tokens 256 chunks 256 ttft 484 ms  client update pace 32.81 ms/update
   req 1: status 200 finish=length tokens 256 chunks 256 ttft 966 ms  client update pace 30.81 ms/update
   aggregate wall: 512 tokens in 8.85 s = 57.85 tok/s (prefill included)
   legacy output-span aggregate: 61.202640150988294 tok/s (initial TTFT excluded; later admissions included)
   engine decode: 64.806 tok/s
== math concurrency 2: 18:23:47.653 .. 18:23:55.790  wall 8.1 s
   req 0: status 200 finish=length tokens 256 chunks 256 ttft 103 ms  client update pace 31.40 ms/update
   req 1: status 200 finish=length tokens 256 chunks 256 ttft 229 ms  client update pace 30.80 ms/update
   aggregate wall: 512 tokens in 8.14 s = 62.92 tok/s (prefill included)
   legacy output-span aggregate: 63.94092411702379 tok/s (initial TTFT excluded; later admissions included)
   engine decode: 64.904 tok/s
== math concurrency 2: 18:23:55.791 .. 18:24:03.925  wall 8.1 s
   req 0: status 200 finish=length tokens 256 chunks 256 ttft 102 ms  client update pace 31.50 ms/update
   req 1: status 200 finish=length tokens 256 chunks 256 ttft 254 ms  client update pace 30.70 ms/update
   aggregate wall: 512 tokens in 8.13 s = 62.94 tok/s (prefill included)
   legacy output-span aggregate: 63.747696482354996 tok/s (initial TTFT excluded; later admissions included)
   engine decode: 64.924 tok/s
== math concurrency 4: 18:24:03.987 .. 18:24:18.225  wall 14.2 s
   req 0: status 200 finish=length tokens 256 chunks 256 ttft 457 ms  client update pace 53.04 ms/update
   req 1: status 200 finish=length tokens 256 chunks 256 ttft 1293 ms  client update pace 50.16 ms/update
   req 2: status 200 finish=length tokens 256 chunks 256 ttft 1723 ms  client update pace 49.07 ms/update
   req 3: status 200 finish=length tokens 256 chunks 256 ttft 862 ms  client update pace 51.85 ms/update
   aggregate wall: 1024 tokens in 14.24 s = 71.92 tok/s (prefill included)
   legacy output-span aggregate: 74.31322683217104 tok/s (initial TTFT excluded; later admissions included)
   engine decode: 81.164 tok/s
== math concurrency 4: 18:24:18.225 .. 18:24:31.323  wall 13.1 s
   req 0: status 200 finish=length tokens 256 chunks 256 ttft 104 ms  client update pace 49.95 ms/update
   req 1: status 200 finish=length tokens 256 chunks 256 ttft 408 ms  client update pace 49.16 ms/update
   req 2: status 200 finish=length tokens 256 chunks 256 ttft 561 ms  client update pace 49.16 ms/update
   req 3: status 200 finish=length tokens 256 chunks 256 ttft 256 ms  client update pace 49.75 ms/update
   aggregate wall: 1024 tokens in 13.10 s = 78.18 tok/s (prefill included)
   legacy output-span aggregate: 78.81505262836279 tok/s (initial TTFT excluded; later admissions included)
   engine decode: 81.121 tok/s
== math concurrency 4: 18:24:31.324 .. 18:24:44.438  wall 13.1 s
   req 0: status 200 finish=length tokens 256 chunks 256 ttft 128 ms  client update pace 49.82 ms/update
   req 1: status 200 finish=length tokens 256 chunks 256 ttft 408 ms  client update pace 49.12 ms/update
   req 2: status 200 finish=length tokens 256 chunks 256 ttft 255 ms  client update pace 50.42 ms/update
   req 3: status 200 finish=length tokens 256 chunks 256 ttft 560 ms  client update pace 49.23 ms/update
   aggregate wall: 1024 tokens in 13.11 s = 78.08 tok/s (prefill included)
   legacy output-span aggregate: 78.85763405932693 tok/s (initial TTFT excluded; later admissions included)
   engine decode: 81.061 tok/s
== chat concurrency 1: 18:24:44.503 .. 18:24:51.011  wall 6.5 s
   req 0: status 200 finish=length tokens 256 chunks 256 ttft 407 ms  client update pace 23.92 ms/update
   aggregate wall: 256 tokens in 6.51 s = 39.34 tok/s (prefill included)
   legacy output-span aggregate: 41.96549779907133 tok/s (initial TTFT excluded; later admissions included)
   engine decode: 42.089 tok/s
== chat concurrency 1: 18:24:51.012 .. 18:24:57.213  wall 6.2 s
   req 0: status 200 finish=length tokens 256 chunks 256 ttft 128 ms  client update pace 23.81 ms/update
   aggregate wall: 256 tokens in 6.20 s = 41.29 tok/s (prefill included)
   legacy output-span aggregate: 42.158763058237724 tok/s (initial TTFT excluded; later admissions included)
   engine decode: 42.140 tok/s
== chat concurrency 1: 18:24:57.213 .. 18:25:03.412  wall 6.2 s
   req 0: status 200 finish=length tokens 256 chunks 256 ttft 102 ms  client update pace 23.91 ms/update
   aggregate wall: 256 tokens in 6.20 s = 41.30 tok/s (prefill included)
   legacy output-span aggregate: 41.99275696457395 tok/s (initial TTFT excluded; later admissions included)
   engine decode: 42.193 tok/s
== chat concurrency 2: 18:25:03.437 .. 18:25:13.425  wall 10.0 s
   req 0: status 200 finish=length tokens 256 chunks 256 ttft 408 ms  client update pace 37.17 ms/update
   req 1: status 200 finish=length tokens 256 chunks 256 ttft 841 ms  client update pace 35.77 ms/update
   aggregate wall: 512 tokens in 9.99 s = 51.26 tok/s (prefill included)
   legacy output-span aggregate: 53.59102376708475 tok/s (initial TTFT excluded; later admissions included)
   engine decode: 56.199 tok/s
== chat concurrency 2: 18:25:13.426 .. 18:25:22.843  wall 9.4 s
   req 0: status 200 finish=length tokens 256 chunks 256 ttft 103 ms  client update pace 36.22 ms/update
   req 1: status 200 finish=length tokens 256 chunks 256 ttft 255 ms  client update pace 35.92 ms/update
   aggregate wall: 512 tokens in 9.42 s = 54.37 tok/s (prefill included)
   legacy output-span aggregate: 54.97712438364509 tok/s (initial TTFT excluded; later admissions included)
   engine decode: 55.978 tok/s
== chat concurrency 2: 18:25:22.844 .. 18:25:32.244  wall 9.4 s
   req 0: status 200 finish=length tokens 256 chunks 256 ttft 102 ms  client update pace 36.06 ms/update
   req 1: status 200 finish=length tokens 256 chunks 256 ttft 253 ms  client update pace 35.87 ms/update
   aggregate wall: 512 tokens in 9.40 s = 54.46 tok/s (prefill included)
   legacy output-span aggregate: 55.06464983463091 tok/s (initial TTFT excluded; later admissions included)
   engine decode: 56.071 tok/s
== chat concurrency 4: 18:25:32.271 .. 18:25:47.386  wall 15.1 s
   req 0: status 200 finish=length tokens 256 chunks 256 ttft 405 ms  client update pace 55.98 ms/update
   req 1: status 200 finish=length tokens 256 chunks 256 ttft 783 ms  client update pace 54.50 ms/update
   req 2: status 200 finish=length tokens 256 chunks 256 ttft 1614 ms  client update pace 52.24 ms/update
   req 3: status 200 finish=length tokens 256 chunks 256 ttft 1185 ms  client update pace 54.62 ms/update
   aggregate wall: 1024 tokens in 15.12 s = 67.75 tok/s (prefill included)
   legacy output-span aggregate: 69.61598960476253 tok/s (initial TTFT excluded; later admissions included)
   engine decode: 75.304 tok/s
== chat concurrency 4: 18:25:47.387 .. 18:26:01.432  wall 14.0 s
   req 0: status 200 finish=length tokens 256 chunks 256 ttft 103 ms  client update pace 52.98 ms/update
   req 1: status 200 finish=length tokens 256 chunks 256 ttft 256 ms  client update pace 52.39 ms/update
   req 2: status 200 finish=length tokens 256 chunks 256 ttft 407 ms  client update pace 52.49 ms/update
   req 3: status 200 finish=length tokens 256 chunks 256 ttft 584 ms  client update pace 52.78 ms/update
   aggregate wall: 1024 tokens in 14.05 s = 72.91 tok/s (prefill included)
   legacy output-span aggregate: 73.44913984086584 tok/s (initial TTFT excluded; later admissions included)
   engine decode: 75.504 tok/s
== chat concurrency 4: 18:26:01.433 .. 18:26:15.489  wall 14.1 s
   req 0: status 200 finish=length tokens 256 chunks 256 ttft 103 ms  client update pace 53.12 ms/update
   req 1: status 200 finish=length tokens 256 chunks 256 ttft 407 ms  client update pace 52.33 ms/update
   req 2: status 200 finish=length tokens 256 chunks 256 ttft 255 ms  client update pace 52.93 ms/update
   req 3: status 200 finish=length tokens 256 chunks 256 ttft 584 ms  client update pace 52.72 ms/update
   aggregate wall: 1024 tokens in 14.06 s = 72.85 tok/s (prefill included)
   legacy output-span aggregate: 73.52966660320342 tok/s (initial TTFT excluded; later admissions included)
   engine decode: 75.568 tok/s
== per-class wall aggregate tokens/s (prefill included), greedy, max_tokens 256
| class | c=1 | c=2 | c=4 |
|---|---|---|---|
| prose | 41.2 | 53.0 | 75.9 |
| code | 44.6 | 59.0 | 77.3 |
| json | 47.2 | 64.4 | 80.0 |
| math | 44.6 | 62.9 | 78.1 |
| chat | 41.3 | 54.4 | 72.9 |
