model HawkBearPig/GLM-5.3-Flash-NVFP4-FP8
warm 0: status 200 tokens 64
== prose concurrency 1: 00:25:04.286 .. 00:25:08.878  wall 4.6 s
   req 0: status 200 finish=length tokens 256 chunks 256 ttft 277 ms  client update pace 16.92 ms/update
   aggregate wall: 256 tokens in 4.59 s = 55.75 tok/s (prefill included)
   legacy output-span aggregate: 59.34749506736946 tok/s (initial TTFT excluded; later admissions included)
   engine decode: 59.378 tok/s
== prose concurrency 1: 00:25:08.879 .. 00:25:13.268  wall 4.4 s
   req 0: status 200 finish=length tokens 256 chunks 256 ttft 76 ms  client update pace 16.91 ms/update
   aggregate wall: 256 tokens in 4.39 s = 58.32 tok/s (prefill included)
   legacy output-span aggregate: 59.36629147383076 tok/s (initial TTFT excluded; later admissions included)
   engine decode: 59.312 tok/s
== prose concurrency 1: 00:25:13.269 .. 00:25:17.661  wall 4.4 s
   req 0: status 200 finish=length tokens 256 chunks 256 ttft 76 ms  client update pace 16.92 ms/update
   aggregate wall: 256 tokens in 4.39 s = 58.29 tok/s (prefill included)
   legacy output-span aggregate: 59.32379624445839 tok/s (initial TTFT excluded; later admissions included)
   engine decode: 59.294 tok/s
== prose concurrency 2: 00:25:17.662 .. 00:25:24.604  wall 6.9 s
   req 0: status 200 finish=length tokens 256 chunks 256 ttft 278 ms  client update pace 26.13 ms/update
   req 1: status 200 finish=length tokens 256 chunks 256 ttft 555 ms  client update pace 24.25 ms/update
   aggregate wall: 512 tokens in 6.94 s = 73.75 tok/s (prefill included)
   legacy output-span aggregate: 76.82950969634592 tok/s (initial TTFT excluded; later admissions included)
   engine decode: 79.962 tok/s
== prose concurrency 2: 00:25:24.605 .. 00:25:31.166  wall 6.6 s
   req 0: status 200 finish=length tokens 256 chunks 256 ttft 76 ms  client update pace 25.33 ms/update
   req 1: status 200 finish=length tokens 256 chunks 256 ttft 177 ms  client update pace 24.24 ms/update
   aggregate wall: 512 tokens in 6.56 s = 78.04 tok/s (prefill included)
   legacy output-span aggregate: 79.27224814853327 tok/s (initial TTFT excluded; later admissions included)
   engine decode: 79.897 tok/s
== prose concurrency 2: 00:25:31.167 .. 00:25:37.719  wall 6.6 s
   req 0: status 200 finish=length tokens 256 chunks 256 ttft 77 ms  client update pace 25.39 ms/update
   req 1: status 200 finish=length tokens 256 chunks 256 ttft 179 ms  client update pace 24.19 ms/update
   aggregate wall: 512 tokens in 6.55 s = 78.14 tok/s (prefill included)
   legacy output-span aggregate: 79.09372617766486 tok/s (initial TTFT excluded; later admissions included)
   engine decode: 79.887 tok/s
== prose concurrency 4: 00:25:37.723 .. 00:25:48.114  wall 10.4 s
   req 0: status 200 finish=length tokens 256 chunks 256 ttft 1140 ms  client update pace 36.17 ms/update
   req 1: status 200 finish=length tokens 256 chunks 256 ttft 281 ms  client update pace 39.64 ms/update
   req 2: status 200 finish=length tokens 256 chunks 256 ttft 836 ms  client update pace 37.06 ms/update
   req 3: status 200 finish=length tokens 256 chunks 256 ttft 534 ms  client update pace 37.05 ms/update
   aggregate wall: 1024 tokens in 10.39 s = 98.54 tok/s (prefill included)
   legacy output-span aggregate: 101.2948959326563 tok/s (initial TTFT excluded; later admissions included)
   engine decode: 109.471 tok/s
== prose concurrency 4: 00:25:48.115 .. 00:25:57.752  wall 9.6 s
   req 0: status 200 finish=length tokens 256 chunks 256 ttft 179 ms  client update pace 35.88 ms/update
   req 1: status 200 finish=length tokens 256 chunks 256 ttft 78 ms  client update pace 37.48 ms/update
   req 2: status 200 finish=length tokens 256 chunks 256 ttft 255 ms  client update pace 36.38 ms/update
   req 3: status 200 finish=length tokens 256 chunks 256 ttft 382 ms  client update pace 36.08 ms/update
   aggregate wall: 1024 tokens in 9.64 s = 106.26 tok/s (prefill included)
   legacy output-span aggregate: 107.14304234526723 tok/s (initial TTFT excluded; later admissions included)
   engine decode: 109.582 tok/s
== prose concurrency 4: 00:25:57.753 .. 00:26:07.423  wall 9.7 s
   req 0: status 200 finish=length tokens 256 chunks 256 ttft 78 ms  client update pace 37.31 ms/update
   req 1: status 200 finish=length tokens 256 chunks 256 ttft 382 ms  client update pace 36.41 ms/update
   req 2: status 200 finish=length tokens 256 chunks 256 ttft 154 ms  client update pace 37.01 ms/update
   req 3: status 200 finish=length tokens 256 chunks 256 ttft 281 ms  client update pace 36.51 ms/update
   aggregate wall: 1024 tokens in 9.67 s = 105.90 tok/s (prefill included)
   legacy output-span aggregate: 106.77793784268951 tok/s (initial TTFT excluded; later admissions included)
   engine decode: 109.050 tok/s
== code concurrency 1: 00:26:07.430 .. 00:26:11.895  wall 4.5 s
   req 0: status 200 finish=length tokens 256 chunks 256 ttft 303 ms  client update pace 16.32 ms/update
   aggregate wall: 256 tokens in 4.46 s = 57.34 tok/s (prefill included)
   legacy output-span aggregate: 61.528702686584 tok/s (initial TTFT excluded; later admissions included)
   engine decode: 61.484 tok/s
== code concurrency 1: 00:26:11.896 .. 00:26:16.138  wall 4.2 s
   req 0: status 200 finish=length tokens 256 chunks 256 ttft 76 ms  client update pace 16.33 ms/update
   aggregate wall: 256 tokens in 4.24 s = 60.35 tok/s (prefill included)
   legacy output-span aggregate: 61.45900147611511 tok/s (initial TTFT excluded; later admissions included)
   engine decode: 61.413 tok/s
== code concurrency 1: 00:26:16.139 .. 00:26:20.376  wall 4.2 s
   req 0: status 200 finish=length tokens 256 chunks 256 ttft 76 ms  client update pace 16.31 ms/update
   aggregate wall: 256 tokens in 4.24 s = 60.42 tok/s (prefill included)
   legacy output-span aggregate: 61.54075118017728 tok/s (initial TTFT excluded; later admissions included)
   engine decode: 61.430 tok/s
== code concurrency 2: 00:26:20.383 .. 00:26:27.022  wall 6.6 s
   req 0: status 200 finish=length tokens 256 chunks 256 ttft 605 ms  client update pace 23.65 ms/update
   req 1: status 200 finish=length tokens 256 chunks 256 ttft 303 ms  client update pace 24.84 ms/update
   aggregate wall: 512 tokens in 6.64 s = 77.13 tok/s (prefill included)
   legacy output-span aggregate: 80.83655034149004 tok/s (initial TTFT excluded; later admissions included)
   engine decode: 84.601 tok/s
== code concurrency 2: 00:26:27.023 .. 00:26:33.217  wall 6.2 s
   req 0: status 200 finish=length tokens 256 chunks 256 ttft 77 ms  client update pace 23.69 ms/update
   req 1: status 200 finish=length tokens 256 chunks 256 ttft 153 ms  client update pace 23.69 ms/update
   aggregate wall: 512 tokens in 6.19 s = 82.65 tok/s (prefill included)
   legacy output-span aggregate: 83.70688979803134 tok/s (initial TTFT excluded; later admissions included)
   engine decode: 84.404 tok/s
== code concurrency 2: 00:26:33.218 .. 00:26:39.407  wall 6.2 s
   req 0: status 200 finish=length tokens 256 chunks 256 ttft 77 ms  client update pace 23.66 ms/update
   req 1: status 200 finish=length tokens 256 chunks 256 ttft 153 ms  client update pace 23.66 ms/update
   aggregate wall: 512 tokens in 6.19 s = 82.73 tok/s (prefill included)
   legacy output-span aggregate: 83.78933299492728 tok/s (initial TTFT excluded; later admissions included)
   engine decode: 84.452 tok/s
== code concurrency 4: 00:26:39.416 .. 00:26:49.840  wall 10.4 s
   req 0: status 200 finish=length tokens 256 chunks 256 ttft 580 ms  client update pace 36.71 ms/update
   req 1: status 200 finish=length tokens 256 chunks 256 ttft 882 ms  client update pace 37.31 ms/update
   req 2: status 200 finish=length tokens 256 chunks 256 ttft 279 ms  client update pace 39.18 ms/update
   req 3: status 200 finish=length tokens 256 chunks 256 ttft 1184 ms  client update pace 36.22 ms/update
   aggregate wall: 1024 tokens in 10.42 s = 98.24 tok/s (prefill included)
   legacy output-span aggregate: 100.95540427521648 tok/s (initial TTFT excluded; later admissions included)
   engine decode: 109.518 tok/s
== code concurrency 4: 00:26:49.840 .. 00:26:59.432  wall 9.6 s
   req 0: status 200 finish=length tokens 256 chunks 256 ttft 404 ms  client update pace 35.52 ms/update
   req 1: status 200 finish=length tokens 256 chunks 256 ttft 178 ms  client update pace 36.91 ms/update
   req 2: status 200 finish=length tokens 256 chunks 256 ttft 77 ms  client update pace 36.80 ms/update
   req 3: status 200 finish=length tokens 256 chunks 256 ttft 279 ms  client update pace 36.51 ms/update
   aggregate wall: 1024 tokens in 9.59 s = 106.76 tok/s (prefill included)
   legacy output-span aggregate: 107.64886432438763 tok/s (initial TTFT excluded; later admissions included)
   engine decode: 110.020 tok/s
== code concurrency 4: 00:26:59.434 .. 00:27:08.947  wall 9.5 s
   req 0: status 200 finish=length tokens 256 chunks 256 ttft 77 ms  client update pace 35.61 ms/update
   req 1: status 200 finish=length tokens 256 chunks 256 ttft 177 ms  client update pace 36.60 ms/update
   req 2: status 200 finish=length tokens 256 chunks 256 ttft 404 ms  client update pace 35.12 ms/update
   req 3: status 200 finish=length tokens 256 chunks 256 ttft 278 ms  client update pace 36.21 ms/update
   aggregate wall: 1024 tokens in 9.51 s = 107.64 tok/s (prefill included)
   legacy output-span aggregate: 108.53092887515577 tok/s (initial TTFT excluded; later admissions included)
   engine decode: 110.889 tok/s
== json concurrency 1: 00:27:08.960 .. 00:27:13.381  wall 4.4 s
   req 0: status 200 finish=length tokens 256 chunks 256 ttft 279 ms  client update pace 16.24 ms/update
   aggregate wall: 256 tokens in 4.42 s = 57.90 tok/s (prefill included)
   legacy output-span aggregate: 61.80706434290554 tok/s (initial TTFT excluded; later admissions included)
   engine decode: 62.045 tok/s
== json concurrency 1: 00:27:13.382 .. 00:27:17.575  wall 4.2 s
   req 0: status 200 finish=length tokens 256 chunks 256 ttft 76 ms  client update pace 16.14 ms/update
   aggregate wall: 256 tokens in 4.19 s = 61.05 tok/s (prefill included)
   legacy output-span aggregate: 62.19676941473566 tok/s (initial TTFT excluded; later admissions included)
   engine decode: 62.006 tok/s
== json concurrency 1: 00:27:17.576 .. 00:27:21.768  wall 4.2 s
   req 0: status 200 finish=length tokens 256 chunks 256 ttft 77 ms  client update pace 16.14 ms/update
   aggregate wall: 256 tokens in 4.19 s = 61.07 tok/s (prefill included)
   legacy output-span aggregate: 62.21687371583917 tok/s (initial TTFT excluded; later admissions included)
   engine decode: 61.994 tok/s
== json concurrency 2: 00:27:21.781 .. 00:27:28.722  wall 6.9 s
   req 0: status 200 finish=length tokens 256 chunks 256 ttft 306 ms  client update pace 26.02 ms/update
   req 1: status 200 finish=length tokens 256 chunks 256 ttft 609 ms  client update pace 22.93 ms/update
   aggregate wall: 512 tokens in 6.94 s = 73.77 tok/s (prefill included)
   legacy output-span aggregate: 77.17774426594877 tok/s (initial TTFT excluded; later admissions included)
   engine decode: 80.185 tok/s
== json concurrency 2: 00:27:28.723 .. 00:27:35.231  wall 6.5 s
   req 0: status 200 finish=length tokens 256 chunks 256 ttft 153 ms  client update pace 24.92 ms/update
   req 1: status 200 finish=length tokens 256 chunks 256 ttft 77 ms  client update pace 23.02 ms/update
   aggregate wall: 512 tokens in 6.51 s = 78.67 tok/s (prefill included)
   legacy output-span aggregate: 79.62174002971243 tok/s (initial TTFT excluded; later admissions included)
   engine decode: 80.090 tok/s
== json concurrency 2: 00:27:35.232 .. 00:27:41.743  wall 6.5 s
   req 0: status 200 finish=length tokens 256 chunks 256 ttft 77 ms  client update pace 25.23 ms/update
   req 1: status 200 finish=length tokens 256 chunks 256 ttft 153 ms  client update pace 23.03 ms/update
   aggregate wall: 512 tokens in 6.51 s = 78.63 tok/s (prefill included)
   legacy output-span aggregate: 79.58778466983073 tok/s (initial TTFT excluded; later admissions included)
   engine decode: 80.185 tok/s
== json concurrency 4: 00:27:41.758 .. 00:27:51.537  wall 9.8 s
   req 0: status 200 finish=length tokens 256 chunks 256 ttft 306 ms  client update pace 35.86 ms/update
   req 1: status 200 finish=length tokens 256 chunks 256 ttft 886 ms  client update pace 34.87 ms/update
   req 2: status 200 finish=length tokens 256 chunks 256 ttft 584 ms  client update pace 35.75 ms/update
   req 3: status 200 finish=length tokens 256 chunks 256 ttft 1189 ms  client update pace 33.68 ms/update
   aggregate wall: 1024 tokens in 9.78 s = 104.71 tok/s (prefill included)
   legacy output-span aggregate: 108.10285765544882 tok/s (initial TTFT excluded; later admissions included)
   engine decode: 117.714 tok/s
== json concurrency 4: 00:27:51.538 .. 00:28:00.519  wall 9.0 s
   req 0: status 200 finish=length tokens 256 chunks 256 ttft 77 ms  client update pace 33.71 ms/update
   req 1: status 200 finish=length tokens 256 chunks 256 ttft 153 ms  client update pace 33.91 ms/update
   req 2: status 200 finish=length tokens 256 chunks 256 ttft 405 ms  client update pace 33.62 ms/update
   req 3: status 200 finish=length tokens 256 chunks 256 ttft 278 ms  client update pace 33.92 ms/update
   aggregate wall: 1024 tokens in 8.98 s = 114.02 tok/s (prefill included)
   legacy output-span aggregate: 115.0248660520501 tok/s (initial TTFT excluded; later admissions included)
   engine decode: 117.722 tok/s
== json concurrency 4: 00:28:00.520 .. 00:28:09.481  wall 9.0 s
   req 0: status 200 finish=length tokens 256 chunks 256 ttft 78 ms  client update pace 33.54 ms/update
   req 1: status 200 finish=length tokens 256 chunks 256 ttft 278 ms  client update pace 34.04 ms/update
   req 2: status 200 finish=length tokens 256 chunks 256 ttft 178 ms  client update pace 34.14 ms/update
   req 3: status 200 finish=length tokens 256 chunks 256 ttft 404 ms  client update pace 33.55 ms/update
   aggregate wall: 1024 tokens in 8.96 s = 114.28 tok/s (prefill included)
   legacy output-span aggregate: 115.28559866060536 tok/s (initial TTFT excluded; later admissions included)
   engine decode: 117.813 tok/s
== math concurrency 1: 00:28:09.498 .. 00:28:14.090  wall 4.6 s
   req 0: status 200 finish=length tokens 256 chunks 256 ttft 328 ms  client update pace 16.71 ms/update
   aggregate wall: 256 tokens in 4.59 s = 55.75 tok/s (prefill included)
   legacy output-span aggregate: 60.06120873841455 tok/s (initial TTFT excluded; later admissions included)
   engine decode: 59.945 tok/s
== math concurrency 1: 00:28:14.091 .. 00:28:18.455  wall 4.4 s
   req 0: status 200 finish=length tokens 256 chunks 256 ttft 76 ms  client update pace 16.82 ms/update
   aggregate wall: 256 tokens in 4.36 s = 58.66 tok/s (prefill included)
   legacy output-span aggregate: 59.703231282479805 tok/s (initial TTFT excluded; later admissions included)
   engine decode: 59.884 tok/s
== math concurrency 1: 00:28:18.456 .. 00:28:22.820  wall 4.4 s
   req 0: status 200 finish=length tokens 256 chunks 256 ttft 76 ms  client update pace 16.81 ms/update
   aggregate wall: 256 tokens in 4.36 s = 58.66 tok/s (prefill included)
   legacy output-span aggregate: 59.70985077512773 tok/s (initial TTFT excluded; later admissions included)
   engine decode: 59.879 tok/s
== math concurrency 2: 00:28:22.839 .. 00:28:29.348  wall 6.5 s
   req 0: status 200 finish=length tokens 256 chunks 256 ttft 329 ms  client update pace 24.23 ms/update
   req 1: status 200 finish=length tokens 256 chunks 255 ttft 656 ms  client update pace 23.04 ms/update
   aggregate wall: 512 tokens in 6.51 s = 78.66 tok/s (prefill included)
   legacy output-span aggregate: 82.85128537922651 tok/s (initial TTFT excluded; later admissions included)
   engine decode: 86.887 tok/s
== math concurrency 2: 00:28:29.348 .. 00:28:35.381  wall 6.0 s
   req 0: status 200 finish=length tokens 256 chunks 256 ttft 76 ms  client update pace 23.35 ms/update
   req 1: status 200 finish=length tokens 256 chunks 255 ttft 177 ms  client update pace 23.05 ms/update
   aggregate wall: 512 tokens in 6.03 s = 84.88 tok/s (prefill included)
   legacy output-span aggregate: 85.9782633511352 tok/s (initial TTFT excluded; later admissions included)
   engine decode: 86.834 tok/s
== math concurrency 2: 00:28:35.381 .. 00:28:41.412  wall 6.0 s
   req 0: status 200 finish=length tokens 256 chunks 256 ttft 177 ms  client update pace 22.95 ms/update
   req 1: status 200 finish=length tokens 256 chunks 255 ttft 76 ms  client update pace 23.24 ms/update
   aggregate wall: 512 tokens in 6.03 s = 84.90 tok/s (prefill included)
   legacy output-span aggregate: 85.99789594790592 tok/s (initial TTFT excluded; later admissions included)
   engine decode: 86.761 tok/s
== math concurrency 4: 00:28:41.432 .. 00:28:51.728  wall 10.3 s
   req 0: status 200 finish=length tokens 256 chunks 256 ttft 305 ms  client update pace 38.38 ms/update
   req 1: status 200 finish=length tokens 256 chunks 256 ttft 909 ms  client update pace 36.70 ms/update
   req 2: status 200 finish=length tokens 256 chunks 255 ttft 582 ms  client update pace 38.24 ms/update
   req 3: status 200 finish=length tokens 256 chunks 256 ttft 1235 ms  client update pace 35.02 ms/update
   aggregate wall: 1024 tokens in 10.30 s = 99.46 tok/s (prefill included)
   legacy output-span aggregate: 102.50861291910982 tok/s (initial TTFT excluded; later admissions included)
   engine decode: 111.480 tok/s
== math concurrency 4: 00:28:51.729 .. 00:29:01.431  wall 9.7 s
   req 0: status 200 finish=length tokens 256 chunks 256 ttft 79 ms  client update pace 36.05 ms/update
   req 1: status 200 finish=length tokens 256 chunks 256 ttft 153 ms  client update pace 36.15 ms/update
   req 2: status 200 finish=length tokens 256 chunks 256 ttft 379 ms  client update pace 36.55 ms/update
   req 3: status 200 finish=length tokens 256 chunks 256 ttft 254 ms  client update pace 35.26 ms/update
   aggregate wall: 1024 tokens in 9.70 s = 105.54 tok/s (prefill included)
   legacy output-span aggregate: 106.41486300666539 tok/s (initial TTFT excluded; later admissions included)
   engine decode: 108.331 tok/s
== math concurrency 4: 00:29:01.432 .. 00:29:11.116  wall 9.7 s
   req 0: status 200 finish=length tokens 256 chunks 256 ttft 77 ms  client update pace 35.96 ms/update
   req 1: status 200 finish=length tokens 256 chunks 256 ttft 152 ms  client update pace 36.17 ms/update
   req 2: status 200 finish=length tokens 256 chunks 256 ttft 253 ms  client update pace 36.97 ms/update
   req 3: status 200 finish=length tokens 256 chunks 256 ttft 379 ms  client update pace 35.08 ms/update
   aggregate wall: 1024 tokens in 9.68 s = 105.75 tok/s (prefill included)
   legacy output-span aggregate: 106.61286555056765 tok/s (initial TTFT excluded; later admissions included)
   engine decode: 108.849 tok/s
== chat concurrency 1: 00:29:11.138 .. 00:29:16.139  wall 5.0 s
   req 0: status 200 finish=length tokens 256 chunks 256 ttft 280 ms  client update pace 18.51 ms/update
   aggregate wall: 256 tokens in 5.00 s = 51.19 tok/s (prefill included)
   legacy output-span aggregate: 54.24329404029321 tok/s (initial TTFT excluded; later admissions included)
   engine decode: 54.221 tok/s
== chat concurrency 1: 00:29:16.140 .. 00:29:20.936  wall 4.8 s
   req 0: status 200 finish=length tokens 256 chunks 256 ttft 76 ms  client update pace 18.51 ms/update
   aggregate wall: 256 tokens in 4.80 s = 53.38 tok/s (prefill included)
   legacy output-span aggregate: 54.247501859823124 tok/s (initial TTFT excluded; later admissions included)
   engine decode: 54.223 tok/s
== chat concurrency 1: 00:29:20.937 .. 00:29:25.746  wall 4.8 s
   req 0: status 200 finish=length tokens 256 chunks 256 ttft 77 ms  client update pace 18.55 ms/update
   aggregate wall: 256 tokens in 4.81 s = 53.24 tok/s (prefill included)
   legacy output-span aggregate: 54.10936582175129 tok/s (initial TTFT excluded; later admissions included)
   engine decode: 54.209 tok/s
== chat concurrency 2: 00:29:25.769 .. 00:29:32.741  wall 7.0 s
   req 0: status 200 finish=length tokens 256 chunks 256 ttft 306 ms  client update pace 26.14 ms/update
   req 1: status 200 finish=length tokens 256 chunks 256 ttft 611 ms  client update pace 23.94 ms/update
   aggregate wall: 512 tokens in 6.97 s = 73.44 tok/s (prefill included)
   legacy output-span aggregate: 76.82190827595906 tok/s (initial TTFT excluded; later admissions included)
   engine decode: 79.950 tok/s
== chat concurrency 2: 00:29:32.742 .. 00:29:39.333  wall 6.6 s
   req 0: status 200 finish=length tokens 256 chunks 256 ttft 178 ms  client update pace 25.14 ms/update
   req 1: status 200 finish=length tokens 256 chunks 256 ttft 76 ms  client update pace 24.24 ms/update
   aggregate wall: 512 tokens in 6.59 s = 77.69 tok/s (prefill included)
   legacy output-span aggregate: 78.61283813519313 tok/s (initial TTFT excluded; later admissions included)
   engine decode: 79.517 tok/s
== chat concurrency 2: 00:29:39.334 .. 00:29:45.896  wall 6.6 s
   req 0: status 200 finish=length tokens 256 chunks 256 ttft 77 ms  client update pace 25.43 ms/update
   req 1: status 200 finish=length tokens 256 chunks 256 ttft 178 ms  client update pace 24.03 ms/update
   aggregate wall: 512 tokens in 6.56 s = 78.02 tok/s (prefill included)
   legacy output-span aggregate: 78.95074112191669 tok/s (initial TTFT excluded; later admissions included)
   engine decode: 79.875 tok/s
== chat concurrency 4: 00:29:45.922 .. 00:29:56.592  wall 10.7 s
   req 0: status 200 finish=length tokens 256 chunks 256 ttft 561 ms  client update pace 38.84 ms/update
   req 1: status 200 finish=length tokens 256 chunks 256 ttft 864 ms  client update pace 38.44 ms/update
   req 2: status 200 finish=length tokens 256 chunks 256 ttft 256 ms  client update pace 40.83 ms/update
   req 3: status 200 finish=length tokens 256 chunks 256 ttft 1169 ms  client update pace 36.25 ms/update
   aggregate wall: 1024 tokens in 10.67 s = 95.97 tok/s (prefill included)
   legacy output-span aggregate: 98.34865637038095 tok/s (initial TTFT excluded; later admissions included)
   engine decode: 106.262 tok/s
== chat concurrency 4: 00:29:56.593 .. 00:30:06.440  wall 9.8 s
   req 0: status 200 finish=length tokens 256 chunks 256 ttft 379 ms  client update pace 36.13 ms/update
   req 1: status 200 finish=length tokens 256 chunks 256 ttft 152 ms  client update pace 37.81 ms/update
   req 2: status 200 finish=length tokens 256 chunks 256 ttft 253 ms  client update pace 37.62 ms/update
   req 3: status 200 finish=length tokens 256 chunks 256 ttft 77 ms  client update pace 36.52 ms/update
   aggregate wall: 1024 tokens in 9.85 s = 103.98 tok/s (prefill included)
   legacy output-span aggregate: 104.82421712128942 tok/s (initial TTFT excluded; later admissions included)
   engine decode: 107.044 tok/s
== chat concurrency 4: 00:30:06.442 .. 00:30:16.350  wall 9.9 s
   req 0: status 200 finish=length tokens 256 chunks 256 ttft 178 ms  client update pace 37.06 ms/update
   req 1: status 200 finish=length tokens 256 chunks 256 ttft 380 ms  client update pace 37.36 ms/update
   req 2: status 200 finish=length tokens 256 chunks 256 ttft 77 ms  client update pace 38.45 ms/update
   req 3: status 200 finish=length tokens 256 chunks 256 ttft 279 ms  client update pace 36.17 ms/update
   aggregate wall: 1024 tokens in 9.91 s = 103.35 tok/s (prefill included)
   legacy output-span aggregate: 104.17085738649176 tok/s (initial TTFT excluded; later admissions included)
   engine decode: 106.114 tok/s
== per-class wall aggregate tokens/s (prefill included), greedy, max_tokens 256
| class | c=1 | c=2 | c=4 |
|---|---|---|---|
| prose | 58.3 | 78.0 | 105.9 |
| code | 60.3 | 82.7 | 106.8 |
| json | 61.1 | 78.6 | 114.0 |
| math | 58.7 | 84.9 | 105.5 |
| chat | 53.2 | 77.7 | 103.3 |
