model XiaomiMiMo/MiMo-V2.6-Flash-RL
warm 0: status 200 tokens 64
== prose concurrency 1: 21:10:51.623 .. 21:10:55.233  wall 3.6 s
   req 0: status 200 finish=length tokens 256 chunks 256 ttft 227 ms  client update pace 13.26 ms/update
   aggregate wall: 256 tokens in 3.61 s = 70.90 tok/s (prefill included)
   legacy output-span aggregate: 75.68987263188649 tok/s (initial TTFT excluded; later admissions included)
   engine decode: 76.724 tok/s
== prose concurrency 1: 21:10:55.234 .. 21:10:58.667  wall 3.4 s
   req 0: status 200 finish=length tokens 256 chunks 256 ttft 76 ms  client update pace 13.16 ms/update
   aggregate wall: 256 tokens in 3.43 s = 74.56 tok/s (prefill included)
   legacy output-span aggregate: 76.2576443774937 tok/s (initial TTFT excluded; later admissions included)
   engine decode: 76.715 tok/s
== prose concurrency 1: 21:10:58.668 .. 21:11:02.127  wall 3.5 s
   req 0: status 200 finish=length tokens 256 chunks 256 ttft 76 ms  client update pace 13.26 ms/update
   aggregate wall: 256 tokens in 3.46 s = 74.00 tok/s (prefill included)
   legacy output-span aggregate: 75.69184087024799 tok/s (initial TTFT excluded; later admissions included)
   engine decode: 76.777 tok/s
== prose concurrency 2: 21:11:02.128 .. 21:11:07.557  wall 5.4 s
   req 0: status 200 finish=length tokens 256 chunks 256 ttft 227 ms  client update pace 20.10 ms/update
   req 1: status 200 finish=length tokens 256 chunks 256 ttft 479 ms  client update pace 19.41 ms/update
   aggregate wall: 512 tokens in 5.43 s = 94.32 tok/s (prefill included)
   legacy output-span aggregate: 98.44854785412835 tok/s (initial TTFT excluded; later admissions included)
   engine decode: 104.235 tok/s
== prose concurrency 2: 21:11:07.557 .. 21:11:12.657  wall 5.1 s
   req 0: status 200 finish=length tokens 256 chunks 256 ttft 77 ms  client update pace 19.40 ms/update
   req 1: status 200 finish=length tokens 256 chunks 256 ttft 152 ms  client update pace 19.40 ms/update
   aggregate wall: 512 tokens in 5.10 s = 100.39 tok/s (prefill included)
   legacy output-span aggregate: 101.94174173780813 tok/s (initial TTFT excluded; later admissions included)
   engine decode: 104.228 tok/s
== prose concurrency 2: 21:11:12.658 .. 21:11:17.757  wall 5.1 s
   req 0: status 200 finish=length tokens 256 chunks 256 ttft 77 ms  client update pace 19.49 ms/update
   req 1: status 200 finish=length tokens 256 chunks 256 ttft 152 ms  client update pace 19.39 ms/update
   aggregate wall: 512 tokens in 5.10 s = 100.42 tok/s (prefill included)
   legacy output-span aggregate: 101.96465172340538 tok/s (initial TTFT excluded; later admissions included)
   engine decode: 104.116 tok/s
== prose concurrency 4: 21:11:17.759 .. 21:11:26.178  wall 8.4 s
   req 0: status 200 finish=length tokens 256 chunks 256 ttft 230 ms  client update pace 32.11 ms/update
   req 1: status 200 finish=length tokens 256 chunks 256 ttft 942 ms  client update pace 29.02 ms/update
   req 2: status 200 finish=length tokens 256 chunks 256 ttft 458 ms  client update pace 30.71 ms/update
   req 3: status 200 finish=length tokens 256 chunks 256 ttft 687 ms  client update pace 29.81 ms/update
   aggregate wall: 1024 tokens in 8.42 s = 121.63 tok/s (prefill included)
   legacy output-span aggregate: 125.06279700409121 tok/s (initial TTFT excluded; later admissions included)
   engine decode: 137.176 tok/s
== prose concurrency 4: 21:11:26.179 .. 21:11:34.000  wall 7.8 s
   req 0: status 200 finish=length tokens 256 chunks 256 ttft 78 ms  client update pace 30.37 ms/update
   req 1: status 200 finish=length tokens 256 chunks 256 ttft 153 ms  client update pace 29.37 ms/update
   req 2: status 200 finish=length tokens 256 chunks 256 ttft 254 ms  client update pace 29.37 ms/update
   req 3: status 200 finish=length tokens 256 chunks 256 ttft 354 ms  client update pace 28.98 ms/update
   aggregate wall: 1024 tokens in 7.82 s = 130.92 tok/s (prefill included)
   legacy output-span aggregate: 132.23955623612594 tok/s (initial TTFT excluded; later admissions included)
   engine decode: 137.137 tok/s
== prose concurrency 4: 21:11:34.001 .. 21:11:41.828  wall 7.8 s
   req 0: status 200 finish=length tokens 256 chunks 256 ttft 77 ms  client update pace 30.39 ms/update
   req 1: status 200 finish=length tokens 256 chunks 256 ttft 153 ms  client update pace 29.29 ms/update
   req 2: status 200 finish=length tokens 256 chunks 256 ttft 354 ms  client update pace 29.10 ms/update
   req 3: status 200 finish=length tokens 256 chunks 256 ttft 253 ms  client update pace 29.09 ms/update
   aggregate wall: 1024 tokens in 7.83 s = 130.83 tok/s (prefill included)
   legacy output-span aggregate: 132.153808164659 tok/s (initial TTFT excluded; later admissions included)
   engine decode: 137.195 tok/s
== code concurrency 1: 21:11:41.832 .. 21:11:45.317  wall 3.5 s
   req 0: status 200 finish=length tokens 256 chunks 256 ttft 252 ms  client update pace 12.68 ms/update
   aggregate wall: 256 tokens in 3.48 s = 73.46 tok/s (prefill included)
   legacy output-span aggregate: 79.2048059255374 tok/s (initial TTFT excluded; later admissions included)
   engine decode: 80.080 tok/s
== code concurrency 1: 21:11:45.317 .. 21:11:48.624  wall 3.3 s
   req 0: status 200 finish=length tokens 256 chunks 256 ttft 77 ms  client update pace 12.66 ms/update
   aggregate wall: 256 tokens in 3.31 s = 77.43 tok/s (prefill included)
   legacy output-span aggregate: 79.29985140209745 tok/s (initial TTFT excluded; later admissions included)
   engine decode: 80.005 tok/s
== code concurrency 1: 21:11:48.625 .. 21:11:51.932  wall 3.3 s
   req 0: status 200 finish=length tokens 256 chunks 256 ttft 76 ms  client update pace 12.57 ms/update
   aggregate wall: 256 tokens in 3.31 s = 77.40 tok/s (prefill included)
   legacy output-span aggregate: 79.86388027806191 tok/s (initial TTFT excluded; later admissions included)
   engine decode: 80.055 tok/s
== code concurrency 2: 21:11:51.936 .. 21:11:57.186  wall 5.2 s
   req 0: status 200 finish=length tokens 256 chunks 256 ttft 253 ms  client update pace 18.99 ms/update
   req 1: status 200 finish=length tokens 256 chunks 256 ttft 530 ms  client update pace 18.50 ms/update
   aggregate wall: 512 tokens in 5.25 s = 97.54 tok/s (prefill included)
   legacy output-span aggregate: 102.48677235240734 tok/s (initial TTFT excluded; later admissions included)
   engine decode: 108.856 tok/s
== code concurrency 2: 21:11:57.186 .. 21:12:02.083  wall 4.9 s
   req 0: status 200 finish=length tokens 256 chunks 256 ttft 76 ms  client update pace 18.41 ms/update
   req 1: status 200 finish=length tokens 256 chunks 256 ttft 152 ms  client update pace 18.61 ms/update
   aggregate wall: 512 tokens in 4.90 s = 104.55 tok/s (prefill included)
   legacy output-span aggregate: 106.21103638917835 tok/s (initial TTFT excluded; later admissions included)
   engine decode: 108.610 tok/s
== code concurrency 2: 21:12:02.084 .. 21:12:06.977  wall 4.9 s
   req 0: status 200 finish=length tokens 256 chunks 256 ttft 77 ms  client update pace 18.39 ms/update
   req 1: status 200 finish=length tokens 256 chunks 256 ttft 152 ms  client update pace 18.59 ms/update
   aggregate wall: 512 tokens in 4.89 s = 104.63 tok/s (prefill included)
   legacy output-span aggregate: 106.31208240553165 tok/s (initial TTFT excluded; later admissions included)
   engine decode: 108.550 tok/s
== code concurrency 4: 21:12:06.982 .. 21:12:15.198  wall 8.2 s
   req 0: status 200 finish=length tokens 256 chunks 256 ttft 255 ms  client update pace 30.03 ms/update
   req 1: status 200 finish=length tokens 256 chunks 256 ttft 965 ms  client update pace 28.43 ms/update
   req 2: status 200 finish=length tokens 256 chunks 256 ttft 711 ms  client update pace 29.42 ms/update
   req 3: status 200 finish=length tokens 256 chunks 256 ttft 483 ms  client update pace 29.13 ms/update
   aggregate wall: 1024 tokens in 8.22 s = 124.64 tok/s (prefill included)
   legacy output-span aggregate: 128.64564504323232 tok/s (initial TTFT excluded; later admissions included)
   engine decode: 141.684 tok/s
== code concurrency 4: 21:12:15.199 .. 21:12:22.747  wall 7.5 s
   req 0: status 200 finish=length tokens 256 chunks 256 ttft 78 ms  client update pace 28.29 ms/update
   req 1: status 200 finish=length tokens 256 chunks 256 ttft 355 ms  client update pace 28.20 ms/update
   req 2: status 200 finish=length tokens 256 chunks 256 ttft 152 ms  client update pace 28.89 ms/update
   req 3: status 200 finish=length tokens 256 chunks 256 ttft 253 ms  client update pace 27.80 ms/update
   aggregate wall: 1024 tokens in 7.55 s = 135.67 tok/s (prefill included)
   legacy output-span aggregate: 137.0884680405413 tok/s (initial TTFT excluded; later admissions included)
   engine decode: 142.406 tok/s
== code concurrency 4: 21:12:22.747 .. 21:12:30.349  wall 7.6 s
   req 0: status 200 finish=length tokens 256 chunks 256 ttft 78 ms  client update pace 28.40 ms/update
   req 1: status 200 finish=length tokens 256 chunks 256 ttft 357 ms  client update pace 28.40 ms/update
   req 2: status 200 finish=length tokens 256 chunks 256 ttft 256 ms  client update pace 28.80 ms/update
   req 3: status 200 finish=length tokens 256 chunks 256 ttft 153 ms  client update pace 28.10 ms/update
   aggregate wall: 1024 tokens in 7.60 s = 134.71 tok/s (prefill included)
   legacy output-span aggregate: 136.125317748479 tok/s (initial TTFT excluded; later admissions included)
   engine decode: 141.315 tok/s
== json concurrency 1: 21:12:30.357 .. 21:12:33.686  wall 3.3 s
   req 0: status 200 finish=length tokens 256 chunks 256 ttft 252 ms  client update pace 11.97 ms/update
   aggregate wall: 256 tokens in 3.33 s = 76.88 tok/s (prefill included)
   legacy output-span aggregate: 83.89789554561216 tok/s (initial TTFT excluded; later admissions included)
   engine decode: 84.203 tok/s
== json concurrency 1: 21:12:33.698 .. 21:12:36.826  wall 3.1 s
   req 0: status 200 finish=length tokens 256 chunks 256 ttft 76 ms  client update pace 11.96 ms/update
   aggregate wall: 256 tokens in 3.13 s = 81.86 tok/s (prefill included)
   legacy output-span aggregate: 83.9236635558535 tok/s (initial TTFT excluded; later admissions included)
   engine decode: 84.557 tok/s
== json concurrency 1: 21:12:36.826 .. 21:12:39.961  wall 3.1 s
   req 0: status 200 finish=length tokens 256 chunks 256 ttft 76 ms  client update pace 11.99 ms/update
   aggregate wall: 256 tokens in 3.14 s = 81.65 tok/s (prefill included)
   legacy output-span aggregate: 83.70410705126882 tok/s (initial TTFT excluded; later admissions included)
   engine decode: 84.549 tok/s
== json concurrency 2: 21:12:39.969 .. 21:12:44.814  wall 4.8 s
   req 0: status 200 finish=length tokens 256 chunks 256 ttft 253 ms  client update pace 18.00 ms/update
   req 1: status 200 finish=length tokens 256 chunks 256 ttft 530 ms  client update pace 16.92 ms/update
   aggregate wall: 512 tokens in 4.84 s = 105.68 tok/s (prefill included)
   legacy output-span aggregate: 111.51260403753061 tok/s (initial TTFT excluded; later admissions included)
   engine decode: 119.009 tok/s
== json concurrency 2: 21:12:44.814 .. 21:12:49.380  wall 4.6 s
   req 0: status 200 finish=length tokens 256 chunks 256 ttft 152 ms  client update pace 17.21 ms/update
   req 1: status 200 finish=length tokens 256 chunks 256 ttft 76 ms  client update pace 17.40 ms/update
   aggregate wall: 512 tokens in 4.57 s = 112.13 tok/s (prefill included)
   legacy output-span aggregate: 114.71759353068443 tok/s (initial TTFT excluded; later admissions included)
   engine decode: 117.217 tok/s
== json concurrency 2: 21:12:49.381 .. 21:12:53.874  wall 4.5 s
   req 0: status 200 finish=length tokens 256 chunks 256 ttft 76 ms  client update pace 17.32 ms/update
   req 1: status 200 finish=length tokens 256 chunks 256 ttft 152 ms  client update pace 17.02 ms/update
   aggregate wall: 512 tokens in 4.49 s = 113.95 tok/s (prefill included)
   legacy output-span aggregate: 115.93080811127065 tok/s (initial TTFT excluded; later admissions included)
   engine decode: 119.064 tok/s
== json concurrency 4: 21:12:53.883 .. 21:13:01.730  wall 7.8 s
   req 0: status 200 finish=length tokens 256 chunks 256 ttft 256 ms  client update pace 28.77 ms/update
   req 1: status 200 finish=length tokens 256 chunks 256 ttft 484 ms  client update pace 28.07 ms/update
   req 2: status 200 finish=length tokens 256 chunks 256 ttft 991 ms  client update pace 26.48 ms/update
   req 3: status 200 finish=length tokens 256 chunks 256 ttft 737 ms  client update pace 27.87 ms/update
   aggregate wall: 1024 tokens in 7.85 s = 130.49 tok/s (prefill included)
   legacy output-span aggregate: 134.89940698437508 tok/s (initial TTFT excluded; later admissions included)
   engine decode: 149.993 tok/s
== json concurrency 4: 21:13:01.731 .. 21:13:08.945  wall 7.2 s
   req 0: status 200 finish=length tokens 256 chunks 256 ttft 78 ms  client update pace 26.98 ms/update
   req 1: status 200 finish=length tokens 256 chunks 256 ttft 153 ms  client update pace 26.89 ms/update
   req 2: status 200 finish=length tokens 256 chunks 256 ttft 356 ms  client update pace 26.49 ms/update
   req 3: status 200 finish=length tokens 256 chunks 256 ttft 255 ms  client update pace 27.29 ms/update
   aggregate wall: 1024 tokens in 7.21 s = 141.94 tok/s (prefill included)
   legacy output-span aggregate: 143.491666007113 tok/s (initial TTFT excluded; later admissions included)
   engine decode: 149.716 tok/s
== json concurrency 4: 21:13:08.946 .. 21:13:16.139  wall 7.2 s
   req 0: status 200 finish=length tokens 256 chunks 256 ttft 78 ms  client update pace 26.90 ms/update
   req 1: status 200 finish=length tokens 256 chunks 256 ttft 153 ms  client update pace 26.81 ms/update
   req 2: status 200 finish=length tokens 256 chunks 256 ttft 254 ms  client update pace 26.61 ms/update
   req 3: status 200 finish=length tokens 256 chunks 256 ttft 354 ms  client update pace 26.81 ms/update
   aggregate wall: 1024 tokens in 7.19 s = 142.36 tok/s (prefill included)
   legacy output-span aggregate: 143.92843885184956 tok/s (initial TTFT excluded; later admissions included)
   engine decode: 150.394 tok/s
== math concurrency 1: 21:13:16.150 .. 21:13:19.516  wall 3.4 s
   req 0: status 200 finish=length tokens 256 chunks 256 ttft 303 ms  client update pace 12.01 ms/update
   aggregate wall: 256 tokens in 3.37 s = 76.05 tok/s (prefill included)
   legacy output-span aggregate: 83.58176737737494 tok/s (initial TTFT excluded; later admissions included)
   engine decode: 83.945 tok/s
== math concurrency 1: 21:13:19.517 .. 21:13:22.671  wall 3.2 s
   req 0: status 200 finish=length tokens 256 chunks 256 ttft 76 ms  client update pace 12.07 ms/update
   aggregate wall: 256 tokens in 3.15 s = 81.17 tok/s (prefill included)
   legacy output-span aggregate: 83.20441080582968 tok/s (initial TTFT excluded; later admissions included)
   engine decode: 83.909 tok/s
== math concurrency 1: 21:13:22.671 .. 21:13:25.825  wall 3.2 s
   req 0: status 200 finish=length tokens 256 chunks 256 ttft 77 ms  client update pace 12.06 ms/update
   aggregate wall: 256 tokens in 3.15 s = 81.19 tok/s (prefill included)
   legacy output-span aggregate: 83.2209448019072 tok/s (initial TTFT excluded; later admissions included)
   engine decode: 83.851 tok/s
== math concurrency 2: 21:13:25.835 .. 21:13:30.805  wall 5.0 s
   req 0: status 200 finish=length tokens 256 chunks 256 ttft 278 ms  client update pace 18.40 ms/update
   req 1: status 200 finish=length tokens 256 chunks 256 ttft 555 ms  client update pace 17.01 ms/update
   aggregate wall: 512 tokens in 4.97 s = 103.02 tok/s (prefill included)
   legacy output-span aggregate: 109.13721096320813 tok/s (initial TTFT excluded; later admissions included)
   engine decode: 116.654 tok/s
== math concurrency 2: 21:13:30.806 .. 21:13:35.410  wall 4.6 s
   req 0: status 200 finish=length tokens 256 chunks 256 ttft 77 ms  client update pace 17.75 ms/update
   req 1: status 200 finish=length tokens 256 chunks 256 ttft 153 ms  client update pace 17.15 ms/update
   aggregate wall: 512 tokens in 4.60 s = 111.23 tok/s (prefill included)
   legacy output-span aggregate: 113.13510348936366 tok/s (initial TTFT excluded; later admissions included)
   engine decode: 116.319 tok/s
== math concurrency 2: 21:13:35.410 .. 21:13:39.989  wall 4.6 s
   req 0: status 200 finish=length tokens 256 chunks 256 ttft 77 ms  client update pace 17.65 ms/update
   req 1: status 200 finish=length tokens 256 chunks 256 ttft 153 ms  client update pace 17.05 ms/update
   aggregate wall: 512 tokens in 4.58 s = 111.83 tok/s (prefill included)
   legacy output-span aggregate: 113.77119108351086 tok/s (initial TTFT excluded; later admissions included)
   engine decode: 116.948 tok/s
== math concurrency 4: 21:13:40.009 .. 21:13:48.098  wall 8.1 s
   req 0: status 200 finish=length tokens 256 chunks 256 ttft 764 ms  client update pace 27.92 ms/update
   req 1: status 200 finish=length tokens 256 chunks 256 ttft 484 ms  client update pace 29.02 ms/update
   req 2: status 200 finish=length tokens 256 chunks 256 ttft 230 ms  client update pace 30.82 ms/update
   req 3: status 200 finish=length tokens 256 chunks 256 ttft 1017 ms  client update pace 27.62 ms/update
   aggregate wall: 1024 tokens in 8.09 s = 126.59 tok/s (prefill included)
   legacy output-span aggregate: 130.30798323733353 tok/s (initial TTFT excluded; later admissions included)
   engine decode: 144.769 tok/s
== math concurrency 4: 21:13:48.099 .. 21:13:55.527  wall 7.4 s
   req 0: status 200 finish=length tokens 256 chunks 256 ttft 154 ms  client update pace 27.42 ms/update
   req 1: status 200 finish=length tokens 256 chunks 256 ttft 358 ms  client update pace 27.22 ms/update
   req 2: status 200 finish=length tokens 256 chunks 256 ttft 256 ms  client update pace 28.12 ms/update
   req 3: status 200 finish=length tokens 256 chunks 256 ttft 77 ms  client update pace 28.12 ms/update
   aggregate wall: 1024 tokens in 7.43 s = 137.86 tok/s (prefill included)
   legacy output-span aggregate: 139.3332379448527 tok/s (initial TTFT excluded; later admissions included)
   engine decode: 145.000 tok/s
== math concurrency 4: 21:13:55.527 .. 21:14:02.954  wall 7.4 s
   req 0: status 200 finish=length tokens 256 chunks 256 ttft 78 ms  client update pace 27.52 ms/update
   req 1: status 200 finish=length tokens 256 chunks 256 ttft 358 ms  client update pace 27.22 ms/update
   req 2: status 200 finish=length tokens 256 chunks 256 ttft 256 ms  client update pace 28.02 ms/update
   req 3: status 200 finish=length tokens 256 chunks 256 ttft 154 ms  client update pace 28.02 ms/update
   aggregate wall: 1024 tokens in 7.43 s = 137.89 tok/s (prefill included)
   legacy output-span aggregate: 139.84124144787359 tok/s (initial TTFT excluded; later admissions included)
   engine decode: 145.581 tok/s
== chat concurrency 1: 21:14:02.977 .. 21:14:06.869  wall 3.9 s
   req 0: status 200 finish=length tokens 256 chunks 256 ttft 255 ms  client update pace 14.26 ms/update
   aggregate wall: 256 tokens in 3.89 s = 65.77 tok/s (prefill included)
   legacy output-span aggregate: 70.39549696470598 tok/s (initial TTFT excluded; later admissions included)
   engine decode: 71.058 tok/s
== chat concurrency 1: 21:14:06.870 .. 21:14:10.592  wall 3.7 s
   req 0: status 200 finish=length tokens 256 chunks 256 ttft 76 ms  client update pace 14.29 ms/update
   aggregate wall: 256 tokens in 3.72 s = 68.78 tok/s (prefill included)
   legacy output-span aggregate: 70.23931939052335 tok/s (initial TTFT excluded; later admissions included)
   engine decode: 70.916 tok/s
== chat concurrency 1: 21:14:10.593 .. 21:14:14.306  wall 3.7 s
   req 0: status 200 finish=length tokens 256 chunks 256 ttft 77 ms  client update pace 14.26 ms/update
   aggregate wall: 256 tokens in 3.71 s = 68.94 tok/s (prefill included)
   legacy output-span aggregate: 70.41707790787007 tok/s (initial TTFT excluded; later admissions included)
   engine decode: 70.867 tok/s
== chat concurrency 2: 21:14:14.320 .. 21:14:19.812  wall 5.5 s
   req 0: status 200 finish=length tokens 256 chunks 256 ttft 255 ms  client update pace 20.54 ms/update
   req 1: status 200 finish=length tokens 256 chunks 256 ttft 509 ms  client update pace 18.64 ms/update
   aggregate wall: 512 tokens in 5.49 s = 93.22 tok/s (prefill included)
   legacy output-span aggregate: 97.7756902423193 tok/s (initial TTFT excluded; later admissions included)
   engine decode: 103.734 tok/s
== chat concurrency 2: 21:14:19.813 .. 21:14:24.992  wall 5.2 s
   req 0: status 200 finish=length tokens 256 chunks 256 ttft 76 ms  client update pace 20.01 ms/update
   req 1: status 200 finish=length tokens 256 chunks 256 ttft 152 ms  client update pace 18.82 ms/update
   aggregate wall: 512 tokens in 5.18 s = 98.87 tok/s (prefill included)
   legacy output-span aggregate: 100.35296277356187 tok/s (initial TTFT excluded; later admissions included)
   engine decode: 103.047 tok/s
== chat concurrency 2: 21:14:24.993 .. 21:14:30.146  wall 5.2 s
   req 0: status 200 finish=length tokens 256 chunks 256 ttft 77 ms  client update pace 19.90 ms/update
   req 1: status 200 finish=length tokens 256 chunks 256 ttft 152 ms  client update pace 18.71 ms/update
   aggregate wall: 512 tokens in 5.15 s = 99.36 tok/s (prefill included)
   legacy output-span aggregate: 100.87818298349198 tok/s (initial TTFT excluded; later admissions included)
   engine decode: 103.507 tok/s
== chat concurrency 4: 21:14:30.160 .. 21:14:38.754  wall 8.6 s
   req 0: status 200 finish=length tokens 256 chunks 256 ttft 714 ms  client update pace 29.79 ms/update
   req 1: status 200 finish=length tokens 256 chunks 256 ttft 231 ms  client update pace 32.09 ms/update
   req 2: status 200 finish=length tokens 256 chunks 256 ttft 459 ms  client update pace 30.79 ms/update
   req 3: status 200 finish=length tokens 256 chunks 256 ttft 966 ms  client update pace 29.90 ms/update
   aggregate wall: 1024 tokens in 8.59 s = 119.16 tok/s (prefill included)
   legacy output-span aggregate: 122.46675572325816 tok/s (initial TTFT excluded; later admissions included)
   engine decode: 134.951 tok/s
== chat concurrency 4: 21:14:38.754 .. 21:14:46.705  wall 8.0 s
   req 0: status 200 finish=length tokens 256 chunks 256 ttft 78 ms  client update pace 29.38 ms/update
   req 1: status 200 finish=length tokens 256 chunks 256 ttft 253 ms  client update pace 29.88 ms/update
   req 2: status 200 finish=length tokens 256 chunks 256 ttft 354 ms  client update pace 29.18 ms/update
   req 3: status 200 finish=length tokens 256 chunks 256 ttft 152 ms  client update pace 30.57 ms/update
   aggregate wall: 1024 tokens in 7.95 s = 128.80 tok/s (prefill included)
   legacy output-span aggregate: 130.08081517429773 tok/s (initial TTFT excluded; later admissions included)
   engine decode: 135.132 tok/s
== chat concurrency 4: 21:14:46.706 .. 21:14:54.634  wall 7.9 s
   req 0: status 200 finish=length tokens 256 chunks 256 ttft 77 ms  client update pace 29.29 ms/update
   req 1: status 200 finish=length tokens 256 chunks 256 ttft 153 ms  client update pace 29.99 ms/update
   req 2: status 200 finish=length tokens 256 chunks 256 ttft 355 ms  client update pace 29.00 ms/update
   req 3: status 200 finish=length tokens 256 chunks 256 ttft 253 ms  client update pace 30.09 ms/update
   aggregate wall: 1024 tokens in 7.93 s = 129.17 tok/s (prefill included)
   legacy output-span aggregate: 130.4503544110366 tok/s (initial TTFT excluded; later admissions included)
   engine decode: 135.776 tok/s
== per-class wall aggregate tokens/s (prefill included), greedy, max_tokens 256
| class | c=1 | c=2 | c=4 |
|---|---|---|---|
| prose | 74.0 | 100.4 | 130.8 |
| code | 77.4 | 104.5 | 134.7 |
| json | 81.7 | 112.1 | 141.9 |
| math | 81.2 | 111.2 | 137.9 |
| chat | 68.8 | 98.9 | 128.8 |
