model XiaomiMiMo/MiMo-V2.6-Flash-RL
warm 0: status 200 tokens 64
== prose concurrency 1: 20:57:48.509 .. 20:57:52.050  wall 3.5 s
   req 0: status 200 finish=length tokens 256 chunks 256 ttft 227 ms  client update pace 12.99 ms/update
   aggregate wall: 256 tokens in 3.54 s = 72.30 tok/s (prefill included)
   legacy output-span aggregate: 77.27316037583157 tok/s (initial TTFT excluded; later admissions included)
   engine decode: 77.984 tok/s
== prose concurrency 1: 20:57:52.051 .. 20:57:55.433  wall 3.4 s
   req 0: status 200 finish=length tokens 256 chunks 256 ttft 77 ms  client update pace 12.96 ms/update
   aggregate wall: 256 tokens in 3.38 s = 75.69 tok/s (prefill included)
   legacy output-span aggregate: 77.45945572391739 tok/s (initial TTFT excluded; later admissions included)
   engine decode: 78.106 tok/s
== prose concurrency 1: 20:57:55.434 .. 20:57:58.868  wall 3.4 s
   req 0: status 200 finish=length tokens 256 chunks 256 ttft 77 ms  client update pace 13.17 ms/update
   aggregate wall: 256 tokens in 3.43 s = 74.53 tok/s (prefill included)
   legacy output-span aggregate: 76.25597923594074 tok/s (initial TTFT excluded; later admissions included)
   engine decode: 76.807 tok/s
== prose concurrency 2: 20:57:58.870 .. 20:58:04.362  wall 5.5 s
   req 0: status 200 finish=length tokens 256 chunks 256 ttft 255 ms  client update pace 20.23 ms/update
   req 1: status 200 finish=length tokens 256 chunks 256 ttft 484 ms  client update pace 19.54 ms/update
   aggregate wall: 512 tokens in 5.49 s = 93.22 tok/s (prefill included)
   legacy output-span aggregate: 98.25186084767479 tok/s (initial TTFT excluded; later admissions included)
   engine decode: 103.093 tok/s
== prose concurrency 2: 20:58:04.363 .. 20:58:09.423  wall 5.1 s
   req 0: status 200 finish=length tokens 256 chunks 256 ttft 77 ms  client update pace 19.24 ms/update
   req 1: status 200 finish=length tokens 256 chunks 256 ttft 153 ms  client update pace 19.24 ms/update
   aggregate wall: 512 tokens in 5.06 s = 101.19 tok/s (prefill included)
   legacy output-span aggregate: 102.76880208383162 tok/s (initial TTFT excluded; later admissions included)
   engine decode: 105.083 tok/s
== prose concurrency 2: 20:58:09.424 .. 20:58:14.584  wall 5.2 s
   req 0: status 200 finish=length tokens 256 chunks 256 ttft 77 ms  client update pace 19.63 ms/update
   req 1: status 200 finish=length tokens 256 chunks 256 ttft 178 ms  client update pace 19.53 ms/update
   aggregate wall: 512 tokens in 5.16 s = 99.21 tok/s (prefill included)
   legacy output-span aggregate: 100.73393192467208 tok/s (initial TTFT excluded; later admissions included)
   engine decode: 103.507 tok/s
== prose concurrency 4: 20:58:14.588 .. 20:58:23.058  wall 8.5 s
   req 0: status 200 finish=length tokens 256 chunks 256 ttft 707 ms  client update pace 30.44 ms/update
   req 1: status 200 finish=length tokens 256 chunks 256 ttft 959 ms  client update pace 28.95 ms/update
   req 2: status 200 finish=length tokens 256 chunks 256 ttft 228 ms  client update pace 31.52 ms/update
   req 3: status 200 finish=length tokens 256 chunks 256 ttft 455 ms  client update pace 30.63 ms/update
   aggregate wall: 1024 tokens in 8.47 s = 120.89 tok/s (prefill included)
   legacy output-span aggregate: 124.25478410136607 tok/s (initial TTFT excluded; later admissions included)
   engine decode: 136.649 tok/s
== prose concurrency 4: 20:58:23.059 .. 20:58:30.992  wall 7.9 s
   req 0: status 200 finish=length tokens 256 chunks 256 ttft 78 ms  client update pace 30.80 ms/update
   req 1: status 200 finish=length tokens 256 chunks 256 ttft 155 ms  client update pace 29.69 ms/update
   req 2: status 200 finish=length tokens 256 chunks 256 ttft 357 ms  client update pace 29.50 ms/update
   req 3: status 200 finish=length tokens 256 chunks 256 ttft 255 ms  client update pace 29.50 ms/update
   aggregate wall: 1024 tokens in 7.93 s = 129.09 tok/s (prefill included)
   legacy output-span aggregate: 130.39031987496176 tok/s (initial TTFT excluded; later admissions included)
   engine decode: 135.467 tok/s
== prose concurrency 4: 20:58:30.993 .. 20:58:38.820  wall 7.8 s
   req 0: status 200 finish=length tokens 256 chunks 256 ttft 355 ms  client update pace 29.30 ms/update
   req 1: status 200 finish=length tokens 256 chunks 256 ttft 77 ms  client update pace 29.19 ms/update
   req 2: status 200 finish=length tokens 256 chunks 256 ttft 254 ms  client update pace 29.10 ms/update
   req 3: status 200 finish=length tokens 256 chunks 256 ttft 153 ms  client update pace 29.10 ms/update
   aggregate wall: 1024 tokens in 7.83 s = 130.82 tok/s (prefill included)
   legacy output-span aggregate: 132.14000548804705 tok/s (initial TTFT excluded; later admissions included)
   engine decode: 137.633 tok/s
== code concurrency 1: 20:58:38.827 .. 20:58:42.259  wall 3.4 s
   req 0: status 200 finish=length tokens 256 chunks 256 ttft 253 ms  client update pace 12.47 ms/update
   aggregate wall: 256 tokens in 3.43 s = 74.58 tok/s (prefill included)
   legacy output-span aggregate: 80.52987264503929 tok/s (initial TTFT excluded; later admissions included)
   engine decode: 81.311 tok/s
== code concurrency 1: 20:58:42.260 .. 20:58:45.518  wall 3.3 s
   req 0: status 200 finish=length tokens 256 chunks 256 ttft 76 ms  client update pace 12.47 ms/update
   aggregate wall: 256 tokens in 3.26 s = 78.59 tok/s (prefill included)
   legacy output-span aggregate: 80.48953934132433 tok/s (initial TTFT excluded; later admissions included)
   engine decode: 81.205 tok/s
== code concurrency 1: 20:58:45.519 .. 20:58:48.778  wall 3.3 s
   req 0: status 200 finish=length tokens 256 chunks 256 ttft 76 ms  client update pace 12.48 ms/update
   aggregate wall: 256 tokens in 3.26 s = 78.56 tok/s (prefill included)
   legacy output-span aggregate: 80.45539422685187 tok/s (initial TTFT excluded; later admissions included)
   engine decode: 81.298 tok/s
== code concurrency 2: 20:58:48.785 .. 20:58:53.971  wall 5.2 s
   req 0: status 200 finish=length tokens 256 chunks 256 ttft 508 ms  client update pace 17.94 ms/update
   req 1: status 200 finish=length tokens 256 chunks 256 ttft 254 ms  client update pace 19.34 ms/update
   aggregate wall: 512 tokens in 5.19 s = 98.73 tok/s (prefill included)
   legacy output-span aggregate: 103.82752918421689 tok/s (initial TTFT excluded; later admissions included)
   engine decode: 110.087 tok/s
== code concurrency 2: 20:58:53.972 .. 20:58:58.823  wall 4.9 s
   req 0: status 200 finish=length tokens 256 chunks 256 ttft 77 ms  client update pace 18.12 ms/update
   req 1: status 200 finish=length tokens 256 chunks 256 ttft 152 ms  client update pace 18.42 ms/update
   aggregate wall: 512 tokens in 4.85 s = 105.54 tok/s (prefill included)
   legacy output-span aggregate: 107.25894155884131 tok/s (initial TTFT excluded; later admissions included)
   engine decode: 109.812 tok/s
== code concurrency 2: 20:58:58.824 .. 20:59:03.674  wall 4.8 s
   req 0: status 200 finish=length tokens 256 chunks 256 ttft 152 ms  client update pace 18.02 ms/update
   req 1: status 200 finish=length tokens 256 chunks 256 ttft 76 ms  client update pace 18.72 ms/update
   aggregate wall: 512 tokens in 4.85 s = 105.57 tok/s (prefill included)
   legacy output-span aggregate: 107.27473095118069 tok/s (initial TTFT excluded; later admissions included)
   engine decode: 109.911 tok/s
== code concurrency 4: 20:59:03.683 .. 20:59:11.734  wall 8.1 s
   req 0: status 200 finish=length tokens 256 chunks 256 ttft 959 ms  client update pace 27.61 ms/update
   req 1: status 200 finish=length tokens 256 chunks 256 ttft 228 ms  client update pace 30.47 ms/update
   req 2: status 200 finish=length tokens 256 chunks 256 ttft 455 ms  client update pace 29.79 ms/update
   req 3: status 200 finish=length tokens 256 chunks 256 ttft 681 ms  client update pace 28.30 ms/update
   aggregate wall: 1024 tokens in 8.05 s = 127.19 tok/s (prefill included)
   legacy output-span aggregate: 130.90531252196374 tok/s (initial TTFT excluded; later admissions included)
   engine decode: 144.388 tok/s
== code concurrency 4: 20:59:11.735 .. 20:59:19.222  wall 7.5 s
   req 0: status 200 finish=length tokens 256 chunks 256 ttft 355 ms  client update pace 27.67 ms/update
   req 1: status 200 finish=length tokens 256 chunks 256 ttft 78 ms  client update pace 28.75 ms/update
   req 2: status 200 finish=length tokens 256 chunks 256 ttft 254 ms  client update pace 28.36 ms/update
   req 3: status 200 finish=length tokens 256 chunks 256 ttft 153 ms  client update pace 27.76 ms/update
   aggregate wall: 1024 tokens in 7.49 s = 136.76 tok/s (prefill included)
   legacy output-span aggregate: 138.2191416712962 tok/s (initial TTFT excluded; later admissions included)
   engine decode: 143.885 tok/s
== code concurrency 4: 20:59:19.223 .. 20:59:26.690  wall 7.5 s
   req 0: status 200 finish=length tokens 256 chunks 256 ttft 78 ms  client update pace 28.07 ms/update
   req 1: status 200 finish=length tokens 256 chunks 256 ttft 255 ms  client update pace 28.28 ms/update
   req 2: status 200 finish=length tokens 256 chunks 256 ttft 154 ms  client update pace 28.67 ms/update
   req 3: status 200 finish=length tokens 256 chunks 256 ttft 356 ms  client update pace 27.38 ms/update
   aggregate wall: 1024 tokens in 7.47 s = 137.14 tok/s (prefill included)
   legacy output-span aggregate: 138.6035231692374 tok/s (initial TTFT excluded; later admissions included)
   engine decode: 143.684 tok/s
== json concurrency 1: 20:59:26.697 .. 20:59:29.953  wall 3.3 s
   req 0: status 200 finish=length tokens 256 chunks 256 ttft 253 ms  client update pace 11.77 ms/update
   aggregate wall: 256 tokens in 3.26 s = 78.64 tok/s (prefill included)
   legacy output-span aggregate: 85.27721683080686 tok/s (initial TTFT excluded; later admissions included)
   engine decode: 85.812 tok/s
== json concurrency 1: 20:59:29.954 .. 20:59:33.034  wall 3.1 s
   req 0: status 200 finish=length tokens 256 chunks 256 ttft 76 ms  client update pace 11.78 ms/update
   aggregate wall: 256 tokens in 3.08 s = 83.11 tok/s (prefill included)
   legacy output-span aggregate: 85.23479009701444 tok/s (initial TTFT excluded; later admissions included)
   engine decode: 85.533 tok/s
== json concurrency 1: 20:59:33.035 .. 20:59:36.117  wall 3.1 s
   req 0: status 200 finish=length tokens 256 chunks 256 ttft 76 ms  client update pace 11.78 ms/update
   aggregate wall: 256 tokens in 3.08 s = 83.07 tok/s (prefill included)
   legacy output-span aggregate: 85.18652392862846 tok/s (initial TTFT excluded; later admissions included)
   engine decode: 85.778 tok/s
== json concurrency 2: 20:59:36.124 .. 20:59:40.976  wall 4.9 s
   req 0: status 200 finish=length tokens 256 chunks 256 ttft 531 ms  client update pace 16.94 ms/update
   req 1: status 200 finish=length tokens 256 chunks 256 ttft 253 ms  client update pace 17.83 ms/update
   aggregate wall: 512 tokens in 4.85 s = 105.54 tok/s (prefill included)
   legacy output-span aggregate: 111.36588779147684 tok/s (initial TTFT excluded; later admissions included)
   engine decode: 118.654 tok/s
== json concurrency 2: 20:59:40.976 .. 20:59:45.403  wall 4.4 s
   req 0: status 200 finish=length tokens 256 chunks 256 ttft 77 ms  client update pace 17.06 ms/update
   req 1: status 200 finish=length tokens 256 chunks 256 ttft 153 ms  client update pace 16.76 ms/update
   aggregate wall: 512 tokens in 4.43 s = 115.65 tok/s (prefill included)
   legacy output-span aggregate: 117.71794198441975 tok/s (initial TTFT excluded; later admissions included)
   engine decode: 120.255 tok/s
== json concurrency 2: 20:59:45.404 .. 20:59:49.831  wall 4.4 s
   req 0: status 200 finish=length tokens 256 chunks 256 ttft 78 ms  client update pace 17.05 ms/update
   req 1: status 200 finish=length tokens 256 chunks 256 ttft 154 ms  client update pace 16.75 ms/update
   aggregate wall: 512 tokens in 4.43 s = 115.65 tok/s (prefill included)
   legacy output-span aggregate: 117.73814334481366 tok/s (initial TTFT excluded; later admissions included)
   engine decode: 120.414 tok/s
== json concurrency 4: 20:59:49.839 .. 20:59:57.614  wall 7.8 s
   req 0: status 200 finish=length tokens 256 chunks 256 ttft 732 ms  client update pace 27.02 ms/update
   req 1: status 200 finish=length tokens 256 chunks 256 ttft 984 ms  client update pace 26.23 ms/update
   req 2: status 200 finish=length tokens 256 chunks 256 ttft 228 ms  client update pace 28.60 ms/update
   req 3: status 200 finish=length tokens 256 chunks 256 ttft 480 ms  client update pace 28.50 ms/update
   aggregate wall: 1024 tokens in 7.77 s = 131.71 tok/s (prefill included)
   legacy output-span aggregate: 136.16122855141472 tok/s (initial TTFT excluded; later admissions included)
   engine decode: 150.928 tok/s
== json concurrency 4: 20:59:57.615 .. 21:00:04.731  wall 7.1 s
   req 0: status 200 finish=length tokens 256 chunks 256 ttft 78 ms  client update pace 26.59 ms/update
   req 1: status 200 finish=length tokens 256 chunks 256 ttft 154 ms  client update pace 26.59 ms/update
   req 2: status 200 finish=length tokens 256 chunks 256 ttft 255 ms  client update pace 26.30 ms/update
   req 3: status 200 finish=length tokens 256 chunks 256 ttft 355 ms  client update pace 26.50 ms/update
   aggregate wall: 1024 tokens in 7.12 s = 143.90 tok/s (prefill included)
   legacy output-span aggregate: 145.5329949332018 tok/s (initial TTFT excluded; later admissions included)
   engine decode: 150.999 tok/s
== json concurrency 4: 21:00:04.732 .. 21:00:11.880  wall 7.1 s
   req 0: status 200 finish=length tokens 256 chunks 256 ttft 78 ms  client update pace 26.72 ms/update
   req 1: status 200 finish=length tokens 256 chunks 256 ttft 255 ms  client update pace 26.43 ms/update
   req 2: status 200 finish=length tokens 256 chunks 256 ttft 153 ms  client update pace 26.62 ms/update
   req 3: status 200 finish=length tokens 256 chunks 256 ttft 356 ms  client update pace 26.63 ms/update
   aggregate wall: 1024 tokens in 7.15 s = 143.25 tok/s (prefill included)
   legacy output-span aggregate: 144.8372689087206 tok/s (initial TTFT excluded; later admissions included)
   engine decode: 150.580 tok/s
== math concurrency 1: 21:00:11.890 .. 21:00:15.220  wall 3.3 s
   req 0: status 200 finish=length tokens 256 chunks 256 ttft 280 ms  client update pace 11.95 ms/update
   aggregate wall: 256 tokens in 3.33 s = 76.89 tok/s (prefill included)
   legacy output-span aggregate: 83.98688394195243 tok/s (initial TTFT excluded; later admissions included)
   engine decode: 84.921 tok/s
== math concurrency 1: 21:00:15.221 .. 21:00:18.348  wall 3.1 s
   req 0: status 200 finish=length tokens 256 chunks 256 ttft 77 ms  client update pace 11.86 ms/update
   aggregate wall: 256 tokens in 3.13 s = 81.86 tok/s (prefill included)
   legacy output-span aggregate: 84.66036204825454 tok/s (initial TTFT excluded; later admissions included)
   engine decode: 84.924 tok/s
== math concurrency 1: 21:00:18.349 .. 21:00:21.473  wall 3.1 s
   req 0: status 200 finish=length tokens 256 chunks 256 ttft 77 ms  client update pace 11.95 ms/update
   aggregate wall: 256 tokens in 3.12 s = 81.95 tok/s (prefill included)
   legacy output-span aggregate: 84.01873850940969 tok/s (initial TTFT excluded; later admissions included)
   engine decode: 84.980 tok/s
== math concurrency 2: 21:00:21.483 .. 21:00:26.420  wall 4.9 s
   req 0: status 200 finish=length tokens 256 chunks 256 ttft 278 ms  client update pace 18.27 ms/update
   req 1: status 200 finish=length tokens 256 chunks 256 ttft 554 ms  client update pace 16.88 ms/update
   aggregate wall: 512 tokens in 4.94 s = 103.71 tok/s (prefill included)
   legacy output-span aggregate: 109.90165720656698 tok/s (initial TTFT excluded; later admissions included)
   engine decode: 117.522 tok/s
== math concurrency 2: 21:00:26.421 .. 21:00:30.964  wall 4.5 s
   req 0: status 200 finish=length tokens 256 chunks 256 ttft 76 ms  client update pace 17.52 ms/update
   req 1: status 200 finish=length tokens 256 chunks 256 ttft 152 ms  client update pace 16.92 ms/update
   aggregate wall: 512 tokens in 4.54 s = 112.69 tok/s (prefill included)
   legacy output-span aggregate: 114.6265718242183 tok/s (initial TTFT excluded; later admissions included)
   engine decode: 117.753 tok/s
== math concurrency 2: 21:00:30.965 .. 21:00:35.489  wall 4.5 s
   req 0: status 200 finish=length tokens 256 chunks 256 ttft 76 ms  client update pace 17.44 ms/update
   req 1: status 200 finish=length tokens 256 chunks 256 ttft 152 ms  client update pace 16.94 ms/update
   aggregate wall: 512 tokens in 4.52 s = 113.17 tok/s (prefill included)
   legacy output-span aggregate: 115.1447239977894 tok/s (initial TTFT excluded; later admissions included)
   engine decode: 118.146 tok/s
== math concurrency 4: 21:00:35.501 .. 21:00:43.518  wall 8.0 s
   req 0: status 200 finish=length tokens 256 chunks 256 ttft 761 ms  client update pace 27.46 ms/update
   req 1: status 200 finish=length tokens 256 chunks 256 ttft 229 ms  client update pace 29.34 ms/update
   req 2: status 200 finish=length tokens 256 chunks 256 ttft 457 ms  client update pace 29.65 ms/update
   req 3: status 200 finish=length tokens 256 chunks 256 ttft 1013 ms  client update pace 27.26 ms/update
   aggregate wall: 1024 tokens in 8.02 s = 127.72 tok/s (prefill included)
   legacy output-span aggregate: 131.49569979760716 tok/s (initial TTFT excluded; later admissions included)
   engine decode: 146.657 tok/s
== math concurrency 4: 21:00:43.519 .. 21:00:50.842  wall 7.3 s
   req 0: status 200 finish=length tokens 256 chunks 256 ttft 78 ms  client update pace 27.10 ms/update
   req 1: status 200 finish=length tokens 256 chunks 256 ttft 357 ms  client update pace 26.81 ms/update
   req 2: status 200 finish=length tokens 256 chunks 256 ttft 154 ms  client update pace 28.11 ms/update
   req 3: status 200 finish=length tokens 256 chunks 256 ttft 255 ms  client update pace 27.41 ms/update
   aggregate wall: 1024 tokens in 7.32 s = 139.83 tok/s (prefill included)
   legacy output-span aggregate: 141.34954762706164 tok/s (initial TTFT excluded; later admissions included)
   engine decode: 147.552 tok/s
== math concurrency 4: 21:00:50.843 .. 21:00:58.213  wall 7.4 s
   req 0: status 200 finish=length tokens 256 chunks 256 ttft 77 ms  client update pace 27.30 ms/update
   req 1: status 200 finish=length tokens 256 chunks 256 ttft 355 ms  client update pace 27.01 ms/update
   req 2: status 200 finish=length tokens 256 chunks 256 ttft 153 ms  client update pace 28.30 ms/update
   req 3: status 200 finish=length tokens 256 chunks 256 ttft 253 ms  client update pace 27.60 ms/update
   aggregate wall: 1024 tokens in 7.37 s = 138.94 tok/s (prefill included)
   legacy output-span aggregate: 140.42626879663172 tok/s (initial TTFT excluded; later admissions included)
   engine decode: 146.790 tok/s
== chat concurrency 1: 21:00:58.226 .. 21:01:02.063  wall 3.8 s
   req 0: status 200 finish=length tokens 256 chunks 256 ttft 253 ms  client update pace 14.05 ms/update
   aggregate wall: 256 tokens in 3.84 s = 66.73 tok/s (prefill included)
   legacy output-span aggregate: 71.44897994042192 tok/s (initial TTFT excluded; later admissions included)
   engine decode: 72.130 tok/s
== chat concurrency 1: 21:01:02.064 .. 21:01:05.736  wall 3.7 s
   req 0: status 200 finish=length tokens 256 chunks 256 ttft 77 ms  client update pace 14.10 ms/update
   aggregate wall: 256 tokens in 3.67 s = 69.71 tok/s (prefill included)
   legacy output-span aggregate: 71.2022719335538 tok/s (initial TTFT excluded; later admissions included)
   engine decode: 72.115 tok/s
== chat concurrency 1: 21:01:05.737 .. 21:01:09.403  wall 3.7 s
   req 0: status 200 finish=length tokens 256 chunks 256 ttft 77 ms  client update pace 14.07 ms/update
   aggregate wall: 256 tokens in 3.67 s = 69.82 tok/s (prefill included)
   legacy output-span aggregate: 71.34314780251037 tok/s (initial TTFT excluded; later admissions included)
   engine decode: 72.040 tok/s
== chat concurrency 2: 21:01:09.417 .. 21:01:14.869  wall 5.5 s
   req 0: status 200 finish=length tokens 256 chunks 256 ttft 253 ms  client update pace 20.39 ms/update
   req 1: status 200 finish=length tokens 256 chunks 256 ttft 504 ms  client update pace 18.51 ms/update
   aggregate wall: 512 tokens in 5.45 s = 93.92 tok/s (prefill included)
   legacy output-span aggregate: 98.48609532538775 tok/s (initial TTFT excluded; later admissions included)
   engine decode: 104.367 tok/s
== chat concurrency 2: 21:01:14.869 .. 21:01:19.946  wall 5.1 s
   req 0: status 200 finish=length tokens 256 chunks 256 ttft 76 ms  client update pace 19.61 ms/update
   req 1: status 200 finish=length tokens 256 chunks 256 ttft 152 ms  client update pace 18.51 ms/update
   aggregate wall: 512 tokens in 5.08 s = 100.86 tok/s (prefill included)
   legacy output-span aggregate: 102.40796348866571 tok/s (initial TTFT excluded; later admissions included)
   engine decode: 104.774 tok/s
== chat concurrency 2: 21:01:19.946 .. 21:01:25.022  wall 5.1 s
   req 0: status 200 finish=length tokens 256 chunks 256 ttft 153 ms  client update pace 19.30 ms/update
   req 1: status 200 finish=length tokens 256 chunks 256 ttft 77 ms  client update pace 18.61 ms/update
   aggregate wall: 512 tokens in 5.08 s = 100.88 tok/s (prefill included)
   legacy output-span aggregate: 102.43650349377576 tok/s (initial TTFT excluded; later admissions included)
   engine decode: 104.410 tok/s
== chat concurrency 4: 21:01:25.036 .. 21:01:33.524  wall 8.5 s
   req 0: status 200 finish=length tokens 256 chunks 256 ttft 711 ms  client update pace 29.49 ms/update
   req 1: status 200 finish=length tokens 256 chunks 256 ttft 940 ms  client update pace 29.50 ms/update
   req 2: status 200 finish=length tokens 256 chunks 256 ttft 459 ms  client update pace 30.48 ms/update
   req 3: status 200 finish=length tokens 256 chunks 256 ttft 230 ms  client update pace 32.38 ms/update
   aggregate wall: 1024 tokens in 8.49 s = 120.64 tok/s (prefill included)
   legacy output-span aggregate: 124.01695084505306 tok/s (initial TTFT excluded; later admissions included)
   engine decode: 135.893 tok/s
== chat concurrency 4: 21:01:33.525 .. 21:01:41.478  wall 8.0 s
   req 0: status 200 finish=length tokens 256 chunks 256 ttft 253 ms  client update pace 29.00 ms/update
   req 1: status 200 finish=length tokens 256 chunks 256 ttft 152 ms  client update pace 29.99 ms/update
   req 2: status 200 finish=length tokens 256 chunks 256 ttft 77 ms  client update pace 29.49 ms/update
   req 3: status 200 finish=length tokens 256 chunks 256 ttft 354 ms  client update pace 29.79 ms/update
   aggregate wall: 1024 tokens in 7.95 s = 128.76 tok/s (prefill included)
   legacy output-span aggregate: 130.03499074772924 tok/s (initial TTFT excluded; later admissions included)
   engine decode: 134.851 tok/s
== chat concurrency 4: 21:01:41.479 .. 21:01:49.357  wall 7.9 s
   req 0: status 200 finish=length tokens 256 chunks 256 ttft 153 ms  client update pace 29.10 ms/update
   req 1: status 200 finish=length tokens 256 chunks 256 ttft 77 ms  client update pace 29.99 ms/update
   req 2: status 200 finish=length tokens 256 chunks 256 ttft 254 ms  client update pace 29.10 ms/update
   req 3: status 200 finish=length tokens 256 chunks 256 ttft 355 ms  client update pace 29.50 ms/update
   aggregate wall: 1024 tokens in 7.88 s = 129.99 tok/s (prefill included)
   legacy output-span aggregate: 131.2821484308363 tok/s (initial TTFT excluded; later admissions included)
   engine decode: 136.426 tok/s
== per-class wall aggregate tokens/s (prefill included), greedy, max_tokens 256
| class | c=1 | c=2 | c=4 |
|---|---|---|---|
| prose | 74.5 | 99.2 | 129.1 |
| code | 78.6 | 105.5 | 136.8 |
| json | 83.1 | 115.6 | 143.3 |
| math | 81.9 | 112.7 | 138.9 |
| chat | 69.7 | 100.9 | 128.8 |
