model XiaomiMiMo/MiMo-V2.6-Flash-RL
warm 0: status 200 tokens 64
== prose concurrency 1: 21:02:23.985 .. 21:02:28.800  wall 4.8 s
   req 0: status 200 finish=length tokens 256 chunks 256 ttft 229 ms  client update pace 17.98 ms/update
   aggregate wall: 256 tokens in 4.82 s = 53.17 tok/s (prefill included)
   legacy output-span aggregate: 55.83405615485277 tok/s (initial TTFT excluded; later admissions included)
   engine decode: 56.081 tok/s
== prose concurrency 1: 21:02:28.834 .. 21:02:33.522  wall 4.7 s
   req 0: status 200 finish=length tokens 256 chunks 256 ttft 78 ms  client update pace 18.08 ms/update
   aggregate wall: 256 tokens in 4.69 s = 54.60 tok/s (prefill included)
   legacy output-span aggregate: 55.533030825712665 tok/s (initial TTFT excluded; later admissions included)
   engine decode: 56.014 tok/s
== prose concurrency 1: 21:02:33.523 .. 21:02:38.204  wall 4.7 s
   req 0: status 200 finish=length tokens 256 chunks 256 ttft 77 ms  client update pace 18.05 ms/update
   aggregate wall: 256 tokens in 4.68 s = 54.69 tok/s (prefill included)
   legacy output-span aggregate: 55.60997633763796 tok/s (initial TTFT excluded; later admissions included)
   engine decode: 56.071 tok/s
== code concurrency 1: 21:02:38.205 .. 21:02:43.045  wall 4.8 s
   req 0: status 200 finish=length tokens 256 chunks 256 ttft 254 ms  client update pace 17.98 ms/update
   aggregate wall: 256 tokens in 4.84 s = 52.90 tok/s (prefill included)
   legacy output-span aggregate: 55.831620734736106 tok/s (initial TTFT excluded; later admissions included)
   engine decode: 56.138 tok/s
== code concurrency 1: 21:02:43.045 .. 21:02:47.709  wall 4.7 s
   req 0: status 200 finish=length tokens 256 chunks 256 ttft 77 ms  client update pace 17.99 ms/update
   aggregate wall: 256 tokens in 4.66 s = 54.89 tok/s (prefill included)
   legacy output-span aggregate: 55.817986994844745 tok/s (initial TTFT excluded; later admissions included)
   engine decode: 56.104 tok/s
== code concurrency 1: 21:02:47.709 .. 21:02:52.381  wall 4.7 s
   req 0: status 200 finish=length tokens 256 chunks 256 ttft 77 ms  client update pace 18.02 ms/update
   aggregate wall: 256 tokens in 4.67 s = 54.80 tok/s (prefill included)
   legacy output-span aggregate: 55.71875301405668 tok/s (initial TTFT excluded; later admissions included)
   engine decode: 55.944 tok/s
== json concurrency 1: 21:02:52.383 .. 21:02:57.234  wall 4.9 s
   req 0: status 200 finish=length tokens 256 chunks 256 ttft 254 ms  client update pace 18.03 ms/update
   aggregate wall: 256 tokens in 4.85 s = 52.77 tok/s (prefill included)
   legacy output-span aggregate: 55.687598283526846 tok/s (initial TTFT excluded; later admissions included)
   engine decode: 56.039 tok/s
== json concurrency 1: 21:02:57.234 .. 21:03:01.908  wall 4.7 s
   req 0: status 200 finish=length tokens 256 chunks 256 ttft 77 ms  client update pace 18.02 ms/update
   aggregate wall: 256 tokens in 4.67 s = 54.77 tok/s (prefill included)
   legacy output-span aggregate: 55.70131616896175 tok/s (initial TTFT excluded; later admissions included)
   engine decode: 56.049 tok/s
== json concurrency 1: 21:03:01.909 .. 21:03:06.587  wall 4.7 s
   req 0: status 200 finish=length tokens 256 chunks 256 ttft 77 ms  client update pace 18.04 ms/update
   aggregate wall: 256 tokens in 4.68 s = 54.72 tok/s (prefill included)
   legacy output-span aggregate: 55.640563360492436 tok/s (initial TTFT excluded; later admissions included)
   engine decode: 56.005 tok/s
== math concurrency 1: 21:03:06.589 .. 21:03:11.473  wall 4.9 s
   req 0: status 200 finish=length tokens 256 chunks 256 ttft 280 ms  client update pace 18.05 ms/update
   aggregate wall: 256 tokens in 4.88 s = 52.42 tok/s (prefill included)
   legacy output-span aggregate: 55.62197315280567 tok/s (initial TTFT excluded; later admissions included)
   engine decode: 55.953 tok/s
== math concurrency 1: 21:03:11.473 .. 21:03:16.162  wall 4.7 s
   req 0: status 200 finish=length tokens 256 chunks 256 ttft 77 ms  client update pace 18.08 ms/update
   aggregate wall: 256 tokens in 4.69 s = 54.60 tok/s (prefill included)
   legacy output-span aggregate: 55.52999303220021 tok/s (initial TTFT excluded; later admissions included)
   engine decode: 55.931 tok/s
== math concurrency 1: 21:03:16.162 .. 21:03:20.848  wall 4.7 s
   req 0: status 200 finish=length tokens 256 chunks 256 ttft 77 ms  client update pace 18.07 ms/update
   aggregate wall: 256 tokens in 4.69 s = 54.64 tok/s (prefill included)
   legacy output-span aggregate: 55.56250876661832 tok/s (initial TTFT excluded; later admissions included)
   engine decode: 55.873 tok/s
== chat concurrency 1: 21:03:20.850 .. 21:03:25.689  wall 4.8 s
   req 0: status 200 finish=length tokens 256 chunks 256 ttft 230 ms  client update pace 18.07 ms/update
   aggregate wall: 256 tokens in 4.84 s = 52.91 tok/s (prefill included)
   legacy output-span aggregate: 55.551966185134596 tok/s (initial TTFT excluded; later admissions included)
   engine decode: 55.965 tok/s
== chat concurrency 1: 21:03:25.690 .. 21:03:30.375  wall 4.7 s
   req 0: status 200 finish=length tokens 256 chunks 256 ttft 77 ms  client update pace 18.07 ms/update
   aggregate wall: 256 tokens in 4.69 s = 54.64 tok/s (prefill included)
   legacy output-span aggregate: 55.56377397778424 tok/s (initial TTFT excluded; later admissions included)
   engine decode: 56.064 tok/s
== chat concurrency 1: 21:03:30.376 .. 21:03:35.052  wall 4.7 s
   req 0: status 200 finish=length tokens 256 chunks 256 ttft 77 ms  client update pace 18.03 ms/update
   aggregate wall: 256 tokens in 4.68 s = 54.75 tok/s (prefill included)
   legacy output-span aggregate: 55.670110181281025 tok/s (initial TTFT excluded; later admissions included)
   engine decode: 55.991 tok/s
== per-class wall aggregate tokens/s (prefill included), greedy, max_tokens 256
| class | c=1 |
|---|---|
| prose | 54.6 |
| code | 54.8 |
| json | 54.7 |
| math | 54.6 |
| chat | 54.6 |
