[  2%] Built target dgpp_core
[  2%] Built target dgpp_device_ranges
[  2%] Built target dgpp_rope_scaling
[  8%] Built target pcre2-8-static
[  9%] Building CXX object CMakeFiles/dgppctl.dir/apps/dgppctl.cpp.o
[  9%] Building CUDA object CMakeFiles/graph_queue_repro.dir/apps/graph_queue_repro.cu.o
[  9%] stamping dgpp_version.hpp
[  9%] Building CUDA object CMakeFiles/flag_protocol_test.dir/tests/cuda/flag_protocol_test.cu.o
[  9%] Built target dgpp_version
[ 10%] Building CUDA object CMakeFiles/det_math_test.dir/tests/cuda/det_math_test.cu.o
[ 10%] Building CXX object CMakeFiles/dgppctl.dir/src/common/log.cpp.o
[ 10%] Linking CXX executable dgppctl
[ 10%] Built target dgppctl
[ 10%] Building CUDA object CMakeFiles/micro_mem_bw.dir/benchmarks/micro/mem_bw.cu.o
[ 10%] Linking CUDA executable graph_queue_repro
[ 10%] Built target graph_queue_repro
[ 10%] Building CUDA object CMakeFiles/micro_zerocopy.dir/benchmarks/micro/zerocopy.cu.o
[ 10%] Linking CUDA executable det_math_test
[ 10%] Linking CUDA executable flag_protocol_test
[ 10%] Built target det_math_test
[ 10%] Building CUDA object CMakeFiles/micro_gemm_peak.dir/benchmarks/micro/gemm_peak.cu.o
[ 10%] Built target flag_protocol_test
[ 10%] Building CXX object CMakeFiles/micro_gdr_probe.dir/benchmarks/micro/gdr_probe.cpp.o
[ 10%] Building CXX object CMakeFiles/micro_gdr_probe.dir/src/common/log.cpp.o
[ 10%] Building CXX object CMakeFiles/micro_mem_bw.dir/src/common/log.cpp.o
[ 11%] Linking CXX executable micro_gdr_probe
[ 11%] Built target micro_gdr_probe
[ 11%] Building CXX object CMakeFiles/micro_uar_probe.dir/benchmarks/micro/uar_probe.cpp.o
[ 12%] Linking CXX executable micro_uar_probe
[ 12%] Built target micro_uar_probe
[ 12%] Building CXX object CMakeFiles/micro_ibv_smoke.dir/benchmarks/micro/ibv_smoke.cpp.o
[ 12%] Linking CXX executable micro_mem_bw
[ 12%] Built target micro_mem_bw
[ 12%] Building CUDA object CMakeFiles/micro_ibv_smoke.dir/src/net/nic_visibility.cu.o
[ 12%] Building CXX object CMakeFiles/micro_gemm_peak.dir/src/common/log.cpp.o
[ 12%] Linking CXX executable micro_gemm_peak
[ 12%] Built target micro_gemm_peak
[ 13%] Built target dgpp_net
[ 13%] Building CXX object CMakeFiles/micro_ibv_smoke.dir/src/common/log.cpp.o
[ 15%] Built target dgpp_loaders
[ 15%] Building CXX object CMakeFiles/micro_zerocopy.dir/src/common/log.cpp.o
[ 22%] Built target dgpp_kernels
[ 24%] Built target dgpp_text
[ 25%] Built target dgpp_models_glm4
[ 26%] Built target dgpp_models_glm_dsa
[ 26%] Built target dgpp_models_csa2
[ 27%] Built target dgpp_models_dsv41
[ 29%] Built target dgpp_models_qwen
[ 29%] Building CXX object CMakeFiles/glm_dsa_bind_check.dir/apps/glm_dsa_bind_check.cpp.o
[ 29%] Building CXX object CMakeFiles/dsv41_bind_check.dir/apps/dsv41_bind_check.cpp.o
[ 29%] Linking CXX executable micro_zerocopy
[ 29%] Built target micro_zerocopy
[ 30%] Built target dgpp_bus
[ 30%] Building CXX object CMakeFiles/roster_check.dir/apps/roster_check.cpp.o
[ 31%] Linking CXX executable micro_ibv_smoke
[ 31%] Built target micro_ibv_smoke
[ 32%] Building CXX object CMakeFiles/bus_check.dir/apps/bus_check.cpp.o
[ 32%] Linking CXX executable dsv41_bind_check
[ 32%] Built target dsv41_bind_check
[ 32%] Building CXX object CMakeFiles/nic_regress.dir/apps/nic_regress.cpp.o
[ 32%] Linking CXX executable roster_check
[ 33%] Linking CXX executable glm_dsa_bind_check
[ 33%] Built target roster_check
[ 34%] Building CXX object CMakeFiles/qwen_yarn_fixture_test.dir/tests/unit/qwen_yarn_fixture_test.cpp.o
[ 34%] Built target glm_dsa_bind_check
[ 34%] Building CUDA object CMakeFiles/qwen_gr_test.dir/tests/cuda/qwen_gr_test.cu.o
[ 34%] Linking CXX executable qwen_yarn_fixture_test
[ 34%] Built target qwen_yarn_fixture_test
[ 34%] Building CUDA object CMakeFiles/qwen_norm_test.dir/tests/cuda/qwen_norm_test.cu.o
[ 34%] Linking CXX executable bus_check
[ 34%] Built target bus_check
[ 34%] Building CUDA object CMakeFiles/qsa_test.dir/tests/cuda/qsa_test.cu.o
[ 34%] Linking CXX executable nic_regress
[ 34%] Built target nic_regress
[ 34%] Building CUDA object CMakeFiles/qwen_ple_test.dir/tests/cuda/qwen_ple_test.cu.o
[ 34%] Linking CXX executable qwen_gr_test
[ 34%] Built target qwen_gr_test
[ 34%] Building CUDA object CMakeFiles/csa2_layer_test.dir/tests/cuda/csa2_layer_test.cu.o
[ 35%] Linking CXX executable qwen_norm_test
[ 35%] Built target qwen_norm_test
[ 35%] Building CUDA object CMakeFiles/dsv41_engram_test.dir/tests/cuda/dsv41_engram_test.cu.o
[ 35%] Linking CXX executable qwen_ple_test
[ 35%] Built target qwen_ple_test
[ 35%] Building CUDA object CMakeFiles/glm4_attn_test.dir/tests/cuda/glm4_attn_test.cu.o
[ 35%] Linking CXX executable qsa_test
[ 35%] Built target qsa_test
[ 35%] Building CUDA object CMakeFiles/bf16_gemv_test.dir/tests/cuda/bf16_gemv_test.cu.o
[ 35%] Linking CXX executable dsv41_engram_test
[ 35%] Built target dsv41_engram_test
[ 35%] Building CUDA object CMakeFiles/bf12_gemv_test.dir/tests/cuda/bf12_gemv_test.cu.o
[ 36%] Linking CXX executable glm4_attn_test
[ 36%] Built target glm4_attn_test
[ 37%] Building CUDA object CMakeFiles/mma_gemv_test.dir/tests/cuda/mma_gemv_test.cu.o
[ 37%] Linking CXX executable bf16_gemv_test
[ 37%] Built target bf16_gemv_test
[ 37%] Building CUDA object CMakeFiles/fp4_gemv_test.dir/tests/cuda/fp4_gemv_test.cu.o
[ 38%] Linking CXX executable csa2_layer_test
[ 38%] Built target csa2_layer_test
[ 38%] Building CUDA object CMakeFiles/packq_gemv_test.dir/tests/cuda/packq_gemv_test.cu.o
[ 38%] Linking CXX executable bf12_gemv_test
[ 38%] Linking CXX executable mma_gemv_test
[ 38%] Built target bf12_gemv_test
[ 38%] Building CUDA object CMakeFiles/packq_gemm_test.dir/tests/cuda/packq_gemm_test.cu.o
[ 38%] Built target mma_gemv_test
[ 39%] Built target scale_gemm_test
[ 39%] Building CUDA object CMakeFiles/bus_test.dir/tests/cuda/bus_test.cu.o
[ 40%] Building CXX object CMakeFiles/fp4_gemv_test.dir/tests/cuda/fp4_gemv_checkpoint.cpp.o
[ 40%] Building CXX object CMakeFiles/packq_gemv_test.dir/tests/cuda/packq_gemv_checkpoint.cpp.o
[ 41%] Linking CXX executable packq_gemm_test
[ 41%] Built target packq_gemm_test
[ 41%] Building CUDA object CMakeFiles/micro_gemv_bw.dir/benchmarks/micro/gemv_bw.cu.o
[ 41%] Linking CXX executable fp4_gemv_test
[ 41%] Linking CXX executable packq_gemv_test
[ 41%] Built target fp4_gemv_test
[ 41%] Building CUDA object CMakeFiles/mhc_site_bench.dir/benchmarks/micro/mhc_site_bench.cu.o
[ 41%] Built target packq_gemv_test
[ 41%] Building CUDA object CMakeFiles/moe_prefill_bench.dir/benchmarks/micro/moe_prefill_bench.cu.o
[ 42%] Linking CXX executable micro_gemv_bw
[ 42%] Built target micro_gemv_bw
[ 43%] Building CUDA object CMakeFiles/packq_prefill_bench.dir/benchmarks/micro/packq_prefill_bench.cu.o
[ 44%] Building CXX object CMakeFiles/mhc_site_bench.dir/src/common/log.cpp.o
[ 45%] Linking CXX executable bus_test
[ 45%] Built target bus_test
[ 45%] Building CUDA object CMakeFiles/qsa_prefill_bench.dir/benchmarks/micro/qsa_prefill_bench.cu.o
[ 45%] Linking CXX executable mhc_site_bench
[ 45%] Built target mhc_site_bench
[ 45%] Building CUDA object CMakeFiles/qsa_index_bench.dir/benchmarks/micro/qsa_index_bench.cu.o
[ 45%] Building CUDA object CMakeFiles/moe_prefill_bench.dir/benchmarks/micro/moe_prefill_variants.cu.o
[ 45%] Linking CXX executable packq_prefill_bench
[ 45%] Built target packq_prefill_bench
[ 45%] Building CUDA object CMakeFiles/csa2_select_bench.dir/benchmarks/micro/csa2_select_bench.cu.o
[ 46%] Linking CXX executable qsa_prefill_bench
[ 46%] Built target qsa_prefill_bench
[ 46%] Building CXX object CMakeFiles/glm_vision_test.dir/tests/cuda/glm_vision_test.cpp.o
[ 46%] Linking CXX executable qsa_index_bench
[ 46%] Linking CXX executable moe_prefill_bench
[ 46%] Built target qsa_index_bench
[ 47%] Building CUDA object CMakeFiles/dgpp_models_doll.dir/src/models/gpt_doll.cu.o
[ 47%] Built target moe_prefill_bench
[ 48%] Built target dgpp_models_kda
[ 49%] Built target dgpp_models_dsa
[ 50%] Built target dgpp_sched
[ 50%] Built target dgpp_models_glm4_loader
[ 50%] Built target dgpp_models_glm_dsa_loader
[ 51%] Built target dgpp_models_dsv41_loader
[ 51%] Built target dgpp_models_qwen_loader
[ 51%] Building CUDA object CMakeFiles/bus_small_repro.dir/apps/bus_small_repro.cu.o
[ 52%] Linking CXX executable glm_vision_test
[ 52%] Built target glm_vision_test
[ 52%] Building CUDA object CMakeFiles/kda_test.dir/tests/cuda/kda_test.cu.o
[ 52%] Linking CXX executable csa2_select_bench
[ 52%] Built target csa2_select_bench
[ 52%] Building CUDA object CMakeFiles/dsa_test.dir/tests/cuda/dsa_test.cu.o
[ 52%] Linking CXX static library libdgpp_models_doll.a
[ 52%] Built target dgpp_models_doll
[ 52%] Building CUDA object CMakeFiles/gdn_test.dir/tests/cuda/gdn_test.cu.o
[ 52%] Linking CXX executable bus_small_repro
[ 52%] Built target bus_small_repro
[ 52%] Building CUDA object CMakeFiles/csa2_test.dir/tests/cuda/csa2_test.cu.o
[ 52%] Building CXX object CMakeFiles/kda_test.dir/tests/cuda/kda_dump_parity.cpp.o
[ 52%] Linking CXX executable gdn_test
[ 52%] Built target gdn_test
[ 52%] Building CXX object CMakeFiles/qwen_loader_test.dir/tests/cuda/qwen_loader_test.cpp.o
[ 52%] Linking CXX executable kda_test
[ 52%] Built target kda_test
[ 52%] Building CXX object CMakeFiles/glm4_loader_test.dir/tests/cuda/glm4_loader_test.cpp.o
[ 53%] Linking CXX executable qwen_loader_test
[ 53%] Linking CXX executable csa2_test
[ 53%] Built target qwen_loader_test
[ 54%] Building CXX object CMakeFiles/glm4_load_check.dir/apps/glm4_load_check.cpp.o
[ 54%] Built target csa2_test
[ 54%] Building CXX object CMakeFiles/glm_dsa_loader_test.dir/tests/cuda/glm_dsa_loader_test.cpp.o
[ 54%] Linking CXX executable glm4_loader_test
[ 54%] Built target glm4_loader_test
[ 55%] Building CXX object CMakeFiles/glm_dsa_load_check.dir/apps/glm_dsa_load_check.cpp.o
[ 56%] Building CXX object CMakeFiles/dsa_test.dir/tests/cuda/dsa_dump_parity.cpp.o
[ 56%] Linking CXX executable glm4_load_check
[ 56%] Built target glm4_load_check
[ 57%] Building CXX object CMakeFiles/dsv41_loader_test.dir/tests/cuda/dsv41_loader_test.cpp.o
[ 57%] Linking CXX executable glm_dsa_load_check
[ 57%] Built target glm_dsa_load_check
[ 57%] Building CXX object CMakeFiles/dsv41_load_check.dir/apps/dsv41_load_check.cpp.o
[ 57%] Linking CXX executable dsa_test
[ 57%] Linking CXX executable glm_dsa_loader_test
[ 57%] Built target glm_dsa_loader_test
[ 57%] Building CXX object CMakeFiles/qwen_load_check.dir/apps/qwen_load_check.cpp.o
[ 57%] Built target dsa_test
[ 57%] Building CXX object CMakeFiles/gpt_doll.dir/apps/gpt_doll.cpp.o
[ 57%] Linking CXX executable dsv41_load_check
[ 57%] Linking CXX executable gpt_doll
[ 57%] Built target dsv41_load_check
[ 57%] Building CUDA object CMakeFiles/kda_bench.dir/benchmarks/micro/kda_bench.cu.o
[ 57%] Built target gpt_doll
[ 57%] Building CXX object CMakeFiles/kda_bench.dir/src/common/log.cpp.o
[ 57%] Linking CXX executable qwen_load_check
[ 57%] Linking CXX executable dsv41_loader_test
[ 57%] Building CUDA object CMakeFiles/dsa_select_bench.dir/benchmarks/micro/dsa_select_bench.cu.o
[ 57%] Built target qwen_load_check
[ 57%] Building CUDA object CMakeFiles/dsa_bench.dir/benchmarks/micro/dsa_bench.cu.o
[ 57%] Built target dsv41_loader_test
[ 58%] Building CXX object CMakeFiles/dsa_bench.dir/src/common/log.cpp.o
[ 59%] Built target dgpp_models_glm
[ 59%] Built target dgpp_models_moe
[ 59%] Building CXX object CMakeFiles/glm_bind_check.dir/apps/glm_bind_check.cpp.o
[ 60%] Linking CXX executable kda_bench
[ 60%] Built target kda_bench
[ 62%] Built target dgpp_serve
[ 62%] Building CXX object CMakeFiles/tokenizer_test.dir/tests/host/tokenizer_test.cpp.o
[ 62%] Linking CXX executable dsa_select_bench
[ 62%] Built target dsa_select_bench
[ 63%] Building CXX object CMakeFiles/dsv41_prompt_test.dir/tests/host/dsv41_prompt_test.cpp.o
[ 63%] Linking CXX executable glm_bind_check
[ 63%] Built target glm_bind_check
[ 63%] Building CXX object CMakeFiles/chat_template_test.dir/tests/host/chat_template_test.cpp.o
[ 63%] Linking CXX executable dsa_bench
[ 63%] Built target dsa_bench
[ 64%] Building CXX object CMakeFiles/http_server_test.dir/tests/host/http_server_test.cpp.o
[ 64%] Linking CXX executable tokenizer_test
[ 64%] Built target tokenizer_test
[ 65%] Building CXX object CMakeFiles/serve_test.dir/tests/host/serve_test.cpp.o
[ 65%] Linking CXX executable http_server_test
[ 65%] Built target http_server_test
[ 66%] Built target fabric_serve_test
[ 66%] Building CXX object CMakeFiles/scheduler_test.dir/tests/host/scheduler_test.cpp.o
[ 66%] Linking CXX executable dsv41_prompt_test
[ 66%] Built target dsv41_prompt_test
[ 67%] Building CUDA object CMakeFiles/glm_mhc_test.dir/tests/cuda/glm_mhc_test.cu.o
[ 67%] Linking CXX executable chat_template_test
[ 67%] Linking CXX executable glm_mhc_test
[ 67%] Built target chat_template_test
[ 68%] Building CXX object CMakeFiles/glm_pick_test.dir/tests/cuda/glm_pick_test.cpp.o
[ 68%] Built target glm_mhc_test
[ 68%] Building CXX object CMakeFiles/glm_vision_frontend_test.dir/tests/host/glm_vision_frontend_test.cpp.o
[ 69%] Linking CXX executable glm_vision_frontend_test
[ 69%] Built target glm_vision_frontend_test
[ 70%] Built target dgpp_models_glm4_layers
[ 71%] Built target dgpp_models_glm_dsa_layers
[ 71%] Built target dgpp_models_dsv41_layers
[ 73%] Built target dgpp_models_qwen_layers
[ 75%] Built target dgpp_models_glm_loader
[ 84%] Built target unit_tests
[ 84%] Building CXX object CMakeFiles/dsv41_engram_layer_test.dir/tests/cuda/dsv41_engram_layer_test.cpp.o
[ 84%] Linking CXX executable scheduler_test
[ 84%] Built target scheduler_test
[ 84%] Building CXX object CMakeFiles/dsv41_model_test.dir/tests/cuda/dsv41_model_test.cpp.o
[ 84%] Linking CXX executable serve_test
[ 84%] Built target serve_test
[ 84%] Building CXX object CMakeFiles/dsv41_forward_test.dir/tests/cuda/dsv41_forward_test.cpp.o
[ 85%] Linking CXX executable dsv41_engram_layer_test
[ 85%] Built target dsv41_engram_layer_test
[ 86%] Building CXX object CMakeFiles/dsv41_decode_test.dir/tests/cuda/dsv41_decode_test.cpp.o
[ 86%] Linking CXX executable dsv41_model_test
[ 86%] Linking CXX executable glm_pick_test
[ 86%] Built target glm_pick_test
[ 86%] Building CUDA object CMakeFiles/qwen_moe_test.dir/tests/cuda/qwen_moe_test.cu.o
[ 86%] Built target dsv41_model_test
[ 86%] Building CXX object CMakeFiles/glm4_forward_test.dir/tests/cuda/glm4_forward_test.cpp.o
[ 86%] Linking CXX executable dsv41_forward_test
[ 86%] Built target dsv41_forward_test
[ 86%] Building CXX object CMakeFiles/glm_dsa_forward_test.dir/tests/cuda/glm_dsa_forward_test.cpp.o
[ 86%] Linking CXX executable glm4_forward_test
[ 86%] Built target glm4_forward_test
[ 86%] Building CXX object CMakeFiles/glm_dsa_decode_test.dir/tests/cuda/glm_dsa_decode_test.cpp.o
[ 86%] Linking CXX executable dsv41_decode_test
[ 86%] Built target dsv41_decode_test
[ 86%] Building CXX object CMakeFiles/glm_dsa_tp_test.dir/tests/cuda/glm_dsa_tp_test.cpp.o
[ 86%] Linking CXX executable glm_dsa_forward_test
[ 86%] Built target glm_dsa_forward_test
[ 86%] Building CXX object CMakeFiles/glm_dsa_engine_test.dir/tests/cuda/glm_dsa_engine_test.cpp.o
[ 86%] Linking CXX executable qwen_moe_test
[ 86%] Built target qwen_moe_test
[ 87%] Building CXX object CMakeFiles/glm_dsa_forward_check.dir/apps/glm_dsa_forward_check.cpp.o
[ 87%] Linking CXX executable glm_dsa_decode_test
[ 88%] Linking CXX executable glm_dsa_tp_test
[ 88%] Built target glm_dsa_decode_test
[ 88%] Building CXX object CMakeFiles/glm4_decode_test.dir/tests/cuda/glm4_decode_test.cpp.o
[ 88%] Built target glm_dsa_tp_test
[ 88%] Building CXX object CMakeFiles/glm4_tp_test.dir/tests/cuda/glm4_tp_test.cpp.o
[ 88%] Linking CXX executable glm_dsa_forward_check
[ 88%] Built target glm_dsa_forward_check
[ 88%] Building CXX object CMakeFiles/glm4_engine_test.dir/tests/cuda/glm4_engine_test.cpp.o
[ 89%] Linking CXX executable glm4_tp_test
[ 89%] Linking CXX executable glm4_decode_test
[ 89%] Built target glm4_tp_test
[ 89%] Building CXX object CMakeFiles/dsv41_forward_check.dir/apps/dsv41_forward_check.cpp.o
[ 89%] Built target glm4_decode_test
[ 89%] Building CXX object CMakeFiles/dsv41_tp_test.dir/tests/cuda/dsv41_tp_test.cpp.o
[ 89%] Linking CXX executable glm_dsa_engine_test
[ 89%] Built target glm_dsa_engine_test
[ 89%] Building CXX object CMakeFiles/dsv41_engine_test.dir/tests/cuda/dsv41_engine_test.cpp.o
[ 90%] Linking CXX executable dsv41_forward_check
[ 90%] Built target dsv41_forward_check
[ 90%] Building CXX object CMakeFiles/glm4_forward_check.dir/apps/glm4_forward_check.cpp.o
[ 90%] Linking CXX executable dsv41_tp_test
[ 90%] Built target dsv41_tp_test
[ 90%] Building CXX object CMakeFiles/qwen_tp_test.dir/tests/cuda/qwen_tp_test.cpp.o
[ 90%] Linking CXX executable glm4_forward_check
[ 90%] Built target glm4_forward_check
[ 90%] Built target qwen_engine_test
[ 90%] Building CXX object CMakeFiles/qwen_forward_check.dir/apps/qwen_forward_check.cpp.o
[ 91%] Linking CXX executable glm4_engine_test
[ 91%] Linking CXX executable qwen_tp_test
[ 91%] Built target glm4_engine_test
[ 92%] Built target qwen_head_check
[ 92%] Building CXX object CMakeFiles/glm_loader_test.dir/tests/cuda/glm_loader_test.cpp.o
[ 92%] Built target qwen_tp_test
[ 92%] Building CUDA object CMakeFiles/glm_moe_test.dir/tests/cuda/glm_moe_test.cu.o
[ 92%] Linking CXX executable qwen_forward_check
[ 92%] Linking CXX executable dsv41_engine_test
[ 92%] Built target qwen_forward_check
[ 92%] Building CXX object CMakeFiles/glm_forward_test.dir/tests/cuda/glm_forward_test.cpp.o
[ 92%] Built target dsv41_engine_test
[ 93%] Building CUDA object CMakeFiles/moe_slot_bench.dir/benchmarks/micro/moe_slot_bench.cu.o
[ 93%] Linking CXX executable glm_loader_test
[ 93%] Built target glm_loader_test
[ 93%] Building CUDA object CMakeFiles/moe_tile_bench.dir/benchmarks/micro/moe_tile_bench.cu.o
[ 93%] Building CXX object CMakeFiles/moe_slot_bench.dir/src/common/log.cpp.o
[ 94%] Linking CXX executable glm_forward_test
[ 94%] Linking CXX executable moe_slot_bench
[ 94%] Built target glm_forward_test
[ 94%] Building CXX object CMakeFiles/glm_vision_check.dir/apps/glm_vision_check.cpp.o
[ 94%] Built target moe_slot_bench
[ 94%] Building CXX object CMakeFiles/glm_vision_stream_test.dir/tests/cuda/glm_vision_stream_test.cpp.o
[ 94%] Linking CXX executable glm_moe_test
[ 94%] Built target glm_moe_test
[ 95%] Built target qwen_forward_test
[ 96%] Built target qwen_decode_test
[ 96%] Building CXX object CMakeFiles/glm_shard_parity.dir/apps/glm_shard_parity.cpp.o
[ 97%] Building CXX object CMakeFiles/moe_tile_bench.dir/src/common/log.cpp.o
[ 97%] Linking CXX executable glm_vision_stream_test
[ 97%] Built target glm_vision_stream_test
[ 97%] Building CXX object CMakeFiles/glm_stream_check.dir/apps/glm_stream_check.cpp.o
[ 97%] Linking CXX executable moe_tile_bench
[ 97%] Built target moe_tile_bench
[ 97%] Building CXX object CMakeFiles/glm_forward_check.dir/apps/glm_forward_check.cpp.o
[ 97%] Linking CXX executable glm_shard_parity
[ 97%] Built target glm_shard_parity
[ 97%] Building CXX object CMakeFiles/glm_tp_test.dir/tests/cuda/glm_tp_test.cpp.o
[ 98%] Linking CXX executable glm_stream_check
[ 98%] Built target glm_stream_check
[ 98%] Building CXX object CMakeFiles/glm_tp_check.dir/apps/glm_tp_check.cpp.o
[ 98%] Linking CXX executable glm_vision_check
[ 98%] Built target glm_vision_check
[ 98%] Building CXX object CMakeFiles/glm_gen_check.dir/apps/glm_gen_check.cpp.o
In file included from /usr/include/c++/13/bits/stl_algobase.h:64,
                 from /usr/include/c++/13/algorithm:60,
                 from /tmp/dgpp-pr10-review/apps/glm_tp_check.cpp:24:
/usr/include/c++/13/bits/stl_pair.h: In instantiation of ‘constexpr std::pair<typename std::__strip_reference_wrapper<typename std::decay<_Tp>::type>::__type, typename std::__strip_reference_wrapper<typename std::decay<_Tp2>::type>::__type> std::make_pair(_T1&&, _T2&&) [with _T1 = double; _T2 = double; typename __strip_reference_wrapper<typename decay<_Tp>::type>::__type = double; typename decay<_Tp>::type = double; typename __strip_reference_wrapper<typename decay<_Tp2>::type>::__type = double; typename decay<_Tp2>::type = double]’:
/tmp/dgpp-pr10-review/apps/glm_tp_check.cpp:211:56:   required from here
/usr/include/c++/13/bits/stl_pair.h:922:5: note: parameter passing for argument of type ‘std::pair<double, double>’ when C++17 is enabled changed to match C++14 in GCC 10.1
  922 |     make_pair(_T1&& __x, _T2&& __y)
      |     ^~~~~~~~~
In file included from /usr/include/c++/13/bits/stl_algobase.h:64,
                 from /usr/include/c++/13/algorithm:60,
                 from /tmp/dgpp-pr10-review/apps/glm_gen_check.cpp:59:
/usr/include/c++/13/bits/stl_pair.h: In instantiation of ‘constexpr std::pair<typename std::__strip_reference_wrapper<typename std::decay<_Tp>::type>::__type, typename std::__strip_reference_wrapper<typename std::decay<_Tp2>::type>::__type> std::make_pair(_T1&&, _T2&&) [with _T1 = double; _T2 = double; typename __strip_reference_wrapper<typename decay<_Tp>::type>::__type = double; typename decay<_Tp>::type = double; typename __strip_reference_wrapper<typename decay<_Tp2>::type>::__type = double; typename decay<_Tp2>::type = double]’:
/tmp/dgpp-pr10-review/apps/glm_gen_check.cpp:1737:43:   required from here
/usr/include/c++/13/bits/stl_pair.h:922:5: note: parameter passing for argument of type ‘std::pair<double, double>’ when C++17 is enabled changed to match C++14 in GCC 10.1
  922 |     make_pair(_T1&& __x, _T2&& __y)
      |     ^~~~~~~~~
[ 98%] Linking CXX executable glm_forward_check
[ 98%] Built target glm_forward_check
[ 98%] Built target dgpp_serve_app
[100%] Building CXX object CMakeFiles/glm_tp_test.dir/tests/cuda/glm_tp_fixture.cpp.o
[100%] Linking CXX executable glm_tp_check
[100%] Built target glm_tp_check
[100%] Linking CXX executable glm_gen_check
[100%] Built target glm_gen_check
[100%] Linking CXX executable glm_tp_test
[100%] Built target glm_tp_test
