[  1%] Built target dgpp_core
[  2%] Built target dgpp_device_ranges
[  2%] Built target dgpp_rope_scaling
[  8%] Built target pcre2-8-static
[  9%] Built target dgppctl
[  9%] stamping dgpp_version.hpp
[  9%] Built target graph_queue_repro
[  9%] Built target flag_protocol_test
[ 10%] Built target det_math_test
[ 10%] Built target micro_mem_bw
[ 10%] Built target dgpp_version
[ 10%] Built target micro_gemm_peak
[ 11%] Built target micro_zerocopy
[ 11%] Built target micro_gdr_probe
[ 12%] Built target micro_uar_probe
[ 13%] Built target dgpp_net
[ 15%] Built target dgpp_loaders
[ 16%] Built target micro_ibv_smoke
[ 16%] Built target roster_check
[ 17%] Built target dgpp_bus
[ 19%] Built target dgpp_text
[ 26%] Built target dgpp_kernels
[ 27%] Built target dgpp_models_glm4
[ 28%] Built target dgpp_models_glm_dsa
[ 29%] Built target dgpp_models_dsv41
[ 29%] Built target bus_small_repro
[ 31%] Built target dgpp_models_qwen
[ 32%] Built target bus_check
[ 32%] Built target nic_regress
[ 32%] Built target dsv41_engram_test
[ 33%] Built target glm4_attn_test
[ 33%] Built target bf16_gemv_test
[ 33%] Built target bf12_gemv_test
[ 34%] Built target mma_gemv_test
[ 35%] Built target fp4_gemv_test
[ 35%] Built target packq_gemv_test
[ 36%] Built target scale_gemm_test
[ 37%] Built target packq_gemm_test
[ 38%] Built target bus_test
[ 39%] Built target micro_gemv_bw
[ 40%] Built target mhc_site_bench
[ 40%] Built target moe_prefill_bench
[ 41%] Built target packq_prefill_bench
[ 42%] Built target qsa_prefill_bench
[ 42%] Built target qsa_index_bench
[ 42%] Built target csa2_select_bench
[ 43%] Built target glm_vision_test
[ 44%] Built target dgpp_models_doll
[ 45%] Built target dgpp_models_kda
[ 46%] Built target dgpp_sched
[ 47%] Built target dgpp_models_dsa
[ 47%] Built target dgpp_models_glm4_loader
[ 47%] Built target dgpp_models_glm_dsa_loader
[ 48%] Built target dgpp_models_dsv41_loader
[ 48%] Built target dgpp_models_csa2
[ 48%] Built target dgpp_models_qwen_loader
[ 49%] Built target glm_dsa_bind_check
[ 49%] Built target dsv41_bind_check
[ 50%] Built target qwen_yarn_fixture_test
[ 50%] Built target kda_test
[ 50%] Built target qwen_gr_test
[ 51%] Built target dsa_test
[ 52%] Built target qwen_norm_test
[ 52%] Built target gdn_test
[ 52%] Built target qsa_test
[ 52%] Built target qwen_ple_test
[ 52%] Built target csa2_test
[ 53%] Built target csa2_layer_test
[ 54%] Built target qwen_loader_test
[ 54%] Built target glm4_loader_test
[ 54%] Built target glm_dsa_loader_test
[ 55%] Built target glm4_load_check
[ 56%] Built target glm_dsa_load_check
[ 57%] Built target dsv41_load_check
[ 57%] Built target dsv41_loader_test
[ 57%] Built target qwen_load_check
[ 57%] Built target gpt_doll
[ 57%] Built target dsa_select_bench
[ 58%] Built target kda_bench
[ 59%] Built target dsa_bench
[ 60%] Built target dgpp_models_glm
[ 60%] Built target tokenizer_test
[ 60%] Built target dgpp_models_moe
[ 60%] Built target glm_bind_check
[ 62%] Built target dgpp_serve
[ 63%] Built target dsv41_prompt_test
[ 64%] Built target glm_mhc_test
[ 64%] Built target scheduler_test
[ 64%] Built target chat_template_test
[ 65%] Built target glm_pick_test
[ 66%] Built target glm_vision_frontend_test
[ 67%] Built target dgpp_models_glm_dsa_layers
[ 68%] Built target dgpp_models_glm4_layers
[ 68%] Built target dgpp_models_dsv41_layers
[ 70%] Built target dgpp_models_qwen_layers
[ 72%] Built target dgpp_models_glm_loader
[ 73%] Built target http_server_test
[ 74%] Built target serve_test
[ 75%] Built target dsv41_engram_layer_test
[ 76%] Built target fabric_serve_test
[ 85%] Built target unit_tests
[ 85%] Built target dsv41_model_test
[ 86%] Built target dsv41_decode_test
[ 86%] Built target dsv41_forward_test
[ 86%] Built target qwen_moe_test
[ 86%] Built target glm4_forward_test
[ 86%] Built target glm_dsa_forward_test
[ 86%] Built target glm_dsa_decode_test
[ 87%] Built target glm_dsa_tp_test
[ 87%] Built target glm_dsa_engine_test
[ 87%] Built target glm4_decode_test
[ 88%] Built target glm_dsa_forward_check
[ 89%] Built target glm4_tp_test
[ 90%] Built target glm4_engine_test
[ 90%] Built target dsv41_engine_test
[ 90%] Built target dsv41_tp_test
[ 91%] Built target dsv41_forward_check
[ 91%] Built target glm4_forward_check
[ 91%] Built target qwen_engine_test
[ 91%] Built target qwen_tp_test
[ 91%] Built target qwen_forward_check
[ 92%] Built target qwen_head_check
[ 92%] Built target glm_loader_test
[ 93%] Built target glm_moe_test
[ 93%] Built target glm_forward_test
[ 94%] Built target moe_slot_bench
[ 95%] Built target moe_tile_bench
[ 95%] Built target glm_vision_stream_test
[ 95%] Built target glm_vision_check
[ 96%] Built target qwen_forward_test
[ 97%] Built target qwen_decode_test
[ 97%] Built target glm_shard_parity
[ 97%] Built target glm_forward_check
[ 98%] Built target glm_stream_check
[100%] Built target glm_tp_test
[100%] Built target glm_tp_check
[100%] Built target glm_gen_check
[100%] Built target dgpp_serve_app
