2026-09-22 11:23:13.962 INFO  dgpp-serve 0.1.0+ga3ed8994a34c (git a3ed8994a34c)
2026-09-22 11:23:13.963 INFO  config /tmp/bus4/deployments/eaaf51f73308c4bd/cluster.json: model unsloth/GLM-5.3-Flash-FP8, world 4, rank 2, http :18080, fabric :29970, journal :29971
2026-09-22 11:23:13.963 INFO  model unsloth/GLM-5.3-Flash-FP8 -> /home/stephen/.cache/huggingface/hub/models--unsloth--GLM-5.3-Flash-FP8/snapshots/a160e2291674d9e3e92e98fd82faa2544a2867a3
2026-09-22 11:23:13.963 INFO  journal: connected to rank 0 at 192.168.88.11:29971 (120000 attempt window)
2026-09-22 11:23:13.971 INFO  rank 2: settings from rank 0: model=unsloth/GLM-5.3-Flash-FP8 world=4 fabric=29970 journal=29971 conc=4 kv=393216 kvdt=bf16 ngt=resident dw=checkpoint bfw=bf12+bf16 fp8head=gemv pf=bounded emsh=replicated maxtok=256 queue=8 eos=1 graph=1 compact=0 mtp=1 mtpd=1 mss=0 msrow=8 msbase=28 mslam=0 msmin=1 msad=1 batchmin=2 cand=128 pcgib=8 adm=full win=256 pfbudget=256 pfidle=2048 pace=-1 inflight=-1 reasoning_in_content=0 rs=off
2026-09-22 11:23:13.971 INFO  config: model=unsloth/GLM-5.3-Flash-FP8 world=4 fabric=29970 journal=29971 conc=4 kv=393216 kvdt=bf16 ngt=resident dw=checkpoint bfw=bf12+bf16 fp8head=gemv pf=bounded emsh=replicated maxtok=256 queue=8 eos=1 graph=1 compact=0 mtp=1 mtpd=1 mss=0 msrow=8 msbase=28 mslam=0 msmin=1 msad=1 batchmin=2 cand=128 pcgib=8 adm=full win=256 pfbudget=256 pfidle=2048 pace=-1 inflight=-1 reasoning_in_content=0 rs=off (digest ec0ef4504599e42a)
2026-09-22 11:23:14.092 INFO  serve: model family glm5 (/home/stephen/.cache/huggingface/hub/models--unsloth--GLM-5.3-Flash-FP8/snapshots/a160e2291674d9e3e92e98fd82faa2544a2867a3)
2026-09-22 11:23:14.092 INFO  serve: decode rows 8 (4 slot(s) x 2 row(s) per request, floor 8, the glm5 family's cap 8)
2026-09-22 11:23:14.092 WARN  generation config /home/stephen/.cache/huggingface/hub/models--unsloth--GLM-5.3-Flash-FP8/snapshots/a160e2291674d9e3e92e98fd82faa2544a2867a3/generation_config.json omits top_k, min_p, repetition_penalty; using greedy-safe/neutral fallbacks for those fields
2026-09-22 11:23:14.092 INFO  generation defaults: temperature=1 top_p=0.95 top_k=0 min_p=0 repetition_penalty=1
2026-09-22 11:23:14.092 INFO  serve: sampling defaults temperature 1 top_p 0.95 top_k 0 min_p 0 repetition_penalty 1 (from generation_config.json; overrides: none)
2026-09-22 11:23:14.092 INFO  serve: request context limit 393216 tokens (the 393216-token K/V pool from engine.kv_capacity 393216; this family states no positional ceiling of its own)
2026-09-22 11:23:14.092 INFO  rank 2: prefix cache plan — 8 GiB budget, 232 slots of 35.227 MiB, 7.981 GiB allocated; cached K/V blocks share the 393216-token pool
2026-09-22 11:23:14.245 INFO  tokenizer: loaded vocab 154820 merges 321649 added 36 (revision 0x700b4469fc43f23b; glm pattern, no normalizer, ignore_merges true)
2026-09-22 11:23:14.254 INFO  serve: grammar vocabulary built (154880 ids, tool markers present, call-turn EOS 154829)
2026-09-22 11:23:14.349 INFO  serve: JSON grammar tables built in 0.10 s
2026-09-22 11:23:14.559 INFO  bus: globaltimer offset 18422913748 ns (+-2 us)
2026-09-22 11:23:14.563 INFO  verbs: device roceP2p1s0f0 port 1 gid_index 3
2026-09-22 11:23:14.565 INFO  verbs: device rocep1s0f0 port 1 gid_index 3
2026-09-22 11:23:15.671 INFO  bus: rank 2 up — 3 peer(s) x 2 lane(s), lat 8x65536B, bulk 8x262144B, bulk pace 28.3 Gb/s per QP, window 4 per lane
2026-09-22 11:23:15.671 INFO  rank 2: boundary reducer host-driven
2026-09-22 11:23:15.789 INFO  rank 2: process memory locked (mlockall MCL_CURRENT, 14513 MiB)
2026-09-22 11:23:15.789 INFO  rank 2: resident image cache at /home/stephen/.cache/dgpp/resident
2026-09-22 11:23:15.790 INFO  bus engine: rank 2 pinned to cpu 19
2026-09-22 11:23:15.828 INFO  rank 2: memory plan for a 393216-token context — vision weights (replicated) 1.05 GiB; vision workspace (bounded image prefill) 0.33 GiB; model weights (resident) 79.29 GiB (1.81 GiB pinned); tensor-parallel slice views 0.67 GiB; bf16 decode packing (12-bit companions) 1.96 GiB; gemm workspace (at least) 0.06 GiB; kda scratch 0.08 GiB; kv cache pool (bf16) 4.65 GiB; dsa scratch 0.20 GiB; moe scratch 0.68 GiB (0.00 GiB pinned); kda state (request slots) 0.14 GiB; kda speculative snapshots 0.27 GiB; draft hidden cache (per position) 12.00 GiB; draft activations 0.05 GiB; activations (per-forward rows) 0.61 GiB (0.00 GiB pinned); route-trace staging 0.10 GiB (0.10 GiB pinned); prefix cache 7.98 GiB; engine 0.07 GiB
2026-09-22 11:23:15.828 INFO  rank 2: memory plan total 110.20 GiB (100.23 GiB device + 9.97 GiB pinned) + 4.00 GiB headroom against 116.79 GiB free (device free 113.49 GiB of 121.69 GiB, host available 116.79 GiB)
2026-09-22 11:23:15.828 INFO  memory ledger: rank 2 after the plan check — rss 1.14 GiB (anon 0.41, shmem 0.09, file 0.64; locked 14.17); device free 113.49 GiB, node available 116.79 GiB
2026-09-22 11:23:15.828 INFO  memory ledger: rank 2 after the bus — rss 1.14 GiB (anon 0.41, shmem 0.09, file 0.64; locked 14.17); device free 113.49 GiB, node available 116.79 GiB
2026-09-22 11:23:16.018 INFO  glm loader: rank 2 resident footprint 77.5 GiB; device free 113.5 of 121.7 GiB, host available 116.8 GiB
2026-09-22 11:23:16.828 INFO  glm loader: rank 2 resident image /home/stephen/.cache/dgpp/resident/8d2b8834e148c7d3.img — 46/46 layers present, direct I/O
2026-09-22 11:23:16.850 INFO  l2 prefetch: on, window budget 12 MiB, boundary rate light, layer rate light
2026-09-22 11:23:16.850 INFO  glm loader: rank 2 boot digest from the resident image (713 tensors, 2.91 GiB)
2026-09-22 11:23:31.395 INFO  glm loader: rank 2 resident load complete — released 62 shard mappings (305.8 GiB) and evicted their page cache; image: 46 layers restored, 0 captured
2026-09-22 11:23:31.746 INFO  rank 2 bf12: 70 decode matrices packed (2.55 GiB of bf16 -> 1.92 GiB, 215186 escapes, widest row 62, 16 rows kept raw; 0 matrices kept bf16) in 1.3 s
2026-09-22 11:23:36.459 INFO  rank 2 boot phases: digest 0.0 s (3.96 GiB hashed), globals 1.3 s, layers 17.7 s
2026-09-22 11:23:36.460 INFO  memory ledger: rank 2 after the model — rss 3.06 GiB (anon 0.41, shmem 2.00, file 0.64; locked 14.16); device free 10.39 GiB, node available 13.68 GiB
2026-09-22 11:23:36.460 INFO  rank 2: model constructed in 20.6s (resident, 4 request slots, 393216-token pool in bf16, 2048-row forwards)
2026-09-22 11:23:36.460 INFO  rank 2: prefix cache on — 232 snapshot slot(s) of 35.2 MiB (8.00 GiB asked)
2026-09-22 11:23:36.707 INFO  rank 2: graph engine samples on the device — 112 candidates per rank (8 rows x 4 ranks in a 65536-byte latency slot; the planned width is 128); constrained decoding available
2026-09-22 11:23:44.727 INFO  memory ledger: rank 2 after the graph engine — rss 3.07 GiB (anon 0.41, shmem 2.01, file 0.64; locked 14.16); device free 2.36 GiB, node available 5.64 GiB
2026-09-22 11:23:44.984 INFO  allreduce: device clock rate 2418000 kHz (stamps conversion)
2026-09-22 11:23:44.984 INFO  allreduce: rank 2 seq 1 launched (3 peers)
2026-09-22 11:23:44.984 INFO  allreduce: rank 2 seq 1 ready after 35.0us
2026-09-22 11:23:44.990 INFO  allreduce: rank 2 seq 1 done status=0 after 5756.8us
2026-09-22 11:23:45.022 INFO  allreduce: rank 2 seq 2 launched (3 peers)
2026-09-22 11:23:45.022 INFO  allreduce: rank 2 seq 2 ready after 10.4us
2026-09-22 11:23:45.024 INFO  allreduce: rank 2 seq 2 done status=0 after 2086.4us
2026-09-22 11:23:45.025 INFO  allreduce: rank 2 seq 3 launched (3 peers)
2026-09-22 11:23:45.025 INFO  allreduce: rank 2 seq 3 ready after 11.6us
2026-09-22 11:23:45.025 INFO  allreduce: rank 2 seq 3 done status=0 after 56.6us
2026-09-22 11:23:45.025 INFO  allreduce: rank 2 seq 4 launched (3 peers)
2026-09-22 11:23:45.025 INFO  allreduce: rank 2 seq 4 ready after 11.6us
2026-09-22 11:23:45.025 INFO  allreduce: rank 2 seq 4 done status=0 after 69.8us
2026-09-22 11:23:45.026 INFO  allreduce: rank 2 seq 5 launched (3 peers)
2026-09-22 11:23:45.026 INFO  allreduce: rank 2 seq 5 ready after 11.7us
2026-09-22 11:23:45.026 INFO  allreduce: rank 2 seq 5 done status=0 after 69.9us
2026-09-22 11:23:45.026 INFO  allreduce: rank 2 seq 6 launched (3 peers)
2026-09-22 11:23:45.026 INFO  allreduce: rank 2 seq 6 ready after 15.4us
2026-09-22 11:23:45.026 INFO  allreduce: rank 2 seq 6 done status=0 after 67.8us
2026-09-22 11:23:45.029 INFO  allreduce: rank 2 seq 7 launched (3 peers)
2026-09-22 11:23:45.029 INFO  allreduce: rank 2 seq 7 ready after 13.9us
2026-09-22 11:23:45.029 INFO  allreduce: rank 2 seq 7 done status=0 after 157.1us
2026-09-22 11:23:45.030 INFO  allreduce: rank 2 seq 8 launched (3 peers)
2026-09-22 11:23:45.030 INFO  allreduce: rank 2 seq 8 ready after 11.6us
2026-09-22 11:23:45.030 INFO  allreduce: rank 2 seq 8 done status=0 after 71.7us
2026-09-22 11:23:45.031 INFO  allreduce: rank 2 seq 9 launched (3 peers)
2026-09-22 11:23:45.031 INFO  allreduce: rank 2 seq 9 ready after 11.2us
2026-09-22 11:23:45.031 INFO  allreduce: rank 2 seq 9 done status=0 after 71.3us
2026-09-22 11:23:45.032 INFO  allreduce: rank 2 seq 10 launched (3 peers)
2026-09-22 11:23:45.032 INFO  allreduce: rank 2 seq 10 ready after 12.8us
2026-09-22 11:23:45.032 INFO  allreduce: rank 2 seq 10 done status=0 after 92.8us
2026-09-22 11:23:45.032 INFO  allreduce: rank 2 seq 11 launched (3 peers)
2026-09-22 11:23:45.032 INFO  allreduce: rank 2 seq 11 ready after 11.9us
2026-09-22 11:23:45.032 INFO  allreduce: rank 2 seq 11 done status=0 after 76.6us
2026-09-22 11:23:45.033 INFO  allreduce: rank 2 seq 12 launched (3 peers)
2026-09-22 11:23:45.033 INFO  allreduce: rank 2 seq 12 ready after 12.7us
2026-09-22 11:23:45.033 INFO  allreduce: rank 2 seq 12 done status=0 after 148.5us
2026-09-22 11:23:45.034 INFO  allreduce: rank 2 seq 13 launched (3 peers)
2026-09-22 11:23:45.034 INFO  allreduce: rank 2 seq 13 ready after 11.3us
2026-09-22 11:23:45.034 INFO  allreduce: rank 2 seq 13 done status=0 after 87.9us
2026-09-22 11:23:45.035 INFO  allreduce: rank 2 seq 14 launched (3 peers)
2026-09-22 11:23:45.035 INFO  allreduce: rank 2 seq 14 ready after 11.3us
2026-09-22 11:23:45.035 INFO  allreduce: rank 2 seq 14 done status=0 after 61.6us
2026-09-22 11:23:45.035 INFO  allreduce: rank 2 seq 15 launched (3 peers)
2026-09-22 11:23:45.035 INFO  allreduce: rank 2 seq 15 ready after 9.3us
2026-09-22 11:23:45.035 INFO  allreduce: rank 2 seq 15 done status=0 after 44.6us
2026-09-22 11:23:45.036 INFO  allreduce: rank 2 seq 16 launched (3 peers)
2026-09-22 11:23:45.036 INFO  allreduce: rank 2 seq 16 ready after 9.3us
2026-09-22 11:23:45.036 INFO  allreduce: rank 2 seq 16 done status=0 after 147.4us
2026-09-22 11:23:45.126 INFO  bus graph era: variant 0 recorded with 94 collective node(s)
2026-09-22 11:23:45.126 INFO  rank 2: graph variant 0 shape: 1297 nodes, 1612 edges: kernel 1297 empty 0 memcpy 0 memset 0 host 0 event 0 other 0; max in-degree 2
2026-09-22 11:23:45.132 INFO  rank 2: graph variant 0 instantiated — 28.6 MiB of device memory (2.0 GiB free)
2026-09-22 11:23:45.133 INFO  bus graph era: variant 1 recorded with 94 collective node(s)
2026-09-22 11:23:45.133 INFO  rank 2: graph variant 1 shape: 1297 nodes, 1612 edges: kernel 1297 empty 0 memcpy 0 memset 0 host 0 event 0 other 0; max in-degree 2
2026-09-22 11:23:45.138 INFO  rank 2: graph variant 1 instantiated — 31.2 MiB of device memory (1.9 GiB free)
2026-09-22 11:23:45.138 INFO  rank 2: serving scalar graph variants 0/1 captured for request slot 0 (2 rows, MTP)
2026-09-22 11:23:45.139 INFO  bus graph era: variant 8 recorded with 94 collective node(s)
2026-09-22 11:23:45.139 INFO  rank 2: graph variant 8 shape: 1299 nodes, 1614 edges: kernel 1299 empty 0 memcpy 0 memset 0 host 0 event 0 other 0; max in-degree 2
2026-09-22 11:23:45.145 INFO  rank 2: graph variant 8 instantiated — 32.8 MiB of device memory (1.9 GiB free)
2026-09-22 11:23:45.146 INFO  bus graph era: variant 9 recorded with 94 collective node(s)
2026-09-22 11:23:45.146 INFO  rank 2: graph variant 9 shape: 1299 nodes, 1614 edges: kernel 1299 empty 0 memcpy 0 memset 0 host 0 event 0 other 0; max in-degree 2
2026-09-22 11:23:45.152 INFO  rank 2: graph variant 9 instantiated — 34.3 MiB of device memory (1.9 GiB free)
2026-09-22 11:23:45.152 INFO  rank 2: serving row-batched graph variants 8/9 captured for 2 slots x 2 rows = 4 fixed rows, MTP (a batch is selected at 2+ live requests, the smallest that covers the live slots)
2026-09-22 11:23:45.165 INFO  bus graph era: variant 10 recorded with 94 collective node(s)
2026-09-22 11:23:45.165 INFO  rank 2: graph variant 10 shape: 1359 nodes, 1674 edges: kernel 1359 empty 0 memcpy 0 memset 0 host 0 event 0 other 0; max in-degree 2
2026-09-22 11:23:45.171 INFO  rank 2: graph variant 10 instantiated — 31.1 MiB of device memory (1.8 GiB free)
2026-09-22 11:23:45.172 INFO  bus graph era: variant 11 recorded with 94 collective node(s)
2026-09-22 11:23:45.173 INFO  rank 2: graph variant 11 shape: 1359 nodes, 1674 edges: kernel 1359 empty 0 memcpy 0 memset 0 host 0 event 0 other 0; max in-degree 2
2026-09-22 11:23:45.179 INFO  rank 2: graph variant 11 instantiated — 33.7 MiB of device memory (1.8 GiB free)
2026-09-22 11:23:45.179 INFO  rank 2: serving row-batched graph variants 10/11 captured for 3 slots x 2 rows = 6 fixed rows, MTP (a batch is selected at 2+ live requests, the smallest that covers the live slots)
2026-09-22 11:23:45.180 INFO  bus graph era: variant 12 recorded with 94 collective node(s)
2026-09-22 11:23:45.180 INFO  rank 2: graph variant 12 shape: 1361 nodes, 1676 edges: kernel 1361 empty 0 memcpy 0 memset 0 host 0 event 0 other 0; max in-degree 2
2026-09-22 11:23:45.187 INFO  rank 2: graph variant 12 instantiated — 34.6 MiB of device memory (1.7 GiB free)
2026-09-22 11:23:45.188 INFO  bus graph era: variant 13 recorded with 94 collective node(s)
2026-09-22 11:23:45.188 INFO  rank 2: graph variant 13 shape: 1361 nodes, 1676 edges: kernel 1361 empty 0 memcpy 0 memset 0 host 0 event 0 other 0; max in-degree 2
2026-09-22 11:23:45.194 INFO  rank 2: graph variant 13 instantiated — 31.4 MiB of device memory (1.7 GiB free)
2026-09-22 11:23:45.194 INFO  rank 2: serving row-batched graph variants 12/13 captured for 4 slots x 2 rows = 8 fixed rows, MTP (a batch is selected at 2+ live requests, the smallest that covers the live slots)
2026-09-22 11:23:45.276 INFO  bus graph era: variant 2 recorded with 94 collective node(s)
2026-09-22 11:23:45.276 INFO  rank 2: graph variant 2 shape: 1297 nodes, 1612 edges: kernel 1297 empty 0 memcpy 0 memset 0 host 0 event 0 other 0; max in-degree 2
2026-09-22 11:23:45.282 INFO  rank 2: graph variant 2 instantiated — 32.2 MiB of device memory (1.7 GiB free)
2026-09-22 11:23:45.283 INFO  bus graph era: variant 3 recorded with 94 collective node(s)
2026-09-22 11:23:45.284 INFO  rank 2: graph variant 3 shape: 1297 nodes, 1612 edges: kernel 1297 empty 0 memcpy 0 memset 0 host 0 event 0 other 0; max in-degree 2
2026-09-22 11:23:45.290 INFO  rank 2: graph variant 3 instantiated — 34.6 MiB of device memory (1.7 GiB free)
2026-09-22 11:23:45.290 INFO  rank 2: serving scalar graph variants 2/3 captured for request slot 1 (2 rows, MTP)
2026-09-22 11:23:45.368 INFO  bus graph era: variant 4 recorded with 94 collective node(s)
2026-09-22 11:23:45.368 INFO  rank 2: graph variant 4 shape: 1297 nodes, 1612 edges: kernel 1297 empty 0 memcpy 0 memset 0 host 0 event 0 other 0; max in-degree 2
2026-09-22 11:23:45.374 INFO  rank 2: graph variant 4 instantiated — 32.3 MiB of device memory (1.6 GiB free)
2026-09-22 11:23:45.375 INFO  bus graph era: variant 5 recorded with 94 collective node(s)
2026-09-22 11:23:45.375 INFO  rank 2: graph variant 5 shape: 1297 nodes, 1612 edges: kernel 1297 empty 0 memcpy 0 memset 0 host 0 event 0 other 0; max in-degree 2
2026-09-22 11:23:45.384 INFO  rank 2: graph variant 5 instantiated — 32.6 MiB of device memory (1.6 GiB free)
2026-09-22 11:23:45.384 INFO  rank 2: serving scalar graph variants 4/5 captured for request slot 2 (2 rows, MTP)
2026-09-22 11:23:45.461 INFO  bus graph era: variant 6 recorded with 94 collective node(s)
2026-09-22 11:23:45.462 INFO  rank 2: graph variant 6 shape: 1297 nodes, 1612 edges: kernel 1297 empty 0 memcpy 0 memset 0 host 0 event 0 other 0; max in-degree 2
2026-09-22 11:23:45.468 INFO  rank 2: graph variant 6 instantiated — 33.8 MiB of device memory (1.6 GiB free)
2026-09-22 11:23:45.469 INFO  bus graph era: variant 7 recorded with 94 collective node(s)
2026-09-22 11:23:45.469 INFO  rank 2: graph variant 7 shape: 1297 nodes, 1612 edges: kernel 1297 empty 0 memcpy 0 memset 0 host 0 event 0 other 0; max in-degree 2
2026-09-22 11:23:45.476 INFO  rank 2: graph variant 7 instantiated — 33.3 MiB of device memory (1.5 GiB free)
2026-09-22 11:23:45.476 INFO  rank 2: serving scalar graph variants 6/7 captured for request slot 3 (2 rows, MTP)
2026-09-22 11:23:45.476 INFO  rank 2: warm capture complete — 4 scalar variants and the row batches for 2 slots, 3 slots, 4 slots recorded before the first request
2026-09-22 11:23:45.476 INFO  memory ledger: rank 2 after the warm capture — rss 3.54 GiB (anon 0.88, shmem 2.01, file 0.65; locked 14.15); device free 1.52 GiB, node available 4.81 GiB
2026-09-22 11:23:45.476 INFO  rank 2: graph variants warm-captured in 0.75s
2026-09-22 11:23:45.476 INFO  rank 2: following rank 0's journal (admission full, window 256)
2026-09-22 11:23:47.039 INFO  sched: request 'chatcmpl-f819f967aec78da4' prefix cache miss — 6 cut(s), the cache is empty
2026-09-22 11:23:47.040 INFO  sched: request 'chatcmpl-f819f967aec78da4' prefilling in slot 0 (2048 tokens/tick)
2026-09-22 11:23:54.153 INFO  sched: request 'chatcmpl-f819f967aec78da4' admitted to slot 0 (reserve 72 blocks; pool 73/3072 blocks in use) — first token 1654
2026-09-22 11:23:54.153 INFO  sched: request 'chatcmpl-f819f967aec78da4' retired (steps): 1 tok in 7.1 s — prefill 9146 tok (0 cached) in 7112 ms; decode 0 tok / 0 passes in 0.0 s
2026-09-22 11:23:55.577 INFO  sched: request 'chatcmpl-f819f967aec78da5' prefix cache miss — 2 cut(s) probed against 2 entries; the nearest entry (position 9144) shares the first 12 of the prompt's 1845 tokens (the prompt differs from it from that token on)
2026-09-22 11:23:55.577 INFO  sched: request 'chatcmpl-f819f967aec78da5' admitted to slot 0 (reserve 17 blocks; pool 90/3072 blocks in use) — first token 785
2026-09-22 11:23:55.654 INFO  stats: rank 2 | 10.0 s | decode 0.6 tok/s, 12.7 ms/tok, 38.2 ms/step (2 steps / 6 tok, 1 % of wall) | mtp 3.00 tok/step/req, accept p1 100 % | prefill 2 prompts / 10991 tok, 1095 tok/s, 0.78 ms/tok, 4265 ms avg (85 % of wall), 0 tok cached (0/2 hits) | live 1, queued 0 | pool 91/3072 blocks (3 %) | prefix cache 3/232 entries
2026-09-22 11:24:00.778 INFO  sched: request 'chatcmpl-f819f967aec78da5' retired (steps): 256 tok in 5.2 s — prefill 1845 tok (0 cached) in 1418 ms; decode 255 tok / 133 passes in 3.8 s: 67.4 tok/s, 14.8 ms/tok, 28 ms/pass, 1.92 tok/pass, accept p1 92 %
2026-09-22 11:24:00.882 INFO  sched: request 'chatcmpl-f819f967aec78da6' admitted to slot 0 (reserve 17 blocks; pool 93/3072 blocks in use) — first token 785
2026-09-22 11:24:05.685 INFO  stats: rank 2 | 10.0 s | decode 48.6 tok/s, 20.0 ms/tok, 38.5 ms/step (254 steps / 488 tok, 97 % of wall) | mtp 1.92 tok/step/req, accept p1 92 % | prefill 1 prompt / 5 tok, 0 tok/s, 16.67 ms/tok, 83 ms avg (1 % of wall), 1840 tok cached (1/1 hit) | live 1, queued 0 | pool 94/3072 blocks (3 %) | prefix cache 4/232 entries
2026-09-22 11:24:06.083 INFO  sched: request 'chatcmpl-f819f967aec78da6' retired (steps): 256 tok in 5.2 s — prefill 1845 tok (1840 cached) in 83 ms; decode 255 tok / 133 passes in 5.1 s: 49.8 tok/s, 20.1 ms/tok, 38 ms/pass, 1.92 tok/pass, accept p1 92 %
2026-09-22 11:24:06.182 INFO  sched: request 'chatcmpl-f819f967aec78da7' admitted to slot 0 (reserve 17 blocks; pool 93/3072 blocks in use) — first token 785
2026-09-22 11:24:11.386 INFO  sched: request 'chatcmpl-f819f967aec78da7' retired (steps): 256 tok in 5.2 s — prefill 1845 tok (1840 cached) in 83 ms; decode 255 tok / 133 passes in 5.1 s: 49.8 tok/s, 20.1 ms/tok, 39 ms/pass, 1.92 tok/pass, accept p1 92 %
2026-09-22 11:24:11.407 INFO  sched: request 'chatcmpl-f819f967aec78da8' prefix cache miss — 5 cut(s) probed against 4 entries; the nearest entry (position 2100) shares the first 14 of the prompt's 7921 tokens (the prompt differs from it from that token on)
2026-09-22 11:24:11.408 INFO  sched: request 'chatcmpl-f819f967aec78da8' prefilling in slot 0 (2048 tokens/tick)
2026-09-22 11:24:15.881 INFO  stats: rank 2 | 10.2 s | decode 27.0 tok/s, 20.1 ms/tok, 38.6 ms/step (143 steps / 275 tok, 54 % of wall) | mtp 1.92 tok/step/req, accept p1 93 % | prefill 1 prompt / 6149 tok, 603 tok/s, 0.74 ms/tok, 4554 ms avg (45 % of wall), 1840 tok cached (1/2 hits) | live 1, queued 0 | pool 154/3072 blocks (5 %) | prefix cache 4/232 entries | 1 prefilling
2026-09-22 11:24:17.378 INFO  sched: request 'chatcmpl-f819f967aec78da8' admitted to slot 0 (reserve 64 blocks; pool 155/3072 blocks in use) — first token 785
2026-09-22 11:24:22.534 INFO  sched: request 'chatcmpl-f819f967aec78da8' retired (steps): 256 tok in 11.1 s — prefill 7921 tok (0 cached) in 5968 ms; decode 255 tok / 131 passes in 5.2 s: 49.4 tok/s, 20.2 ms/tok, 39 ms/pass, 1.95 tok/pass, accept p1 95 %
2026-09-22 11:24:22.557 INFO  sched: request 'chatcmpl-f819f967aec78da9' prefilling in slot 0 (2048 tokens/tick)
2026-09-22 11:24:22.644 INFO  sched: request 'chatcmpl-f819f967aec78da9' admitted to slot 0 (reserve 64 blocks; pool 158/3072 blocks in use) — first token 785
2026-09-22 11:24:25.904 INFO  stats: rank 2 | 10.0 s | decode 41.5 tok/s, 19.9 ms/tok, 38.7 ms/step (214 steps / 416 tok, 83 % of wall) | mtp 1.94 tok/step/req, accept p1 93 % | prefill 2 prompts / 1782 tok, 178 tok/s, 0.89 ms/tok, 792 ms avg (16 % of wall), 7916 tok cached (1/1 hit) | live 1, queued 0 | pool 159/3072 blocks (5 %) | prefix cache 6/232 entries
2026-09-22 11:24:27.800 INFO  sched: request 'chatcmpl-f819f967aec78da9' retired (steps): 256 tok in 5.2 s — prefill 7921 tok (7916 cached) in 87 ms; decode 255 tok / 131 passes in 5.2 s: 49.4 tok/s, 20.2 ms/tok, 39 ms/pass, 1.95 tok/pass, accept p1 95 %
2026-09-22 11:24:27.833 INFO  sched: request 'chatcmpl-f819f967aec78daa' prefilling in slot 0 (2048 tokens/tick)
2026-09-22 11:24:27.921 INFO  sched: request 'chatcmpl-f819f967aec78daa' admitted to slot 0 (reserve 64 blocks; pool 158/3072 blocks in use) — first token 785
2026-09-22 11:24:33.084 INFO  sched: request 'chatcmpl-f819f967aec78daa' retired (steps): 256 tok in 5.3 s — prefill 7921 tok (7916 cached) in 88 ms; decode 255 tok / 131 passes in 5.2 s: 49.4 tok/s, 20.2 ms/tok, 39 ms/pass, 1.95 tok/pass, accept p1 95 %
2026-09-22 11:24:33.108 INFO  sched: request 'chatcmpl-f819f967aec78dab' prefix cache miss — 17 cut(s) probed against 6 entries; the nearest entry (position 8176) shares the first 14 of the prompt's 32682 tokens (the prompt differs from it from that token on)
2026-09-22 11:24:33.108 INFO  sched: request 'chatcmpl-f819f967aec78dab' prefilling in slot 0 (2048 tokens/tick)
2026-09-22 11:24:36.059 INFO  stats: rank 2 | 10.2 s | decode 34.7 tok/s, 19.7 ms/tok, 38.7 ms/step (179 steps / 352 tok, 68 % of wall) | mtp 1.97 tok/step/req, accept p1 96 % | prefill 1 prompt / 4101 tok, 404 tok/s, 0.74 ms/tok, 3038 ms avg (30 % of wall), 7916 tok cached (1/2 hits) | live 1, queued 0 | pool 413/3072 blocks (13 %) | prefix cache 6/232 entries | 1 prefilling
2026-09-22 11:24:47.559 INFO  stats: rank 2 | 11.5 s | decode 0.0 tok/s, 0.0 ms/tok, 0.0 ms/step (0 steps / 0 tok, 0 % of wall) | prefill 0 prompts / 14336 tok, 1247 tok/s, 0.80 ms/tok (100 % of wall), 0 tok cached (0/0 hits) | live 1, queued 0 | pool 413/3072 blocks (13 %) | prefix cache 6/232 entries | 1 prefilling
2026-09-22 11:24:58.895 INFO  stats: rank 2 | 11.3 s | decode 0.0 tok/s, 0.0 ms/tok, 0.0 ms/step (0 steps / 0 tok, 0 % of wall) | prefill 0 prompts / 12288 tok, 1084 tok/s, 0.92 ms/tok (100 % of wall), 0 tok cached (0/0 hits) | live 1, queued 0 | pool 413/3072 blocks (13 %) | prefix cache 6/232 entries | 1 prefilling
2026-09-22 11:25:01.003 INFO  sched: request 'chatcmpl-f819f967aec78dab' admitted to slot 0 (reserve 258 blocks; pool 414/3072 blocks in use) — first token 785
2026-09-22 11:25:06.186 INFO  sched: request 'chatcmpl-f819f967aec78dab' retired (steps): 256 tok in 33.1 s — prefill 32682 tok (0 cached) in 27873 ms; decode 255 tok / 129 passes in 5.2 s: 49.0 tok/s, 20.4 ms/tok, 40 ms/pass, 1.98 tok/pass, accept p1 98 %
2026-09-22 11:25:06.226 INFO  sched: request 'chatcmpl-f819f967aec78dac' prefilling in slot 0 (2048 tokens/tick)
2026-09-22 11:25:06.293 INFO  sched: request 'chatcmpl-f819f967aec78dac' admitted to slot 0 (reserve 258 blocks; pool 417/3072 blocks in use) — first token 785
2026-09-22 11:25:08.914 INFO  stats: rank 2 | 10.0 s | decode 38.5 tok/s, 20.0 ms/tok, 39.5 ms/step (195 steps / 386 tok, 77 % of wall) | mtp 1.98 tok/step/req, accept p1 97 % | prefill 2 prompts / 1964 tok, 196 tok/s, 1.10 ms/tok, 1083 ms avg (22 % of wall), 32680 tok cached (1/1 hit) | live 1, queued 0 | pool 418/3072 blocks (14 %) | prefix cache 9/232 entries
2026-09-22 11:25:11.454 INFO  sched: request 'chatcmpl-f819f967aec78dac' retired (steps): 256 tok in 5.2 s — prefill 32682 tok (32680 cached) in 67 ms; decode 255 tok / 129 passes in 5.2 s: 49.4 tok/s, 20.2 ms/tok, 40 ms/pass, 1.98 tok/pass, accept p1 98 %
2026-09-22 11:25:11.494 INFO  sched: request 'chatcmpl-f819f967aec78dad' prefilling in slot 0 (2048 tokens/tick)
2026-09-22 11:25:11.559 INFO  sched: request 'chatcmpl-f819f967aec78dad' admitted to slot 0 (reserve 258 blocks; pool 417/3072 blocks in use) — first token 785
2026-09-22 11:25:16.718 INFO  sched: request 'chatcmpl-f819f967aec78dad' retired (steps): 256 tok in 5.2 s — prefill 32682 tok (32680 cached) in 66 ms; decode 255 tok / 129 passes in 5.2 s: 49.4 tok/s, 20.2 ms/tok, 40 ms/pass, 1.98 tok/pass, accept p1 98 %
2026-09-22 11:25:18.759 INFO  journal: stop record — exiting
2026-09-22 11:25:18.819 INFO  rank 2: graph engine sampling summary — 0 sampled decode steps, 0 served by the exact gather fallback (0.0%), 112 candidates per rank
2026-09-22 11:25:20.405 INFO  rank 2: exited cleanly
