2026-09-22 02:12:35.005 INFO  dgpp-serve 0.1.0+ga3ed8994a34c (git a3ed8994a34c)
2026-09-22 02:12:35.005 INFO  config /tmp/bus4/deployments/3a926cd5b1ab0377/cluster.json: model HawkBearPig/GLM-5.3-Flash-NVFP4-FP8, world 4, rank 1, http :18080, fabric :29970, journal :29971
2026-09-22 02:12:35.005 INFO  model HawkBearPig/GLM-5.3-Flash-NVFP4-FP8 -> /home/stephen/.cache/huggingface/hub/models--HawkBearPig--GLM-5.3-Flash-NVFP4-FP8/snapshots/17b8d4d83e33e836e9549d7e1a8d25b5117203c1
2026-09-22 02:12:35.006 INFO  journal: connected to rank 0 at 192.168.88.11:29971 (120000 attempt window)
2026-09-22 02:12:35.020 INFO  rank 1: settings from rank 0: model=HawkBearPig/GLM-5.3-Flash-NVFP4-FP8 world=4 fabric=29970 journal=29971 conc=4 kv=786432 kvdt=bf16 ngt=resident dw=checkpoint bfw=bf12+bf16 fp8head=gemv pf=bounded emsh=replicated maxtok=256 queue=8 eos=1 graph=1 compact=0 mtp=1 mtpd=1 mss=0 msrow=8 msbase=28 mslam=0 msmin=1 msad=1 batchmin=2 cand=128 pcgib=8 adm=full win=256 pfbudget=256 pfidle=2048 pace=-1 inflight=-1 reasoning_in_content=0 rs=off
2026-09-22 02:12:35.020 INFO  config: model=HawkBearPig/GLM-5.3-Flash-NVFP4-FP8 world=4 fabric=29970 journal=29971 conc=4 kv=786432 kvdt=bf16 ngt=resident dw=checkpoint bfw=bf12+bf16 fp8head=gemv pf=bounded emsh=replicated maxtok=256 queue=8 eos=1 graph=1 compact=0 mtp=1 mtpd=1 mss=0 msrow=8 msbase=28 mslam=0 msmin=1 msad=1 batchmin=2 cand=128 pcgib=8 adm=full win=256 pfbudget=256 pfidle=2048 pace=-1 inflight=-1 reasoning_in_content=0 rs=off (digest ee39883879453127)
2026-09-22 02:12:35.139 INFO  serve: model family glm5 (/home/stephen/.cache/huggingface/hub/models--HawkBearPig--GLM-5.3-Flash-NVFP4-FP8/snapshots/17b8d4d83e33e836e9549d7e1a8d25b5117203c1)
2026-09-22 02:12:35.139 INFO  serve: decode rows 8 (4 slot(s) x 2 row(s) per request, floor 8, the glm5 family's cap 8)
2026-09-22 02:12:35.139 WARN  generation config /home/stephen/.cache/huggingface/hub/models--HawkBearPig--GLM-5.3-Flash-NVFP4-FP8/snapshots/17b8d4d83e33e836e9549d7e1a8d25b5117203c1/generation_config.json omits top_k, min_p, repetition_penalty; using greedy-safe/neutral fallbacks for those fields
2026-09-22 02:12:35.139 INFO  generation defaults: temperature=1 top_p=0.95 top_k=0 min_p=0 repetition_penalty=1
2026-09-22 02:12:35.139 INFO  serve: sampling defaults temperature 1 top_p 0.95 top_k 0 min_p 0 repetition_penalty 1 (from generation_config.json; overrides: none)
2026-09-22 02:12:35.139 INFO  serve: request context limit 786432 tokens (the 786432-token K/V pool from engine.kv_capacity 786432; this family states no positional ceiling of its own)
2026-09-22 02:12:35.139 INFO  rank 1: prefix cache plan — 8 GiB budget, 232 slots of 35.227 MiB, 7.981 GiB allocated; cached K/V blocks share the 786432-token pool
2026-09-22 02:12:35.297 INFO  tokenizer: loaded vocab 154820 merges 321649 added 36 (revision 0x700b4469fc43f23b; glm pattern, no normalizer, ignore_merges true)
2026-09-22 02:12:35.305 INFO  serve: grammar vocabulary built (154880 ids, tool markers present, call-turn EOS 154829)
2026-09-22 02:12:35.413 INFO  serve: JSON grammar tables built in 0.11 s
2026-09-22 02:12:35.637 INFO  bus: globaltimer offset 8240736844 ns (+-2 us)
2026-09-22 02:12:35.647 INFO  verbs: device roceP2p1s0f0 port 1 gid_index 3
2026-09-22 02:12:35.654 INFO  verbs: device rocep1s0f0 port 1 gid_index 3
2026-09-22 02:12:36.801 INFO  bus: rank 1 up — 3 peer(s) x 2 lane(s), lat 8x65536B, bulk 8x262144B, bulk pace 28.3 Gb/s per QP, window 4 per lane
2026-09-22 02:12:36.801 INFO  rank 1: boundary reducer host-driven
2026-09-22 02:12:36.905 INFO  rank 1: process memory locked (mlockall MCL_CURRENT, 14513 MiB)
2026-09-22 02:12:36.906 INFO  rank 1: resident image cache at /home/stephen/.cache/dgpp/resident
2026-09-22 02:12:36.907 INFO  bus engine: rank 1 pinned to cpu 19
2026-09-22 02:12:36.964 INFO  rank 1: memory plan for a 786432-token context — vision weights (replicated) 1.05 GiB; vision workspace (bounded image prefill) 0.33 GiB; model weights (resident) 48.27 GiB (1.81 GiB pinned); tensor-parallel slice views 0.67 GiB; bf16 decode packing (12-bit companions) 1.96 GiB; gemm workspace (at least) 0.06 GiB; kda scratch 0.08 GiB; kv cache pool (bf16) 9.29 GiB; dsa scratch 0.23 GiB; moe scratch 0.68 GiB (0.00 GiB pinned); kda state (request slots) 0.14 GiB; kda speculative snapshots 0.27 GiB; draft hidden cache (per position) 24.00 GiB; draft activations 0.05 GiB; activations (per-forward rows) 0.61 GiB (0.00 GiB pinned); route-trace staging 0.10 GiB (0.10 GiB pinned); prefix cache 7.98 GiB; engine 0.08 GiB
2026-09-22 02:12:36.964 INFO  rank 1: memory plan total 95.85 GiB (85.87 GiB device + 9.97 GiB pinned) + 4.00 GiB headroom against 116.71 GiB free (device free 112.39 GiB of 121.69 GiB, host available 116.71 GiB)
2026-09-22 02:12:36.964 INFO  memory ledger: rank 1 after the plan check — rss 1.14 GiB (anon 0.41, shmem 0.09, file 0.64; locked 14.17); device free 112.39 GiB, node available 116.71 GiB
2026-09-22 02:12:36.964 INFO  memory ledger: rank 1 after the bus — rss 1.14 GiB (anon 0.41, shmem 0.09, file 0.64; locked 14.17); device free 112.39 GiB, node available 116.71 GiB
2026-09-22 02:12:37.307 INFO  glm loader: rank 1 resident footprint 46.5 GiB; device free 112.3 of 121.7 GiB, host available 116.7 GiB
2026-09-22 02:12:38.091 INFO  glm loader: rank 1 resident image /home/stephen/.cache/dgpp/resident/44076e8b908aed4a.img — 46/46 layers present, direct I/O
2026-09-22 02:12:38.136 INFO  l2 prefetch: on, window budget 12 MiB, boundary rate light, layer rate light
2026-09-22 02:12:38.136 INFO  glm loader: rank 1 boot digest from the resident image (713 tensors, 2.91 GiB)
2026-09-22 02:12:48.285 INFO  glm loader: rank 1 resident load complete — released 40 shard mappings (181.7 GiB) and evicted their page cache; image: 46 layers restored, 0 captured
2026-09-22 02:12:48.658 INFO  rank 1 bf12: 70 decode matrices packed (2.55 GiB of bf16 -> 1.92 GiB, 213419 escapes, widest row 64, 3 rows kept raw; 0 matrices kept bf16) in 1.4 s
2026-09-22 02:12:54.428 INFO  rank 1 boot phases: digest 0.0 s (3.96 GiB hashed), globals 1.3 s, layers 13.7 s
2026-09-22 02:12:54.428 INFO  memory ledger: rank 1 after the model — rss 3.10 GiB (anon 0.45, shmem 2.00, file 0.64; locked 14.16); device free 23.62 GiB, node available 27.92 GiB
2026-09-22 02:12:54.428 INFO  rank 1: model constructed in 17.5s (resident, 4 request slots, 786432-token pool in bf16, 2048-row forwards)
2026-09-22 02:12:54.428 INFO  rank 1: prefix cache on — 232 snapshot slot(s) of 35.2 MiB (8.00 GiB asked)
2026-09-22 02:12:54.686 INFO  rank 1: graph engine samples on the device — 112 candidates per rank (8 rows x 4 ranks in a 65536-byte latency slot; the planned width is 128); constrained decoding available
2026-09-22 02:12:58.341 INFO  memory ledger: rank 1 after the graph engine — rss 3.11 GiB (anon 0.45, shmem 2.01, file 0.64; locked 14.16); device free 15.55 GiB, node available 19.85 GiB
2026-09-22 02:12:58.597 INFO  allreduce: device clock rate 2418000 kHz (stamps conversion)
2026-09-22 02:12:58.597 INFO  allreduce: rank 1 seq 1 launched (3 peers)
2026-09-22 02:12:58.597 INFO  allreduce: rank 1 seq 1 ready after 44.7us
2026-09-22 02:12:58.620 INFO  allreduce: rank 1 seq 1 done status=0 after 22146.3us
2026-09-22 02:12:58.651 INFO  allreduce: rank 1 seq 2 launched (3 peers)
2026-09-22 02:12:58.651 INFO  allreduce: rank 1 seq 2 ready after 11.2us
2026-09-22 02:12:58.656 INFO  allreduce: rank 1 seq 2 done status=0 after 4629.5us
2026-09-22 02:12:58.656 INFO  allreduce: rank 1 seq 3 launched (3 peers)
2026-09-22 02:12:58.656 INFO  allreduce: rank 1 seq 3 ready after 11.3us
2026-09-22 02:12:58.657 INFO  allreduce: rank 1 seq 3 done status=0 after 71.6us
2026-09-22 02:12:58.657 INFO  allreduce: rank 1 seq 4 launched (3 peers)
2026-09-22 02:12:58.657 INFO  allreduce: rank 1 seq 4 ready after 11.8us
2026-09-22 02:12:58.657 INFO  allreduce: rank 1 seq 4 done status=0 after 53.3us
2026-09-22 02:12:58.657 INFO  allreduce: rank 1 seq 5 launched (3 peers)
2026-09-22 02:12:58.657 INFO  allreduce: rank 1 seq 5 ready after 11.9us
2026-09-22 02:12:58.657 INFO  allreduce: rank 1 seq 5 done status=0 after 58.5us
2026-09-22 02:12:58.658 INFO  allreduce: rank 1 seq 6 launched (3 peers)
2026-09-22 02:12:58.658 INFO  allreduce: rank 1 seq 6 ready after 11.2us
2026-09-22 02:12:58.658 INFO  allreduce: rank 1 seq 6 done status=0 after 58.2us
2026-09-22 02:12:58.660 INFO  allreduce: rank 1 seq 7 launched (3 peers)
2026-09-22 02:12:58.660 INFO  allreduce: rank 1 seq 7 ready after 13.5us
2026-09-22 02:12:58.661 INFO  allreduce: rank 1 seq 7 done status=0 after 916.0us
2026-09-22 02:12:58.662 INFO  allreduce: rank 1 seq 8 launched (3 peers)
2026-09-22 02:12:58.662 INFO  allreduce: rank 1 seq 8 ready after 11.7us
2026-09-22 02:12:58.662 INFO  allreduce: rank 1 seq 8 done status=0 after 80.6us
2026-09-22 02:12:58.662 INFO  allreduce: rank 1 seq 9 launched (3 peers)
2026-09-22 02:12:58.662 INFO  allreduce: rank 1 seq 9 ready after 11.1us
2026-09-22 02:12:58.662 INFO  allreduce: rank 1 seq 9 done status=0 after 83.9us
2026-09-22 02:12:58.663 INFO  allreduce: rank 1 seq 10 launched (3 peers)
2026-09-22 02:12:58.663 INFO  allreduce: rank 1 seq 10 ready after 12.6us
2026-09-22 02:12:58.663 INFO  allreduce: rank 1 seq 10 done status=0 after 64.2us
2026-09-22 02:12:58.663 INFO  allreduce: rank 1 seq 11 launched (3 peers)
2026-09-22 02:12:58.663 INFO  allreduce: rank 1 seq 11 ready after 11.2us
2026-09-22 02:12:58.663 INFO  allreduce: rank 1 seq 11 done status=0 after 50.7us
2026-09-22 02:12:58.664 INFO  allreduce: rank 1 seq 12 launched (3 peers)
2026-09-22 02:12:58.664 INFO  allreduce: rank 1 seq 12 ready after 14.1us
2026-09-22 02:12:58.664 INFO  allreduce: rank 1 seq 12 done status=0 after 59.9us
2026-09-22 02:12:58.665 INFO  allreduce: rank 1 seq 13 launched (3 peers)
2026-09-22 02:12:58.665 INFO  allreduce: rank 1 seq 13 ready after 11.2us
2026-09-22 02:12:58.665 INFO  allreduce: rank 1 seq 13 done status=0 after 84.5us
2026-09-22 02:12:58.665 INFO  allreduce: rank 1 seq 14 launched (3 peers)
2026-09-22 02:12:58.665 INFO  allreduce: rank 1 seq 14 ready after 12.8us
2026-09-22 02:12:58.665 INFO  allreduce: rank 1 seq 14 done status=0 after 64.6us
2026-09-22 02:12:58.666 INFO  allreduce: rank 1 seq 15 launched (3 peers)
2026-09-22 02:12:58.666 INFO  allreduce: rank 1 seq 15 ready after 9.4us
2026-09-22 02:12:58.666 INFO  allreduce: rank 1 seq 15 done status=0 after 64.9us
2026-09-22 02:12:58.667 INFO  allreduce: rank 1 seq 16 launched (3 peers)
2026-09-22 02:12:58.667 INFO  allreduce: rank 1 seq 16 ready after 9.0us
2026-09-22 02:12:58.667 INFO  allreduce: rank 1 seq 16 done status=0 after 44.3us
2026-09-22 02:12:58.745 INFO  bus graph era: variant 0 recorded with 94 collective node(s)
2026-09-22 02:12:58.745 INFO  rank 1: graph variant 0 shape: 1297 nodes, 1612 edges: kernel 1297 empty 0 memcpy 0 memset 0 host 0 event 0 other 0; max in-degree 2
2026-09-22 02:12:58.748 INFO  rank 1: graph variant 0 instantiated — 23.2 MiB of device memory (15.2 GiB free)
2026-09-22 02:12:58.749 INFO  bus graph era: variant 1 recorded with 94 collective node(s)
2026-09-22 02:12:58.749 INFO  rank 1: graph variant 1 shape: 1297 nodes, 1612 edges: kernel 1297 empty 0 memcpy 0 memset 0 host 0 event 0 other 0; max in-degree 2
2026-09-22 02:12:58.753 INFO  rank 1: graph variant 1 instantiated — 21.1 MiB of device memory (15.2 GiB free)
2026-09-22 02:12:58.753 INFO  rank 1: serving scalar graph variants 0/1 captured for request slot 0 (2 rows, MTP)
2026-09-22 02:12:58.754 INFO  bus graph era: variant 8 recorded with 94 collective node(s)
2026-09-22 02:12:58.754 INFO  rank 1: graph variant 8 shape: 1299 nodes, 1614 edges: kernel 1299 empty 0 memcpy 0 memset 0 host 0 event 0 other 0; max in-degree 2
2026-09-22 02:12:58.759 INFO  rank 1: graph variant 8 instantiated — 23.3 MiB of device memory (15.1 GiB free)
2026-09-22 02:12:58.760 INFO  bus graph era: variant 9 recorded with 94 collective node(s)
2026-09-22 02:12:58.760 INFO  rank 1: graph variant 9 shape: 1299 nodes, 1614 edges: kernel 1299 empty 0 memcpy 0 memset 0 host 0 event 0 other 0; max in-degree 2
2026-09-22 02:12:58.767 INFO  rank 1: graph variant 9 instantiated — 34.1 MiB of device memory (15.1 GiB free)
2026-09-22 02:12:58.767 INFO  rank 1: serving row-batched graph variants 8/9 captured for 2 slots x 2 rows = 4 fixed rows, MTP (a batch is selected at 2+ live requests, the smallest that covers the live slots)
2026-09-22 02:12:58.768 INFO  bus graph era: variant 10 recorded with 94 collective node(s)
2026-09-22 02:12:58.768 INFO  rank 1: graph variant 10 shape: 1508 nodes, 1823 edges: kernel 1508 empty 0 memcpy 0 memset 0 host 0 event 0 other 0; max in-degree 2
2026-09-22 02:12:58.775 INFO  rank 1: graph variant 10 instantiated — 32.4 MiB of device memory (15.1 GiB free)
2026-09-22 02:12:58.776 INFO  bus graph era: variant 11 recorded with 94 collective node(s)
2026-09-22 02:12:58.776 INFO  rank 1: graph variant 11 shape: 1508 nodes, 1823 edges: kernel 1508 empty 0 memcpy 0 memset 0 host 0 event 0 other 0; max in-degree 2
2026-09-22 02:12:58.783 INFO  rank 1: graph variant 11 instantiated — 38.6 MiB of device memory (15.0 GiB free)
2026-09-22 02:12:58.784 INFO  rank 1: serving row-batched graph variants 10/11 captured for 3 slots x 2 rows = 6 fixed rows, MTP (a batch is selected at 2+ live requests, the smallest that covers the live slots)
2026-09-22 02:12:58.785 INFO  bus graph era: variant 12 recorded with 94 collective node(s)
2026-09-22 02:12:58.785 INFO  rank 1: graph variant 12 shape: 1510 nodes, 1825 edges: kernel 1510 empty 0 memcpy 0 memset 0 host 0 event 0 other 0; max in-degree 2
2026-09-22 02:12:58.792 INFO  rank 1: graph variant 12 instantiated — 32.4 MiB of device memory (15.0 GiB free)
2026-09-22 02:12:58.793 INFO  bus graph era: variant 13 recorded with 94 collective node(s)
2026-09-22 02:12:58.793 INFO  rank 1: graph variant 13 shape: 1510 nodes, 1825 edges: kernel 1510 empty 0 memcpy 0 memset 0 host 0 event 0 other 0; max in-degree 2
2026-09-22 02:12:58.799 INFO  rank 1: graph variant 13 instantiated — 32.3 MiB of device memory (15.0 GiB free)
2026-09-22 02:12:58.799 INFO  rank 1: serving row-batched graph variants 12/13 captured for 4 slots x 2 rows = 8 fixed rows, MTP (a batch is selected at 2+ live requests, the smallest that covers the live slots)
2026-09-22 02:12:58.873 INFO  bus graph era: variant 2 recorded with 94 collective node(s)
2026-09-22 02:12:58.873 INFO  rank 1: graph variant 2 shape: 1297 nodes, 1612 edges: kernel 1297 empty 0 memcpy 0 memset 0 host 0 event 0 other 0; max in-degree 2
2026-09-22 02:12:58.880 INFO  rank 1: graph variant 2 instantiated — 35.0 MiB of device memory (14.9 GiB free)
2026-09-22 02:12:58.881 INFO  bus graph era: variant 3 recorded with 94 collective node(s)
2026-09-22 02:12:58.881 INFO  rank 1: graph variant 3 shape: 1297 nodes, 1612 edges: kernel 1297 empty 0 memcpy 0 memset 0 host 0 event 0 other 0; max in-degree 2
2026-09-22 02:12:58.888 INFO  rank 1: graph variant 3 instantiated — 31.1 MiB of device memory (14.9 GiB free)
2026-09-22 02:12:58.888 INFO  rank 1: serving scalar graph variants 2/3 captured for request slot 1 (2 rows, MTP)
2026-09-22 02:12:58.955 INFO  bus graph era: variant 4 recorded with 94 collective node(s)
2026-09-22 02:12:58.956 INFO  rank 1: graph variant 4 shape: 1297 nodes, 1612 edges: kernel 1297 empty 0 memcpy 0 memset 0 host 0 event 0 other 0; max in-degree 2
2026-09-22 02:12:58.962 INFO  rank 1: graph variant 4 instantiated — 31.9 MiB of device memory (14.9 GiB free)
2026-09-22 02:12:58.963 INFO  bus graph era: variant 5 recorded with 94 collective node(s)
2026-09-22 02:12:58.963 INFO  rank 1: graph variant 5 shape: 1297 nodes, 1612 edges: kernel 1297 empty 0 memcpy 0 memset 0 host 0 event 0 other 0; max in-degree 2
2026-09-22 02:12:58.973 INFO  rank 1: graph variant 5 instantiated — 36.3 MiB of device memory (14.8 GiB free)
2026-09-22 02:12:58.973 INFO  rank 1: serving scalar graph variants 4/5 captured for request slot 2 (2 rows, MTP)
2026-09-22 02:12:59.040 INFO  bus graph era: variant 6 recorded with 94 collective node(s)
2026-09-22 02:12:59.040 INFO  rank 1: graph variant 6 shape: 1297 nodes, 1612 edges: kernel 1297 empty 0 memcpy 0 memset 0 host 0 event 0 other 0; max in-degree 2
2026-09-22 02:12:59.047 INFO  rank 1: graph variant 6 instantiated — 31.1 MiB of device memory (14.8 GiB free)
2026-09-22 02:12:59.048 INFO  bus graph era: variant 7 recorded with 94 collective node(s)
2026-09-22 02:12:59.048 INFO  rank 1: graph variant 7 shape: 1297 nodes, 1612 edges: kernel 1297 empty 0 memcpy 0 memset 0 host 0 event 0 other 0; max in-degree 2
2026-09-22 02:12:59.054 INFO  rank 1: graph variant 7 instantiated — 32.8 MiB of device memory (14.8 GiB free)
2026-09-22 02:12:59.054 INFO  rank 1: serving scalar graph variants 6/7 captured for request slot 3 (2 rows, MTP)
2026-09-22 02:12:59.054 INFO  rank 1: warm capture complete — 4 scalar variants and the row batches for 2 slots, 3 slots, 4 slots recorded before the first request
2026-09-22 02:12:59.054 INFO  memory ledger: rank 1 after the warm capture — rss 3.52 GiB (anon 0.86, shmem 2.01, file 0.65; locked 14.15); device free 14.76 GiB, node available 19.06 GiB
2026-09-22 02:12:59.054 INFO  rank 1: graph variants warm-captured in 0.71s
2026-09-22 02:12:59.054 INFO  rank 1: following rank 0's journal (admission full, window 256)
2026-09-22 02:13:00.379 INFO  sched: request 'chatcmpl-c7c0bd1af5c3a2d4' prefix cache miss — 2 cut(s), the cache is empty
2026-09-22 02:13:00.379 INFO  sched: request 'chatcmpl-c7c0bd1af5c3a2d4' admitted to slot 0 (reserve 1 blocks; pool 2/6144 blocks in use) — first token 785
2026-09-22 02:13:01.526 INFO  sched: request 'chatcmpl-c7c0bd1af5c3a2d4' retired (steps): 64 tok in 1.1 s — prefill 62 tok (0 cached) in 342 ms; decode 63 tok / 36 passes in 0.8 s: 78.2 tok/s, 12.8 ms/tok, 22 ms/pass, 1.75 tok/pass, accept p1 75 %
2026-09-22 02:13:01.605 INFO  sched: request 'chatcmpl-c7c0bd1af5c3a2d5' admitted to slot 0 (reserve 3 blocks; pool 5/6144 blocks in use) — first token 785
2026-09-22 02:13:06.191 INFO  sched: request 'chatcmpl-c7c0bd1af5c3a2d5' retired (steps): 256 tok in 4.6 s — prefill 62 tok (60 cached) in 51 ms; decode 255 tok / 144 passes in 4.5 s: 56.2 tok/s, 17.8 ms/tok, 31 ms/pass, 1.77 tok/pass, accept p1 77 %
2026-09-22 02:13:06.247 INFO  sched: request 'chatcmpl-c7c0bd1af5c3a2d6' admitted to slot 0 (reserve 3 blocks; pool 8/6144 blocks in use) — first token 785
2026-09-22 02:13:09.205 INFO  stats: rank 1 | 10.0 s | decode 48.7 tok/s, 17.3 ms/tok, 30.9 ms/step (273 steps / 487 tok, 84 % of wall) | mtp 1.78 tok/step/req, accept p1 77 % | prefill 3 prompts / 66 tok, 7 tok/s, 6.72 ms/tok, 148 ms avg (4 % of wall), 120 tok cached (2/3 hits) | live 1, queued 0 | pool 9/6144 blocks (0 %) | prefix cache 3/232 entries
2026-09-22 02:13:10.829 INFO  sched: request 'chatcmpl-c7c0bd1af5c3a2d6' retired (steps): 256 tok in 4.6 s — prefill 62 tok (60 cached) in 50 ms; decode 255 tok / 144 passes in 4.5 s: 56.3 tok/s, 17.8 ms/tok, 31 ms/pass, 1.77 tok/pass, accept p1 77 %
2026-09-22 02:13:10.896 INFO  sched: request 'chatcmpl-c7c0bd1af5c3a2d7' admitted to slot 0 (reserve 3 blocks; pool 8/6144 blocks in use) — first token 785
2026-09-22 02:13:11.246 INFO  sched: request 'chatcmpl-c7c0bd1af5c3a2d8' prefix cache miss — 2 cut(s) probed against 3 entries; the nearest entry (position 316) shares the first 22 of the prompt's 59 tokens (the prompt differs from it from that token on)
2026-09-22 02:13:11.246 INFO  sched: request 'chatcmpl-c7c0bd1af5c3a2d8' admitted to slot 1 (reserve 3 blocks; pool 12/6144 blocks in use) — first token 785
2026-09-22 02:13:17.496 INFO  sched: request 'chatcmpl-c7c0bd1af5c3a2d8' retired (steps): 256 tok in 6.2 s — prefill 59 tok (0 cached) in 318 ms; decode 255 tok / 142 passes in 5.9 s: 43.0 tok/s, 23.3 ms/tok, 42 ms/pass, 1.80 tok/pass, accept p1 80 %
2026-09-22 02:13:17.531 INFO  sched: request 'chatcmpl-c7c0bd1af5c3a2d7' retired (steps): 256 tok in 6.6 s — prefill 62 tok (60 cached) in 50 ms; decode 255 tok / 144 passes in 6.6 s: 38.7 tok/s, 25.8 ms/tok, 46 ms/pass, 1.77 tok/pass, accept p1 77 %
2026-09-22 02:13:17.609 INFO  sched: request 'chatcmpl-c7c0bd1af5c3a2d9' admitted to slot 0 (reserve 3 blocks; pool 12/6144 blocks in use) — first token 785
2026-09-22 02:13:17.696 INFO  sched: request 'chatcmpl-c7c0bd1af5c3a2da' admitted to slot 1 (reserve 3 blocks; pool 15/6144 blocks in use) — first token 785
2026-09-22 02:13:19.207 INFO  stats: rank 1 | 10.0 s | decode 73.1 tok/s, 12.7 ms/tok, 40.2 ms/step (230 steps / 731 tok, 93 % of wall) | mtp 1.80 tok/step/req, accept p1 79 % | prefill 4 prompts / 66 tok, 7 tok/s, 7.18 ms/tok, 119 ms avg (5 % of wall), 176 tok cached (3/4 hits) | live 2, queued 0 | pool 17/6144 blocks (0 %) | prefix cache 5/232 entries
2026-09-22 02:13:23.952 INFO  sched: request 'chatcmpl-c7c0bd1af5c3a2da' retired (steps): 256 tok in 6.3 s — prefill 59 tok (56 cached) in 55 ms; decode 255 tok / 142 passes in 6.2 s: 41.1 tok/s, 24.3 ms/tok, 44 ms/pass, 1.80 tok/pass, accept p1 80 %
2026-09-22 02:13:23.985 INFO  sched: request 'chatcmpl-c7c0bd1af5c3a2d9' retired (steps): 256 tok in 6.4 s — prefill 62 tok (60 cached) in 51 ms; decode 255 tok / 144 passes in 6.3 s: 40.3 tok/s, 24.8 ms/tok, 44 ms/pass, 1.77 tok/pass, accept p1 77 %
2026-09-22 02:13:24.106 INFO  sched: request 'chatcmpl-c7c0bd1af5c3a2db' admitted to slot 0 (reserve 3 blocks; pool 12/6144 blocks in use) — first token 785
2026-09-22 02:13:24.463 INFO  sched: request 'chatcmpl-c7c0bd1af5c3a2dc' prefix cache miss — 2 cut(s) probed against 5 entries; the nearest entry (position 316) shares the first 22 of the prompt's 66 tokens (the prompt differs from it from that token on)
2026-09-22 02:13:24.463 INFO  sched: request 'chatcmpl-c7c0bd1af5c3a2dc' admitted to slot 1 (reserve 3 blocks; pool 16/6144 blocks in use) — first token 785
2026-09-22 02:13:24.565 INFO  sched: request 'chatcmpl-c7c0bd1af5c3a2dd' admitted to slot 2 (reserve 3 blocks; pool 20/6144 blocks in use) — first token 785
2026-09-22 02:13:29.258 INFO  stats: rank 1 | 10.1 s | decode 83.9 tok/s, 11.1 ms/tok, 48.0 ms/step (195 steps / 843 tok, 93 % of wall) | mtp 1.79 tok/step/req, accept p1 78 % | prefill 3 prompts / 71 tok, 7 tok/s, 6.07 ms/tok, 144 ms avg (4 % of wall), 116 tok cached (2/3 hits) | live 3, queued 0 | pool 22/6144 blocks (0 %) | prefix cache 6/232 entries
2026-09-22 02:13:32.506 INFO  sched: request 'chatcmpl-c7c0bd1af5c3a2dd' retired (steps): 256 tok in 7.9 s — prefill 59 tok (56 cached) in 56 ms; decode 255 tok / 142 passes in 7.9 s: 32.3 tok/s, 30.9 ms/tok, 56 ms/pass, 1.80 tok/pass, accept p1 80 %
2026-09-22 02:13:32.506 INFO  sched: request 'chatcmpl-c7c0bd1af5c3a2db' retired (steps): 256 tok in 8.4 s — prefill 62 tok (60 cached) in 51 ms; decode 255 tok / 144 passes in 8.3 s: 30.5 tok/s, 32.7 ms/tok, 58 ms/pass, 1.77 tok/pass, accept p1 77 %
2026-09-22 02:13:32.606 INFO  sched: request 'chatcmpl-c7c0bd1af5c3a2dc' retired (steps): 256 tok in 8.1 s — prefill 66 tok (0 cached) in 324 ms; decode 255 tok / 146 passes in 7.8 s: 32.6 tok/s, 30.7 ms/tok, 54 ms/pass, 1.75 tok/pass, accept p1 75 %
2026-09-22 02:13:32.684 INFO  sched: request 'chatcmpl-c7c0bd1af5c3a2de' admitted to slot 0 (reserve 3 blocks; pool 16/6144 blocks in use) — first token 785
2026-09-22 02:13:32.766 INFO  sched: request 'chatcmpl-c7c0bd1af5c3a2df' admitted to slot 1 (reserve 3 blocks; pool 19/6144 blocks in use) — first token 785
2026-09-22 02:13:32.866 INFO  sched: request 'chatcmpl-c7c0bd1af5c3a2e0' admitted to slot 2 (reserve 3 blocks; pool 23/6144 blocks in use) — first token 785
2026-09-22 02:13:39.283 INFO  stats: rank 1 | 10.0 s | decode 92.7 tok/s, 10.4 ms/tok, 54.3 ms/step (178 steps / 929 tok, 96 % of wall) | mtp 1.77 tok/step/req, accept p1 77 % | prefill 3 prompts / 7 tok, 1 tok/s, 22.28 ms/tok, 52 ms avg (2 % of wall), 180 tok cached (3/3 hits) | live 3, queued 0 | pool 25/6144 blocks (0 %) | prefix cache 7/232 entries
2026-09-22 02:13:40.811 INFO  sched: request 'chatcmpl-c7c0bd1af5c3a2e0' retired (steps): 256 tok in 7.9 s — prefill 59 tok (56 cached) in 55 ms; decode 255 tok / 142 passes in 7.9 s: 32.3 tok/s, 30.9 ms/tok, 56 ms/pass, 1.80 tok/pass, accept p1 80 %
2026-09-22 02:13:40.811 INFO  sched: request 'chatcmpl-c7c0bd1af5c3a2de' retired (steps): 256 tok in 8.1 s — prefill 62 tok (60 cached) in 51 ms; decode 255 tok / 144 passes in 8.1 s: 31.6 tok/s, 31.7 ms/tok, 56 ms/pass, 1.77 tok/pass, accept p1 77 %
2026-09-22 02:13:40.912 INFO  sched: request 'chatcmpl-c7c0bd1af5c3a2df' retired (steps): 256 tok in 8.1 s — prefill 66 tok (64 cached) in 50 ms; decode 255 tok / 146 passes in 8.1 s: 31.5 tok/s, 31.7 ms/tok, 55 ms/pass, 1.75 tok/pass, accept p1 75 %
2026-09-22 02:13:41.256 INFO  sched: request 'chatcmpl-c7c0bd1af5c3a2e1' prefix cache miss — 2 cut(s) probed against 7 entries; the nearest entry (position 320) shares the first 22 of the prompt's 62 tokens (the prompt differs from it from that token on)
2026-09-22 02:13:41.256 INFO  sched: request 'chatcmpl-c7c0bd1af5c3a2e1' admitted to slot 0 (reserve 3 blocks; pool 17/6144 blocks in use) — first token 785
2026-09-22 02:13:41.335 INFO  sched: request 'chatcmpl-c7c0bd1af5c3a2e2' admitted to slot 1 (reserve 3 blocks; pool 20/6144 blocks in use) — first token 785
2026-09-22 02:13:41.436 INFO  sched: request 'chatcmpl-c7c0bd1af5c3a2e3' admitted to slot 2 (reserve 3 blocks; pool 24/6144 blocks in use) — first token 785
2026-09-22 02:13:41.542 INFO  sched: request 'chatcmpl-c7c0bd1af5c3a2e4' admitted to slot 3 (reserve 3 blocks; pool 29/6144 blocks in use) — first token 785
2026-09-22 02:13:49.310 INFO  stats: rank 1 | 10.0 s | decode 99.7 tok/s, 9.4 ms/tok, 62.9 ms/step (149 steps / 1000 tok, 94 % of wall) | mtp 1.81 tok/step/req, accept p1 80 % | prefill 4 prompts / 69 tok, 7 tok/s, 6.88 ms/tok, 119 ms avg (5 % of wall), 180 tok cached (3/4 hits) | live 4, queued 0 | pool 30/6144 blocks (0 %) | prefix cache 8/232 entries
2026-09-22 02:13:50.463 INFO  sched: request 'chatcmpl-c7c0bd1af5c3a2e1' retired (steps): 256 tok in 9.2 s — prefill 62 tok (0 cached) in 322 ms; decode 255 tok / 136 passes in 8.9 s: 28.7 tok/s, 34.8 ms/tok, 65 ms/pass, 1.88 tok/pass, accept p1 88 %
2026-09-22 02:13:50.994 INFO  sched: request 'chatcmpl-c7c0bd1af5c3a2e3' retired (steps): 256 tok in 9.6 s — prefill 59 tok (56 cached) in 55 ms; decode 255 tok / 142 passes in 9.5 s: 26.8 tok/s, 37.3 ms/tok, 67 ms/pass, 1.80 tok/pass, accept p1 80 %
2026-09-22 02:13:51.062 INFO  sched: request 'chatcmpl-c7c0bd1af5c3a2e2' retired (steps): 256 tok in 9.7 s — prefill 62 tok (60 cached) in 47 ms; decode 255 tok / 144 passes in 9.7 s: 26.3 tok/s, 38.0 ms/tok, 67 ms/pass, 1.77 tok/pass, accept p1 77 %
2026-09-22 02:13:51.196 INFO  sched: request 'chatcmpl-c7c0bd1af5c3a2e4' retired (steps): 256 tok in 9.7 s — prefill 66 tok (64 cached) in 50 ms; decode 255 tok / 146 passes in 9.6 s: 26.6 tok/s, 37.7 ms/tok, 66 ms/pass, 1.75 tok/pass, accept p1 75 %
2026-09-22 02:13:51.264 INFO  sched: request 'chatcmpl-c7c0bd1af5c3a2e5' admitted to slot 0 (reserve 3 blocks; pool 20/6144 blocks in use) — first token 785
2026-09-22 02:13:51.347 INFO  sched: request 'chatcmpl-c7c0bd1af5c3a2e6' admitted to slot 1 (reserve 3 blocks; pool 24/6144 blocks in use) — first token 785
2026-09-22 02:13:51.441 INFO  sched: request 'chatcmpl-c7c0bd1af5c3a2e7' admitted to slot 2 (reserve 3 blocks; pool 27/6144 blocks in use) — first token 785
2026-09-22 02:13:51.550 INFO  sched: request 'chatcmpl-c7c0bd1af5c3a2e8' admitted to slot 3 (reserve 3 blocks; pool 31/6144 blocks in use) — first token 785
2026-09-22 02:13:59.333 INFO  stats: rank 1 | 10.0 s | decode 102.3 tok/s, 9.4 ms/tok, 64.7 ms/step (149 steps / 1025 tok, 96 % of wall) | mtp 1.80 tok/step/req, accept p1 80 % | prefill 4 prompts / 9 tok, 1 tok/s, 23.09 ms/tok, 52 ms avg (2 % of wall), 240 tok cached (4/4 hits) | live 4, queued 0 | pool 33/6144 blocks (1 %) | prefix cache 9/232 entries
2026-09-22 02:14:00.550 INFO  sched: request 'chatcmpl-c7c0bd1af5c3a2e6' retired (steps): 256 tok in 9.2 s — prefill 62 tok (60 cached) in 50 ms; decode 255 tok / 136 passes in 9.2 s: 27.9 tok/s, 35.9 ms/tok, 67 ms/pass, 1.88 tok/pass, accept p1 88 %
2026-09-22 02:14:00.884 INFO  sched: request 'chatcmpl-c7c0bd1af5c3a2e5' retired (steps): 256 tok in 9.6 s — prefill 59 tok (56 cached) in 57 ms; decode 255 tok / 142 passes in 9.6 s: 26.7 tok/s, 37.5 ms/tok, 67 ms/pass, 1.80 tok/pass, accept p1 80 %
2026-09-22 02:14:01.133 INFO  sched: request 'chatcmpl-c7c0bd1af5c3a2e7' retired (steps): 256 tok in 9.7 s — prefill 62 tok (60 cached) in 49 ms; decode 255 tok / 144 passes in 9.6 s: 26.4 tok/s, 37.8 ms/tok, 67 ms/pass, 1.77 tok/pass, accept p1 77 %
2026-09-22 02:14:01.234 INFO  sched: request 'chatcmpl-c7c0bd1af5c3a2e8' retired (steps): 256 tok in 9.7 s — prefill 66 tok (64 cached) in 52 ms; decode 255 tok / 146 passes in 9.6 s: 26.5 tok/s, 37.8 ms/tok, 66 ms/pass, 1.75 tok/pass, accept p1 75 %
2026-09-22 02:14:01.313 INFO  sched: request 'chatcmpl-c7c0bd1af5c3a2e9' admitted to slot 0 (reserve 3 blocks; pool 20/6144 blocks in use) — first token 785
2026-09-22 02:14:05.907 INFO  sched: request 'chatcmpl-c7c0bd1af5c3a2e9' retired (steps): 256 tok in 4.6 s — prefill 62 tok (60 cached) in 51 ms; decode 255 tok / 144 passes in 4.5 s: 56.1 tok/s, 17.8 ms/tok, 32 ms/pass, 1.77 tok/pass, accept p1 77 %
2026-09-22 02:14:05.992 INFO  sched: request 'chatcmpl-c7c0bd1af5c3a2ea' admitted to slot 0 (reserve 3 blocks; pool 20/6144 blocks in use) — first token 785
2026-09-22 02:14:09.342 INFO  stats: rank 1 | 10.0 s | decode 61.2 tok/s, 15.6 ms/tok, 34.3 ms/step (279 steps / 613 tok, 96 % of wall) | mtp 1.77 tok/step/req, accept p1 77 % | prefill 2 prompts / 4 tok, 0 tok/s, 25.91 ms/tok, 52 ms avg (1 % of wall), 120 tok cached (2/2 hits) | live 1, queued 0 | pool 21/6144 blocks (0 %) | prefix cache 9/232 entries
2026-09-22 02:14:10.589 INFO  sched: request 'chatcmpl-c7c0bd1af5c3a2ea' retired (steps): 256 tok in 4.6 s — prefill 62 tok (60 cached) in 52 ms; decode 255 tok / 144 passes in 4.5 s: 56.1 tok/s, 17.8 ms/tok, 32 ms/pass, 1.77 tok/pass, accept p1 77 %
2026-09-22 02:14:12.252 INFO  journal: stop record — exiting
2026-09-22 02:14:12.288 INFO  rank 1: graph engine sampling summary — 0 sampled decode steps, 0 served by the exact gather fallback (0.0%), 112 candidates per rank
2026-09-22 02:14:13.692 INFO  rank 1: exited cleanly
