patches max 0.0 rel 0.0 cosine 1.0 mismatches 0 / 75264
patch_embed max 0.0 rel 0.0 cosine 0.9999998807907104 mismatches 0 / 65536
layer0.norm1 max 0.0 rel 0.0 cosine 0.9999998807907104 mismatches 0 / 65536
layer0.qkv max 0.0 rel 0.0 cosine 1.0 mismatches 0 / 196608
layer0.q max 0.0 rel 0.0 cosine 0.9999999403953552 mismatches 0 / 65536
layer0.k max 0.0 rel 0.0 cosine 1.0000001192092896 mismatches 0 / 65536
layer0.scores0 max 0.0 rel 0.0 cosine 1.0 mismatches 0 / 4096
layer0.probs0 max 0.0 rel 0.0 cosine 0.9999999403953552 mismatches 0 / 4096
layer0.probs1 max 0.0 rel 0.0 cosine 1.0 mismatches 0 / 4096
layer0.probs2 max 0.0 rel 0.0 cosine 1.0 mismatches 0 / 4096
layer0.probs3 max 0.0 rel 0.0 cosine 0.9999998807907104 mismatches 0 / 4096
layer0.probs4 max 0.0 rel 0.0 cosine 1.0 mismatches 0 / 4096
layer0.probs5 max 0.0 rel 0.0 cosine 1.0 mismatches 0 / 4096
layer0.probs6 max 0.0 rel 0.0 cosine 1.0 mismatches 0 / 4096
layer0.probs7 max 0.0 rel 0.0 cosine 1.0 mismatches 0 / 4096
layer0.probs8 max 0.0 rel 0.0 cosine 1.0 mismatches 0 / 4096
layer0.probs9 max 0.0 rel 0.0 cosine 1.0 mismatches 0 / 4096
layer0.probs10 max 0.0 rel 0.0 cosine 1.0 mismatches 0 / 4096
layer0.probs11 max 0.0 rel 0.0 cosine 1.0 mismatches 0 / 4096
layer0.probs12 max 0.0 rel 0.0 cosine 0.9999999403953552 mismatches 0 / 4096
layer0.probs13 max 0.0 rel 0.0 cosine 1.0 mismatches 0 / 4096
layer0.probs14 max 0.0 rel 0.0 cosine 0.9999999403953552 mismatches 0 / 4096
layer0.probs15 max 0.0 rel 0.0 cosine 0.9999998807907104 mismatches 0 / 4096
layer0.attn max 0.0 rel 0.0 cosine 0.9999999403953552 mismatches 0 / 65536
layer0.attn_proj max 0.0 rel 0.0 cosine 0.9999999403953552 mismatches 0 / 65536
layer0.residual max 0.0 rel 0.0 cosine 1.0000001192092896 mismatches 0 / 65536
layer0.norm2 max 0.0 rel 0.0 cosine 1.0 mismatches 0 / 65536
layer0.gate max 0.0 rel 0.0 cosine 1.0000001192092896 mismatches 0 / 262144
layer0.up max 0.0 rel 0.0 cosine 0.9999999403953552 mismatches 0 / 262144
layer0.swiglu max 0.0 rel 0.0 cosine 1.0 mismatches 0 / 262144
layer0.down max 0.0 rel 0.0 cosine 1.0 mismatches 0 / 65536
layer0 max 0.0 rel 0.0 cosine 0.9999998807907104 mismatches 0 / 65536
layer1.norm1 max 0.0 rel 0.0 cosine 1.0000001192092896 mismatches 0 / 65536
layer1.qkv max 0.0 rel 0.0 cosine 1.0 mismatches 0 / 196608
layer1.q max 0.0 rel 0.0 cosine 1.0000001192092896 mismatches 0 / 65536
layer1.k max 0.0 rel 0.0 cosine 1.0 mismatches 0 / 65536
layer1.scores0 max 0.0 rel 0.0 cosine 1.0 mismatches 0 / 4096
layer1.probs0 max 0.0 rel 0.0 cosine 0.9999998807907104 mismatches 0 / 4096
layer1.probs1 max 0.0 rel 0.0 cosine 1.0 mismatches 0 / 4096
layer1.probs2 max 0.0 rel 0.0 cosine 0.9999998807907104 mismatches 0 / 4096
layer1.probs3 max 0.0 rel 0.0 cosine 1.0 mismatches 0 / 4096
layer1.probs4 max 0.0 rel 0.0 cosine 1.0 mismatches 0 / 4096
layer1.probs5 max 0.0 rel 0.0 cosine 1.0 mismatches 0 / 4096
layer1.probs6 max 0.0 rel 0.0 cosine 1.0000001192092896 mismatches 0 / 4096
layer1.probs7 max 0.0 rel 0.0 cosine 1.0000001192092896 mismatches 0 / 4096
layer1.probs8 max 0.0 rel 0.0 cosine 0.9999997615814209 mismatches 0 / 4096
layer1.probs9 max 0.0 rel 0.0 cosine 1.0 mismatches 0 / 4096
layer1.probs10 max 0.0 rel 0.0 cosine 1.0 mismatches 0 / 4096
layer1.probs11 max 0.0 rel 0.0 cosine 0.9999999403953552 mismatches 0 / 4096
layer1.probs12 max 0.0 rel 0.0 cosine 1.0 mismatches 0 / 4096
layer1.probs13 max 0.0 rel 0.0 cosine 1.0000001192092896 mismatches 0 / 4096
layer1.probs14 max 0.0 rel 0.0 cosine 1.0000001192092896 mismatches 0 / 4096
layer1.probs15 max 0.0 rel 0.0 cosine 0.9999999403953552 mismatches 0 / 4096
layer1.attn max 0.0 rel 0.0 cosine 0.9999999403953552 mismatches 0 / 65536
layer1.attn_proj max 0.0 rel 0.0 cosine 1.0 mismatches 0 / 65536
layer1.residual max 0.0 rel 0.0 cosine 1.0000001192092896 mismatches 0 / 65536
layer1.norm2 max 0.0 rel 0.0 cosine 1.0000001192092896 mismatches 0 / 65536
layer1.gate max 0.0 rel 0.0 cosine 0.9999999403953552 mismatches 0 / 262144
layer1.up max 0.0 rel 0.0 cosine 0.9999999403953552 mismatches 0 / 262144
layer1.swiglu max 0.0 rel 0.0 cosine 1.0 mismatches 0 / 262144
layer1.down max 0.0 rel 0.0 cosine 1.0000001192092896 mismatches 0 / 65536
layer1 max 0.0 rel 0.0 cosine 1.0000001192092896 mismatches 0 / 65536
layer2.norm1 max 0.0 rel 0.0 cosine 1.0 mismatches 0 / 65536
layer2.qkv max 0.0 rel 0.0 cosine 1.0000001192092896 mismatches 0 / 196608
layer2.q max 0.0 rel 0.0 cosine 1.0 mismatches 0 / 65536
layer2.k max 0.0 rel 0.0 cosine 0.9999999403953552 mismatches 0 / 65536
layer2.scores0 max 0.0 rel 0.0 cosine 1.0 mismatches 0 / 4096
layer2.probs0 max 0.0 rel 0.0 cosine 0.9999999403953552 mismatches 0 / 4096
layer2.probs1 max 0.0 rel 0.0 cosine 1.0 mismatches 0 / 4096
layer2.probs2 max 0.0 rel 0.0 cosine 1.0 mismatches 0 / 4096
layer2.probs3 max 0.0 rel 0.0 cosine 0.9999999403953552 mismatches 0 / 4096
layer2.probs4 max 0.0 rel 0.0 cosine 1.0 mismatches 0 / 4096
layer2.probs5 max 0.0 rel 0.0 cosine 0.9999999403953552 mismatches 0 / 4096
layer2.probs6 max 0.0 rel 0.0 cosine 1.0 mismatches 0 / 4096
layer2.probs7 max 0.0 rel 0.0 cosine 1.0000001192092896 mismatches 0 / 4096
layer2.probs8 max 0.0 rel 0.0 cosine 1.0000001192092896 mismatches 0 / 4096
layer2.probs9 max 0.0 rel 0.0 cosine 0.9999999403953552 mismatches 0 / 4096
layer2.probs10 max 0.0 rel 0.0 cosine 1.0 mismatches 0 / 4096
layer2.probs11 max 0.0 rel 0.0 cosine 1.0 mismatches 0 / 4096
layer2.probs12 max 0.0 rel 0.0 cosine 0.9999999403953552 mismatches 0 / 4096
layer2.probs13 max 0.0 rel 0.0 cosine 0.9999999403953552 mismatches 0 / 4096
layer2.probs14 max 0.0 rel 0.0 cosine 1.0 mismatches 0 / 4096
layer2.probs15 max 0.0 rel 0.0 cosine 1.0 mismatches 0 / 4096
layer2.attn max 0.0 rel 0.0 cosine 1.0 mismatches 0 / 65536
layer2.attn_proj max 0.0 rel 0.0 cosine 1.0000001192092896 mismatches 0 / 65536
layer2.residual max 0.0 rel 0.0 cosine 0.9999999403953552 mismatches 0 / 65536
layer2.norm2 max 0.0 rel 0.0 cosine 1.0 mismatches 0 / 65536
layer2.gate max 0.0 rel 0.0 cosine 1.0000001192092896 mismatches 0 / 262144
layer2.up max 0.0 rel 0.0 cosine 1.0 mismatches 0 / 262144
layer2.swiglu max 0.0 rel 0.0 cosine 1.0 mismatches 0 / 262144
layer2.down max 0.0 rel 0.0 cosine 1.0000001192092896 mismatches 0 / 65536
layer2 max 0.0 rel 0.0 cosine 0.9999997615814209 mismatches 0 / 65536
layer3.norm1 max 0.0 rel 0.0 cosine 1.0000001192092896 mismatches 0 / 65536
layer3.qkv max 0.0 rel 0.0 cosine 1.0 mismatches 0 / 196608
layer3.q max 0.0 rel 0.0 cosine 1.0 mismatches 0 / 65536
layer3.k max 0.0 rel 0.0 cosine 1.0 mismatches 0 / 65536
layer3.scores0 max 0.0 rel 0.0 cosine 0.9999999403953552 mismatches 0 / 4096
layer3.probs0 max 0.0 rel 0.0 cosine 1.0 mismatches 0 / 4096
layer3.probs1 max 0.0 rel 0.0 cosine 1.0 mismatches 0 / 4096
layer3.probs2 max 0.0 rel 0.0 cosine 1.0 mismatches 0 / 4096
layer3.probs3 max 0.0 rel 0.0 cosine 0.9999999403953552 mismatches 0 / 4096
layer3.probs4 max 0.0 rel 0.0 cosine 1.0 mismatches 0 / 4096
layer3.probs5 max 0.0 rel 0.0 cosine 1.0 mismatches 0 / 4096
layer3.probs6 max 0.0 rel 0.0 cosine 1.0 mismatches 0 / 4096
layer3.probs7 max 0.0 rel 0.0 cosine 1.0 mismatches 0 / 4096
layer3.probs8 max 0.0 rel 0.0 cosine 1.0 mismatches 0 / 4096
layer3.probs9 max 0.0 rel 0.0 cosine 1.0 mismatches 0 / 4096
layer3.probs10 max 0.0 rel 0.0 cosine 0.9999998807907104 mismatches 0 / 4096
layer3.probs11 max 0.0 rel 0.0 cosine 0.9999999403953552 mismatches 0 / 4096
layer3.probs12 max 0.0 rel 0.0 cosine 0.9999999403953552 mismatches 0 / 4096
layer3.probs13 max 0.0 rel 0.0 cosine 1.0 mismatches 0 / 4096
layer3.probs14 max 0.0 rel 0.0 cosine 0.9999999403953552 mismatches 0 / 4096
layer3.probs15 max 0.0 rel 0.0 cosine 1.0 mismatches 0 / 4096
layer3.attn max 0.0 rel 0.0 cosine 1.0 mismatches 0 / 65536
layer3.attn_proj max 0.0 rel 0.0 cosine 1.0 mismatches 0 / 65536
layer3.residual max 0.0 rel 0.0 cosine 0.9999999403953552 mismatches 0 / 65536
layer3.norm2 max 0.0 rel 0.0 cosine 0.9999999403953552 mismatches 0 / 65536
layer3.gate max 0.0 rel 0.0 cosine 0.9999999403953552 mismatches 0 / 262144
layer3.up max 0.0 rel 0.0 cosine 0.9999998807907104 mismatches 0 / 262144
layer3.swiglu max 0.0 rel 0.0 cosine 1.0 mismatches 0 / 262144
layer3.down max 0.0 rel 0.0 cosine 1.0 mismatches 0 / 65536
layer3 max 0.0 rel 0.0 cosine 0.9999998211860657 mismatches 0 / 65536
layer4.norm1 max 0.0 rel 0.0 cosine 0.9999999403953552 mismatches 0 / 65536
layer4.qkv max 0.0 rel 0.0 cosine 0.9999998807907104 mismatches 0 / 196608
layer4.q max 0.0 rel 0.0 cosine 1.0 mismatches 0 / 65536
layer4.k max 0.0 rel 0.0 cosine 1.0 mismatches 0 / 65536
layer4.scores0 max 0.0 rel 0.0 cosine 0.9999999403953552 mismatches 0 / 4096
layer4.probs0 max 0.0 rel 0.0 cosine 1.0000001192092896 mismatches 0 / 4096
layer4.probs1 max 0.0 rel 0.0 cosine 0.9999999403953552 mismatches 0 / 4096
layer4.probs2 max 0.0 rel 0.0 cosine 1.0000001192092896 mismatches 0 / 4096
layer4.probs3 max 0.0 rel 0.0 cosine 1.0 mismatches 0 / 4096
layer4.probs4 max 0.0 rel 0.0 cosine 1.0 mismatches 0 / 4096
layer4.probs5 max 0.0 rel 0.0 cosine 1.0 mismatches 0 / 4096
layer4.probs6 max 0.0 rel 0.0 cosine 1.0 mismatches 0 / 4096
layer4.probs7 max 0.0 rel 0.0 cosine 1.0 mismatches 0 / 4096
layer4.probs8 max 0.0 rel 0.0 cosine 0.9999998807907104 mismatches 0 / 4096
layer4.probs9 max 0.0 rel 0.0 cosine 1.0000001192092896 mismatches 0 / 4096
layer4.probs10 max 0.0 rel 0.0 cosine 1.0 mismatches 0 / 4096
layer4.probs11 max 0.0 rel 0.0 cosine 1.0 mismatches 0 / 4096
layer4.probs12 max 0.0 rel 0.0 cosine 1.0000001192092896 mismatches 0 / 4096
layer4.probs13 max 0.0 rel 0.0 cosine 1.0 mismatches 0 / 4096
layer4.probs14 max 0.0 rel 0.0 cosine 1.0000001192092896 mismatches 0 / 4096
layer4.probs15 max 0.0 rel 0.0 cosine 1.0000001192092896 mismatches 0 / 4096
layer4.attn max 0.0 rel 0.0 cosine 0.9999998807907104 mismatches 0 / 65536
layer4.attn_proj max 0.0 rel 0.0 cosine 1.0000001192092896 mismatches 0 / 65536
layer4.residual max 0.0 rel 0.0 cosine 1.0 mismatches 0 / 65536
layer4.norm2 max 0.0 rel 0.0 cosine 1.0 mismatches 0 / 65536
layer4.gate max 0.0 rel 0.0 cosine 1.0 mismatches 0 / 262144
layer4.up max 0.0 rel 0.0 cosine 1.0 mismatches 0 / 262144
layer4.swiglu max 0.0 rel 0.0 cosine 1.0000001192092896 mismatches 0 / 262144
layer4.down max 0.0 rel 0.0 cosine 1.0 mismatches 0 / 65536
layer4 max 0.0 rel 0.0 cosine 0.9999999403953552 mismatches 0 / 65536
layer5.norm1 max 0.0 rel 0.0 cosine 1.0 mismatches 0 / 65536
layer5.qkv max 0.0 rel 0.0 cosine 0.9999998807907104 mismatches 0 / 196608
layer5.q max 0.0 rel 0.0 cosine 1.0 mismatches 0 / 65536
layer5.k max 0.0 rel 0.0 cosine 1.0 mismatches 0 / 65536
layer5.scores0 max 0.0 rel 0.0 cosine 1.0 mismatches 0 / 4096
layer5.probs0 max 0.0 rel 0.0 cosine 1.0 mismatches 0 / 4096
layer5.probs1 max 0.0 rel 0.0 cosine 0.9999999403953552 mismatches 0 / 4096
layer5.probs2 max 0.0 rel 0.0 cosine 1.0 mismatches 0 / 4096
layer5.probs3 max 0.0 rel 0.0 cosine 1.0 mismatches 0 / 4096
layer5.probs4 max 0.0 rel 0.0 cosine 0.9999998807907104 mismatches 0 / 4096
layer5.probs5 max 0.0 rel 0.0 cosine 0.9999998807907104 mismatches 0 / 4096
layer5.probs6 max 0.0 rel 0.0 cosine 1.0000001192092896 mismatches 0 / 4096
layer5.probs7 max 0.0 rel 0.0 cosine 1.0 mismatches 0 / 4096
layer5.probs8 max 0.0 rel 0.0 cosine 0.9999998807907104 mismatches 0 / 4096
layer5.probs9 max 0.0 rel 0.0 cosine 1.0 mismatches 0 / 4096
layer5.probs10 max 0.0 rel 0.0 cosine 0.9999999403953552 mismatches 0 / 4096
layer5.probs11 max 0.0 rel 0.0 cosine 0.9999999403953552 mismatches 0 / 4096
layer5.probs12 max 0.0 rel 0.0 cosine 1.0 mismatches 0 / 4096
layer5.probs13 max 0.0 rel 0.0 cosine 0.9999999403953552 mismatches 0 / 4096
layer5.probs14 max 0.0 rel 0.0 cosine 1.0 mismatches 0 / 4096
layer5.probs15 max 0.0 rel 0.0 cosine 1.0 mismatches 0 / 4096
layer5.attn max 0.0 rel 0.0 cosine 1.0000001192092896 mismatches 0 / 65536
layer5.attn_proj max 0.0 rel 0.0 cosine 1.0 mismatches 0 / 65536
layer5.residual max 0.0 rel 0.0 cosine 1.0000001192092896 mismatches 0 / 65536
layer5.norm2 max 0.0 rel 0.0 cosine 0.9999999403953552 mismatches 0 / 65536
layer5.gate max 0.0 rel 0.0 cosine 1.0 mismatches 0 / 262144
layer5.up max 0.0 rel 0.0 cosine 1.0000001192092896 mismatches 0 / 262144
layer5.swiglu max 0.0 rel 0.0 cosine 1.0 mismatches 0 / 262144
layer5.down max 0.0 rel 0.0 cosine 0.9999999403953552 mismatches 0 / 65536
layer5 max 0.0 rel 0.0 cosine 1.0000001192092896 mismatches 0 / 65536
layer6.norm1 max 0.0 rel 0.0 cosine 1.0 mismatches 0 / 65536
layer6.qkv max 0.0 rel 0.0 cosine 1.0000001192092896 mismatches 0 / 196608
layer6.q max 0.0 rel 0.0 cosine 1.0 mismatches 0 / 65536
layer6.k max 0.0 rel 0.0 cosine 1.0 mismatches 0 / 65536
layer6.scores0 max 0.0 rel 0.0 cosine 1.0 mismatches 0 / 4096
layer6.probs0 max 0.0 rel 0.0 cosine 1.0000001192092896 mismatches 0 / 4096
layer6.probs1 max 0.0 rel 0.0 cosine 0.9999998807907104 mismatches 0 / 4096
layer6.probs2 max 0.0 rel 0.0 cosine 0.9999999403953552 mismatches 0 / 4096
layer6.probs3 max 0.0 rel 0.0 cosine 1.0 mismatches 0 / 4096
layer6.probs4 max 0.0 rel 0.0 cosine 0.9999999403953552 mismatches 0 / 4096
layer6.probs5 max 0.0 rel 0.0 cosine 1.0000001192092896 mismatches 0 / 4096
layer6.probs6 max 0.0 rel 0.0 cosine 1.0 mismatches 0 / 4096
layer6.probs7 max 0.0 rel 0.0 cosine 0.9999999403953552 mismatches 0 / 4096
layer6.probs8 max 0.0 rel 0.0 cosine 1.0 mismatches 0 / 4096
layer6.probs9 max 0.0 rel 0.0 cosine 1.0000001192092896 mismatches 0 / 4096
layer6.probs10 max 0.0 rel 0.0 cosine 1.0 mismatches 0 / 4096
layer6.probs11 max 0.0 rel 0.0 cosine 1.0 mismatches 0 / 4096
layer6.probs12 max 0.0 rel 0.0 cosine 1.0 mismatches 0 / 4096
layer6.probs13 max 0.0 rel 0.0 cosine 1.0 mismatches 0 / 4096
layer6.probs14 max 0.0 rel 0.0 cosine 0.9999998807907104 mismatches 0 / 4096
layer6.probs15 max 0.0 rel 0.0 cosine 1.0 mismatches 0 / 4096
layer6.attn max 0.0 rel 0.0 cosine 1.0 mismatches 0 / 65536
layer6.attn_proj max 0.0 rel 0.0 cosine 1.0000001192092896 mismatches 0 / 65536
layer6.residual max 0.0 rel 0.0 cosine 1.0 mismatches 0 / 65536
layer6.norm2 max 0.0 rel 0.0 cosine 1.0 mismatches 0 / 65536
layer6.gate max 0.0 rel 0.0 cosine 1.0 mismatches 0 / 262144
layer6.up max 0.0 rel 0.0 cosine 1.0 mismatches 0 / 262144
layer6.swiglu max 0.0 rel 0.0 cosine 0.9999998807907104 mismatches 0 / 262144
layer6.down max 0.0 rel 0.0 cosine 1.0 mismatches 0 / 65536
layer6 max 0.0 rel 0.0 cosine 1.0000001192092896 mismatches 0 / 65536
layer7.norm1 max 0.0 rel 0.0 cosine 1.0000001192092896 mismatches 0 / 65536
layer7.qkv max 0.0 rel 0.0 cosine 0.9999998807907104 mismatches 0 / 196608
layer7.q max 0.0 rel 0.0 cosine 1.0000001192092896 mismatches 0 / 65536
layer7.k max 0.0 rel 0.0 cosine 1.0000001192092896 mismatches 0 / 65536
layer7.scores0 max 0.0 rel 0.0 cosine 1.0 mismatches 0 / 4096
layer7.probs0 max 0.0 rel 0.0 cosine 0.9999998807907104 mismatches 0 / 4096
layer7.probs1 max 0.0 rel 0.0 cosine 0.9999998807907104 mismatches 0 / 4096
layer7.probs2 max 0.0 rel 0.0 cosine 1.0 mismatches 0 / 4096
layer7.probs3 max 0.0 rel 0.0 cosine 1.0 mismatches 0 / 4096
layer7.probs4 max 0.0 rel 0.0 cosine 0.9999998807907104 mismatches 0 / 4096
layer7.probs5 max 0.0 rel 0.0 cosine 0.9999998807907104 mismatches 0 / 4096
layer7.probs6 max 0.0 rel 0.0 cosine 1.0000001192092896 mismatches 0 / 4096
layer7.probs7 max 0.0 rel 0.0 cosine 0.9999998807907104 mismatches 0 / 4096
layer7.probs8 max 0.0 rel 0.0 cosine 1.0 mismatches 0 / 4096
layer7.probs9 max 0.0 rel 0.0 cosine 0.9999999403953552 mismatches 0 / 4096
layer7.probs10 max 0.0 rel 0.0 cosine 1.0 mismatches 0 / 4096
layer7.probs11 max 0.0 rel 0.0 cosine 1.0 mismatches 0 / 4096
layer7.probs12 max 0.0 rel 0.0 cosine 1.0 mismatches 0 / 4096
layer7.probs13 max 0.0 rel 0.0 cosine 1.0 mismatches 0 / 4096
layer7.probs14 max 0.0 rel 0.0 cosine 1.0 mismatches 0 / 4096
layer7.probs15 max 0.0 rel 0.0 cosine 1.0 mismatches 0 / 4096
layer7.attn max 0.0 rel 0.0 cosine 1.000000238418579 mismatches 0 / 65536
layer7.attn_proj max 0.0 rel 0.0 cosine 1.0 mismatches 0 / 65536
layer7.residual max 0.0 rel 0.0 cosine 0.9999999403953552 mismatches 0 / 65536
layer7.norm2 max 0.0 rel 0.0 cosine 1.0 mismatches 0 / 65536
layer7.gate max 0.0 rel 0.0 cosine 0.9999998807907104 mismatches 0 / 262144
layer7.up max 0.0 rel 0.0 cosine 1.0 mismatches 0 / 262144
layer7.swiglu max 0.0 rel 0.0 cosine 0.9999999403953552 mismatches 0 / 262144
layer7.down max 0.0 rel 0.0 cosine 0.9999999403953552 mismatches 0 / 65536
layer7 max 0.0 rel 0.0 cosine 1.0000001192092896 mismatches 0 / 65536
layer8.norm1 max 0.0 rel 0.0 cosine 1.000000238418579 mismatches 0 / 65536
layer8.qkv max 0.0 rel 0.0 cosine 1.0 mismatches 0 / 196608
layer8.q max 0.0 rel 0.0 cosine 1.0000001192092896 mismatches 0 / 65536
layer8.k max 0.0 rel 0.0 cosine 1.0 mismatches 0 / 65536
layer8.scores0 max 0.0 rel 0.0 cosine 1.0000001192092896 mismatches 0 / 4096
layer8.probs0 max 0.0 rel 0.0 cosine 0.9999998807907104 mismatches 0 / 4096
layer8.probs1 max 0.0 rel 0.0 cosine 1.0 mismatches 0 / 4096
layer8.probs2 max 0.0 rel 0.0 cosine 1.0 mismatches 0 / 4096
layer8.probs3 max 0.0 rel 0.0 cosine 1.0 mismatches 0 / 4096
layer8.probs4 max 0.0 rel 0.0 cosine 0.9999999403953552 mismatches 0 / 4096
layer8.probs5 max 0.0 rel 0.0 cosine 1.0 mismatches 0 / 4096
layer8.probs6 max 0.0 rel 0.0 cosine 0.9999999403953552 mismatches 0 / 4096
layer8.probs7 max 0.0 rel 0.0 cosine 1.0 mismatches 0 / 4096
layer8.probs8 max 0.0 rel 0.0 cosine 1.0 mismatches 0 / 4096
layer8.probs9 max 0.0 rel 0.0 cosine 1.0 mismatches 0 / 4096
layer8.probs10 max 0.0 rel 0.0 cosine 1.0000001192092896 mismatches 0 / 4096
layer8.probs11 max 0.0 rel 0.0 cosine 1.0000001192092896 mismatches 0 / 4096
layer8.probs12 max 0.0 rel 0.0 cosine 1.000000238418579 mismatches 0 / 4096
layer8.probs13 max 0.0 rel 0.0 cosine 0.9999998807907104 mismatches 0 / 4096
layer8.probs14 max 0.0 rel 0.0 cosine 1.0 mismatches 0 / 4096
layer8.probs15 max 0.0 rel 0.0 cosine 1.0 mismatches 0 / 4096
layer8.attn max 0.0 rel 0.0 cosine 1.0000001192092896 mismatches 0 / 65536
layer8.attn_proj max 0.0 rel 0.0 cosine 1.0 mismatches 0 / 65536
layer8.residual max 0.0 rel 0.0 cosine 1.0000001192092896 mismatches 0 / 65536
layer8.norm2 max 0.0 rel 0.0 cosine 0.9999998807907104 mismatches 0 / 65536
layer8.gate max 0.0 rel 0.0 cosine 1.0 mismatches 0 / 262144
layer8.up max 0.0 rel 0.0 cosine 0.9999999403953552 mismatches 0 / 262144
layer8.swiglu max 0.0 rel 0.0 cosine 1.0 mismatches 0 / 262144
layer8.down max 0.0 rel 0.0 cosine 1.0 mismatches 0 / 65536
layer8 max 0.0 rel 0.0 cosine 1.0 mismatches 0 / 65536
layer9.norm1 max 0.0 rel 0.0 cosine 1.0 mismatches 0 / 65536
layer9.qkv max 0.0 rel 0.0 cosine 0.9999999403953552 mismatches 0 / 196608
layer9.q max 0.0 rel 0.0 cosine 1.0 mismatches 0 / 65536
layer9.k max 0.0 rel 0.0 cosine 1.0 mismatches 0 / 65536
layer9.scores0 max 0.0 rel 0.0 cosine 1.0 mismatches 0 / 4096
layer9.probs0 max 0.0 rel 0.0 cosine 1.0 mismatches 0 / 4096
layer9.probs1 max 0.0 rel 0.0 cosine 0.9999998807907104 mismatches 0 / 4096
layer9.probs2 max 0.0 rel 0.0 cosine 1.0 mismatches 0 / 4096
layer9.probs3 max 0.0 rel 0.0 cosine 1.0 mismatches 0 / 4096
layer9.probs4 max 0.0 rel 0.0 cosine 0.9999999403953552 mismatches 0 / 4096
layer9.probs5 max 0.0 rel 0.0 cosine 1.0 mismatches 0 / 4096
layer9.probs6 max 0.0 rel 0.0 cosine 1.0 mismatches 0 / 4096
layer9.probs7 max 0.0 rel 0.0 cosine 1.0000001192092896 mismatches 0 / 4096
layer9.probs8 max 0.0 rel 0.0 cosine 0.9999999403953552 mismatches 0 / 4096
layer9.probs9 max 0.0 rel 0.0 cosine 1.0 mismatches 0 / 4096
layer9.probs10 max 0.0 rel 0.0 cosine 0.9999999403953552 mismatches 0 / 4096
layer9.probs11 max 0.0 rel 0.0 cosine 1.0000001192092896 mismatches 0 / 4096
layer9.probs12 max 0.0 rel 0.0 cosine 1.0 mismatches 0 / 4096
layer9.probs13 max 0.0 rel 0.0 cosine 1.0 mismatches 0 / 4096
layer9.probs14 max 0.0 rel 0.0 cosine 1.0 mismatches 0 / 4096
layer9.probs15 max 0.0 rel 0.0 cosine 1.0000001192092896 mismatches 0 / 4096
layer9.attn max 0.0 rel 0.0 cosine 1.0 mismatches 0 / 65536
layer9.attn_proj max 0.0 rel 0.0 cosine 1.0000001192092896 mismatches 0 / 65536
layer9.residual max 0.0 rel 0.0 cosine 1.0 mismatches 0 / 65536
layer9.norm2 max 0.0 rel 0.0 cosine 1.0 mismatches 0 / 65536
layer9.gate max 0.0 rel 0.0 cosine 1.0000001192092896 mismatches 0 / 262144
layer9.up max 0.0 rel 0.0 cosine 0.9999998807907104 mismatches 0 / 262144
layer9.swiglu max 0.0 rel 0.0 cosine 1.0 mismatches 0 / 262144
layer9.down max 0.0 rel 0.0 cosine 1.0 mismatches 0 / 65536
layer9 max 0.0 rel 0.0 cosine 1.0 mismatches 0 / 65536
layer10.norm1 max 0.0 rel 0.0 cosine 1.0 mismatches 0 / 65536
layer10.qkv max 0.0 rel 0.0 cosine 0.9999998807907104 mismatches 0 / 196608
layer10.q max 0.0 rel 0.0 cosine 1.0 mismatches 0 / 65536
layer10.k max 0.0 rel 0.0 cosine 1.0 mismatches 0 / 65536
layer10.scores0 max 0.0 rel 0.0 cosine 1.0000001192092896 mismatches 0 / 4096
layer10.probs0 max 0.0 rel 0.0 cosine 1.0 mismatches 0 / 4096
layer10.probs1 max 0.0 rel 0.0 cosine 0.9999998807907104 mismatches 0 / 4096
layer10.probs2 max 0.0 rel 0.0 cosine 1.0 mismatches 0 / 4096
layer10.probs3 max 0.0 rel 0.0 cosine 1.0 mismatches 0 / 4096
layer10.probs4 max 0.0 rel 0.0 cosine 1.0 mismatches 0 / 4096
layer10.probs5 max 0.0 rel 0.0 cosine 0.9999998807907104 mismatches 0 / 4096
layer10.probs6 max 0.0 rel 0.0 cosine 1.0 mismatches 0 / 4096
layer10.probs7 max 0.0 rel 0.0 cosine 1.0 mismatches 0 / 4096
layer10.probs8 max 0.0 rel 0.0 cosine 1.0000001192092896 mismatches 0 / 4096
layer10.probs9 max 0.0 rel 0.0 cosine 1.0000001192092896 mismatches 0 / 4096
layer10.probs10 max 0.0 rel 0.0 cosine 0.9999998807907104 mismatches 0 / 4096
layer10.probs11 max 0.0 rel 0.0 cosine 1.0 mismatches 0 / 4096
layer10.probs12 max 0.0 rel 0.0 cosine 1.0000001192092896 mismatches 0 / 4096
layer10.probs13 max 0.0 rel 0.0 cosine 0.9999999403953552 mismatches 0 / 4096
layer10.probs14 max 0.0 rel 0.0 cosine 0.9999999403953552 mismatches 0 / 4096
layer10.probs15 max 0.0 rel 0.0 cosine 1.0000001192092896 mismatches 0 / 4096
layer10.attn max 0.0 rel 0.0 cosine 1.0 mismatches 0 / 65536
layer10.attn_proj max 0.0 rel 0.0 cosine 1.0 mismatches 0 / 65536
layer10.residual max 0.0 rel 0.0 cosine 1.0 mismatches 0 / 65536
layer10.norm2 max 0.0 rel 0.0 cosine 1.0 mismatches 0 / 65536
layer10.gate max 0.0 rel 0.0 cosine 1.0 mismatches 0 / 262144
layer10.up max 0.0 rel 0.0 cosine 0.9999999403953552 mismatches 0 / 262144
layer10.swiglu max 0.0 rel 0.0 cosine 1.0 mismatches 0 / 262144
layer10.down max 0.0 rel 0.0 cosine 0.9999998807907104 mismatches 0 / 65536
layer10 max 0.0 rel 0.0 cosine 1.0000001192092896 mismatches 0 / 65536
layer11.norm1 max 0.0 rel 0.0 cosine 1.0 mismatches 0 / 65536
layer11.qkv max 0.0 rel 0.0 cosine 1.0000001192092896 mismatches 0 / 196608
layer11.q max 0.0 rel 0.0 cosine 1.0 mismatches 0 / 65536
layer11.k max 0.0 rel 0.0 cosine 1.0 mismatches 0 / 65536
layer11.scores0 max 0.0 rel 0.0 cosine 1.0 mismatches 0 / 4096
layer11.probs0 max 0.0 rel 0.0 cosine 1.000000238418579 mismatches 0 / 4096
layer11.probs1 max 0.0 rel 0.0 cosine 1.0000001192092896 mismatches 0 / 4096
layer11.probs2 max 0.0 rel 0.0 cosine 1.0 mismatches 0 / 4096
layer11.probs3 max 0.0 rel 0.0 cosine 1.0000001192092896 mismatches 0 / 4096
layer11.probs4 max 0.0 rel 0.0 cosine 1.0 mismatches 0 / 4096
layer11.probs5 max 0.0 rel 0.0 cosine 1.0 mismatches 0 / 4096
layer11.probs6 max 0.0 rel 0.0 cosine 0.9999999403953552 mismatches 0 / 4096
layer11.probs7 max 0.0 rel 0.0 cosine 1.0 mismatches 0 / 4096
layer11.probs8 max 0.0 rel 0.0 cosine 1.000000238418579 mismatches 0 / 4096
layer11.probs9 max 0.0 rel 0.0 cosine 0.9999999403953552 mismatches 0 / 4096
layer11.probs10 max 0.0 rel 0.0 cosine 1.0 mismatches 0 / 4096
layer11.probs11 max 0.0 rel 0.0 cosine 1.0000001192092896 mismatches 0 / 4096
layer11.probs12 max 0.0 rel 0.0 cosine 1.0 mismatches 0 / 4096
layer11.probs13 max 0.0 rel 0.0 cosine 1.0 mismatches 0 / 4096
layer11.probs14 max 0.0 rel 0.0 cosine 0.9999999403953552 mismatches 0 / 4096
layer11.probs15 max 0.0 rel 0.0 cosine 1.0 mismatches 0 / 4096
layer11.attn max 0.0 rel 0.0 cosine 1.0 mismatches 0 / 65536
layer11.attn_proj max 0.0 rel 0.0 cosine 1.0000001192092896 mismatches 0 / 65536
layer11.residual max 0.0 rel 0.0 cosine 0.9999998211860657 mismatches 0 / 65536
layer11.norm2 max 0.0 rel 0.0 cosine 1.0000001192092896 mismatches 0 / 65536
layer11.gate max 0.0 rel 0.0 cosine 1.0000001192092896 mismatches 0 / 262144
layer11.up max 0.0 rel 0.0 cosine 1.0 mismatches 0 / 262144
layer11.swiglu max 0.0 rel 0.0 cosine 0.9999999403953552 mismatches 0 / 262144
layer11.down max 0.0 rel 0.0 cosine 1.0 mismatches 0 / 65536
layer11 max 0.0 rel 0.0 cosine 0.9999998807907104 mismatches 0 / 65536
layer12.norm1 max 0.0 rel 0.0 cosine 1.0 mismatches 0 / 65536
layer12.qkv max 0.0 rel 0.0 cosine 1.0 mismatches 0 / 196608
layer12.q max 0.0 rel 0.0 cosine 0.9999999403953552 mismatches 0 / 65536
layer12.k max 0.0 rel 0.0 cosine 1.0 mismatches 0 / 65536
layer12.scores0 max 0.0 rel 0.0 cosine 1.0 mismatches 0 / 4096
layer12.probs0 max 0.0 rel 0.0 cosine 1.0 mismatches 0 / 4096
layer12.probs1 max 0.0 rel 0.0 cosine 1.0 mismatches 0 / 4096
layer12.probs2 max 0.0 rel 0.0 cosine 1.0000001192092896 mismatches 0 / 4096
layer12.probs3 max 0.0 rel 0.0 cosine 0.9999999403953552 mismatches 0 / 4096
layer12.probs4 max 0.0 rel 0.0 cosine 0.9999999403953552 mismatches 0 / 4096
layer12.probs5 max 0.0 rel 0.0 cosine 1.0 mismatches 0 / 4096
layer12.probs6 max 0.0 rel 0.0 cosine 1.0 mismatches 0 / 4096
layer12.probs7 max 0.0 rel 0.0 cosine 1.0 mismatches 0 / 4096
layer12.probs8 max 0.0 rel 0.0 cosine 0.9999998807907104 mismatches 0 / 4096
layer12.probs9 max 0.0 rel 0.0 cosine 1.0 mismatches 0 / 4096
layer12.probs10 max 0.0 rel 0.0 cosine 0.9999999403953552 mismatches 0 / 4096
layer12.probs11 max 0.0 rel 0.0 cosine 1.0 mismatches 0 / 4096
layer12.probs12 max 0.0 rel 0.0 cosine 1.0 mismatches 0 / 4096
layer12.probs13 max 0.0 rel 0.0 cosine 0.9999999403953552 mismatches 0 / 4096
layer12.probs14 max 0.0 rel 0.0 cosine 1.0000001192092896 mismatches 0 / 4096
layer12.probs15 max 0.0 rel 0.0 cosine 0.9999998807907104 mismatches 0 / 4096
layer12.attn max 0.0 rel 0.0 cosine 1.0 mismatches 0 / 65536
layer12.attn_proj max 0.0 rel 0.0 cosine 1.0 mismatches 0 / 65536
layer12.residual max 0.0 rel 0.0 cosine 1.0 mismatches 0 / 65536
layer12.norm2 max 0.0 rel 0.0 cosine 0.9999999403953552 mismatches 0 / 65536
layer12.gate max 0.0 rel 0.0 cosine 0.9999999403953552 mismatches 0 / 262144
layer12.up max 0.0 rel 0.0 cosine 1.0000001192092896 mismatches 0 / 262144
layer12.swiglu max 0.0 rel 0.0 cosine 1.0 mismatches 0 / 262144
layer12.down max 0.0 rel 0.0 cosine 1.0 mismatches 0 / 65536
layer12 max 0.0 rel 0.0 cosine 1.0 mismatches 0 / 65536
layer13.norm1 max 0.0 rel 0.0 cosine 1.0 mismatches 0 / 65536
layer13.qkv max 0.0 rel 0.0 cosine 0.9999998807907104 mismatches 0 / 196608
layer13.q max 0.0 rel 0.0 cosine 1.0 mismatches 0 / 65536
layer13.k max 0.0 rel 0.0 cosine 0.9999999403953552 mismatches 0 / 65536
layer13.scores0 max 0.0 rel 0.0 cosine 1.0 mismatches 0 / 4096
layer13.probs0 max 0.0 rel 0.0 cosine 0.9999999403953552 mismatches 0 / 4096
layer13.probs1 max 0.0 rel 0.0 cosine 0.9999999403953552 mismatches 0 / 4096
layer13.probs2 max 0.0 rel 0.0 cosine 1.0 mismatches 0 / 4096
layer13.probs3 max 0.0 rel 0.0 cosine 1.0 mismatches 0 / 4096
layer13.probs4 max 0.0 rel 0.0 cosine 1.0 mismatches 0 / 4096
layer13.probs5 max 0.0 rel 0.0 cosine 1.0 mismatches 0 / 4096
layer13.probs6 max 0.0 rel 0.0 cosine 1.0 mismatches 0 / 4096
layer13.probs7 max 0.0 rel 0.0 cosine 1.0 mismatches 0 / 4096
layer13.probs8 max 0.0 rel 0.0 cosine 0.9999998807907104 mismatches 0 / 4096
layer13.probs9 max 0.0 rel 0.0 cosine 1.0000001192092896 mismatches 0 / 4096
layer13.probs10 max 0.0 rel 0.0 cosine 0.9999999403953552 mismatches 0 / 4096
layer13.probs11 max 0.0 rel 0.0 cosine 1.0 mismatches 0 / 4096
layer13.probs12 max 0.0 rel 0.0 cosine 1.0 mismatches 0 / 4096
layer13.probs13 max 0.0 rel 0.0 cosine 1.0 mismatches 0 / 4096
layer13.probs14 max 0.0 rel 0.0 cosine 0.9999999403953552 mismatches 0 / 4096
layer13.probs15 max 0.0 rel 0.0 cosine 1.0 mismatches 0 / 4096
layer13.attn max 0.0 rel 0.0 cosine 1.0 mismatches 0 / 65536
layer13.attn_proj max 0.0 rel 0.0 cosine 0.9999999403953552 mismatches 0 / 65536
layer13.residual max 0.0 rel 0.0 cosine 1.0 mismatches 0 / 65536
layer13.norm2 max 0.0 rel 0.0 cosine 1.0000001192092896 mismatches 0 / 65536
layer13.gate max 0.0 rel 0.0 cosine 1.0 mismatches 0 / 262144
layer13.up max 0.0 rel 0.0 cosine 1.0 mismatches 0 / 262144
layer13.swiglu max 0.0 rel 0.0 cosine 1.0000001192092896 mismatches 0 / 262144
layer13.down max 0.0 rel 0.0 cosine 1.0000001192092896 mismatches 0 / 65536
layer13 max 0.0 rel 0.0 cosine 1.0000001192092896 mismatches 0 / 65536
layer14.norm1 max 0.0 rel 0.0 cosine 1.0 mismatches 0 / 65536
layer14.qkv max 0.0 rel 0.0 cosine 0.9999999403953552 mismatches 0 / 196608
layer14.q max 0.0 rel 0.0 cosine 1.0 mismatches 0 / 65536
layer14.k max 0.0 rel 0.0 cosine 0.9999998807907104 mismatches 0 / 65536
layer14.scores0 max 0.0 rel 0.0 cosine 1.0 mismatches 0 / 4096
layer14.probs0 max 0.0 rel 0.0 cosine 1.0 mismatches 0 / 4096
layer14.probs1 max 0.0 rel 0.0 cosine 1.0000001192092896 mismatches 0 / 4096
layer14.probs2 max 0.0 rel 0.0 cosine 0.9999999403953552 mismatches 0 / 4096
layer14.probs3 max 0.0 rel 0.0 cosine 1.000000238418579 mismatches 0 / 4096
layer14.probs4 max 0.0 rel 0.0 cosine 1.0 mismatches 0 / 4096
layer14.probs5 max 0.0 rel 0.0 cosine 0.9999998807907104 mismatches 0 / 4096
layer14.probs6 max 0.0 rel 0.0 cosine 1.0000001192092896 mismatches 0 / 4096
layer14.probs7 max 0.0 rel 0.0 cosine 0.9999998211860657 mismatches 0 / 4096
layer14.probs8 max 0.0 rel 0.0 cosine 1.000000238418579 mismatches 0 / 4096
layer14.probs9 max 0.0 rel 0.0 cosine 1.0000001192092896 mismatches 0 / 4096
layer14.probs10 max 0.0 rel 0.0 cosine 1.0 mismatches 0 / 4096
layer14.probs11 max 0.0 rel 0.0 cosine 1.0 mismatches 0 / 4096
layer14.probs12 max 0.0 rel 0.0 cosine 0.9999998807907104 mismatches 0 / 4096
layer14.probs13 max 0.0 rel 0.0 cosine 1.0 mismatches 0 / 4096
layer14.probs14 max 0.0 rel 0.0 cosine 0.9999999403953552 mismatches 0 / 4096
layer14.probs15 max 0.0 rel 0.0 cosine 0.9999998807907104 mismatches 0 / 4096
layer14.attn max 0.0 rel 0.0 cosine 1.0 mismatches 0 / 65536
layer14.attn_proj max 0.0 rel 0.0 cosine 0.9999999403953552 mismatches 0 / 65536
layer14.residual max 0.0 rel 0.0 cosine 0.9999999403953552 mismatches 0 / 65536
layer14.norm2 max 0.0 rel 0.0 cosine 1.0 mismatches 0 / 65536
layer14.gate max 0.0 rel 0.0 cosine 1.0 mismatches 0 / 262144
layer14.up max 0.0 rel 0.0 cosine 1.0000001192092896 mismatches 0 / 262144
layer14.swiglu max 0.0 rel 0.0 cosine 1.0 mismatches 0 / 262144
layer14.down max 0.0 rel 0.0 cosine 0.9999999403953552 mismatches 0 / 65536
layer14 max 0.0 rel 0.0 cosine 0.9999998807907104 mismatches 0 / 65536
layer15.norm1 max 0.0 rel 0.0 cosine 1.0 mismatches 0 / 65536
layer15.qkv max 0.0 rel 0.0 cosine 1.0 mismatches 0 / 196608
layer15.q max 0.0 rel 0.0 cosine 1.0 mismatches 0 / 65536
layer15.k max 0.0 rel 0.0 cosine 1.0000001192092896 mismatches 0 / 65536
layer15.scores0 max 0.0 rel 0.0 cosine 1.0 mismatches 0 / 4096
layer15.probs0 max 0.0 rel 0.0 cosine 0.9999999403953552 mismatches 0 / 4096
layer15.probs1 max 0.0 rel 0.0 cosine 1.0000001192092896 mismatches 0 / 4096
layer15.probs2 max 0.0 rel 0.0 cosine 1.0 mismatches 0 / 4096
layer15.probs3 max 0.0 rel 0.0 cosine 0.9999998807907104 mismatches 0 / 4096
layer15.probs4 max 0.0 rel 0.0 cosine 0.9999999403953552 mismatches 0 / 4096
layer15.probs5 max 0.0 rel 0.0 cosine 0.9999999403953552 mismatches 0 / 4096
layer15.probs6 max 0.0 rel 0.0 cosine 1.0 mismatches 0 / 4096
layer15.probs7 max 0.0 rel 0.0 cosine 1.0 mismatches 0 / 4096
layer15.probs8 max 0.0 rel 0.0 cosine 1.0000001192092896 mismatches 0 / 4096
layer15.probs9 max 0.0 rel 0.0 cosine 1.0 mismatches 0 / 4096
layer15.probs10 max 0.0 rel 0.0 cosine 1.0000001192092896 mismatches 0 / 4096
layer15.probs11 max 0.0 rel 0.0 cosine 1.0 mismatches 0 / 4096
layer15.probs12 max 0.0 rel 0.0 cosine 1.0 mismatches 0 / 4096
layer15.probs13 max 0.0 rel 0.0 cosine 0.9999998807907104 mismatches 0 / 4096
layer15.probs14 max 0.0 rel 0.0 cosine 1.0000001192092896 mismatches 0 / 4096
layer15.probs15 max 0.0 rel 0.0 cosine 1.0 mismatches 0 / 4096
layer15.attn max 0.0 rel 0.0 cosine 1.0 mismatches 0 / 65536
layer15.attn_proj max 0.0 rel 0.0 cosine 1.0 mismatches 0 / 65536
layer15.residual max 0.0 rel 0.0 cosine 1.0 mismatches 0 / 65536
layer15.norm2 max 0.0 rel 0.0 cosine 0.9999998807907104 mismatches 0 / 65536
layer15.gate max 0.0 rel 0.0 cosine 0.9999999403953552 mismatches 0 / 262144
layer15.up max 0.0 rel 0.0 cosine 1.0 mismatches 0 / 262144
layer15.swiglu max 0.0 rel 0.0 cosine 1.0 mismatches 0 / 262144
layer15.down max 0.0 rel 0.0 cosine 1.0 mismatches 0 / 65536
layer15 max 0.0 rel 0.0 cosine 1.0 mismatches 0 / 65536
layer16.norm1 max 0.0 rel 0.0 cosine 1.000000238418579 mismatches 0 / 65536
layer16.qkv max 0.0 rel 0.0 cosine 0.9999998807907104 mismatches 0 / 196608
layer16.q max 0.0 rel 0.0 cosine 1.0 mismatches 0 / 65536
layer16.k max 0.0 rel 0.0 cosine 0.9999998807907104 mismatches 0 / 65536
layer16.scores0 max 0.0 rel 0.0 cosine 1.0 mismatches 0 / 4096
layer16.probs0 max 0.0 rel 0.0 cosine 1.0 mismatches 0 / 4096
layer16.probs1 max 0.0 rel 0.0 cosine 1.0000001192092896 mismatches 0 / 4096
layer16.probs2 max 0.0 rel 0.0 cosine 0.9999998807907104 mismatches 0 / 4096
layer16.probs3 max 0.0 rel 0.0 cosine 1.0 mismatches 0 / 4096
layer16.probs4 max 0.0 rel 0.0 cosine 1.0000001192092896 mismatches 0 / 4096
layer16.probs5 max 0.0 rel 0.0 cosine 0.9999998807907104 mismatches 0 / 4096
layer16.probs6 max 0.0 rel 0.0 cosine 1.0 mismatches 0 / 4096
layer16.probs7 max 0.0 rel 0.0 cosine 1.0000001192092896 mismatches 0 / 4096
layer16.probs8 max 0.0 rel 0.0 cosine 1.0 mismatches 0 / 4096
layer16.probs9 max 0.0 rel 0.0 cosine 1.0000001192092896 mismatches 0 / 4096
layer16.probs10 max 0.0 rel 0.0 cosine 1.0 mismatches 0 / 4096
layer16.probs11 max 0.0 rel 0.0 cosine 1.0 mismatches 0 / 4096
layer16.probs12 max 0.0 rel 0.0 cosine 1.0000001192092896 mismatches 0 / 4096
layer16.probs13 max 0.0 rel 0.0 cosine 1.0 mismatches 0 / 4096
layer16.probs14 max 0.0 rel 0.0 cosine 0.9999998807907104 mismatches 0 / 4096
layer16.probs15 max 0.0 rel 0.0 cosine 1.0 mismatches 0 / 4096
layer16.attn max 0.0 rel 0.0 cosine 1.0000001192092896 mismatches 0 / 65536
layer16.attn_proj max 0.0 rel 0.0 cosine 1.0 mismatches 0 / 65536
layer16.residual max 0.0 rel 0.0 cosine 0.9999999403953552 mismatches 0 / 65536
layer16.norm2 max 0.0 rel 0.0 cosine 0.9999999403953552 mismatches 0 / 65536
layer16.gate max 0.0 rel 0.0 cosine 1.0 mismatches 0 / 262144
layer16.up max 0.0 rel 0.0 cosine 0.9999999403953552 mismatches 0 / 262144
layer16.swiglu max 0.0 rel 0.0 cosine 1.0000001192092896 mismatches 0 / 262144
layer16.down max 0.0 rel 0.0 cosine 0.9999999403953552 mismatches 0 / 65536
layer16 max 0.0 rel 0.0 cosine 1.0 mismatches 0 / 65536
layer17.norm1 max 0.0 rel 0.0 cosine 1.0 mismatches 0 / 65536
layer17.qkv max 0.0 rel 0.0 cosine 1.0 mismatches 0 / 196608
layer17.q max 0.0 rel 0.0 cosine 1.0000001192092896 mismatches 0 / 65536
layer17.k max 0.0 rel 0.0 cosine 1.0000001192092896 mismatches 0 / 65536
layer17.scores0 max 0.0 rel 0.0 cosine 1.0 mismatches 0 / 4096
layer17.probs0 max 0.0 rel 0.0 cosine 0.9999999403953552 mismatches 0 / 4096
layer17.probs1 max 0.0 rel 0.0 cosine 0.9999999403953552 mismatches 0 / 4096
layer17.probs2 max 0.0 rel 0.0 cosine 1.000000238418579 mismatches 0 / 4096
layer17.probs3 max 0.0 rel 0.0 cosine 0.9999998807907104 mismatches 0 / 4096
layer17.probs4 max 0.0 rel 0.0 cosine 1.0 mismatches 0 / 4096
layer17.probs5 max 0.0 rel 0.0 cosine 0.9999999403953552 mismatches 0 / 4096
layer17.probs6 max 0.0 rel 0.0 cosine 0.9999998807907104 mismatches 0 / 4096
layer17.probs7 max 0.0 rel 0.0 cosine 1.0 mismatches 0 / 4096
layer17.probs8 max 0.0 rel 0.0 cosine 1.0 mismatches 0 / 4096
layer17.probs9 max 0.0 rel 0.0 cosine 1.0 mismatches 0 / 4096
layer17.probs10 max 0.0 rel 0.0 cosine 1.0 mismatches 0 / 4096
layer17.probs11 max 0.0 rel 0.0 cosine 0.9999999403953552 mismatches 0 / 4096
layer17.probs12 max 0.0 rel 0.0 cosine 0.9999998807907104 mismatches 0 / 4096
layer17.probs13 max 0.0 rel 0.0 cosine 1.0 mismatches 0 / 4096
layer17.probs14 max 0.0 rel 0.0 cosine 1.0 mismatches 0 / 4096
layer17.probs15 max 0.0 rel 0.0 cosine 0.9999999403953552 mismatches 0 / 4096
layer17.attn max 0.0 rel 0.0 cosine 1.0000001192092896 mismatches 0 / 65536
layer17.attn_proj max 0.0 rel 0.0 cosine 0.9999999403953552 mismatches 0 / 65536
layer17.residual max 0.0 rel 0.0 cosine 1.0 mismatches 0 / 65536
layer17.norm2 max 0.0 rel 0.0 cosine 0.9999998807907104 mismatches 0 / 65536
layer17.gate max 0.0 rel 0.0 cosine 0.9999998807907104 mismatches 0 / 262144
layer17.up max 0.0 rel 0.0 cosine 1.0 mismatches 0 / 262144
layer17.swiglu max 0.0 rel 0.0 cosine 0.9999999403953552 mismatches 0 / 262144
layer17.down max 0.0 rel 0.0 cosine 0.9999998807907104 mismatches 0 / 65536
layer17 max 0.0 rel 0.0 cosine 1.0000001192092896 mismatches 0 / 65536
layer18.norm1 max 0.0 rel 0.0 cosine 1.0 mismatches 0 / 65536
layer18.qkv max 0.0 rel 0.0 cosine 1.0000001192092896 mismatches 0 / 196608
layer18.q max 0.0 rel 0.0 cosine 1.0 mismatches 0 / 65536
layer18.k max 0.0 rel 0.0 cosine 1.0 mismatches 0 / 65536
layer18.scores0 max 0.0 rel 0.0 cosine 1.0000001192092896 mismatches 0 / 4096
layer18.probs0 max 0.0 rel 0.0 cosine 1.0000001192092896 mismatches 0 / 4096
layer18.probs1 max 0.0 rel 0.0 cosine 1.0000001192092896 mismatches 0 / 4096
layer18.probs2 max 0.0 rel 0.0 cosine 0.9999998807907104 mismatches 0 / 4096
layer18.probs3 max 0.0 rel 0.0 cosine 1.0 mismatches 0 / 4096
layer18.probs4 max 0.0 rel 0.0 cosine 1.0000001192092896 mismatches 0 / 4096
layer18.probs5 max 0.0 rel 0.0 cosine 0.9999998807907104 mismatches 0 / 4096
layer18.probs6 max 0.0 rel 0.0 cosine 1.0000001192092896 mismatches 0 / 4096
layer18.probs7 max 0.0 rel 0.0 cosine 0.9999998807907104 mismatches 0 / 4096
layer18.probs8 max 0.0 rel 0.0 cosine 0.9999998807907104 mismatches 0 / 4096
layer18.probs9 max 0.0 rel 0.0 cosine 1.0 mismatches 0 / 4096
layer18.probs10 max 0.0 rel 0.0 cosine 1.0 mismatches 0 / 4096
layer18.probs11 max 0.0 rel 0.0 cosine 1.0 mismatches 0 / 4096
layer18.probs12 max 0.0 rel 0.0 cosine 1.0000001192092896 mismatches 0 / 4096
layer18.probs13 max 0.0 rel 0.0 cosine 0.9999999403953552 mismatches 0 / 4096
layer18.probs14 max 0.0 rel 0.0 cosine 1.0 mismatches 0 / 4096
layer18.probs15 max 0.0 rel 0.0 cosine 0.9999999403953552 mismatches 0 / 4096
layer18.attn max 0.0 rel 0.0 cosine 1.0 mismatches 0 / 65536
layer18.attn_proj max 0.0 rel 0.0 cosine 0.9999998807907104 mismatches 0 / 65536
layer18.residual max 0.0 rel 0.0 cosine 1.0000001192092896 mismatches 0 / 65536
layer18.norm2 max 0.0 rel 0.0 cosine 1.0000001192092896 mismatches 0 / 65536
layer18.gate max 0.0 rel 0.0 cosine 1.0 mismatches 0 / 262144
layer18.up max 0.0 rel 0.0 cosine 1.0 mismatches 0 / 262144
layer18.swiglu max 0.0 rel 0.0 cosine 1.0 mismatches 0 / 262144
layer18.down max 0.0 rel 0.0 cosine 1.0 mismatches 0 / 65536
layer18 max 0.0 rel 0.0 cosine 0.9999999403953552 mismatches 0 / 65536
layer19.norm1 max 0.0 rel 0.0 cosine 1.000000238418579 mismatches 0 / 65536
layer19.qkv max 0.0 rel 0.0 cosine 1.0 mismatches 0 / 196608
layer19.q max 0.0 rel 0.0 cosine 1.0 mismatches 0 / 65536
layer19.k max 0.0 rel 0.0 cosine 1.0 mismatches 0 / 65536
layer19.scores0 max 0.0 rel 0.0 cosine 1.0 mismatches 0 / 4096
layer19.probs0 max 0.0 rel 0.0 cosine 0.9999998807907104 mismatches 0 / 4096
layer19.probs1 max 0.0 rel 0.0 cosine 1.0 mismatches 0 / 4096
layer19.probs2 max 0.0 rel 0.0 cosine 0.9999999403953552 mismatches 0 / 4096
layer19.probs3 max 0.0 rel 0.0 cosine 1.000000238418579 mismatches 0 / 4096
layer19.probs4 max 0.0 rel 0.0 cosine 1.0 mismatches 0 / 4096
layer19.probs5 max 0.0 rel 0.0 cosine 1.0000001192092896 mismatches 0 / 4096
layer19.probs6 max 0.0 rel 0.0 cosine 0.9999999403953552 mismatches 0 / 4096
layer19.probs7 max 0.0 rel 0.0 cosine 0.9999999403953552 mismatches 0 / 4096
layer19.probs8 max 0.0 rel 0.0 cosine 1.0 mismatches 0 / 4096
layer19.probs9 max 0.0 rel 0.0 cosine 0.9999999403953552 mismatches 0 / 4096
layer19.probs10 max 0.0 rel 0.0 cosine 1.0000001192092896 mismatches 0 / 4096
layer19.probs11 max 0.0 rel 0.0 cosine 0.9999999403953552 mismatches 0 / 4096
layer19.probs12 max 0.0 rel 0.0 cosine 1.0000001192092896 mismatches 0 / 4096
layer19.probs13 max 0.0 rel 0.0 cosine 1.0 mismatches 0 / 4096
layer19.probs14 max 0.0 rel 0.0 cosine 0.9999998807907104 mismatches 0 / 4096
layer19.probs15 max 0.0 rel 0.0 cosine 1.0 mismatches 0 / 4096
layer19.attn max 0.0 rel 0.0 cosine 1.0 mismatches 0 / 65536
layer19.attn_proj max 0.0 rel 0.0 cosine 1.0 mismatches 0 / 65536
layer19.residual max 0.0 rel 0.0 cosine 1.0000001192092896 mismatches 0 / 65536
layer19.norm2 max 0.0 rel 0.0 cosine 1.0 mismatches 0 / 65536
layer19.gate max 0.0 rel 0.0 cosine 1.0000001192092896 mismatches 0 / 262144
layer19.up max 0.0 rel 0.0 cosine 1.0 mismatches 0 / 262144
layer19.swiglu max 0.0 rel 0.0 cosine 1.0 mismatches 0 / 262144
layer19.down max 0.0 rel 0.0 cosine 0.9999999403953552 mismatches 0 / 65536
layer19 max 0.0 rel 0.0 cosine 1.0 mismatches 0 / 65536
layer20.norm1 max 0.0 rel 0.0 cosine 1.0 mismatches 0 / 65536
layer20.qkv max 0.0 rel 0.0 cosine 1.0 mismatches 0 / 196608
layer20.q max 0.0 rel 0.0 cosine 1.0000001192092896 mismatches 0 / 65536
layer20.k max 0.0 rel 0.0 cosine 1.0 mismatches 0 / 65536
layer20.scores0 max 0.0 rel 0.0 cosine 1.0 mismatches 0 / 4096
layer20.probs0 max 0.0 rel 0.0 cosine 0.9999998807907104 mismatches 0 / 4096
layer20.probs1 max 0.0 rel 0.0 cosine 1.0 mismatches 0 / 4096
layer20.probs2 max 0.0 rel 0.0 cosine 0.9999999403953552 mismatches 0 / 4096
layer20.probs3 max 0.0 rel 0.0 cosine 0.9999999403953552 mismatches 0 / 4096
layer20.probs4 max 0.0 rel 0.0 cosine 1.0 mismatches 0 / 4096
layer20.probs5 max 0.0 rel 0.0 cosine 1.0 mismatches 0 / 4096
layer20.probs6 max 0.0 rel 0.0 cosine 1.0 mismatches 0 / 4096
layer20.probs7 max 0.0 rel 0.0 cosine 1.0000001192092896 mismatches 0 / 4096
layer20.probs8 max 0.0 rel 0.0 cosine 0.9999997615814209 mismatches 0 / 4096
layer20.probs9 max 0.0 rel 0.0 cosine 1.0 mismatches 0 / 4096
layer20.probs10 max 0.0 rel 0.0 cosine 1.0 mismatches 0 / 4096
layer20.probs11 max 0.0 rel 0.0 cosine 1.0 mismatches 0 / 4096
layer20.probs12 max 0.0 rel 0.0 cosine 0.9999997615814209 mismatches 0 / 4096
layer20.probs13 max 0.0 rel 0.0 cosine 1.0000001192092896 mismatches 0 / 4096
layer20.probs14 max 0.0 rel 0.0 cosine 0.9999999403953552 mismatches 0 / 4096
layer20.probs15 max 0.0 rel 0.0 cosine 0.9999999403953552 mismatches 0 / 4096
layer20.attn max 0.0 rel 0.0 cosine 1.000000238418579 mismatches 0 / 65536
layer20.attn_proj max 0.0 rel 0.0 cosine 0.9999998807907104 mismatches 0 / 65536
layer20.residual max 0.0 rel 0.0 cosine 0.9999999403953552 mismatches 0 / 65536
layer20.norm2 max 0.0 rel 0.0 cosine 1.0000001192092896 mismatches 0 / 65536
layer20.gate max 0.0 rel 0.0 cosine 1.0000001192092896 mismatches 0 / 262144
layer20.up max 0.0 rel 0.0 cosine 1.0 mismatches 0 / 262144
layer20.swiglu max 0.0 rel 0.0 cosine 0.9999999403953552 mismatches 0 / 262144
layer20.down max 0.0 rel 0.0 cosine 1.0 mismatches 0 / 65536
layer20 max 0.0 rel 0.0 cosine 1.0 mismatches 0 / 65536
layer21.norm1 max 0.0 rel 0.0 cosine 0.9999999403953552 mismatches 0 / 65536
layer21.qkv max 0.0 rel 0.0 cosine 0.9999999403953552 mismatches 0 / 196608
layer21.q max 0.0 rel 0.0 cosine 1.0 mismatches 0 / 65536
layer21.k max 0.0 rel 0.0 cosine 1.0000001192092896 mismatches 0 / 65536
layer21.scores0 max 0.0 rel 0.0 cosine 1.0 mismatches 0 / 4096
layer21.probs0 max 0.0 rel 0.0 cosine 0.9999998807907104 mismatches 0 / 4096
layer21.probs1 max 0.0 rel 0.0 cosine 1.0000001192092896 mismatches 0 / 4096
layer21.probs2 max 0.0 rel 0.0 cosine 0.9999999403953552 mismatches 0 / 4096
layer21.probs3 max 0.0 rel 0.0 cosine 1.0 mismatches 0 / 4096
layer21.probs4 max 0.0 rel 0.0 cosine 1.0 mismatches 0 / 4096
layer21.probs5 max 0.0 rel 0.0 cosine 0.9999998807907104 mismatches 0 / 4096
layer21.probs6 max 0.0 rel 0.0 cosine 0.9999999403953552 mismatches 0 / 4096
layer21.probs7 max 0.0 rel 0.0 cosine 1.0 mismatches 0 / 4096
layer21.probs8 max 0.0 rel 0.0 cosine 1.0 mismatches 0 / 4096
layer21.probs9 max 0.0 rel 0.0 cosine 1.0 mismatches 0 / 4096
layer21.probs10 max 0.0 rel 0.0 cosine 1.0 mismatches 0 / 4096
layer21.probs11 max 0.0 rel 0.0 cosine 1.0000001192092896 mismatches 0 / 4096
layer21.probs12 max 0.0 rel 0.0 cosine 0.9999999403953552 mismatches 0 / 4096
layer21.probs13 max 0.0 rel 0.0 cosine 1.0 mismatches 0 / 4096
layer21.probs14 max 0.0 rel 0.0 cosine 1.0 mismatches 0 / 4096
layer21.probs15 max 0.0 rel 0.0 cosine 1.0 mismatches 0 / 4096
layer21.attn max 0.0 rel 0.0 cosine 1.0000001192092896 mismatches 0 / 65536
layer21.attn_proj max 0.0 rel 0.0 cosine 1.0 mismatches 0 / 65536
layer21.residual max 0.0 rel 0.0 cosine 1.0000001192092896 mismatches 0 / 65536
layer21.norm2 max 0.0 rel 0.0 cosine 1.000000238418579 mismatches 0 / 65536
layer21.gate max 0.0 rel 0.0 cosine 1.0 mismatches 0 / 262144
layer21.up max 0.0 rel 0.0 cosine 0.9999999403953552 mismatches 0 / 262144
layer21.swiglu max 0.0 rel 0.0 cosine 1.0 mismatches 0 / 262144
layer21.down max 0.0 rel 0.0 cosine 0.9999998211860657 mismatches 0 / 65536
layer21 max 0.0 rel 0.0 cosine 0.9999998807907104 mismatches 0 / 65536
layer22.norm1 max 0.0 rel 0.0 cosine 0.9999999403953552 mismatches 0 / 65536
layer22.qkv max 0.0 rel 0.0 cosine 0.9999998211860657 mismatches 0 / 196608
layer22.q max 0.0 rel 0.0 cosine 1.0000001192092896 mismatches 0 / 65536
layer22.k max 0.0 rel 0.0 cosine 1.0 mismatches 0 / 65536
layer22.scores0 max 0.0 rel 0.0 cosine 1.0 mismatches 0 / 4096
layer22.probs0 max 0.0 rel 0.0 cosine 1.0 mismatches 0 / 4096
layer22.probs1 max 0.0 rel 0.0 cosine 0.9999999403953552 mismatches 0 / 4096
layer22.probs2 max 0.0 rel 0.0 cosine 1.0 mismatches 0 / 4096
layer22.probs3 max 0.0 rel 0.0 cosine 0.9999998807907104 mismatches 0 / 4096
layer22.probs4 max 0.0 rel 0.0 cosine 0.9999999403953552 mismatches 0 / 4096
layer22.probs5 max 0.0 rel 0.0 cosine 1.0000001192092896 mismatches 0 / 4096
layer22.probs6 max 0.0 rel 0.0 cosine 0.9999998807907104 mismatches 0 / 4096
layer22.probs7 max 0.0 rel 0.0 cosine 1.0 mismatches 0 / 4096
layer22.probs8 max 0.0 rel 0.0 cosine 1.0000001192092896 mismatches 0 / 4096
layer22.probs9 max 0.0 rel 0.0 cosine 1.0 mismatches 0 / 4096
layer22.probs10 max 0.0 rel 0.0 cosine 0.9999999403953552 mismatches 0 / 4096
layer22.probs11 max 0.0 rel 0.0 cosine 1.000000238418579 mismatches 0 / 4096
layer22.probs12 max 0.0 rel 0.0 cosine 1.0 mismatches 0 / 4096
layer22.probs13 max 0.0 rel 0.0 cosine 1.0 mismatches 0 / 4096
layer22.probs14 max 0.0 rel 0.0 cosine 0.9999999403953552 mismatches 0 / 4096
layer22.probs15 max 0.0 rel 0.0 cosine 0.9999999403953552 mismatches 0 / 4096
layer22.attn max 0.0 rel 0.0 cosine 0.9999998807907104 mismatches 0 / 65536
layer22.attn_proj max 0.0 rel 0.0 cosine 1.0 mismatches 0 / 65536
layer22.residual max 0.0 rel 0.0 cosine 1.0 mismatches 0 / 65536
layer22.norm2 max 0.0 rel 0.0 cosine 0.9999998807907104 mismatches 0 / 65536
layer22.gate max 0.0 rel 0.0 cosine 1.000000238418579 mismatches 0 / 262144
layer22.up max 0.0 rel 0.0 cosine 1.0 mismatches 0 / 262144
layer22.swiglu max 0.0 rel 0.0 cosine 0.9999999403953552 mismatches 0 / 262144
layer22.down max 0.0 rel 0.0 cosine 1.0 mismatches 0 / 65536
layer22 max 0.0 rel 0.0 cosine 1.0 mismatches 0 / 65536
layer23.norm1 max 0.0 rel 0.0 cosine 0.9999998807907104 mismatches 0 / 65536
layer23.qkv max 0.0 rel 0.0 cosine 1.0000001192092896 mismatches 0 / 196608
layer23.q max 0.0 rel 0.0 cosine 1.0 mismatches 0 / 65536
layer23.k max 0.0 rel 0.0 cosine 0.9999999403953552 mismatches 0 / 65536
layer23.scores0 max 0.0 rel 0.0 cosine 1.0 mismatches 0 / 4096
layer23.probs0 max 0.0 rel 0.0 cosine 0.9999999403953552 mismatches 0 / 4096
layer23.probs1 max 0.0 rel 0.0 cosine 1.0000001192092896 mismatches 0 / 4096
layer23.probs2 max 0.0 rel 0.0 cosine 1.0 mismatches 0 / 4096
layer23.probs3 max 0.0 rel 0.0 cosine 1.0 mismatches 0 / 4096
layer23.probs4 max 0.0 rel 0.0 cosine 1.0 mismatches 0 / 4096
layer23.probs5 max 0.0 rel 0.0 cosine 1.0 mismatches 0 / 4096
layer23.probs6 max 0.0 rel 0.0 cosine 1.0000001192092896 mismatches 0 / 4096
layer23.probs7 max 0.0 rel 0.0 cosine 1.0 mismatches 0 / 4096
layer23.probs8 max 0.0 rel 0.0 cosine 1.0 mismatches 0 / 4096
layer23.probs9 max 0.0 rel 0.0 cosine 1.0 mismatches 0 / 4096
layer23.probs10 max 0.0 rel 0.0 cosine 1.0000001192092896 mismatches 0 / 4096
layer23.probs11 max 0.0 rel 0.0 cosine 1.0000001192092896 mismatches 0 / 4096
layer23.probs12 max 0.0 rel 0.0 cosine 1.0 mismatches 0 / 4096
layer23.probs13 max 0.0 rel 0.0 cosine 1.0 mismatches 0 / 4096
layer23.probs14 max 0.0 rel 0.0 cosine 0.9999999403953552 mismatches 0 / 4096
layer23.probs15 max 0.0 rel 0.0 cosine 0.9999998807907104 mismatches 0 / 4096
layer23.attn max 0.0 rel 0.0 cosine 1.0 mismatches 0 / 65536
layer23.attn_proj max 0.0 rel 0.0 cosine 1.0 mismatches 0 / 65536
layer23.residual max 0.0 rel 0.0 cosine 1.0 mismatches 0 / 65536
layer23.norm2 max 0.0 rel 0.0 cosine 0.9999997615814209 mismatches 0 / 65536
layer23.gate max 0.0 rel 0.0 cosine 1.0 mismatches 0 / 262144
layer23.up max 0.0 rel 0.0 cosine 1.0 mismatches 0 / 262144
layer23.swiglu max 0.0 rel 0.0 cosine 1.0 mismatches 0 / 262144
layer23.down max 0.0 rel 0.0 cosine 1.0 mismatches 0 / 65536
layer23 max 0.0 rel 0.0 cosine 1.0 mismatches 0 / 65536
post_norm max 0.0 rel 0.0 cosine 1.0000001192092896 mismatches 0 / 65536
merge max 0.0 rel 0.0 cosine 0.9999998807907104 mismatches 0 / 65536
downsample max 0.0 rel 0.0 cosine 1.0 mismatches 0 / 65536
projection max 0.0 rel 0.0 cosine 1.0 mismatches 0 / 65536
projection_norm max 0.0 rel 0.0 cosine 1.0000001192092896 mismatches 0 / 65536
norm_gelu max 0.0 rel 0.0 cosine 1.0 mismatches 0 / 65536
merger_swiglu max 0.0 rel 0.0 cosine 1.0 mismatches 0 / 163840
{
  "tokens": 16,
  "max_abs": 0.0,
  "relative_rms": 0.0,
  "cosine": 1.0000001192092896
}
PASS: vision encoder parity
