2026-09-22 05:27:03.042 INFO  dgpp-serve 0.1.0+ga3ed8994a34c (git a3ed8994a34c)
2026-09-22 05:27:03.042 INFO  config /tmp/bus4/deployments/e902930de6bf196d/cluster.json: model HawkBearPig/GLM-5.3-Flash-NVFP4-FP8, world 2, rank 1, http :18080, fabric :29970, journal :29971
2026-09-22 05:27:03.042 INFO  model HawkBearPig/GLM-5.3-Flash-NVFP4-FP8 -> /home/stephen/.cache/huggingface/hub/models--HawkBearPig--GLM-5.3-Flash-NVFP4-FP8/snapshots/17b8d4d83e33e836e9549d7e1a8d25b5117203c1
2026-09-22 05:27:03.043 INFO  journal: connected to rank 0 at 192.168.88.11:29971 (120000 attempt window)
2026-09-22 05:27:03.044 INFO  rank 1: settings from rank 0: model=HawkBearPig/GLM-5.3-Flash-NVFP4-FP8 world=2 fabric=29970 journal=29971 conc=4 kv=163840 kvdt=fp8 ngt=resident dw=checkpoint bfw=bf12 fp8head=gemv pf=bounded emsh=replicated maxtok=256 queue=8 eos=1 graph=1 compact=0 mtp=0 mtpd=1 mss=0 msrow=8 msbase=28 mslam=0 msmin=1 msad=1 batchmin=2 cand=128 pcgib=1.5 adm=full win=256 pfbudget=0 pfidle=0 pace=-1 inflight=-1 reasoning_in_content=0 rs=off
2026-09-22 05:27:03.044 INFO  config: model=HawkBearPig/GLM-5.3-Flash-NVFP4-FP8 world=2 fabric=29970 journal=29971 conc=4 kv=163840 kvdt=fp8 ngt=resident dw=checkpoint bfw=bf12 fp8head=gemv pf=bounded emsh=replicated maxtok=256 queue=8 eos=1 graph=1 compact=0 mtp=0 mtpd=1 mss=0 msrow=8 msbase=28 mslam=0 msmin=1 msad=1 batchmin=2 cand=128 pcgib=1.5 adm=full win=256 pfbudget=0 pfidle=0 pace=-1 inflight=-1 reasoning_in_content=0 rs=off (digest 1a818331ac14a236)
2026-09-22 05:27:03.162 INFO  serve: model family glm5 (/home/stephen/.cache/huggingface/hub/models--HawkBearPig--GLM-5.3-Flash-NVFP4-FP8/snapshots/17b8d4d83e33e836e9549d7e1a8d25b5117203c1)
2026-09-22 05:27:03.162 INFO  serve: decode rows 8 (4 slot(s) x 1 row(s) per request, floor 8, the glm5 family's cap 8)
2026-09-22 05:27:03.172 WARN  generation config /home/stephen/.cache/huggingface/hub/models--HawkBearPig--GLM-5.3-Flash-NVFP4-FP8/snapshots/17b8d4d83e33e836e9549d7e1a8d25b5117203c1/generation_config.json omits top_k, min_p, repetition_penalty; using greedy-safe/neutral fallbacks for those fields
2026-09-22 05:27:03.172 INFO  generation defaults: temperature=1 top_p=0.95 top_k=0 min_p=0 repetition_penalty=1
2026-09-22 05:27:03.172 INFO  serve: sampling defaults temperature 1 top_p 0.95 top_k 0 min_p 0 repetition_penalty 1 (from generation_config.json; overrides: none)
2026-09-22 05:27:03.172 INFO  serve: request context limit 163840 tokens (the 163840-token K/V pool from engine.kv_capacity 163840; this family states no positional ceiling of its own)
2026-09-22 05:27:03.172 INFO  rank 1: prefix cache plan — 1.5 GiB budget, 21 slots of 70.412 MiB, 1.444 GiB allocated; cached K/V blocks share the 163840-token pool
2026-09-22 05:27:03.349 INFO  tokenizer: loaded vocab 154820 merges 321649 added 36 (revision 0x700b4469fc43f23b; glm pattern, no normalizer, ignore_merges true)
2026-09-22 05:27:03.358 INFO  serve: grammar vocabulary built (154880 ids, tool markers present, call-turn EOS 154829)
2026-09-22 05:27:03.459 INFO  serve: JSON grammar tables built in 0.10 s
2026-09-22 05:27:03.694 INFO  bus: globaltimer offset 7590627817 ns (+-2 us)
2026-09-22 05:27:03.701 INFO  verbs: device roceP2p1s0f0 port 1 gid_index 3
2026-09-22 05:27:03.712 INFO  verbs: device rocep1s0f0 port 1 gid_index 3
2026-09-22 05:27:04.250 INFO  bus: rank 1 up — 1 peer(s) x 2 lane(s), lat 8x65536B, bulk 8x262144B, bulk pace 85.0 Gb/s per QP, window 4 per lane
2026-09-22 05:27:04.250 INFO  rank 1: boundary reducer host-driven
2026-09-22 05:27:04.374 INFO  rank 1: process memory locked (mlockall MCL_CURRENT, 14513 MiB)
2026-09-22 05:27:04.374 INFO  rank 1: resident image cache at /home/stephen/.cache/dgpp/resident
2026-09-22 05:27:04.375 INFO  bus engine: rank 1 pinned to cpu 19
2026-09-22 05:27:04.460 INFO  rank 1: memory plan for a 163840-token context — vision weights (replicated) 1.05 GiB; vision workspace (bounded image prefill) 0.33 GiB; model weights (resident, packed bf16 matrices released) 86.26 GiB (3.53 GiB pinned); tensor-parallel slice views 1.34 GiB; bf16 decode packing (12-bit companions) 3.78 GiB; bf16 prefill expansion scratch 0.19 GiB; gemm workspace (at least) 0.06 GiB; kda scratch 0.16 GiB; kv cache pool (fp8) 0.92 GiB; dsa scratch 0.24 GiB; moe scratch 0.68 GiB (0.00 GiB pinned); kda state (request slots) 0.27 GiB; kda speculative snapshots 0.55 GiB; activations (per-forward rows) 0.91 GiB (0.00 GiB pinned); route-trace staging 0.10 GiB (0.10 GiB pinned); prefix cache 1.44 GiB; engine 0.07 GiB
2026-09-22 05:27:04.460 INFO  rank 1: memory plan total 98.36 GiB (93.20 GiB device + 5.15 GiB pinned) + 4.00 GiB headroom against 116.73 GiB free (device free 109.13 GiB of 121.69 GiB, host available 116.73 GiB)
2026-09-22 05:27:04.460 INFO  memory ledger: rank 1 after the plan check — rss 1.12 GiB (anon 0.41, shmem 0.06, file 0.64; locked 14.17); device free 109.13 GiB, node available 116.73 GiB
2026-09-22 05:27:04.460 INFO  memory ledger: rank 1 after the bus — rss 1.12 GiB (anon 0.41, shmem 0.06, file 0.64; locked 14.17); device free 109.13 GiB, node available 116.73 GiB
2026-09-22 05:27:04.821 INFO  glm loader: rank 1 resident footprint 87.6 GiB; device free 109.1 of 121.7 GiB, host available 116.7 GiB
2026-09-22 05:27:06.350 INFO  glm loader: rank 1 resident image /home/stephen/.cache/dgpp/resident/8c6e72b4e136d684.img — 46/46 layers present, direct I/O
2026-09-22 05:27:06.392 INFO  l2 prefetch: on, window budget 12 MiB, boundary rate light, layer rate light
2026-09-22 05:27:06.393 INFO  glm loader: rank 1 boot digest from the resident image (713 tensors, 2.91 GiB)
2026-09-22 05:27:23.253 INFO  glm loader: rank 1 resident load complete — released 40 shard mappings (181.7 GiB) and evicted their page cache; image: 45 layers restored, 0 captured
2026-09-22 05:27:23.883 INFO  rank 1 bf12: 69 decode matrices packed (4.92 GiB of bf16 -> 3.69 GiB, 408743 escapes, widest row 64, 55 rows kept raw; 0 matrices kept bf16) in 2.5 s
2026-09-22 05:27:23.883 INFO  rank 1 bf12: 69 of them released their bf16 bytes (4.97 GiB returned; prefill expands through a 196 MiB scratch)
2026-09-22 05:27:29.164 INFO  rank 1 boot phases: digest 0.0 s (3.96 GiB hashed), globals 2.2 s, layers 20.4 s
2026-09-22 05:27:29.164 INFO  memory ledger: rank 1 after the model — rss 4.80 GiB (anon 0.45, shmem 3.70, file 0.64; locked 14.16); device free 11.32 GiB, node available 18.91 GiB
2026-09-22 05:27:29.164 INFO  rank 1: model constructed in 24.7s (resident, 4 request slots, 163840-token pool in fp8, 2048-row forwards)
2026-09-22 05:27:29.164 INFO  rank 1: prefix cache on — 21 snapshot slot(s) of 70.4 MiB (1.50 GiB asked)
2026-09-22 05:27:29.216 INFO  rank 1: graph engine samples on the device — 128 candidates per rank (4 rows x 2 ranks in a 65536-byte latency slot; the planned width is 128); constrained decoding available
2026-09-22 05:27:35.472 INFO  memory ledger: rank 1 after the graph engine — rss 4.80 GiB (anon 0.45, shmem 3.70, file 0.64; locked 14.16); device free 9.93 GiB, node available 17.52 GiB
2026-09-22 05:27:35.733 INFO  allreduce: device clock rate 2418000 kHz (stamps conversion)
2026-09-22 05:27:35.733 INFO  allreduce: rank 1 seq 1 launched (1 peers)
2026-09-22 05:27:35.733 INFO  allreduce: rank 1 seq 1 ready after 36.7us
2026-09-22 05:27:35.745 INFO  allreduce: rank 1 seq 1 done status=0 after 12621.0us
2026-09-22 05:27:35.778 INFO  allreduce: rank 1 seq 2 launched (1 peers)
2026-09-22 05:27:35.778 INFO  allreduce: rank 1 seq 2 ready after 9.3us
2026-09-22 05:27:35.781 INFO  allreduce: rank 1 seq 2 done status=0 after 3002.4us
2026-09-22 05:27:35.782 INFO  allreduce: rank 1 seq 3 launched (1 peers)
2026-09-22 05:27:35.782 INFO  allreduce: rank 1 seq 3 ready after 8.9us
2026-09-22 05:27:35.782 INFO  allreduce: rank 1 seq 3 done status=0 after 29.6us
2026-09-22 05:27:35.782 INFO  allreduce: rank 1 seq 4 launched (1 peers)
2026-09-22 05:27:35.782 INFO  allreduce: rank 1 seq 4 ready after 8.9us
2026-09-22 05:27:35.782 INFO  allreduce: rank 1 seq 4 done status=0 after 29.8us
2026-09-22 05:27:35.783 INFO  allreduce: rank 1 seq 5 launched (1 peers)
2026-09-22 05:27:35.783 INFO  allreduce: rank 1 seq 5 ready after 9.0us
2026-09-22 05:27:35.783 INFO  allreduce: rank 1 seq 5 done status=0 after 31.7us
2026-09-22 05:27:35.784 INFO  allreduce: rank 1 seq 6 launched (1 peers)
2026-09-22 05:27:35.784 INFO  allreduce: rank 1 seq 6 ready after 9.0us
2026-09-22 05:27:35.784 INFO  allreduce: rank 1 seq 6 done status=0 after 132.3us
2026-09-22 05:27:35.787 INFO  allreduce: rank 1 seq 7 launched (1 peers)
2026-09-22 05:27:35.787 INFO  allreduce: rank 1 seq 7 ready after 11.9us
2026-09-22 05:27:35.787 INFO  allreduce: rank 1 seq 7 done status=0 after 691.9us
2026-09-22 05:27:35.788 INFO  allreduce: rank 1 seq 8 launched (1 peers)
2026-09-22 05:27:35.788 INFO  allreduce: rank 1 seq 8 ready after 9.1us
2026-09-22 05:27:35.788 INFO  allreduce: rank 1 seq 8 done status=0 after 29.7us
2026-09-22 05:27:35.789 INFO  allreduce: rank 1 seq 9 launched (1 peers)
2026-09-22 05:27:35.789 INFO  allreduce: rank 1 seq 9 ready after 9.0us
2026-09-22 05:27:35.789 INFO  allreduce: rank 1 seq 9 done status=0 after 37.5us
2026-09-22 05:27:35.790 INFO  allreduce: rank 1 seq 10 launched (1 peers)
2026-09-22 05:27:35.790 INFO  allreduce: rank 1 seq 10 ready after 8.7us
2026-09-22 05:27:35.790 INFO  allreduce: rank 1 seq 10 done status=0 after 51.5us
2026-09-22 05:27:35.791 INFO  allreduce: rank 1 seq 11 launched (1 peers)
2026-09-22 05:27:35.791 INFO  allreduce: rank 1 seq 11 ready after 8.2us
2026-09-22 05:27:35.791 INFO  allreduce: rank 1 seq 11 done status=0 after 29.0us
2026-09-22 05:27:35.792 INFO  allreduce: rank 1 seq 12 launched (1 peers)
2026-09-22 05:27:35.792 INFO  allreduce: rank 1 seq 12 ready after 9.1us
2026-09-22 05:27:35.792 INFO  allreduce: rank 1 seq 12 done status=0 after 29.8us
2026-09-22 05:27:35.793 INFO  allreduce: rank 1 seq 13 launched (1 peers)
2026-09-22 05:27:35.793 INFO  allreduce: rank 1 seq 13 ready after 8.1us
2026-09-22 05:27:35.793 INFO  allreduce: rank 1 seq 13 done status=0 after 28.7us
2026-09-22 05:27:35.794 INFO  allreduce: rank 1 seq 14 launched (1 peers)
2026-09-22 05:27:35.794 INFO  allreduce: rank 1 seq 14 ready after 9.7us
2026-09-22 05:27:35.794 INFO  allreduce: rank 1 seq 14 done status=0 after 30.6us
2026-09-22 05:27:35.795 INFO  allreduce: rank 1 seq 15 launched (1 peers)
2026-09-22 05:27:35.795 INFO  allreduce: rank 1 seq 15 ready after 7.5us
2026-09-22 05:27:35.795 INFO  allreduce: rank 1 seq 15 done status=0 after 27.6us
2026-09-22 05:27:35.796 INFO  allreduce: rank 1 seq 16 launched (1 peers)
2026-09-22 05:27:35.796 INFO  allreduce: rank 1 seq 16 ready after 8.1us
2026-09-22 05:27:35.796 INFO  allreduce: rank 1 seq 16 done status=0 after 28.1us
2026-09-22 05:27:35.889 INFO  bus graph era: variant 0 recorded with 91 collective node(s)
2026-09-22 05:27:35.889 INFO  rank 1: graph variant 0 shape: 1208 nodes, 1521 edges: kernel 1208 empty 0 memcpy 0 memset 0 host 0 event 0 other 0; max in-degree 2
2026-09-22 05:27:35.902 INFO  rank 1: graph variant 0 instantiated — 98.2 MiB of device memory (9.6 GiB free)
2026-09-22 05:27:35.903 INFO  bus graph era: variant 1 recorded with 91 collective node(s)
2026-09-22 05:27:35.903 INFO  rank 1: graph variant 1 shape: 1208 nodes, 1521 edges: kernel 1208 empty 0 memcpy 0 memset 0 host 0 event 0 other 0; max in-degree 2
2026-09-22 05:27:35.907 INFO  rank 1: graph variant 1 instantiated — 21.1 MiB of device memory (9.5 GiB free)
2026-09-22 05:27:35.907 INFO  rank 1: serving scalar graph variants 0/1 captured for request slot 0 (1 rows)
2026-09-22 05:27:35.908 INFO  bus graph era: variant 8 recorded with 91 collective node(s)
2026-09-22 05:27:35.909 INFO  rank 1: graph variant 8 shape: 1251 nodes, 1564 edges: kernel 1251 empty 0 memcpy 0 memset 0 host 0 event 0 other 0; max in-degree 2
2026-09-22 05:27:35.913 INFO  rank 1: graph variant 8 instantiated — 22.8 MiB of device memory (9.5 GiB free)
2026-09-22 05:27:35.914 INFO  bus graph era: variant 9 recorded with 91 collective node(s)
2026-09-22 05:27:35.914 INFO  rank 1: graph variant 9 shape: 1251 nodes, 1564 edges: kernel 1251 empty 0 memcpy 0 memset 0 host 0 event 0 other 0; max in-degree 2
2026-09-22 05:27:35.921 INFO  rank 1: graph variant 9 instantiated — 30.2 MiB of device memory (9.5 GiB free)
2026-09-22 05:27:35.921 INFO  rank 1: serving row-batched graph variants 8/9 captured for 2 slots x 1 rows = 2 fixed rows (a batch is selected at 2+ live requests, the smallest that covers the live slots)
2026-09-22 05:27:35.922 INFO  bus graph era: variant 10 recorded with 91 collective node(s)
2026-09-22 05:27:35.923 INFO  rank 1: graph variant 10 shape: 1252 nodes, 1565 edges: kernel 1252 empty 0 memcpy 0 memset 0 host 0 event 0 other 0; max in-degree 2
2026-09-22 05:27:35.929 INFO  rank 1: graph variant 10 instantiated — 30.6 MiB of device memory (9.5 GiB free)
2026-09-22 05:27:35.930 INFO  bus graph era: variant 11 recorded with 91 collective node(s)
2026-09-22 05:27:35.930 INFO  rank 1: graph variant 11 shape: 1252 nodes, 1565 edges: kernel 1252 empty 0 memcpy 0 memset 0 host 0 event 0 other 0; max in-degree 2
2026-09-22 05:27:35.937 INFO  rank 1: graph variant 11 instantiated — 32.8 MiB of device memory (9.4 GiB free)
2026-09-22 05:27:35.937 INFO  rank 1: serving row-batched graph variants 10/11 captured for 3 slots x 1 rows = 3 fixed rows (a batch is selected at 2+ live requests, the smallest that covers the live slots)
2026-09-22 05:27:35.938 INFO  bus graph era: variant 12 recorded with 91 collective node(s)
2026-09-22 05:27:35.938 INFO  rank 1: graph variant 12 shape: 1264 nodes, 1577 edges: kernel 1264 empty 0 memcpy 0 memset 0 host 0 event 0 other 0; max in-degree 2
2026-09-22 05:27:35.945 INFO  rank 1: graph variant 12 instantiated — 33.7 MiB of device memory (9.4 GiB free)
2026-09-22 05:27:35.947 INFO  bus graph era: variant 13 recorded with 91 collective node(s)
2026-09-22 05:27:35.947 INFO  rank 1: graph variant 13 shape: 1264 nodes, 1577 edges: kernel 1264 empty 0 memcpy 0 memset 0 host 0 event 0 other 0; max in-degree 2
2026-09-22 05:27:35.953 INFO  rank 1: graph variant 13 instantiated — 31.1 MiB of device memory (9.4 GiB free)
2026-09-22 05:27:35.953 INFO  rank 1: serving row-batched graph variants 12/13 captured for 4 slots x 1 rows = 4 fixed rows (a batch is selected at 2+ live requests, the smallest that covers the live slots)
2026-09-22 05:27:36.046 INFO  bus graph era: variant 2 recorded with 91 collective node(s)
2026-09-22 05:27:36.046 INFO  rank 1: graph variant 2 shape: 1208 nodes, 1521 edges: kernel 1208 empty 0 memcpy 0 memset 0 host 0 event 0 other 0; max in-degree 2
2026-09-22 05:27:36.052 INFO  rank 1: graph variant 2 instantiated — 31.0 MiB of device memory (9.3 GiB free)
2026-09-22 05:27:36.053 INFO  bus graph era: variant 3 recorded with 91 collective node(s)
2026-09-22 05:27:36.053 INFO  rank 1: graph variant 3 shape: 1208 nodes, 1521 edges: kernel 1208 empty 0 memcpy 0 memset 0 host 0 event 0 other 0; max in-degree 2
2026-09-22 05:27:36.061 INFO  rank 1: graph variant 3 instantiated — 33.7 MiB of device memory (9.3 GiB free)
2026-09-22 05:27:36.061 INFO  rank 1: serving scalar graph variants 2/3 captured for request slot 1 (1 rows)
2026-09-22 05:27:36.152 INFO  bus graph era: variant 4 recorded with 91 collective node(s)
2026-09-22 05:27:36.152 INFO  rank 1: graph variant 4 shape: 1208 nodes, 1521 edges: kernel 1208 empty 0 memcpy 0 memset 0 host 0 event 0 other 0; max in-degree 2
2026-09-22 05:27:36.158 INFO  rank 1: graph variant 4 instantiated — 29.8 MiB of device memory (9.3 GiB free)
2026-09-22 05:27:36.159 INFO  bus graph era: variant 5 recorded with 91 collective node(s)
2026-09-22 05:27:36.160 INFO  rank 1: graph variant 5 shape: 1208 nodes, 1521 edges: kernel 1208 empty 0 memcpy 0 memset 0 host 0 event 0 other 0; max in-degree 2
2026-09-22 05:27:36.169 INFO  rank 1: graph variant 5 instantiated — 35.5 MiB of device memory (9.2 GiB free)
2026-09-22 05:27:36.169 INFO  rank 1: serving scalar graph variants 4/5 captured for request slot 2 (1 rows)
2026-09-22 05:27:36.261 INFO  bus graph era: variant 6 recorded with 91 collective node(s)
2026-09-22 05:27:36.261 INFO  rank 1: graph variant 6 shape: 1208 nodes, 1521 edges: kernel 1208 empty 0 memcpy 0 memset 0 host 0 event 0 other 0; max in-degree 2
2026-09-22 05:27:36.268 INFO  rank 1: graph variant 6 instantiated — 29.7 MiB of device memory (9.2 GiB free)
2026-09-22 05:27:36.269 INFO  bus graph era: variant 7 recorded with 91 collective node(s)
2026-09-22 05:27:36.269 INFO  rank 1: graph variant 7 shape: 1208 nodes, 1521 edges: kernel 1208 empty 0 memcpy 0 memset 0 host 0 event 0 other 0; max in-degree 2
2026-09-22 05:27:36.276 INFO  rank 1: graph variant 7 instantiated — 34.1 MiB of device memory (9.2 GiB free)
2026-09-22 05:27:36.276 INFO  rank 1: serving scalar graph variants 6/7 captured for request slot 3 (1 rows)
2026-09-22 05:27:36.277 INFO  rank 1: warm capture complete — 4 scalar variants and the row batches for 2 slots, 3 slots, 4 slots recorded before the first request
2026-09-22 05:27:36.277 INFO  memory ledger: rank 1 after the warm capture — rss 5.19 GiB (anon 0.84, shmem 3.70, file 0.65; locked 14.15); device free 9.16 GiB, node available 16.75 GiB
2026-09-22 05:27:36.277 INFO  rank 1: graph variants warm-captured in 0.80s
2026-09-22 05:27:36.277 INFO  rank 1: following rank 0's journal (admission full, window 256)
2026-09-22 05:27:37.953 INFO  sched: request 'chatcmpl-508cd08562a23450' prefix cache miss — 2 cut(s), the cache is empty
2026-09-22 05:27:37.953 INFO  sched: request 'chatcmpl-508cd08562a23450' admitted to slot 0 (reserve 1 blocks; pool 2/1280 blocks in use) — first token 785
2026-09-22 05:27:40.568 INFO  sched: request 'chatcmpl-508cd08562a23450' retired (steps): 64 tok in 2.6 s — prefill 62 tok (0 cached) in 533 ms; decode 63 tok / 63 passes in 2.1 s: 30.3 tok/s, 33.0 ms/tok, 33 ms/pass, 1.00 tok/pass
2026-09-22 05:27:41.058 INFO  sched: request 'chatcmpl-508cd08562a23451' prefix cache miss — 2 cut(s) probed against 2 entries; the nearest entry (position 124) shares the first 12 of the prompt's 37 tokens (the prompt differs from it from that token on)
2026-09-22 05:27:41.058 INFO  sched: request 'chatcmpl-508cd08562a23451' admitted to slot 0 (reserve 3 blocks; pool 6/1280 blocks in use) — first token 785
2026-09-22 05:27:46.461 INFO  stats: rank 1 | 10.0 s | decode 19.5 tok/s, 40.5 ms/tok, 40.9 ms/step (193 steps / 195 tok, 79 % of wall) | prefill 2 prompts / 99 tok, 10 tok/s, 10.22 ms/tok, 506 ms avg (10 % of wall), 0 tok cached (0/2 hits) | live 1, queued 0 | pool 7/1280 blocks (1 %) | prefix cache 3/21 entries
2026-09-22 05:27:51.659 INFO  sched: request 'chatcmpl-508cd08562a23451' retired (steps): 256 tok in 10.6 s — prefill 37 tok (0 cached) in 478 ms; decode 255 tok / 255 passes in 10.1 s: 25.2 tok/s, 39.7 ms/tok, 40 ms/pass, 1.00 tok/pass
2026-09-22 05:27:51.800 INFO  sched: request 'chatcmpl-508cd08562a23452' admitted to slot 0 (reserve 3 blocks; pool 9/1280 blocks in use) — first token 785
2026-09-22 05:27:56.462 INFO  stats: rank 1 | 10.0 s | decode 23.8 tok/s, 40.8 ms/tok, 41.0 ms/step (237 steps / 238 tok, 97 % of wall) | prefill 1 prompt / 5 tok, 0 tok/s, 23.76 ms/tok, 119 ms avg (1 % of wall), 32 tok cached (1/1 hit) | live 1, queued 0 | pool 10/1280 blocks (1 %) | prefix cache 4/21 entries
2026-09-22 05:28:02.409 INFO  sched: request 'chatcmpl-508cd08562a23452' retired (steps): 256 tok in 10.6 s — prefill 37 tok (32 cached) in 119 ms; decode 255 tok / 255 passes in 10.5 s: 24.3 tok/s, 41.1 ms/tok, 41 ms/pass, 1.00 tok/pass
2026-09-22 05:28:02.549 INFO  sched: request 'chatcmpl-508cd08562a23453' admitted to slot 0 (reserve 3 blocks; pool 9/1280 blocks in use) — first token 785
2026-09-22 05:28:06.468 INFO  stats: rank 1 | 10.0 s | decode 23.8 tok/s, 40.8 ms/tok, 41.0 ms/step (237 steps / 238 tok, 97 % of wall) | prefill 1 prompt / 5 tok, 0 tok/s, 23.75 ms/tok, 119 ms avg (1 % of wall), 32 tok cached (1/1 hit) | live 1, queued 0 | pool 9/1280 blocks (1 %) | prefix cache 4/21 entries
2026-09-22 05:28:13.169 INFO  sched: request 'chatcmpl-508cd08562a23453' retired (steps): 256 tok in 10.6 s — prefill 37 tok (32 cached) in 119 ms; decode 255 tok / 255 passes in 10.5 s: 24.3 tok/s, 41.2 ms/tok, 41 ms/pass, 1.00 tok/pass
2026-09-22 05:28:13.698 INFO  sched: request 'chatcmpl-508cd08562a23454' prefix cache miss — 2 cut(s) probed against 4 entries; the nearest entry (position 292) shares the first 12 of the prompt's 51 tokens (the prompt differs from it from that token on)
2026-09-22 05:28:13.698 INFO  sched: request 'chatcmpl-508cd08562a23454' admitted to slot 0 (reserve 3 blocks; pool 10/1280 blocks in use) — first token 785
2026-09-22 05:28:16.493 INFO  stats: rank 1 | 10.0 s | decode 22.8 tok/s, 40.8 ms/tok, 41.0 ms/step (228 steps / 229 tok, 93 % of wall) | prefill 1 prompt / 51 tok, 5 tok/s, 9.76 ms/tok, 498 ms avg (5 % of wall), 0 tok cached (0/1 hit) | live 1, queued 0 | pool 11/1280 blocks (1 %) | prefix cache 5/21 entries
2026-09-22 05:28:24.332 INFO  sched: request 'chatcmpl-508cd08562a23454' retired (steps): 256 tok in 10.6 s — prefill 51 tok (0 cached) in 498 ms; decode 255 tok / 255 passes in 10.1 s: 25.2 tok/s, 39.8 ms/tok, 40 ms/pass, 1.00 tok/pass
2026-09-22 05:28:24.424 INFO  sched: request 'chatcmpl-508cd08562a23455' admitted to slot 0 (reserve 3 blocks; pool 13/1280 blocks in use) — first token 785
2026-09-22 05:28:26.506 INFO  stats: rank 1 | 10.0 s | decode 23.9 tok/s, 40.9 ms/tok, 41.0 ms/step (238 steps / 239 tok, 98 % of wall) | prefill 1 prompt / 3 tok, 0 tok/s, 24.92 ms/tok, 75 ms avg (1 % of wall), 48 tok cached (1/1 hit) | live 1, queued 0 | pool 14/1280 blocks (1 %) | prefix cache 6/21 entries
2026-09-22 05:28:35.067 INFO  sched: request 'chatcmpl-508cd08562a23455' retired (steps): 256 tok in 10.6 s — prefill 51 tok (48 cached) in 75 ms; decode 255 tok / 255 passes in 10.6 s: 24.1 tok/s, 41.4 ms/tok, 41 ms/pass, 1.00 tok/pass
2026-09-22 05:28:35.157 INFO  sched: request 'chatcmpl-508cd08562a23456' admitted to slot 0 (reserve 3 blocks; pool 13/1280 blocks in use) — first token 785
2026-09-22 05:28:36.535 INFO  stats: rank 1 | 10.0 s | decode 23.8 tok/s, 40.9 ms/tok, 41.1 ms/step (238 steps / 239 tok, 98 % of wall) | prefill 1 prompt / 3 tok, 0 tok/s, 24.50 ms/tok, 74 ms avg (1 % of wall), 48 tok cached (1/1 hit) | live 1, queued 0 | pool 14/1280 blocks (1 %) | prefix cache 6/21 entries
2026-09-22 05:28:45.797 INFO  sched: request 'chatcmpl-508cd08562a23456' retired (steps): 256 tok in 10.6 s — prefill 51 tok (48 cached) in 74 ms; decode 255 tok / 255 passes in 10.6 s: 24.1 tok/s, 41.4 ms/tok, 41 ms/pass, 1.00 tok/pass
2026-09-22 05:28:46.277 INFO  sched: request 'chatcmpl-508cd08562a23457' prefix cache miss — 2 cut(s) probed against 6 entries; the nearest entry (position 304) shares the first 10 of the prompt's 46 tokens (the prompt differs from it from that token on)
2026-09-22 05:28:46.277 INFO  sched: request 'chatcmpl-508cd08562a23457' admitted to slot 0 (reserve 3 blocks; pool 14/1280 blocks in use) — first token 785
2026-09-22 05:28:46.572 INFO  stats: rank 1 | 10.0 s | decode 22.9 tok/s, 40.9 ms/tok, 41.1 ms/step (229 steps / 230 tok, 94 % of wall) | prefill 1 prompt / 46 tok, 5 tok/s, 10.31 ms/tok, 474 ms avg (5 % of wall), 0 tok cached (0/1 hit) | live 1, queued 0 | pool 15/1280 blocks (1 %) | prefix cache 7/21 entries
2026-09-22 05:28:56.580 INFO  stats: rank 1 | 10.0 s | decode 24.0 tok/s, 41.1 ms/tok, 41.1 ms/step (240 steps / 240 tok, 98 % of wall) | prefill 0 prompts / 0 tok, 0 tok cached (0/0 hits) | live 1, queued 0 | pool 15/1280 blocks (1 %) | prefix cache 7/21 entries
2026-09-22 05:28:56.916 INFO  sched: request 'chatcmpl-508cd08562a23457' retired (steps): 256 tok in 10.6 s — prefill 46 tok (0 cached) in 474 ms; decode 255 tok / 255 passes in 10.2 s: 25.1 tok/s, 39.9 ms/tok, 40 ms/pass, 1.00 tok/pass
2026-09-22 05:28:56.992 INFO  sched: request 'chatcmpl-508cd08562a23458' admitted to slot 0 (reserve 3 blocks; pool 17/1280 blocks in use) — first token 785
2026-09-22 05:29:06.593 INFO  stats: rank 1 | 10.0 s | decode 23.9 tok/s, 40.9 ms/tok, 41.1 ms/step (238 steps / 239 tok, 98 % of wall) | prefill 1 prompt / 2 tok, 0 tok/s, 32.57 ms/tok, 65 ms avg (1 % of wall), 44 tok cached (1/1 hit) | live 1, queued 0 | pool 18/1280 blocks (1 %) | prefix cache 8/21 entries
2026-09-22 05:29:07.638 INFO  sched: request 'chatcmpl-508cd08562a23458' retired (steps): 256 tok in 10.6 s — prefill 46 tok (44 cached) in 65 ms; decode 255 tok / 255 passes in 10.6 s: 24.1 tok/s, 41.5 ms/tok, 41 ms/pass, 1.00 tok/pass
2026-09-22 05:29:07.737 INFO  sched: request 'chatcmpl-508cd08562a23459' admitted to slot 0 (reserve 3 blocks; pool 17/1280 blocks in use) — first token 785
2026-09-22 05:29:16.627 INFO  stats: rank 1 | 10.0 s | decode 23.8 tok/s, 40.9 ms/tok, 41.1 ms/step (238 steps / 239 tok, 97 % of wall) | prefill 1 prompt / 2 tok, 0 tok/s, 33.29 ms/tok, 67 ms avg (1 % of wall), 44 tok cached (1/1 hit) | live 1, queued 0 | pool 17/1280 blocks (1 %) | prefix cache 8/21 entries
2026-09-22 05:29:18.381 INFO  sched: request 'chatcmpl-508cd08562a23459' retired (steps): 256 tok in 10.6 s — prefill 46 tok (44 cached) in 67 ms; decode 255 tok / 255 passes in 10.6 s: 24.1 tok/s, 41.5 ms/tok, 41 ms/pass, 1.00 tok/pass
2026-09-22 05:29:18.929 INFO  sched: request 'chatcmpl-508cd08562a2345a' prefix cache miss — 2 cut(s) probed against 8 entries; the nearest entry (position 304) shares the first 10 of the prompt's 68 tokens (the prompt differs from it from that token on)
2026-09-22 05:29:18.929 INFO  sched: request 'chatcmpl-508cd08562a2345a' admitted to slot 0 (reserve 3 blocks; pool 18/1280 blocks in use) — first token 1654
2026-09-22 05:29:26.654 INFO  stats: rank 1 | 10.0 s | decode 22.7 tok/s, 40.9 ms/tok, 41.1 ms/step (227 steps / 228 tok, 93 % of wall) | prefill 1 prompt / 68 tok, 7 tok/s, 7.90 ms/tok, 537 ms avg (5 % of wall), 0 tok cached (0/1 hit) | live 1, queued 0 | pool 19/1280 blocks (1 %) | prefix cache 9/21 entries
2026-09-22 05:29:29.582 INFO  sched: request 'chatcmpl-508cd08562a2345a' retired (steps): 256 tok in 10.7 s — prefill 68 tok (0 cached) in 537 ms; decode 255 tok / 255 passes in 10.1 s: 25.2 tok/s, 39.7 ms/tok, 40 ms/pass, 1.00 tok/pass
2026-09-22 05:29:29.682 INFO  sched: request 'chatcmpl-508cd08562a2345b' admitted to slot 0 (reserve 3 blocks; pool 21/1280 blocks in use) — first token 1654
2026-09-22 05:29:36.656 INFO  stats: rank 1 | 10.0 s | decode 23.8 tok/s, 40.9 ms/tok, 41.1 ms/step (237 steps / 238 tok, 97 % of wall) | prefill 1 prompt / 4 tok, 0 tok/s, 22.10 ms/tok, 88 ms avg (1 % of wall), 64 tok cached (1/1 hit) | live 1, queued 0 | pool 22/1280 blocks (2 %) | prefix cache 10/21 entries
2026-09-22 05:29:40.334 INFO  sched: request 'chatcmpl-508cd08562a2345b' retired (steps): 256 tok in 10.7 s — prefill 68 tok (64 cached) in 88 ms; decode 255 tok / 255 passes in 10.6 s: 24.1 tok/s, 41.4 ms/tok, 41 ms/pass, 1.00 tok/pass
2026-09-22 05:29:40.444 INFO  sched: request 'chatcmpl-508cd08562a2345c' admitted to slot 0 (reserve 3 blocks; pool 21/1280 blocks in use) — first token 1654
2026-09-22 05:29:46.669 INFO  stats: rank 1 | 10.0 s | decode 23.8 tok/s, 40.9 ms/tok, 41.1 ms/step (237 steps / 238 tok, 97 % of wall) | prefill 1 prompt / 4 tok, 0 tok/s, 22.11 ms/tok, 88 ms avg (1 % of wall), 64 tok cached (1/1 hit) | live 1, queued 0 | pool 22/1280 blocks (2 %) | prefix cache 10/21 entries
2026-09-22 05:29:51.100 INFO  sched: request 'chatcmpl-508cd08562a2345c' retired (steps): 256 tok in 10.7 s — prefill 68 tok (64 cached) in 88 ms; decode 255 tok / 255 passes in 10.6 s: 24.1 tok/s, 41.4 ms/tok, 41 ms/pass, 1.00 tok/pass
2026-09-22 05:29:51.622 INFO  sched: request 'chatcmpl-508cd08562a2345d' prefix cache miss — 2 cut(s) probed against 10 entries; the nearest entry (position 320) shares the first 10 of the prompt's 40 tokens (the prompt differs from it from that token on)
2026-09-22 05:29:51.622 INFO  sched: request 'chatcmpl-508cd08562a2345d' admitted to slot 0 (reserve 3 blocks; pool 22/1280 blocks in use) — first token 785
2026-09-22 05:29:56.676 INFO  stats: rank 1 | 10.0 s | decode 22.8 tok/s, 40.9 ms/tok, 41.1 ms/step (227 steps / 228 tok, 93 % of wall) | prefill 1 prompt / 40 tok, 4 tok/s, 11.97 ms/tok, 479 ms avg (5 % of wall), 0 tok cached (0/1 hit) | live 1, queued 0 | pool 23/1280 blocks (2 %) | prefix cache 11/21 entries
2026-09-22 05:30:02.268 INFO  sched: request 'chatcmpl-508cd08562a2345d' retired (steps): 256 tok in 10.6 s — prefill 40 tok (0 cached) in 479 ms; decode 255 tok / 255 passes in 10.2 s: 25.1 tok/s, 39.9 ms/tok, 40 ms/pass, 1.00 tok/pass
2026-09-22 05:30:02.379 INFO  sched: request 'chatcmpl-508cd08562a2345e' admitted to slot 0 (reserve 3 blocks; pool 25/1280 blocks in use) — first token 785
2026-09-22 05:30:06.679 INFO  stats: rank 1 | 10.0 s | decode 23.8 tok/s, 40.9 ms/tok, 41.1 ms/step (237 steps / 238 tok, 97 % of wall) | prefill 1 prompt / 4 tok, 0 tok/s, 22.34 ms/tok, 89 ms avg (1 % of wall), 36 tok cached (1/1 hit) | live 1, queued 0 | pool 26/1280 blocks (2 %) | prefix cache 12/21 entries
2026-09-22 05:30:13.025 INFO  sched: request 'chatcmpl-508cd08562a2345e' retired (steps): 256 tok in 10.6 s — prefill 40 tok (36 cached) in 89 ms; decode 255 tok / 255 passes in 10.6 s: 24.2 tok/s, 41.4 ms/tok, 41 ms/pass, 1.00 tok/pass
2026-09-22 05:30:13.131 INFO  sched: request 'chatcmpl-508cd08562a2345f' admitted to slot 0 (reserve 3 blocks; pool 25/1280 blocks in use) — first token 785
2026-09-22 05:30:16.680 INFO  stats: rank 1 | 10.0 s | decode 23.8 tok/s, 40.9 ms/tok, 41.1 ms/step (237 steps / 238 tok, 97 % of wall) | prefill 1 prompt / 4 tok, 0 tok/s, 22.25 ms/tok, 89 ms avg (1 % of wall), 36 tok cached (1/1 hit) | live 1, queued 0 | pool 26/1280 blocks (2 %) | prefix cache 12/21 entries
2026-09-22 05:30:23.777 INFO  sched: request 'chatcmpl-508cd08562a2345f' retired (steps): 256 tok in 10.6 s — prefill 40 tok (36 cached) in 89 ms; decode 255 tok / 255 passes in 10.6 s: 24.2 tok/s, 41.4 ms/tok, 41 ms/pass, 1.00 tok/pass
2026-09-22 05:30:24.345 INFO  journal: stop record — exiting
2026-09-22 05:30:24.405 INFO  rank 1: graph engine sampling summary — 0 sampled decode steps, 0 served by the exact gather fallback (0.0%), 128 candidates per rank
2026-09-22 05:30:25.960 INFO  rank 1: exited cleanly
