model XiaomiMiMo/MiMo-V2.6-Flash-RL
warm 0: status 200 tokens 64
== prose concurrency 1: 21:04:09.620 .. 21:04:13.532  wall 3.9 s
   req 0: status 200 finish=length tokens 256 chunks 256 ttft 278 ms  client update pace 14.25 ms/update
   aggregate wall: 256 tokens in 3.91 s = 65.43 tok/s (prefill included)
   legacy output-span aggregate: 70.44113173198565 tok/s (initial TTFT excluded; later admissions included)
   engine decode: 70.831 tok/s
== prose concurrency 1: 21:04:13.533 .. 21:04:17.269  wall 3.7 s
   req 0: status 200 finish=length tokens 256 chunks 256 ttft 101 ms  client update pace 14.25 ms/update
   aggregate wall: 256 tokens in 3.74 s = 68.51 tok/s (prefill included)
   legacy output-span aggregate: 70.43322072793706 tok/s (initial TTFT excluded; later admissions included)
   engine decode: 70.743 tok/s
== prose concurrency 1: 21:04:17.270 .. 21:04:21.007  wall 3.7 s
   req 0: status 200 finish=length tokens 256 chunks 256 ttft 101 ms  client update pace 14.25 ms/update
   aggregate wall: 256 tokens in 3.74 s = 68.51 tok/s (prefill included)
   legacy output-span aggregate: 70.43293675960749 tok/s (initial TTFT excluded; later admissions included)
   engine decode: 70.954 tok/s
== prose concurrency 2: 21:04:21.008 .. 21:04:26.864  wall 5.9 s
   req 0: status 200 finish=length tokens 256 chunks 256 ttft 278 ms  client update pace 21.37 ms/update
   req 1: status 200 finish=length tokens 256 chunks 256 ttft 554 ms  client update pace 20.79 ms/update
   aggregate wall: 512 tokens in 5.86 s = 87.43 tok/s (prefill included)
   legacy output-span aggregate: 91.79739860655698 tok/s (initial TTFT excluded; later admissions included)
   engine decode: 97.388 tok/s
== prose concurrency 2: 21:04:26.864 .. 21:04:32.344  wall 5.5 s
   req 0: status 200 finish=length tokens 256 chunks 256 ttft 203 ms  client update pace 20.39 ms/update
   req 1: status 200 finish=length tokens 256 chunks 256 ttft 101 ms  client update pace 21.09 ms/update
   aggregate wall: 512 tokens in 5.48 s = 93.44 tok/s (prefill included)
   legacy output-span aggregate: 95.21844729401633 tok/s (initial TTFT excluded; later admissions included)
   engine decode: 97.804 tok/s
== prose concurrency 2: 21:04:32.344 .. 21:04:37.850  wall 5.5 s
   req 0: status 200 finish=length tokens 256 chunks 256 ttft 102 ms  client update pace 20.69 ms/update
   req 1: status 200 finish=length tokens 256 chunks 256 ttft 202 ms  client update pace 20.79 ms/update
   aggregate wall: 512 tokens in 5.51 s = 93.00 tok/s (prefill included)
   legacy output-span aggregate: 94.7638644445315 tok/s (initial TTFT excluded; later admissions included)
   engine decode: 97.362 tok/s
== prose concurrency 4: 21:04:37.852 .. 21:04:46.631  wall 8.8 s
   req 0: status 200 finish=length tokens 256 chunks 256 ttft 278 ms  client update pace 32.94 ms/update
   req 1: status 200 finish=length tokens 256 chunks 256 ttft 555 ms  client update pace 30.86 ms/update
   req 2: status 200 finish=length tokens 256 chunks 256 ttft 831 ms  client update pace 31.16 ms/update
   req 3: status 200 finish=length tokens 256 chunks 256 ttft 1108 ms  client update pace 30.07 ms/update
   aggregate wall: 1024 tokens in 8.78 s = 116.64 tok/s (prefill included)
   legacy output-span aggregate: 120.47282286436374 tok/s (initial TTFT excluded; later admissions included)
   engine decode: 133.508 tok/s
== prose concurrency 4: 21:04:46.632 .. 21:04:54.758  wall 8.1 s
   req 0: status 200 finish=length tokens 256 chunks 256 ttft 103 ms  client update pace 31.06 ms/update
   req 1: status 200 finish=length tokens 256 chunks 256 ttft 304 ms  client update pace 29.48 ms/update
   req 2: status 200 finish=length tokens 256 chunks 256 ttft 203 ms  client update pace 30.87 ms/update
   req 3: status 200 finish=length tokens 256 chunks 256 ttft 430 ms  client update pace 30.08 ms/update
   aggregate wall: 1024 tokens in 8.13 s = 126.01 tok/s (prefill included)
   legacy output-span aggregate: 128.03044844073446 tok/s (initial TTFT excluded; later admissions included)
   engine decode: 133.660 tok/s
== prose concurrency 4: 21:04:54.759 .. 21:05:02.928  wall 8.2 s
   req 0: status 200 finish=length tokens 256 chunks 256 ttft 433 ms  client update pace 30.24 ms/update
   req 1: status 200 finish=length tokens 256 chunks 256 ttft 205 ms  client update pace 29.63 ms/update
   req 2: status 200 finish=length tokens 256 chunks 256 ttft 306 ms  client update pace 30.63 ms/update
   req 3: status 200 finish=length tokens 256 chunks 256 ttft 103 ms  client update pace 30.93 ms/update
   aggregate wall: 1024 tokens in 8.17 s = 125.35 tok/s (prefill included)
   legacy output-span aggregate: 127.38289217756316 tok/s (initial TTFT excluded; later admissions included)
   engine decode: 132.961 tok/s
== code concurrency 1: 21:05:02.932 .. 21:05:06.657  wall 3.7 s
   req 0: status 200 finish=length tokens 256 chunks 256 ttft 304 ms  client update pace 13.41 ms/update
   aggregate wall: 256 tokens in 3.73 s = 68.72 tok/s (prefill included)
   legacy output-span aggregate: 74.84119644468743 tok/s (initial TTFT excluded; later admissions included)
   engine decode: 75.544 tok/s
== code concurrency 1: 21:05:06.658 .. 21:05:10.164  wall 3.5 s
   req 0: status 200 finish=length tokens 256 chunks 256 ttft 102 ms  client update pace 13.35 ms/update
   aggregate wall: 256 tokens in 3.51 s = 73.01 tok/s (prefill included)
   legacy output-span aggregate: 75.2028153467861 tok/s (initial TTFT excluded; later admissions included)
   engine decode: 75.565 tok/s
== code concurrency 1: 21:05:10.165 .. 21:05:13.687  wall 3.5 s
   req 0: status 200 finish=length tokens 256 chunks 256 ttft 101 ms  client update pace 13.41 ms/update
   aggregate wall: 256 tokens in 3.52 s = 72.70 tok/s (prefill included)
   legacy output-span aggregate: 74.85795633313674 tok/s (initial TTFT excluded; later admissions included)
   engine decode: 75.466 tok/s
== code concurrency 2: 21:05:13.691 .. 21:05:19.315  wall 5.6 s
   req 0: status 200 finish=length tokens 256 chunks 256 ttft 305 ms  client update pace 20.75 ms/update
   req 1: status 200 finish=length tokens 256 chunks 256 ttft 609 ms  client update pace 19.67 ms/update
   aggregate wall: 512 tokens in 5.62 s = 91.04 tok/s (prefill included)
   legacy output-span aggregate: 96.26448781764 tok/s (initial TTFT excluded; later admissions included)
   engine decode: 102.814 tok/s
== code concurrency 2: 21:05:19.316 .. 21:05:24.528  wall 5.2 s
   req 0: status 200 finish=length tokens 256 chunks 256 ttft 102 ms  client update pace 19.93 ms/update
   req 1: status 200 finish=length tokens 256 chunks 256 ttft 203 ms  client update pace 19.64 ms/update
   aggregate wall: 512 tokens in 5.21 s = 98.24 tok/s (prefill included)
   legacy output-span aggregate: 100.21465776045898 tok/s (initial TTFT excluded; later admissions included)
   engine decode: 102.800 tok/s
== code concurrency 2: 21:05:24.528 .. 21:05:29.731  wall 5.2 s
   req 0: status 200 finish=length tokens 256 chunks 256 ttft 102 ms  client update pace 19.90 ms/update
   req 1: status 200 finish=length tokens 256 chunks 256 ttft 202 ms  client update pace 19.61 ms/update
   aggregate wall: 512 tokens in 5.20 s = 98.41 tok/s (prefill included)
   legacy output-span aggregate: 100.37986434453386 tok/s (initial TTFT excluded; later admissions included)
   engine decode: 102.791 tok/s
== code concurrency 4: 21:05:29.737 .. 21:05:38.221  wall 8.5 s
   req 0: status 200 finish=length tokens 256 chunks 256 ttft 304 ms  client update pace 31.18 ms/update
   req 1: status 200 finish=length tokens 256 chunks 256 ttft 1135 ms  client update pace 28.82 ms/update
   req 2: status 200 finish=length tokens 256 chunks 256 ttft 833 ms  client update pace 29.90 ms/update
   req 3: status 200 finish=length tokens 256 chunks 256 ttft 555 ms  client update pace 29.99 ms/update
   aggregate wall: 1024 tokens in 8.48 s = 120.69 tok/s (prefill included)
   legacy output-span aggregate: 125.18969533601597 tok/s (initial TTFT excluded; later admissions included)
   engine decode: 138.830 tok/s
== code concurrency 4: 21:05:38.222 .. 21:05:45.968  wall 7.7 s
   req 0: status 200 finish=length tokens 256 chunks 256 ttft 102 ms  client update pace 29.37 ms/update
   req 1: status 200 finish=length tokens 256 chunks 256 ttft 304 ms  client update pace 29.18 ms/update
   req 2: status 200 finish=length tokens 256 chunks 256 ttft 203 ms  client update pace 29.48 ms/update
   req 3: status 200 finish=length tokens 256 chunks 256 ttft 430 ms  client update pace 28.28 ms/update
   aggregate wall: 1024 tokens in 7.75 s = 132.20 tok/s (prefill included)
   legacy output-span aggregate: 133.97711265333544 tok/s (initial TTFT excluded; later admissions included)
   engine decode: 139.586 tok/s
== code concurrency 4: 21:05:45.969 .. 21:05:53.700  wall 7.7 s
   req 0: status 200 finish=length tokens 256 chunks 256 ttft 103 ms  client update pace 29.21 ms/update
   req 1: status 200 finish=length tokens 256 chunks 256 ttft 205 ms  client update pace 29.41 ms/update
   req 2: status 200 finish=length tokens 256 chunks 256 ttft 306 ms  client update pace 29.11 ms/update
   req 3: status 200 finish=length tokens 256 chunks 256 ttft 433 ms  client update pace 28.11 ms/update
   aggregate wall: 1024 tokens in 7.73 s = 132.45 tok/s (prefill included)
   legacy output-span aggregate: 134.26108153237075 tok/s (initial TTFT excluded; later admissions included)
   engine decode: 140.568 tok/s
== json concurrency 1: 21:05:53.707 .. 21:05:57.257  wall 3.5 s
   req 0: status 200 finish=length tokens 256 chunks 256 ttft 305 ms  client update pace 12.72 ms/update
   aggregate wall: 256 tokens in 3.55 s = 72.11 tok/s (prefill included)
   legacy output-span aggregate: 78.91425433499208 tok/s (initial TTFT excluded; later admissions included)
   engine decode: 79.563 tok/s
== json concurrency 1: 21:05:57.258 .. 21:06:00.603  wall 3.3 s
   req 0: status 200 finish=length tokens 256 chunks 256 ttft 102 ms  client update pace 12.72 ms/update
   aggregate wall: 256 tokens in 3.35 s = 76.53 tok/s (prefill included)
   legacy output-span aggregate: 78.94890626118963 tok/s (initial TTFT excluded; later admissions included)
   engine decode: 79.613 tok/s
== json concurrency 1: 21:06:00.604 .. 21:06:03.939  wall 3.3 s
   req 0: status 200 finish=length tokens 256 chunks 256 ttft 101 ms  client update pace 12.68 ms/update
   aggregate wall: 256 tokens in 3.34 s = 76.76 tok/s (prefill included)
   legacy output-span aggregate: 79.18091951053613 tok/s (initial TTFT excluded; later admissions included)
   engine decode: 79.536 tok/s
== json concurrency 2: 21:06:03.947 .. 21:06:09.078  wall 5.1 s
   req 0: status 200 finish=length tokens 256 chunks 256 ttft 305 ms  client update pace 18.92 ms/update
   req 1: status 200 finish=length tokens 256 chunks 256 ttft 610 ms  client update pace 17.73 ms/update
   aggregate wall: 512 tokens in 5.13 s = 99.79 tok/s (prefill included)
   legacy output-span aggregate: 106.10851417406363 tok/s (initial TTFT excluded; later admissions included)
   engine decode: 113.910 tok/s
== json concurrency 2: 21:06:09.079 .. 21:06:13.783  wall 4.7 s
   req 0: status 200 finish=length tokens 256 chunks 256 ttft 102 ms  client update pace 18.04 ms/update
   req 1: status 200 finish=length tokens 256 chunks 256 ttft 178 ms  client update pace 17.74 ms/update
   aggregate wall: 512 tokens in 4.70 s = 108.85 tok/s (prefill included)
   legacy output-span aggregate: 111.27612016980991 tok/s (initial TTFT excluded; later admissions included)
   engine decode: 113.944 tok/s
== json concurrency 2: 21:06:13.784 .. 21:06:18.564  wall 4.8 s
   req 0: status 200 finish=length tokens 256 chunks 256 ttft 204 ms  client update pace 17.84 ms/update
   req 1: status 200 finish=length tokens 256 chunks 256 ttft 102 ms  client update pace 18.14 ms/update
   aggregate wall: 512 tokens in 4.78 s = 107.11 tok/s (prefill included)
   legacy output-span aggregate: 110.08197888985723 tok/s (initial TTFT excluded; later admissions included)
   engine decode: 112.657 tok/s
== json concurrency 4: 21:06:18.572 .. 21:06:26.806  wall 8.2 s
   req 0: status 200 finish=length tokens 256 chunks 256 ttft 305 ms  client update pace 30.09 ms/update
   req 1: status 200 finish=length tokens 256 chunks 256 ttft 559 ms  client update pace 28.89 ms/update
   req 2: status 200 finish=length tokens 256 chunks 256 ttft 1143 ms  client update pace 27.10 ms/update
   req 3: status 200 finish=length tokens 256 chunks 256 ttft 838 ms  client update pace 29.00 ms/update
   aggregate wall: 1024 tokens in 8.23 s = 124.36 tok/s (prefill included)
   legacy output-span aggregate: 129.16609946859336 tok/s (initial TTFT excluded; later admissions included)
   engine decode: 144.798 tok/s
== json concurrency 4: 21:06:26.807 .. 21:06:34.328  wall 7.5 s
   req 0: status 200 finish=length tokens 256 chunks 256 ttft 103 ms  client update pace 28.09 ms/update
   req 1: status 200 finish=length tokens 256 chunks 256 ttft 204 ms  client update pace 27.49 ms/update
   req 2: status 200 finish=length tokens 256 chunks 256 ttft 433 ms  client update pace 26.99 ms/update
   req 3: status 200 finish=length tokens 256 chunks 256 ttft 305 ms  client update pace 28.19 ms/update
   aggregate wall: 1024 tokens in 7.52 s = 136.16 tok/s (prefill included)
   legacy output-span aggregate: 138.53736516884052 tok/s (initial TTFT excluded; later admissions included)
   engine decode: 144.755 tok/s
== json concurrency 4: 21:06:34.329 .. 21:06:41.858  wall 7.5 s
   req 0: status 200 finish=length tokens 256 chunks 256 ttft 205 ms  client update pace 28.02 ms/update
   req 1: status 200 finish=length tokens 256 chunks 256 ttft 434 ms  client update pace 27.12 ms/update
   req 2: status 200 finish=length tokens 256 chunks 256 ttft 103 ms  client update pace 27.82 ms/update
   req 3: status 200 finish=length tokens 256 chunks 256 ttft 306 ms  client update pace 28.32 ms/update
   aggregate wall: 1024 tokens in 7.53 s = 136.01 tok/s (prefill included)
   legacy output-span aggregate: 137.90864780745838 tok/s (initial TTFT excluded; later admissions included)
   engine decode: 144.249 tok/s
== math concurrency 1: 21:06:41.868 .. 21:06:45.528  wall 3.7 s
   req 0: status 200 finish=length tokens 256 chunks 256 ttft 331 ms  client update pace 13.06 ms/update
   aggregate wall: 256 tokens in 3.66 s = 69.94 tok/s (prefill included)
   legacy output-span aggregate: 76.89190933813838 tok/s (initial TTFT excluded; later admissions included)
   engine decode: 77.794 tok/s
== math concurrency 1: 21:06:45.529 .. 21:06:48.963  wall 3.4 s
   req 0: status 200 finish=length tokens 256 chunks 256 ttft 102 ms  client update pace 13.06 ms/update
   aggregate wall: 256 tokens in 3.43 s = 74.55 tok/s (prefill included)
   legacy output-span aggregate: 76.84100555769199 tok/s (initial TTFT excluded; later admissions included)
   engine decode: 77.531 tok/s
== math concurrency 1: 21:06:48.964 .. 21:06:52.373  wall 3.4 s
   req 0: status 200 finish=length tokens 256 chunks 256 ttft 101 ms  client update pace 12.97 ms/update
   aggregate wall: 256 tokens in 3.41 s = 75.09 tok/s (prefill included)
   legacy output-span aggregate: 77.4004639834801 tok/s (initial TTFT excluded; later admissions included)
   engine decode: 77.863 tok/s
== math concurrency 2: 21:06:52.385 .. 21:06:57.635  wall 5.3 s
   req 0: status 200 finish=length tokens 256 chunks 256 ttft 631 ms  client update pace 18.11 ms/update
   req 1: status 200 finish=length tokens 256 chunks 256 ttft 303 ms  client update pace 19.40 ms/update
   aggregate wall: 512 tokens in 5.25 s = 97.52 tok/s (prefill included)
   legacy output-span aggregate: 103.50621361163105 tok/s (initial TTFT excluded; later admissions included)
   engine decode: 111.707 tok/s
== math concurrency 2: 21:06:57.636 .. 21:07:02.485  wall 4.8 s
   req 0: status 200 finish=length tokens 256 chunks 256 ttft 102 ms  client update pace 18.42 ms/update
   req 1: status 200 finish=length tokens 256 chunks 256 ttft 203 ms  client update pace 18.22 ms/update
   aggregate wall: 512 tokens in 4.85 s = 105.57 tok/s (prefill included)
   legacy output-span aggregate: 107.84815122880914 tok/s (initial TTFT excluded; later admissions included)
   engine decode: 110.533 tok/s
== math concurrency 2: 21:07:02.486 .. 21:07:07.334  wall 4.8 s
   req 0: status 200 finish=length tokens 256 chunks 256 ttft 102 ms  client update pace 18.31 ms/update
   req 1: status 200 finish=length tokens 256 chunks 256 ttft 202 ms  client update pace 18.22 ms/update
   aggregate wall: 512 tokens in 4.85 s = 105.60 tok/s (prefill included)
   legacy output-span aggregate: 107.8726089457882 tok/s (initial TTFT excluded; later admissions included)
   engine decode: 110.932 tok/s
== math concurrency 4: 21:07:07.346 .. 21:07:15.751  wall 8.4 s
   req 0: status 200 finish=length tokens 256 chunks 256 ttft 586 ms  client update pace 29.76 ms/update
   req 1: status 200 finish=length tokens 256 chunks 256 ttft 890 ms  client update pace 29.16 ms/update
   req 2: status 200 finish=length tokens 256 chunks 256 ttft 1168 ms  client update pace 28.37 ms/update
   req 3: status 200 finish=length tokens 256 chunks 256 ttft 280 ms  client update pace 31.75 ms/update
   aggregate wall: 1024 tokens in 8.40 s = 121.84 tok/s (prefill included)
   legacy output-span aggregate: 126.06870813881744 tok/s (initial TTFT excluded; later admissions included)
   engine decode: 141.649 tok/s
== math concurrency 4: 21:07:15.751 .. 21:07:23.474  wall 7.7 s
   req 0: status 200 finish=length tokens 256 chunks 256 ttft 104 ms  client update pace 28.58 ms/update
   req 1: status 200 finish=length tokens 256 chunks 256 ttft 180 ms  client update pace 28.88 ms/update
   req 2: status 200 finish=length tokens 256 chunks 256 ttft 307 ms  client update pace 28.78 ms/update
   req 3: status 200 finish=length tokens 256 chunks 256 ttft 433 ms  client update pace 28.58 ms/update
   aggregate wall: 1024 tokens in 7.72 s = 132.59 tok/s (prefill included)
   legacy output-span aggregate: 134.40063292638436 tok/s (initial TTFT excluded; later admissions included)
   engine decode: 140.478 tok/s
== math concurrency 4: 21:07:23.475 .. 21:07:31.176  wall 7.7 s
   req 0: status 200 finish=length tokens 256 chunks 256 ttft 103 ms  client update pace 28.49 ms/update
   req 1: status 200 finish=length tokens 256 chunks 256 ttft 204 ms  client update pace 28.69 ms/update
   req 2: status 200 finish=length tokens 256 chunks 256 ttft 305 ms  client update pace 28.70 ms/update
   req 3: status 200 finish=length tokens 256 chunks 256 ttft 431 ms  client update pace 28.50 ms/update
   aggregate wall: 1024 tokens in 7.70 s = 132.97 tok/s (prefill included)
   legacy output-span aggregate: 134.78825800922337 tok/s (initial TTFT excluded; later admissions included)
   engine decode: 141.091 tok/s
== chat concurrency 1: 21:07:31.190 .. 21:07:35.130  wall 3.9 s
   req 0: status 200 finish=length tokens 256 chunks 256 ttft 280 ms  client update pace 14.35 ms/update
   aggregate wall: 256 tokens in 3.94 s = 64.96 tok/s (prefill included)
   legacy output-span aggregate: 69.93634737104333 tok/s (initial TTFT excluded; later admissions included)
   engine decode: 70.549 tok/s
== chat concurrency 1: 21:07:35.131 .. 21:07:38.896  wall 3.8 s
   req 0: status 200 finish=length tokens 256 chunks 256 ttft 102 ms  client update pace 14.36 ms/update
   aggregate wall: 256 tokens in 3.76 s = 68.00 tok/s (prefill included)
   legacy output-span aggregate: 69.90359671202178 tok/s (initial TTFT excluded; later admissions included)
   engine decode: 70.508 tok/s
== chat concurrency 1: 21:07:38.897 .. 21:07:42.661  wall 3.8 s
   req 0: status 200 finish=length tokens 256 chunks 256 ttft 102 ms  client update pace 14.36 ms/update
   aggregate wall: 256 tokens in 3.76 s = 68.01 tok/s (prefill included)
   legacy output-span aggregate: 69.90962184347325 tok/s (initial TTFT excluded; later admissions included)
   engine decode: 70.380 tok/s
== chat concurrency 2: 21:07:42.675 .. 21:07:48.474  wall 5.8 s
   req 0: status 200 finish=length tokens 256 chunks 256 ttft 279 ms  client update pace 21.64 ms/update
   req 1: status 200 finish=length tokens 256 chunks 256 ttft 583 ms  client update pace 19.75 ms/update
   aggregate wall: 512 tokens in 5.80 s = 88.30 tok/s (prefill included)
   legacy output-span aggregate: 92.77042118871279 tok/s (initial TTFT excluded; later admissions included)
   engine decode: 98.440 tok/s
== chat concurrency 2: 21:07:48.475 .. 21:07:53.913  wall 5.4 s
   req 0: status 200 finish=length tokens 256 chunks 256 ttft 204 ms  client update pace 20.52 ms/update
   req 1: status 200 finish=length tokens 256 chunks 256 ttft 102 ms  client update pace 20.02 ms/update
   aggregate wall: 512 tokens in 5.44 s = 94.15 tok/s (prefill included)
   legacy output-span aggregate: 95.96701620866432 tok/s (initial TTFT excluded; later admissions included)
   engine decode: 98.115 tok/s
== chat concurrency 2: 21:07:53.913 .. 21:07:59.324  wall 5.4 s
   req 0: status 200 finish=length tokens 256 chunks 256 ttft 102 ms  client update pace 20.82 ms/update
   req 1: status 200 finish=length tokens 256 chunks 256 ttft 202 ms  client update pace 19.72 ms/update
   aggregate wall: 512 tokens in 5.41 s = 94.63 tok/s (prefill included)
   legacy output-span aggregate: 96.45200055632162 tok/s (initial TTFT excluded; later admissions included)
   engine decode: 98.496 tok/s
== chat concurrency 4: 21:07:59.339 .. 21:08:08.301  wall 9.0 s
   req 0: status 200 finish=length tokens 256 chunks 256 ttft 279 ms  client update pace 32.75 ms/update
   req 1: status 200 finish=length tokens 256 chunks 256 ttft 557 ms  client update pace 32.06 ms/update
   req 2: status 200 finish=length tokens 256 chunks 256 ttft 835 ms  client update pace 31.17 ms/update
   req 3: status 200 finish=length tokens 256 chunks 256 ttft 1112 ms  client update pace 30.78 ms/update
   aggregate wall: 1024 tokens in 8.96 s = 114.26 tok/s (prefill included)
   legacy output-span aggregate: 117.94369245470385 tok/s (initial TTFT excluded; later admissions included)
   engine decode: 130.440 tok/s
== chat concurrency 4: 21:08:08.302 .. 21:08:16.531  wall 8.2 s
   req 0: status 200 finish=length tokens 256 chunks 256 ttft 103 ms  client update pace 30.77 ms/update
   req 1: status 200 finish=length tokens 256 chunks 256 ttft 304 ms  client update pace 30.58 ms/update
   req 2: status 200 finish=length tokens 256 chunks 256 ttft 429 ms  client update pace 30.28 ms/update
   req 3: status 200 finish=length tokens 256 chunks 256 ttft 202 ms  client update pace 31.47 ms/update
   aggregate wall: 1024 tokens in 8.23 s = 124.44 tok/s (prefill included)
   legacy output-span aggregate: 126.01899564418726 tok/s (initial TTFT excluded; later admissions included)
   engine decode: 131.438 tok/s
== chat concurrency 4: 21:08:16.532 .. 21:08:24.812  wall 8.3 s
   req 0: status 200 finish=length tokens 256 chunks 256 ttft 102 ms  client update pace 30.78 ms/update
   req 1: status 200 finish=length tokens 256 chunks 256 ttft 430 ms  client update pace 30.39 ms/update
   req 2: status 200 finish=length tokens 256 chunks 256 ttft 203 ms  client update pace 30.88 ms/update
   req 3: status 200 finish=length tokens 256 chunks 256 ttft 303 ms  client update pace 31.28 ms/update
   aggregate wall: 1024 tokens in 8.28 s = 123.67 tok/s (prefill included)
   legacy output-span aggregate: 125.21622844881979 tok/s (initial TTFT excluded; later admissions included)
   engine decode: 130.749 tok/s
== per-class wall aggregate tokens/s (prefill included), greedy, max_tokens 256
| class | c=1 | c=2 | c=4 |
|---|---|---|---|
| prose | 68.5 | 93.0 | 125.4 |
| code | 72.7 | 98.2 | 132.2 |
| json | 76.5 | 107.1 | 136.0 |
| math | 74.6 | 105.6 | 132.6 |
| chat | 68.0 | 94.2 | 123.7 |
