model XiaomiMiMo/MiMo-V2.6-Flash-RL
warm 0: status 200 tokens 64
== prose concurrency 1: 22:31:08.150 .. 22:31:14.658  wall 6.5 s
   req 0: status 200 finish=length tokens 256 chunks 256 ttft 383 ms  client update pace 24.02 ms/update
   aggregate wall: 256 tokens in 6.51 s = 39.33 tok/s (prefill included)
   legacy output-span aggregate: 41.79699125704423 tok/s (initial TTFT excluded; later admissions included)
   engine decode: 41.817 tok/s
== prose concurrency 1: 22:31:14.659 .. 22:31:20.897  wall 6.2 s
   req 0: status 200 finish=length tokens 256 chunks 256 ttft 102 ms  client update pace 24.06 ms/update
   aggregate wall: 256 tokens in 6.24 s = 41.04 tok/s (prefill included)
   legacy output-span aggregate: 41.721885140180476 tok/s (initial TTFT excluded; later admissions included)
   engine decode: 41.809 tok/s
== prose concurrency 1: 22:31:20.898 .. 22:31:27.501  wall 6.6 s
   req 0: status 200 finish=length tokens 256 chunks 256 ttft 102 ms  client update pace 25.39 ms/update
   aggregate wall: 256 tokens in 6.60 s = 38.77 tok/s (prefill included)
   legacy output-span aggregate: 39.53829179531624 tok/s (initial TTFT excluded; later admissions included)
   engine decode: 39.564 tok/s
== prose concurrency 4: 22:31:27.503 .. 22:31:43.388  wall 15.9 s
   req 0: status 200 finish=length tokens 256 chunks 256 ttft 383 ms  client update pace 60.59 ms/update
   req 1: status 200 finish=length tokens 256 chunks 256 ttft 789 ms  client update pace 57.90 ms/update
   req 2: status 200 finish=length tokens 256 chunks 256 ttft 1196 ms  client update pace 57.60 ms/update
   req 3: status 200 finish=length tokens 256 chunks 256 ttft 1628 ms  client update pace 54.00 ms/update
   aggregate wall: 1024 tokens in 15.89 s = 64.46 tok/s (prefill included)
   legacy output-span aggregate: 66.05765364236545 tok/s (initial TTFT excluded; later admissions included)
   engine decode: 71.368 tok/s
== prose concurrency 4: 22:31:43.389 .. 22:31:59.451  wall 16.1 s
   req 0: status 200 finish=length tokens 256 chunks 256 ttft 103 ms  client update pace 61.58 ms/update
   req 1: status 200 finish=length tokens 256 chunks 256 ttft 585 ms  client update pace 60.69 ms/update
   req 2: status 200 finish=length tokens 256 chunks 256 ttft 255 ms  client update pace 61.38 ms/update
   req 3: status 200 finish=length tokens 256 chunks 256 ttft 407 ms  client update pace 53.56 ms/update
   aggregate wall: 1024 tokens in 16.06 s = 63.76 tok/s (prefill included)
   legacy output-span aggregate: 64.17138101946797 tok/s (initial TTFT excluded; later admissions included)
   engine decode: 65.692 tok/s
== prose concurrency 4: 22:31:59.452 .. 22:32:14.118  wall 14.7 s
   req 0: status 200 finish=length tokens 256 chunks 256 ttft 103 ms  client update pace 55.01 ms/update
   req 1: status 200 finish=length tokens 256 chunks 256 ttft 560 ms  client update pace 55.21 ms/update
   req 2: status 200 finish=length tokens 256 chunks 256 ttft 407 ms  client update pace 55.71 ms/update
   req 3: status 200 finish=length tokens 256 chunks 256 ttft 255 ms  client update pace 53.71 ms/update
   aggregate wall: 1024 tokens in 14.67 s = 69.82 tok/s (prefill included)
   legacy output-span aggregate: 70.44001440907154 tok/s (initial TTFT excluded; later admissions included)
   engine decode: 72.351 tok/s
== code concurrency 1: 22:32:14.123 .. 22:32:20.487  wall 6.4 s
   req 0: status 200 finish=length tokens 256 chunks 256 ttft 433 ms  client update pace 23.25 ms/update
   aggregate wall: 256 tokens in 6.36 s = 40.22 tok/s (prefill included)
   legacy output-span aggregate: 43.17143141735414 tok/s (initial TTFT excluded; later admissions included)
   engine decode: 43.352 tok/s
== code concurrency 1: 22:32:20.488 .. 22:32:26.212  wall 5.7 s
   req 0: status 200 finish=length tokens 256 chunks 256 ttft 103 ms  client update pace 22.04 ms/update
   aggregate wall: 256 tokens in 5.72 s = 44.73 tok/s (prefill included)
   legacy output-span aggregate: 45.551029199213055 tok/s (initial TTFT excluded; later admissions included)
   engine decode: 45.658 tok/s
== code concurrency 1: 22:32:26.213 .. 22:32:31.950  wall 5.7 s
   req 0: status 200 finish=length tokens 256 chunks 256 ttft 102 ms  client update pace 22.10 ms/update
   aggregate wall: 256 tokens in 5.74 s = 44.62 tok/s (prefill included)
   legacy output-span aggregate: 45.43047305540301 tok/s (initial TTFT excluded; later admissions included)
   engine decode: 45.602 tok/s
== code concurrency 4: 22:32:31.956 .. 22:32:47.096  wall 15.1 s
   req 0: status 200 finish=length tokens 256 chunks 256 ttft 2108 ms  client update pace 50.50 ms/update
   req 1: status 200 finish=length tokens 256 chunks 256 ttft 1168 ms  client update pace 54.79 ms/update
   req 2: status 200 finish=length tokens 256 chunks 256 ttft 1625 ms  client update pace 53.00 ms/update
   req 3: status 200 finish=length tokens 256 chunks 256 ttft 534 ms  client update pace 56.68 ms/update
   aggregate wall: 1024 tokens in 15.14 s = 67.64 tok/s (prefill included)
   legacy output-span aggregate: 70.11339647621091 tok/s (initial TTFT excluded; later admissions included)
   engine decode: 77.985 tok/s
== code concurrency 4: 22:32:47.097 .. 22:33:00.580  wall 13.5 s
   req 0: status 200 finish=length tokens 256 chunks 256 ttft 104 ms  client update pace 52.46 ms/update
   req 1: status 200 finish=length tokens 256 chunks 256 ttft 386 ms  client update pace 50.75 ms/update
   req 2: status 200 finish=length tokens 256 chunks 256 ttft 258 ms  client update pace 50.85 ms/update
   req 3: status 200 finish=length tokens 256 chunks 256 ttft 565 ms  client update pace 50.05 ms/update
   aggregate wall: 1024 tokens in 13.48 s = 75.95 tok/s (prefill included)
   legacy output-span aggregate: 76.54486045854384 tok/s (initial TTFT excluded; later admissions included)
   engine decode: 78.699 tok/s
== code concurrency 4: 22:33:00.581 .. 22:33:14.681  wall 14.1 s
   req 0: status 200 finish=length tokens 256 chunks 256 ttft 104 ms  client update pace 54.38 ms/update
   req 1: status 200 finish=length tokens 256 chunks 256 ttft 561 ms  client update pace 52.99 ms/update
   req 2: status 200 finish=length tokens 256 chunks 256 ttft 257 ms  client update pace 52.67 ms/update
   req 3: status 200 finish=length tokens 256 chunks 256 ttft 383 ms  client update pace 52.88 ms/update
   aggregate wall: 1024 tokens in 14.10 s = 72.63 tok/s (prefill included)
   legacy output-span aggregate: 73.30519550393291 tok/s (initial TTFT excluded; later admissions included)
   engine decode: 75.164 tok/s
== json concurrency 1: 22:33:14.690 .. 22:33:20.399  wall 5.7 s
   req 0: status 200 finish=length tokens 256 chunks 256 ttft 434 ms  client update pace 20.68 ms/update
   aggregate wall: 256 tokens in 5.71 s = 44.84 tok/s (prefill included)
   legacy output-span aggregate: 48.53575570872792 tok/s (initial TTFT excluded; later admissions included)
   engine decode: 48.510 tok/s
== json concurrency 1: 22:33:20.400 .. 22:33:25.741  wall 5.3 s
   req 0: status 200 finish=length tokens 256 chunks 256 ttft 102 ms  client update pace 20.54 ms/update
   aggregate wall: 256 tokens in 5.34 s = 47.93 tok/s (prefill included)
   legacy output-span aggregate: 48.86769654852077 tok/s (initial TTFT excluded; later admissions included)
   engine decode: 48.950 tok/s
== json concurrency 1: 22:33:25.742 .. 22:33:31.104  wall 5.4 s
   req 0: status 200 finish=length tokens 256 chunks 256 ttft 104 ms  client update pace 20.62 ms/update
   aggregate wall: 256 tokens in 5.36 s = 47.75 tok/s (prefill included)
   legacy output-span aggregate: 48.692423502418265 tok/s (initial TTFT excluded; later admissions included)
   engine decode: 48.877 tok/s
== json concurrency 4: 22:33:31.113 .. 22:33:44.896  wall 13.8 s
   req 0: status 200 finish=length tokens 256 chunks 256 ttft 433 ms  client update pace 51.45 ms/update
   req 1: status 200 finish=length tokens 256 chunks 256 ttft 1346 ms  client update pace 48.57 ms/update
   req 2: status 200 finish=length tokens 256 chunks 256 ttft 889 ms  client update pace 49.96 ms/update
   req 3: status 200 finish=length tokens 256 chunks 256 ttft 1779 ms  client update pace 47.07 ms/update
   aggregate wall: 1024 tokens in 13.78 s = 74.29 tok/s (prefill included)
   legacy output-span aggregate: 76.70748888334778 tok/s (initial TTFT excluded; later admissions included)
   engine decode: 84.563 tok/s
== json concurrency 4: 22:33:44.897 .. 22:33:57.154  wall 12.3 s
   req 0: status 200 finish=length tokens 256 chunks 256 ttft 539 ms  client update pace 45.95 ms/update
   req 1: status 200 finish=length tokens 256 chunks 256 ttft 385 ms  client update pace 46.05 ms/update
   req 2: status 200 finish=length tokens 256 chunks 256 ttft 104 ms  client update pace 46.45 ms/update
   req 3: status 200 finish=length tokens 256 chunks 256 ttft 232 ms  client update pace 46.25 ms/update
   aggregate wall: 1024 tokens in 12.26 s = 83.54 tok/s (prefill included)
   legacy output-span aggregate: 84.26637325868775 tok/s (initial TTFT excluded; later admissions included)
   engine decode: 86.961 tok/s
== json concurrency 4: 22:33:57.155 .. 22:34:09.401  wall 12.2 s
   req 0: status 200 finish=length tokens 256 chunks 256 ttft 103 ms  client update pace 47.02 ms/update
   req 1: status 200 finish=length tokens 256 chunks 256 ttft 228 ms  client update pace 46.53 ms/update
   req 2: status 200 finish=length tokens 256 chunks 256 ttft 380 ms  client update pace 46.33 ms/update
   req 3: status 200 finish=length tokens 256 chunks 256 ttft 556 ms  client update pace 45.84 ms/update
   aggregate wall: 1024 tokens in 12.25 s = 83.62 tok/s (prefill included)
   legacy output-span aggregate: 84.33164379701407 tok/s (initial TTFT excluded; later admissions included)
   engine decode: 86.943 tok/s
== math concurrency 1: 22:34:09.414 .. 22:34:15.489  wall 6.1 s
   req 0: status 200 finish=length tokens 256 chunks 256 ttft 530 ms  client update pace 21.65 ms/update
   aggregate wall: 256 tokens in 6.08 s = 42.14 tok/s (prefill included)
   legacy output-span aggregate: 46.37700171442151 tok/s (initial TTFT excluded; later admissions included)
   engine decode: 46.260 tok/s
== math concurrency 1: 22:34:15.490 .. 22:34:21.146  wall 5.7 s
   req 0: status 200 finish=length tokens 256 chunks 256 ttft 101 ms  client update pace 21.78 ms/update
   aggregate wall: 256 tokens in 5.66 s = 45.26 tok/s (prefill included)
   legacy output-span aggregate: 46.092385304485994 tok/s (initial TTFT excluded; later admissions included)
   engine decode: 46.291 tok/s
== math concurrency 1: 22:34:21.147 .. 22:34:26.967  wall 5.8 s
   req 0: status 200 finish=length tokens 256 chunks 256 ttft 127 ms  client update pace 22.32 ms/update
   aggregate wall: 256 tokens in 5.82 s = 43.99 tok/s (prefill included)
   legacy output-span aggregate: 44.972805007896355 tok/s (initial TTFT excluded; later admissions included)
   engine decode: 45.029 tok/s
== math concurrency 4: 22:34:26.981 .. 22:34:41.562  wall 14.6 s
   req 0: status 200 finish=length tokens 256 chunks 256 ttft 508 ms  client update pace 53.50 ms/update
   req 1: status 200 finish=length tokens 256 chunks 256 ttft 987 ms  client update pace 50.82 ms/update
   req 2: status 200 finish=length tokens 256 chunks 256 ttft 1920 ms  client update pace 49.25 ms/update
   req 3: status 200 finish=length tokens 256 chunks 256 ttft 1415 ms  client update pace 51.63 ms/update
   aggregate wall: 1024 tokens in 14.58 s = 70.23 tok/s (prefill included)
   legacy output-span aggregate: 72.76121505874464 tok/s (initial TTFT excluded; later admissions included)
   engine decode: 80.335 tok/s
== math concurrency 4: 22:34:41.563 .. 22:34:54.890  wall 13.3 s
   req 0: status 200 finish=length tokens 256 chunks 256 ttft 103 ms  client update pace 51.46 ms/update
   req 1: status 200 finish=length tokens 256 chunks 256 ttft 405 ms  client update pace 50.67 ms/update
   req 2: status 200 finish=length tokens 256 chunks 256 ttft 254 ms  client update pace 50.47 ms/update
   req 3: status 200 finish=length tokens 256 chunks 256 ttft 556 ms  client update pace 50.08 ms/update
   aggregate wall: 1024 tokens in 13.33 s = 76.83 tok/s (prefill included)
   legacy output-span aggregate: 77.43540699736872 tok/s (initial TTFT excluded; later admissions included)
   engine decode: 79.625 tok/s
== math concurrency 4: 22:34:54.891 .. 22:35:07.824  wall 12.9 s
   req 0: status 200 finish=length tokens 256 chunks 256 ttft 562 ms  client update pace 48.11 ms/update
   req 1: status 200 finish=length tokens 256 chunks 256 ttft 383 ms  client update pace 48.81 ms/update
   req 2: status 200 finish=length tokens 256 chunks 256 ttft 256 ms  client update pace 49.61 ms/update
   req 3: status 200 finish=length tokens 256 chunks 256 ttft 103 ms  client update pace 49.51 ms/update
   aggregate wall: 1024 tokens in 12.93 s = 79.18 tok/s (prefill included)
   legacy output-span aggregate: 79.97848100841726 tok/s (initial TTFT excluded; later admissions included)
   engine decode: 82.180 tok/s
== chat concurrency 1: 22:35:07.882 .. 22:35:14.646  wall 6.8 s
   req 0: status 200 finish=length tokens 256 chunks 256 ttft 407 ms  client update pace 24.93 ms/update
   aggregate wall: 256 tokens in 6.76 s = 37.85 tok/s (prefill included)
   legacy output-span aggregate: 40.27570299542072 tok/s (initial TTFT excluded; later admissions included)
   engine decode: 40.339 tok/s
== chat concurrency 1: 22:35:14.646 .. 22:35:21.661  wall 7.0 s
   req 0: status 200 finish=length tokens 256 chunks 256 ttft 103 ms  client update pace 27.00 ms/update
   aggregate wall: 256 tokens in 7.01 s = 36.50 tok/s (prefill included)
   legacy output-span aggregate: 37.17788942984449 tok/s (initial TTFT excluded; later admissions included)
   engine decode: 37.199 tok/s
== chat concurrency 1: 22:35:21.661 .. 22:35:28.026  wall 6.4 s
   req 0: status 200 finish=length tokens 256 chunks 256 ttft 102 ms  client update pace 24.55 ms/update
   aggregate wall: 256 tokens in 6.36 s = 40.22 tok/s (prefill included)
   legacy output-span aggregate: 40.88700629233312 tok/s (initial TTFT excluded; later admissions included)
   engine decode: 41.029 tok/s
== chat concurrency 4: 22:35:28.044 .. 22:35:43.939  wall 15.9 s
   req 0: status 200 finish=length tokens 256 chunks 256 ttft 1703 ms  client update pace 55.65 ms/update
   req 1: status 200 finish=length tokens 256 chunks 256 ttft 1247 ms  client update pace 55.86 ms/update
   req 2: status 200 finish=length tokens 256 chunks 256 ttft 790 ms  client update pace 55.97 ms/update
   req 3: status 200 finish=length tokens 256 chunks 256 ttft 357 ms  client update pace 57.77 ms/update
   aggregate wall: 1024 tokens in 15.90 s = 64.42 tok/s (prefill included)
   legacy output-span aggregate: 65.90205293403183 tok/s (initial TTFT excluded; later admissions included)
   engine decode: 71.681 tok/s
== chat concurrency 4: 22:35:43.940 .. 22:35:59.288  wall 15.3 s
   req 0: status 200 finish=length tokens 256 chunks 256 ttft 561 ms  client update pace 57.98 ms/update
   req 1: status 200 finish=length tokens 256 chunks 256 ttft 104 ms  client update pace 57.08 ms/update
   req 2: status 200 finish=length tokens 256 chunks 256 ttft 255 ms  client update pace 57.49 ms/update
   req 3: status 200 finish=length tokens 256 chunks 256 ttft 408 ms  client update pace 54.48 ms/update
   aggregate wall: 1024 tokens in 15.35 s = 66.72 tok/s (prefill included)
   legacy output-span aggregate: 67.18087337512456 tok/s (initial TTFT excluded; later admissions included)
   engine decode: 68.872 tok/s
== chat concurrency 4: 22:35:59.289 .. 22:36:14.121  wall 14.8 s
   req 0: status 200 finish=length tokens 256 chunks 256 ttft 559 ms  client update pace 55.97 ms/update
   req 1: status 200 finish=length tokens 256 chunks 256 ttft 407 ms  client update pace 55.07 ms/update
   req 2: status 200 finish=length tokens 256 chunks 256 ttft 103 ms  client update pace 56.26 ms/update
   req 3: status 200 finish=length tokens 256 chunks 256 ttft 255 ms  client update pace 52.48 ms/update
   aggregate wall: 1024 tokens in 14.83 s = 69.04 tok/s (prefill included)
   legacy output-span aggregate: 69.52484243070141 tok/s (initial TTFT excluded; later admissions included)
   engine decode: 71.362 tok/s
== per-class wall aggregate tokens/s (prefill included), sampled T=1.0, max_tokens 256
| class | c=1 | c=4 |
|---|---|---|
| prose | 39.3 | 64.5 |
| code | 44.6 | 72.6 |
| json | 47.7 | 83.5 |
| math | 44.0 | 76.8 |
| chat | 37.8 | 66.7 |
