2026-09-22 08:42:09.146 INFO  dgpp-serve 0.1.0+ga3ed8994a34c (git a3ed8994a34c)
2026-09-22 08:42:09.146 INFO  config /tmp/bus4/deployments/aaab2c5921a82b31/cluster.json: model HawkBearPig/GLM-5.3-Flash-NVFP4-FP8, world 2, rank 1, http :18080, fabric :29970, journal :29971
2026-09-22 08:42:09.147 INFO  model HawkBearPig/GLM-5.3-Flash-NVFP4-FP8 -> /home/stephen/.cache/huggingface/hub/models--HawkBearPig--GLM-5.3-Flash-NVFP4-FP8/snapshots/17b8d4d83e33e836e9549d7e1a8d25b5117203c1
2026-09-22 08:42:09.147 INFO  journal: connected to rank 0 at 192.168.88.11:29971 (120000 attempt window)
2026-09-22 08:42:09.148 INFO  rank 1: settings from rank 0: model=HawkBearPig/GLM-5.3-Flash-NVFP4-FP8 world=2 fabric=29970 journal=29971 conc=2 kv=262144 kvdt=fp8 ngt=resident dw=checkpoint bfw=bf12 fp8head=gemv pf=bounded emsh=replicated maxtok=256 queue=8 eos=1 graph=1 compact=0 mtp=0 mtpd=1 mss=0 msrow=8 msbase=28 mslam=0 msmin=1 msad=1 batchmin=2 cand=128 pcgib=2 adm=full win=256 pfbudget=0 pfidle=0 pace=-1 inflight=-1 reasoning_in_content=0 rs=off
2026-09-22 08:42:09.148 INFO  config: model=HawkBearPig/GLM-5.3-Flash-NVFP4-FP8 world=2 fabric=29970 journal=29971 conc=2 kv=262144 kvdt=fp8 ngt=resident dw=checkpoint bfw=bf12 fp8head=gemv pf=bounded emsh=replicated maxtok=256 queue=8 eos=1 graph=1 compact=0 mtp=0 mtpd=1 mss=0 msrow=8 msbase=28 mslam=0 msmin=1 msad=1 batchmin=2 cand=128 pcgib=2 adm=full win=256 pfbudget=0 pfidle=0 pace=-1 inflight=-1 reasoning_in_content=0 rs=off (digest 2f33ae75ae6c007f)
2026-09-22 08:42:09.268 INFO  serve: model family glm5 (/home/stephen/.cache/huggingface/hub/models--HawkBearPig--GLM-5.3-Flash-NVFP4-FP8/snapshots/17b8d4d83e33e836e9549d7e1a8d25b5117203c1)
2026-09-22 08:42:09.268 INFO  serve: decode rows 8 (2 slot(s) x 1 row(s) per request, floor 8, the glm5 family's cap 8)
2026-09-22 08:42:09.268 WARN  generation config /home/stephen/.cache/huggingface/hub/models--HawkBearPig--GLM-5.3-Flash-NVFP4-FP8/snapshots/17b8d4d83e33e836e9549d7e1a8d25b5117203c1/generation_config.json omits top_k, min_p, repetition_penalty; using greedy-safe/neutral fallbacks for those fields
2026-09-22 08:42:09.268 INFO  generation defaults: temperature=1 top_p=0.95 top_k=0 min_p=0 repetition_penalty=1
2026-09-22 08:42:09.268 INFO  serve: sampling defaults temperature 1 top_p 0.95 top_k 0 min_p 0 repetition_penalty 1 (from generation_config.json; overrides: none)
2026-09-22 08:42:09.268 INFO  serve: request context limit 262144 tokens (the 262144-token K/V pool from engine.kv_capacity 262144; this family states no positional ceiling of its own)
2026-09-22 08:42:09.268 INFO  rank 1: prefix cache plan — 2 GiB budget, 29 slots of 70.412 MiB, 1.994 GiB allocated; cached K/V blocks share the 262144-token pool
2026-09-22 08:42:09.436 INFO  tokenizer: loaded vocab 154820 merges 321649 added 36 (revision 0x700b4469fc43f23b; glm pattern, no normalizer, ignore_merges true)
2026-09-22 08:42:09.445 INFO  serve: grammar vocabulary built (154880 ids, tool markers present, call-turn EOS 154829)
2026-09-22 08:42:09.547 INFO  serve: JSON grammar tables built in 0.10 s
2026-09-22 08:42:09.778 INFO  bus: globaltimer offset 6938400098 ns (+-2 us)
2026-09-22 08:42:09.786 INFO  verbs: device roceP2p1s0f0 port 1 gid_index 3
2026-09-22 08:42:09.790 INFO  verbs: device rocep1s0f0 port 1 gid_index 3
2026-09-22 08:42:10.330 INFO  bus: rank 1 up — 1 peer(s) x 2 lane(s), lat 8x65536B, bulk 8x262144B, bulk pace 85.0 Gb/s per QP, window 4 per lane
2026-09-22 08:42:10.330 INFO  rank 1: boundary reducer host-driven
2026-09-22 08:42:10.365 INFO  bus engine: rank 1 pinned to cpu 19
2026-09-22 08:42:10.441 INFO  rank 1: process memory locked (mlockall MCL_CURRENT, 14513 MiB)
2026-09-22 08:42:10.441 INFO  rank 1: resident image cache at /home/stephen/.cache/dgpp/resident
2026-09-22 08:42:10.525 INFO  rank 1: memory plan for a 262144-token context — vision weights (replicated) 1.05 GiB; vision workspace (bounded image prefill) 0.33 GiB; model weights (resident, packed bf16 matrices released) 86.26 GiB (3.53 GiB pinned); tensor-parallel slice views 1.34 GiB; bf16 decode packing (12-bit companions) 3.78 GiB; bf16 prefill expansion scratch 0.19 GiB; gemm workspace (at least) 0.06 GiB; kda scratch 0.16 GiB; kv cache pool (fp8) 1.47 GiB; dsa scratch 0.25 GiB; moe scratch 0.68 GiB (0.00 GiB pinned); kda state (request slots) 0.14 GiB; kda speculative snapshots 0.55 GiB; activations (per-forward rows) 0.91 GiB (0.00 GiB pinned); route-trace staging 0.10 GiB (0.10 GiB pinned); prefix cache 1.99 GiB; engine 0.07 GiB
2026-09-22 08:42:10.525 INFO  rank 1: memory plan total 99.33 GiB (93.63 GiB device + 5.70 GiB pinned) + 4.00 GiB headroom against 116.75 GiB free (device free 103.02 GiB of 121.69 GiB, host available 116.75 GiB)
2026-09-22 08:42:10.525 INFO  memory ledger: rank 1 after the plan check — rss 1.12 GiB (anon 0.41, shmem 0.06, file 0.64; locked 14.17); device free 103.02 GiB, node available 116.75 GiB
2026-09-22 08:42:10.525 INFO  memory ledger: rank 1 after the bus — rss 1.12 GiB (anon 0.41, shmem 0.06, file 0.64; locked 14.17); device free 103.02 GiB, node available 116.75 GiB
2026-09-22 08:42:10.868 INFO  glm loader: rank 1 resident footprint 87.6 GiB; device free 103.0 of 121.7 GiB, host available 116.7 GiB
2026-09-22 08:42:12.756 INFO  glm loader: rank 1 resident image /home/stephen/.cache/dgpp/resident/8c6e72b4e136d684.img — 46/46 layers present, direct I/O
2026-09-22 08:42:12.798 INFO  l2 prefetch: on, window budget 12 MiB, boundary rate light, layer rate light
2026-09-22 08:42:12.798 INFO  glm loader: rank 1 boot digest from the resident image (713 tensors, 2.91 GiB)
2026-09-22 08:42:29.479 INFO  glm loader: rank 1 resident load complete — released 40 shard mappings (181.7 GiB) and evicted their page cache; image: 45 layers restored, 0 captured
2026-09-22 08:42:30.118 INFO  rank 1 bf12: 69 decode matrices packed (4.92 GiB of bf16 -> 3.69 GiB, 408743 escapes, widest row 64, 55 rows kept raw; 0 matrices kept bf16) in 2.5 s
2026-09-22 08:42:30.118 INFO  rank 1 bf12: 69 of them released their bf16 bytes (4.97 GiB returned; prefill expands through a 196 MiB scratch)
2026-09-22 08:42:35.446 INFO  rank 1 boot phases: digest 0.0 s (3.96 GiB hashed), globals 2.0 s, layers 20.4 s
2026-09-22 08:42:35.446 INFO  memory ledger: rank 1 after the model — rss 4.80 GiB (anon 0.45, shmem 3.70, file 0.64; locked 14.16); device free 5.32 GiB, node available 19.02 GiB
2026-09-22 08:42:35.446 INFO  rank 1: model constructed in 24.9s (resident, 2 request slots, 262144-token pool in fp8, 2048-row forwards)
2026-09-22 08:42:35.446 INFO  rank 1: prefix cache on — 29 snapshot slot(s) of 70.4 MiB (2.00 GiB asked)
2026-09-22 08:42:35.517 INFO  rank 1: graph engine samples on the device — 128 candidates per rank (2 rows x 2 ranks in a 65536-byte latency slot; the planned width is 128); constrained decoding available
2026-09-22 08:42:42.392 INFO  memory ledger: rank 1 after the graph engine — rss 4.80 GiB (anon 0.45, shmem 3.70, file 0.64; locked 14.16); device free 3.36 GiB, node available 17.06 GiB
2026-09-22 08:42:42.654 INFO  allreduce: device clock rate 2418000 kHz (stamps conversion)
2026-09-22 08:42:42.654 INFO  allreduce: rank 1 seq 1 launched (1 peers)
2026-09-22 08:42:42.654 INFO  allreduce: rank 1 seq 1 ready after 32.4us
2026-09-22 08:42:42.665 INFO  allreduce: rank 1 seq 1 done status=0 after 11068.4us
2026-09-22 08:42:42.700 INFO  allreduce: rank 1 seq 2 launched (1 peers)
2026-09-22 08:42:42.700 INFO  allreduce: rank 1 seq 2 ready after 8.8us
2026-09-22 08:42:42.700 INFO  allreduce: rank 1 seq 2 done status=0 after 29.4us
2026-09-22 08:42:42.701 INFO  allreduce: rank 1 seq 3 launched (1 peers)
2026-09-22 08:42:42.701 INFO  allreduce: rank 1 seq 3 ready after 9.0us
2026-09-22 08:42:42.701 INFO  allreduce: rank 1 seq 3 done status=0 after 158.2us
2026-09-22 08:42:42.701 INFO  allreduce: rank 1 seq 4 launched (1 peers)
2026-09-22 08:42:42.701 INFO  allreduce: rank 1 seq 4 ready after 9.0us
2026-09-22 08:42:42.701 INFO  allreduce: rank 1 seq 4 done status=0 after 50.6us
2026-09-22 08:42:42.702 INFO  allreduce: rank 1 seq 5 launched (1 peers)
2026-09-22 08:42:42.702 INFO  allreduce: rank 1 seq 5 ready after 8.4us
2026-09-22 08:42:42.702 INFO  allreduce: rank 1 seq 5 done status=0 after 50.0us
2026-09-22 08:42:42.703 INFO  allreduce: rank 1 seq 6 launched (1 peers)
2026-09-22 08:42:42.703 INFO  allreduce: rank 1 seq 6 ready after 9.0us
2026-09-22 08:42:42.703 INFO  allreduce: rank 1 seq 6 done status=0 after 59.2us
2026-09-22 08:42:42.706 INFO  allreduce: rank 1 seq 7 launched (1 peers)
2026-09-22 08:42:42.706 INFO  allreduce: rank 1 seq 7 ready after 12.3us
2026-09-22 08:42:42.706 INFO  allreduce: rank 1 seq 7 done status=0 after 33.4us
2026-09-22 08:42:42.707 INFO  allreduce: rank 1 seq 8 launched (1 peers)
2026-09-22 08:42:42.707 INFO  allreduce: rank 1 seq 8 ready after 9.1us
2026-09-22 08:42:42.707 INFO  allreduce: rank 1 seq 8 done status=0 after 54.7us
2026-09-22 08:42:42.708 INFO  allreduce: rank 1 seq 9 launched (1 peers)
2026-09-22 08:42:42.708 INFO  allreduce: rank 1 seq 9 ready after 9.0us
2026-09-22 08:42:42.708 INFO  allreduce: rank 1 seq 9 done status=0 after 54.1us
2026-09-22 08:42:42.709 INFO  allreduce: rank 1 seq 10 launched (1 peers)
2026-09-22 08:42:42.709 INFO  allreduce: rank 1 seq 10 ready after 9.1us
2026-09-22 08:42:42.709 INFO  allreduce: rank 1 seq 10 done status=0 after 49.0us
2026-09-22 08:42:42.710 INFO  allreduce: rank 1 seq 11 launched (1 peers)
2026-09-22 08:42:42.710 INFO  allreduce: rank 1 seq 11 ready after 9.0us
2026-09-22 08:42:42.710 INFO  allreduce: rank 1 seq 11 done status=0 after 57.5us
2026-09-22 08:42:42.711 INFO  allreduce: rank 1 seq 12 launched (1 peers)
2026-09-22 08:42:42.711 INFO  allreduce: rank 1 seq 12 ready after 9.1us
2026-09-22 08:42:42.711 INFO  allreduce: rank 1 seq 12 done status=0 after 49.5us
2026-09-22 08:42:42.712 INFO  allreduce: rank 1 seq 13 launched (1 peers)
2026-09-22 08:42:42.712 INFO  allreduce: rank 1 seq 13 ready after 8.9us
2026-09-22 08:42:42.712 INFO  allreduce: rank 1 seq 13 done status=0 after 41.7us
2026-09-22 08:42:42.713 INFO  allreduce: rank 1 seq 14 launched (1 peers)
2026-09-22 08:42:42.713 INFO  allreduce: rank 1 seq 14 ready after 10.7us
2026-09-22 08:42:42.713 INFO  allreduce: rank 1 seq 14 done status=0 after 52.5us
2026-09-22 08:42:42.714 INFO  allreduce: rank 1 seq 15 launched (1 peers)
2026-09-22 08:42:42.714 INFO  allreduce: rank 1 seq 15 ready after 8.1us
2026-09-22 08:42:42.714 INFO  allreduce: rank 1 seq 15 done status=0 after 43.6us
2026-09-22 08:42:42.715 INFO  allreduce: rank 1 seq 16 launched (1 peers)
2026-09-22 08:42:42.715 INFO  allreduce: rank 1 seq 16 ready after 8.1us
2026-09-22 08:42:42.715 INFO  allreduce: rank 1 seq 16 done status=0 after 37.0us
2026-09-22 08:42:42.806 INFO  bus graph era: variant 0 recorded with 91 collective node(s)
2026-09-22 08:42:42.807 INFO  rank 1: graph variant 0 shape: 1208 nodes, 1521 edges: kernel 1208 empty 0 memcpy 0 memset 0 host 0 event 0 other 0; max in-degree 2
2026-09-22 08:42:42.821 INFO  rank 1: graph variant 0 instantiated — 98.5 MiB of device memory (3.0 GiB free)
2026-09-22 08:42:42.822 INFO  bus graph era: variant 1 recorded with 91 collective node(s)
2026-09-22 08:42:42.822 INFO  rank 1: graph variant 1 shape: 1208 nodes, 1521 edges: kernel 1208 empty 0 memcpy 0 memset 0 host 0 event 0 other 0; max in-degree 2
2026-09-22 08:42:42.825 INFO  rank 1: graph variant 1 instantiated — 21.1 MiB of device memory (3.0 GiB free)
2026-09-22 08:42:42.825 INFO  rank 1: serving scalar graph variants 0/1 captured for request slot 0 (1 rows)
2026-09-22 08:42:42.827 INFO  bus graph era: variant 4 recorded with 91 collective node(s)
2026-09-22 08:42:42.827 INFO  rank 1: graph variant 4 shape: 1251 nodes, 1564 edges: kernel 1251 empty 0 memcpy 0 memset 0 host 0 event 0 other 0; max in-degree 2
2026-09-22 08:42:42.832 INFO  rank 1: graph variant 4 instantiated — 27.6 MiB of device memory (2.9 GiB free)
2026-09-22 08:42:42.833 INFO  bus graph era: variant 5 recorded with 91 collective node(s)
2026-09-22 08:42:42.833 INFO  rank 1: graph variant 5 shape: 1251 nodes, 1564 edges: kernel 1251 empty 0 memcpy 0 memset 0 host 0 event 0 other 0; max in-degree 2
2026-09-22 08:42:42.840 INFO  rank 1: graph variant 5 instantiated — 33.3 MiB of device memory (2.9 GiB free)
2026-09-22 08:42:42.840 INFO  rank 1: serving row-batched graph variants 4/5 captured for 2 slots x 1 rows = 2 fixed rows (a batch is selected at 2+ live requests, the smallest that covers the live slots)
2026-09-22 08:42:42.933 INFO  bus graph era: variant 2 recorded with 91 collective node(s)
2026-09-22 08:42:42.933 INFO  rank 1: graph variant 2 shape: 1208 nodes, 1521 edges: kernel 1208 empty 0 memcpy 0 memset 0 host 0 event 0 other 0; max in-degree 2
2026-09-22 08:42:42.939 INFO  rank 1: graph variant 2 instantiated — 30.2 MiB of device memory (2.9 GiB free)
2026-09-22 08:42:42.941 INFO  bus graph era: variant 3 recorded with 91 collective node(s)
2026-09-22 08:42:42.941 INFO  rank 1: graph variant 3 shape: 1208 nodes, 1521 edges: kernel 1208 empty 0 memcpy 0 memset 0 host 0 event 0 other 0; max in-degree 2
2026-09-22 08:42:42.947 INFO  rank 1: graph variant 3 instantiated — 32.0 MiB of device memory (2.8 GiB free)
2026-09-22 08:42:42.947 INFO  rank 1: serving scalar graph variants 2/3 captured for request slot 1 (1 rows)
2026-09-22 08:42:42.947 INFO  rank 1: warm capture complete — 2 scalar variants and the row batches for 2 slots recorded before the first request
2026-09-22 08:42:42.947 INFO  memory ledger: rank 1 after the warm capture — rss 5.11 GiB (anon 0.76, shmem 3.70, file 0.65; locked 14.16); device free 2.84 GiB, node available 16.54 GiB
2026-09-22 08:42:42.947 INFO  rank 1: graph variants warm-captured in 0.56s
2026-09-22 08:42:42.947 INFO  rank 1: following rank 0's journal (admission full, window 256)
2026-09-22 08:42:44.094 INFO  sched: request 'chatcmpl-23f5cc80abb43569' prefix cache miss — 2 cut(s), the cache is empty
2026-09-22 08:42:44.094 INFO  sched: request 'chatcmpl-23f5cc80abb43569' admitted to slot 0 (reserve 1 blocks; pool 2/2048 blocks in use) — first token 785
2026-09-22 08:42:46.710 INFO  sched: request 'chatcmpl-23f5cc80abb43569' retired (steps): 64 tok in 2.6 s — prefill 62 tok (0 cached) in 526 ms; decode 63 tok / 63 passes in 2.1 s: 30.1 tok/s, 33.2 ms/tok, 33 ms/pass, 1.00 tok/pass
2026-09-22 08:42:47.195 INFO  sched: request 'chatcmpl-23f5cc80abb4356a' prefix cache miss — 2 cut(s) probed against 2 entries; the nearest entry (position 124) shares the first 12 of the prompt's 37 tokens (the prompt differs from it from that token on)
2026-09-22 08:42:47.196 INFO  sched: request 'chatcmpl-23f5cc80abb4356a' admitted to slot 0 (reserve 3 blocks; pool 6/2048 blocks in use) — first token 785
2026-09-22 08:42:53.126 INFO  stats: rank 1 | 10.0 s | decode 20.8 tok/s, 40.5 ms/tok, 40.9 ms/step (206 steps / 208 tok, 84 % of wall) | prefill 2 prompts / 99 tok, 10 tok/s, 10.06 ms/tok, 498 ms avg (10 % of wall), 0 tok cached (0/2 hits) | live 1, queued 0 | pool 7/2048 blocks (0 %) | prefix cache 3/29 entries
2026-09-22 08:42:57.773 INFO  sched: request 'chatcmpl-23f5cc80abb4356a' retired (steps): 256 tok in 10.6 s — prefill 37 tok (0 cached) in 469 ms; decode 255 tok / 255 passes in 10.1 s: 25.2 tok/s, 39.6 ms/tok, 40 ms/pass, 1.00 tok/pass
2026-09-22 08:42:57.904 INFO  sched: request 'chatcmpl-23f5cc80abb4356b' admitted to slot 0 (reserve 3 blocks; pool 9/2048 blocks in use) — first token 785
2026-09-22 08:43:03.135 INFO  stats: rank 1 | 10.0 s | decode 23.9 tok/s, 40.7 ms/tok, 40.9 ms/step (238 steps / 239 tok, 97 % of wall) | prefill 1 prompt / 5 tok, 0 tok/s, 22.94 ms/tok, 115 ms avg (1 % of wall), 32 tok cached (1/1 hit) | live 1, queued 0 | pool 10/2048 blocks (0 %) | prefix cache 4/29 entries
2026-09-22 08:43:08.487 INFO  sched: request 'chatcmpl-23f5cc80abb4356b' retired (steps): 256 tok in 10.6 s — prefill 37 tok (32 cached) in 115 ms; decode 255 tok / 255 passes in 10.5 s: 24.4 tok/s, 41.1 ms/tok, 41 ms/pass, 1.00 tok/pass
2026-09-22 08:43:08.605 INFO  sched: request 'chatcmpl-23f5cc80abb4356c' admitted to slot 0 (reserve 3 blocks; pool 9/2048 blocks in use) — first token 785
2026-09-22 08:43:13.160 INFO  stats: rank 1 | 10.0 s | decode 23.9 tok/s, 40.7 ms/tok, 40.9 ms/step (239 steps / 240 tok, 98 % of wall) | prefill 1 prompt / 5 tok, 0 tok/s, 22.58 ms/tok, 113 ms avg (1 % of wall), 32 tok cached (1/1 hit) | live 1, queued 0 | pool 10/2048 blocks (0 %) | prefix cache 4/29 entries
2026-09-22 08:43:19.165 INFO  sched: request 'chatcmpl-23f5cc80abb4356c' retired (steps): 256 tok in 10.6 s — prefill 37 tok (32 cached) in 113 ms; decode 255 tok / 255 passes in 10.4 s: 24.4 tok/s, 41.0 ms/tok, 41 ms/pass, 1.00 tok/pass
2026-09-22 08:43:19.668 INFO  sched: request 'chatcmpl-23f5cc80abb4356d' prefix cache miss — 2 cut(s) probed against 4 entries; the nearest entry (position 292) shares the first 12 of the prompt's 51 tokens (the prompt differs from it from that token on)
2026-09-22 08:43:19.668 INFO  sched: request 'chatcmpl-23f5cc80abb4356d' admitted to slot 0 (reserve 3 blocks; pool 10/2048 blocks in use) — first token 785
2026-09-22 08:43:23.193 INFO  stats: rank 1 | 10.0 s | decode 23.0 tok/s, 40.8 ms/tok, 41.0 ms/step (230 steps / 231 tok, 94 % of wall) | prefill 1 prompt / 51 tok, 5 tok/s, 9.55 ms/tok, 487 ms avg (5 % of wall), 0 tok cached (0/1 hit) | live 1, queued 0 | pool 11/2048 blocks (1 %) | prefix cache 5/29 entries
2026-09-22 08:43:30.249 INFO  sched: request 'chatcmpl-23f5cc80abb4356d' retired (steps): 256 tok in 10.6 s — prefill 51 tok (0 cached) in 487 ms; decode 255 tok / 255 passes in 10.1 s: 25.3 tok/s, 39.6 ms/tok, 40 ms/pass, 1.00 tok/pass
2026-09-22 08:43:30.344 INFO  sched: request 'chatcmpl-23f5cc80abb4356e' admitted to slot 0 (reserve 3 blocks; pool 13/2048 blocks in use) — first token 785
2026-09-22 08:43:33.204 INFO  stats: rank 1 | 10.0 s | decode 24.0 tok/s, 40.8 ms/tok, 41.0 ms/step (239 steps / 240 tok, 98 % of wall) | prefill 1 prompt / 3 tok, 0 tok/s, 24.61 ms/tok, 74 ms avg (1 % of wall), 48 tok cached (1/1 hit) | live 1, queued 0 | pool 14/2048 blocks (1 %) | prefix cache 6/29 entries
2026-09-22 08:43:40.929 INFO  sched: request 'chatcmpl-23f5cc80abb4356e' retired (steps): 256 tok in 10.6 s — prefill 51 tok (48 cached) in 74 ms; decode 255 tok / 255 passes in 10.5 s: 24.3 tok/s, 41.2 ms/tok, 41 ms/pass, 1.00 tok/pass
2026-09-22 08:43:41.024 INFO  sched: request 'chatcmpl-23f5cc80abb4356f' admitted to slot 0 (reserve 3 blocks; pool 13/2048 blocks in use) — first token 785
2026-09-22 08:43:43.223 INFO  stats: rank 1 | 10.0 s | decode 24.0 tok/s, 40.8 ms/tok, 41.0 ms/step (239 steps / 240 tok, 98 % of wall) | prefill 1 prompt / 3 tok, 0 tok/s, 24.60 ms/tok, 74 ms avg (1 % of wall), 48 tok cached (1/1 hit) | live 1, queued 0 | pool 14/2048 blocks (1 %) | prefix cache 6/29 entries
2026-09-22 08:43:51.610 INFO  sched: request 'chatcmpl-23f5cc80abb4356f' retired (steps): 256 tok in 10.6 s — prefill 51 tok (48 cached) in 74 ms; decode 255 tok / 255 passes in 10.5 s: 24.3 tok/s, 41.2 ms/tok, 41 ms/pass, 1.00 tok/pass
2026-09-22 08:43:52.085 INFO  sched: request 'chatcmpl-23f5cc80abb43570' prefix cache miss — 2 cut(s) probed against 6 entries; the nearest entry (position 304) shares the first 10 of the prompt's 46 tokens (the prompt differs from it from that token on)
2026-09-22 08:43:52.085 INFO  sched: request 'chatcmpl-23f5cc80abb43570' admitted to slot 0 (reserve 3 blocks; pool 14/2048 blocks in use) — first token 785
2026-09-22 08:43:53.248 INFO  stats: rank 1 | 10.0 s | decode 23.0 tok/s, 40.8 ms/tok, 41.0 ms/step (230 steps / 231 tok, 94 % of wall) | prefill 1 prompt / 46 tok, 5 tok/s, 10.10 ms/tok, 465 ms avg (5 % of wall), 0 tok cached (0/1 hit) | live 1, queued 0 | pool 15/2048 blocks (1 %) | prefix cache 7/29 entries
2026-09-22 08:44:02.667 INFO  sched: request 'chatcmpl-23f5cc80abb43570' retired (steps): 256 tok in 10.6 s — prefill 46 tok (0 cached) in 465 ms; decode 255 tok / 255 passes in 10.1 s: 25.2 tok/s, 39.7 ms/tok, 40 ms/pass, 1.00 tok/pass
2026-09-22 08:44:02.760 INFO  sched: request 'chatcmpl-23f5cc80abb43571' admitted to slot 0 (reserve 3 blocks; pool 17/2048 blocks in use) — first token 785
2026-09-22 08:44:03.258 INFO  stats: rank 1 | 10.0 s | decode 24.0 tok/s, 40.8 ms/tok, 41.0 ms/step (239 steps / 240 tok, 98 % of wall) | prefill 1 prompt / 2 tok, 0 tok/s, 32.84 ms/tok, 66 ms avg (1 % of wall), 44 tok cached (1/1 hit) | live 1, queued 0 | pool 18/2048 blocks (1 %) | prefix cache 8/29 entries
2026-09-22 08:44:13.262 INFO  stats: rank 1 | 10.0 s | decode 24.1 tok/s, 41.0 ms/tok, 41.0 ms/step (241 steps / 241 tok, 99 % of wall) | prefill 0 prompts / 0 tok, 0 tok cached (0/0 hits) | live 1, queued 0 | pool 18/2048 blocks (1 %) | prefix cache 8/29 entries
2026-09-22 08:44:13.346 INFO  sched: request 'chatcmpl-23f5cc80abb43571' retired (steps): 256 tok in 10.6 s — prefill 46 tok (44 cached) in 66 ms; decode 255 tok / 255 passes in 10.5 s: 24.2 tok/s, 41.3 ms/tok, 41 ms/pass, 1.00 tok/pass
2026-09-22 08:44:13.433 INFO  sched: request 'chatcmpl-23f5cc80abb43572' admitted to slot 0 (reserve 3 blocks; pool 17/2048 blocks in use) — first token 785
2026-09-22 08:44:23.267 INFO  stats: rank 1 | 10.0 s | decode 24.0 tok/s, 40.8 ms/tok, 41.0 ms/step (239 steps / 240 tok, 98 % of wall) | prefill 1 prompt / 2 tok, 0 tok/s, 32.83 ms/tok, 66 ms avg (1 % of wall), 44 tok cached (1/1 hit) | live 1, queued 0 | pool 18/2048 blocks (1 %) | prefix cache 8/29 entries
2026-09-22 08:44:24.015 INFO  sched: request 'chatcmpl-23f5cc80abb43572' retired (steps): 256 tok in 10.6 s — prefill 46 tok (44 cached) in 66 ms; decode 255 tok / 255 passes in 10.5 s: 24.2 tok/s, 41.2 ms/tok, 41 ms/pass, 1.00 tok/pass
2026-09-22 08:44:24.575 INFO  sched: request 'chatcmpl-23f5cc80abb43573' prefix cache miss — 2 cut(s) probed against 8 entries; the nearest entry (position 304) shares the first 10 of the prompt's 68 tokens (the prompt differs from it from that token on)
2026-09-22 08:44:24.575 INFO  sched: request 'chatcmpl-23f5cc80abb43573' admitted to slot 0 (reserve 3 blocks; pool 18/2048 blocks in use) — first token 1654
2026-09-22 08:44:33.296 INFO  stats: rank 1 | 10.0 s | decode 22.8 tok/s, 40.8 ms/tok, 41.0 ms/step (228 steps / 229 tok, 93 % of wall) | prefill 1 prompt / 68 tok, 7 tok/s, 7.85 ms/tok, 534 ms avg (5 % of wall), 0 tok cached (0/1 hit) | live 1, queued 0 | pool 19/2048 blocks (1 %) | prefix cache 9/29 entries
2026-09-22 08:44:35.168 INFO  sched: request 'chatcmpl-23f5cc80abb43573' retired (steps): 256 tok in 10.6 s — prefill 68 tok (0 cached) in 534 ms; decode 255 tok / 255 passes in 10.1 s: 25.3 tok/s, 39.4 ms/tok, 39 ms/pass, 1.00 tok/pass
2026-09-22 08:44:35.266 INFO  sched: request 'chatcmpl-23f5cc80abb43574' admitted to slot 0 (reserve 3 blocks; pool 21/2048 blocks in use) — first token 1654
2026-09-22 08:44:43.325 INFO  stats: rank 1 | 10.0 s | decode 23.9 tok/s, 40.8 ms/tok, 41.0 ms/step (239 steps / 240 tok, 98 % of wall) | prefill 1 prompt / 4 tok, 0 tok/s, 21.80 ms/tok, 87 ms avg (1 % of wall), 64 tok cached (1/1 hit) | live 1, queued 0 | pool 22/2048 blocks (1 %) | prefix cache 10/29 entries
2026-09-22 08:44:45.858 INFO  sched: request 'chatcmpl-23f5cc80abb43574' retired (steps): 256 tok in 10.6 s — prefill 68 tok (64 cached) in 87 ms; decode 255 tok / 255 passes in 10.5 s: 24.3 tok/s, 41.2 ms/tok, 41 ms/pass, 1.00 tok/pass
2026-09-22 08:44:45.962 INFO  sched: request 'chatcmpl-23f5cc80abb43575' admitted to slot 0 (reserve 3 blocks; pool 21/2048 blocks in use) — first token 1654
2026-09-22 08:44:53.352 INFO  stats: rank 1 | 10.0 s | decode 23.9 tok/s, 40.9 ms/tok, 41.0 ms/step (239 steps / 240 tok, 98 % of wall) | prefill 1 prompt / 4 tok, 0 tok/s, 21.77 ms/tok, 87 ms avg (1 % of wall), 64 tok cached (1/1 hit) | live 1, queued 0 | pool 22/2048 blocks (1 %) | prefix cache 10/29 entries
2026-09-22 08:44:56.553 INFO  sched: request 'chatcmpl-23f5cc80abb43575' retired (steps): 256 tok in 10.6 s — prefill 68 tok (64 cached) in 87 ms; decode 255 tok / 255 passes in 10.5 s: 24.3 tok/s, 41.2 ms/tok, 41 ms/pass, 1.00 tok/pass
2026-09-22 08:44:57.035 INFO  sched: request 'chatcmpl-23f5cc80abb43576' prefix cache miss — 2 cut(s) probed against 10 entries; the nearest entry (position 320) shares the first 10 of the prompt's 40 tokens (the prompt differs from it from that token on)
2026-09-22 08:44:57.035 INFO  sched: request 'chatcmpl-23f5cc80abb43576' admitted to slot 0 (reserve 3 blocks; pool 22/2048 blocks in use) — first token 785
2026-09-22 08:45:03.389 INFO  stats: rank 1 | 10.0 s | decode 23.0 tok/s, 40.8 ms/tok, 41.0 ms/step (230 steps / 231 tok, 94 % of wall) | prefill 1 prompt / 40 tok, 4 tok/s, 11.77 ms/tok, 471 ms avg (5 % of wall), 0 tok cached (0/1 hit) | live 1, queued 0 | pool 23/2048 blocks (1 %) | prefix cache 11/29 entries
2026-09-22 08:45:07.626 INFO  sched: request 'chatcmpl-23f5cc80abb43576' retired (steps): 256 tok in 10.6 s — prefill 40 tok (0 cached) in 471 ms; decode 255 tok / 255 passes in 10.1 s: 25.2 tok/s, 39.7 ms/tok, 40 ms/pass, 1.00 tok/pass
2026-09-22 08:45:07.731 INFO  sched: request 'chatcmpl-23f5cc80abb43577' admitted to slot 0 (reserve 3 blocks; pool 25/2048 blocks in use) — first token 785
2026-09-22 08:45:13.421 INFO  stats: rank 1 | 10.0 s | decode 23.9 tok/s, 40.8 ms/tok, 41.0 ms/step (239 steps / 240 tok, 98 % of wall) | prefill 1 prompt / 4 tok, 0 tok/s, 22.16 ms/tok, 89 ms avg (1 % of wall), 36 tok cached (1/1 hit) | live 1, queued 0 | pool 26/2048 blocks (1 %) | prefix cache 12/29 entries
2026-09-22 08:45:18.323 INFO  sched: request 'chatcmpl-23f5cc80abb43577' retired (steps): 256 tok in 10.6 s — prefill 40 tok (36 cached) in 89 ms; decode 255 tok / 255 passes in 10.5 s: 24.3 tok/s, 41.2 ms/tok, 41 ms/pass, 1.00 tok/pass
2026-09-22 08:45:18.453 INFO  sched: request 'chatcmpl-23f5cc80abb43578' admitted to slot 0 (reserve 3 blocks; pool 25/2048 blocks in use) — first token 785
2026-09-22 08:45:23.439 INFO  stats: rank 1 | 10.0 s | decode 23.9 tok/s, 40.8 ms/tok, 41.0 ms/step (238 steps / 239 tok, 97 % of wall) | prefill 1 prompt / 4 tok, 0 tok/s, 22.00 ms/tok, 88 ms avg (1 % of wall), 36 tok cached (1/1 hit) | live 1, queued 0 | pool 26/2048 blocks (1 %) | prefix cache 12/29 entries
2026-09-22 08:45:29.049 INFO  sched: request 'chatcmpl-23f5cc80abb43578' retired (steps): 256 tok in 10.6 s — prefill 40 tok (36 cached) in 88 ms; decode 255 tok / 255 passes in 10.5 s: 24.3 tok/s, 41.2 ms/tok, 41 ms/pass, 1.00 tok/pass
2026-09-22 08:45:29.691 INFO  journal: stop record — exiting
2026-09-22 08:45:29.694 INFO  rank 1: graph engine sampling summary — 0 sampled decode steps, 0 served by the exact gather fallback (0.0%), 128 candidates per rank
2026-09-22 08:45:31.426 INFO  rank 1: exited cleanly
