2026-09-22 02:10:31.556 INFO  dgpp-serve 0.1.0+ga3ed8994a34c (git a3ed8994a34c)
2026-09-22 02:10:31.557 INFO  config /tmp/bus4/deployments/7273bb7da0308830/cluster.json: model HawkBearPig/GLM-5.3-Flash-NVFP4-FP8, world 4, rank 2, http :18080, fabric :29970, journal :29971
2026-09-22 02:10:31.557 INFO  model HawkBearPig/GLM-5.3-Flash-NVFP4-FP8 -> /home/stephen/.cache/huggingface/hub/models--HawkBearPig--GLM-5.3-Flash-NVFP4-FP8/snapshots/17b8d4d83e33e836e9549d7e1a8d25b5117203c1
2026-09-22 02:10:31.559 INFO  journal: connected to rank 0 at 192.168.88.11:29971 (120000 attempt window)
2026-09-22 02:10:31.560 INFO  rank 2: settings from rank 0: model=HawkBearPig/GLM-5.3-Flash-NVFP4-FP8 world=4 fabric=29970 journal=29971 conc=4 kv=786432 kvdt=bf16 ngt=resident dw=checkpoint bfw=bf12+bf16 fp8head=gemv pf=bounded emsh=replicated maxtok=256 queue=8 eos=1 graph=1 compact=0 mtp=1 mtpd=1 mss=0 msrow=8 msbase=28 mslam=0 msmin=1 msad=1 batchmin=2 cand=128 pcgib=8 adm=full win=256 pfbudget=256 pfidle=2048 pace=-1 inflight=-1 reasoning_in_content=0 rs=off
2026-09-22 02:10:31.560 INFO  config: model=HawkBearPig/GLM-5.3-Flash-NVFP4-FP8 world=4 fabric=29970 journal=29971 conc=4 kv=786432 kvdt=bf16 ngt=resident dw=checkpoint bfw=bf12+bf16 fp8head=gemv pf=bounded emsh=replicated maxtok=256 queue=8 eos=1 graph=1 compact=0 mtp=1 mtpd=1 mss=0 msrow=8 msbase=28 mslam=0 msmin=1 msad=1 batchmin=2 cand=128 pcgib=8 adm=full win=256 pfbudget=256 pfidle=2048 pace=-1 inflight=-1 reasoning_in_content=0 rs=off (digest ee39883879453127)
2026-09-22 02:10:31.683 INFO  serve: model family glm5 (/home/stephen/.cache/huggingface/hub/models--HawkBearPig--GLM-5.3-Flash-NVFP4-FP8/snapshots/17b8d4d83e33e836e9549d7e1a8d25b5117203c1)
2026-09-22 02:10:31.683 INFO  serve: decode rows 8 (4 slot(s) x 2 row(s) per request, floor 8, the glm5 family's cap 8)
2026-09-22 02:10:31.692 WARN  generation config /home/stephen/.cache/huggingface/hub/models--HawkBearPig--GLM-5.3-Flash-NVFP4-FP8/snapshots/17b8d4d83e33e836e9549d7e1a8d25b5117203c1/generation_config.json omits top_k, min_p, repetition_penalty; using greedy-safe/neutral fallbacks for those fields
2026-09-22 02:10:31.692 INFO  generation defaults: temperature=1 top_p=0.95 top_k=0 min_p=0 repetition_penalty=1
2026-09-22 02:10:31.692 INFO  serve: sampling defaults temperature 1 top_p 0.95 top_k 0 min_p 0 repetition_penalty 1 (from generation_config.json; overrides: none)
2026-09-22 02:10:31.692 INFO  serve: request context limit 786432 tokens (the 786432-token K/V pool from engine.kv_capacity 786432; this family states no positional ceiling of its own)
2026-09-22 02:10:31.693 INFO  rank 2: prefix cache plan — 8 GiB budget, 232 slots of 35.227 MiB, 7.981 GiB allocated; cached K/V blocks share the 786432-token pool
2026-09-22 02:10:31.862 INFO  tokenizer: loaded vocab 154820 merges 321649 added 36 (revision 0x700b4469fc43f23b; glm pattern, no normalizer, ignore_merges true)
2026-09-22 02:10:31.872 INFO  serve: grammar vocabulary built (154880 ids, tool markers present, call-turn EOS 154829)
2026-09-22 02:10:31.985 INFO  serve: JSON grammar tables built in 0.11 s
2026-09-22 02:10:32.201 INFO  bus: globaltimer offset 13883202813 ns (+-2 us)
2026-09-22 02:10:32.224 INFO  verbs: device roceP2p1s0f0 port 1 gid_index 3
2026-09-22 02:10:32.228 INFO  verbs: device rocep1s0f0 port 1 gid_index 3
2026-09-22 02:10:32.835 INFO  bus: rank 2 up — 3 peer(s) x 2 lane(s), lat 8x65536B, bulk 8x262144B, bulk pace 28.3 Gb/s per QP, window 4 per lane
2026-09-22 02:10:32.835 INFO  rank 2: boundary reducer host-driven
2026-09-22 02:10:33.001 INFO  bus engine: rank 2 pinned to cpu 19
2026-09-22 02:10:33.141 INFO  rank 2: process memory locked (mlockall MCL_CURRENT, 14513 MiB)
2026-09-22 02:10:33.141 INFO  rank 2: resident image cache at /home/stephen/.cache/dgpp/resident
2026-09-22 02:10:33.197 INFO  rank 2: memory plan for a 786432-token context — vision weights (replicated) 1.05 GiB; vision workspace (bounded image prefill) 0.33 GiB; model weights (resident) 48.27 GiB (1.81 GiB pinned); tensor-parallel slice views 0.67 GiB; bf16 decode packing (12-bit companions) 1.96 GiB; gemm workspace (at least) 0.06 GiB; kda scratch 0.08 GiB; kv cache pool (bf16) 9.29 GiB; dsa scratch 0.23 GiB; moe scratch 0.68 GiB (0.00 GiB pinned); kda state (request slots) 0.14 GiB; kda speculative snapshots 0.27 GiB; draft hidden cache (per position) 24.00 GiB; draft activations 0.05 GiB; activations (per-forward rows) 0.61 GiB (0.00 GiB pinned); route-trace staging 0.10 GiB (0.10 GiB pinned); prefix cache 7.98 GiB; engine 0.08 GiB
2026-09-22 02:10:33.197 INFO  rank 2: memory plan total 95.85 GiB (85.87 GiB device + 9.97 GiB pinned) + 4.00 GiB headroom against 116.59 GiB free (device free 112.57 GiB of 121.69 GiB, host available 116.59 GiB)
2026-09-22 02:10:33.197 INFO  memory ledger: rank 2 after the plan check — rss 1.14 GiB (anon 0.41, shmem 0.09, file 0.64; locked 14.17); device free 112.57 GiB, node available 116.59 GiB
2026-09-22 02:10:33.197 INFO  memory ledger: rank 2 after the bus — rss 1.14 GiB (anon 0.41, shmem 0.09, file 0.64; locked 14.17); device free 112.57 GiB, node available 116.59 GiB
2026-09-22 02:10:33.514 INFO  glm loader: rank 2 resident footprint 46.5 GiB; device free 112.5 of 121.7 GiB, host available 116.5 GiB
2026-09-22 02:10:34.334 INFO  glm loader: rank 2 resident image /home/stephen/.cache/dgpp/resident/e96e68119906dd8f.img — 46/46 layers present, direct I/O
2026-09-22 02:10:34.368 INFO  l2 prefetch: on, window budget 12 MiB, boundary rate light, layer rate light
2026-09-22 02:10:34.369 INFO  glm loader: rank 2 boot digest from the resident image (713 tensors, 2.91 GiB)
2026-09-22 02:10:44.350 INFO  glm loader: rank 2 resident load complete — released 40 shard mappings (181.7 GiB) and evicted their page cache; image: 46 layers restored, 0 captured
2026-09-22 02:10:44.733 INFO  rank 2 bf12: 70 decode matrices packed (2.55 GiB of bf16 -> 1.92 GiB, 215186 escapes, widest row 62, 16 rows kept raw; 0 matrices kept bf16) in 1.4 s
2026-09-22 02:10:50.636 INFO  rank 2 boot phases: digest 0.0 s (3.96 GiB hashed), globals 1.2 s, layers 13.9 s
2026-09-22 02:10:50.636 INFO  memory ledger: rank 2 after the model — rss 3.06 GiB (anon 0.41, shmem 2.00, file 0.64; locked 14.16); device free 23.94 GiB, node available 27.93 GiB
2026-09-22 02:10:50.636 INFO  rank 2: model constructed in 17.4s (resident, 4 request slots, 786432-token pool in bf16, 2048-row forwards)
2026-09-22 02:10:50.636 INFO  rank 2: prefix cache on — 232 snapshot slot(s) of 35.2 MiB (8.00 GiB asked)
2026-09-22 02:10:50.889 INFO  rank 2: graph engine samples on the device — 112 candidates per rank (8 rows x 4 ranks in a 65536-byte latency slot; the planned width is 128); constrained decoding available
2026-09-22 02:10:54.228 INFO  memory ledger: rank 2 after the graph engine — rss 3.06 GiB (anon 0.41, shmem 2.01, file 0.64; locked 14.16); device free 15.87 GiB, node available 19.86 GiB
2026-09-22 02:10:54.496 INFO  allreduce: device clock rate 2418000 kHz (stamps conversion)
2026-09-22 02:10:54.496 INFO  allreduce: rank 2 seq 1 launched (3 peers)
2026-09-22 02:10:54.496 INFO  allreduce: rank 2 seq 1 ready after 35.9us
2026-09-22 02:10:54.588 INFO  allreduce: rank 2 seq 1 done status=0 after 91418.2us
2026-09-22 02:10:54.623 INFO  allreduce: rank 2 seq 2 launched (3 peers)
2026-09-22 02:10:54.623 INFO  allreduce: rank 2 seq 2 ready after 11.1us
2026-09-22 02:10:54.623 INFO  allreduce: rank 2 seq 2 done status=0 after 48.7us
2026-09-22 02:10:54.623 INFO  allreduce: rank 2 seq 3 launched (3 peers)
2026-09-22 02:10:54.623 INFO  allreduce: rank 2 seq 3 ready after 11.5us
2026-09-22 02:10:54.623 INFO  allreduce: rank 2 seq 3 done status=0 after 122.9us
2026-09-22 02:10:54.623 INFO  allreduce: rank 2 seq 4 launched (3 peers)
2026-09-22 02:10:54.623 INFO  allreduce: rank 2 seq 4 ready after 11.4us
2026-09-22 02:10:54.624 INFO  allreduce: rank 2 seq 4 done status=0 after 97.7us
2026-09-22 02:10:54.624 INFO  allreduce: rank 2 seq 5 launched (3 peers)
2026-09-22 02:10:54.624 INFO  allreduce: rank 2 seq 5 ready after 11.5us
2026-09-22 02:10:54.624 INFO  allreduce: rank 2 seq 5 done status=0 after 84.2us
2026-09-22 02:10:54.624 INFO  allreduce: rank 2 seq 6 launched (3 peers)
2026-09-22 02:10:54.624 INFO  allreduce: rank 2 seq 6 ready after 11.5us
2026-09-22 02:10:54.624 INFO  allreduce: rank 2 seq 6 done status=0 after 60.0us
2026-09-22 02:10:54.627 INFO  allreduce: rank 2 seq 7 launched (3 peers)
2026-09-22 02:10:54.627 INFO  allreduce: rank 2 seq 7 ready after 13.8us
2026-09-22 02:10:54.628 INFO  allreduce: rank 2 seq 7 done status=0 after 73.5us
2026-09-22 02:10:54.628 INFO  allreduce: rank 2 seq 8 launched (3 peers)
2026-09-22 02:10:54.628 INFO  allreduce: rank 2 seq 8 ready after 11.7us
2026-09-22 02:10:54.628 INFO  allreduce: rank 2 seq 8 done status=0 after 50.3us
2026-09-22 02:10:54.629 INFO  allreduce: rank 2 seq 9 launched (3 peers)
2026-09-22 02:10:54.629 INFO  allreduce: rank 2 seq 9 ready after 11.3us
2026-09-22 02:10:54.629 INFO  allreduce: rank 2 seq 9 done status=0 after 70.1us
2026-09-22 02:10:54.629 INFO  allreduce: rank 2 seq 10 launched (3 peers)
2026-09-22 02:10:54.629 INFO  allreduce: rank 2 seq 10 ready after 15.5us
2026-09-22 02:10:54.629 INFO  allreduce: rank 2 seq 10 done status=0 after 70.9us
2026-09-22 02:10:54.630 INFO  allreduce: rank 2 seq 11 launched (3 peers)
2026-09-22 02:10:54.630 INFO  allreduce: rank 2 seq 11 ready after 11.5us
2026-09-22 02:10:54.630 INFO  allreduce: rank 2 seq 11 done status=0 after 94.0us
2026-09-22 02:10:54.630 INFO  allreduce: rank 2 seq 12 launched (3 peers)
2026-09-22 02:10:54.630 INFO  allreduce: rank 2 seq 12 ready after 11.6us
2026-09-22 02:10:54.631 INFO  allreduce: rank 2 seq 12 done status=0 after 57.3us
2026-09-22 02:10:54.631 INFO  allreduce: rank 2 seq 13 launched (3 peers)
2026-09-22 02:10:54.631 INFO  allreduce: rank 2 seq 13 ready after 11.2us
2026-09-22 02:10:54.631 INFO  allreduce: rank 2 seq 13 done status=0 after 100.1us
2026-09-22 02:10:54.632 INFO  allreduce: rank 2 seq 14 launched (3 peers)
2026-09-22 02:10:54.632 INFO  allreduce: rank 2 seq 14 ready after 11.3us
2026-09-22 02:10:54.632 INFO  allreduce: rank 2 seq 14 done status=0 after 64.8us
2026-09-22 02:10:54.632 INFO  allreduce: rank 2 seq 15 launched (3 peers)
2026-09-22 02:10:54.632 INFO  allreduce: rank 2 seq 15 ready after 9.1us
2026-09-22 02:10:54.632 INFO  allreduce: rank 2 seq 15 done status=0 after 55.7us
2026-09-22 02:10:54.633 INFO  allreduce: rank 2 seq 16 launched (3 peers)
2026-09-22 02:10:54.633 INFO  allreduce: rank 2 seq 16 ready after 9.3us
2026-09-22 02:10:54.633 INFO  allreduce: rank 2 seq 16 done status=0 after 44.1us
2026-09-22 02:10:54.709 INFO  bus graph era: variant 0 recorded with 94 collective node(s)
2026-09-22 02:10:54.709 INFO  rank 2: graph variant 0 shape: 1297 nodes, 1612 edges: kernel 1297 empty 0 memcpy 0 memset 0 host 0 event 0 other 0; max in-degree 2
2026-09-22 02:10:54.713 INFO  rank 2: graph variant 0 instantiated — 23.2 MiB of device memory (15.4 GiB free)
2026-09-22 02:10:54.714 INFO  bus graph era: variant 1 recorded with 94 collective node(s)
2026-09-22 02:10:54.714 INFO  rank 2: graph variant 1 shape: 1297 nodes, 1612 edges: kernel 1297 empty 0 memcpy 0 memset 0 host 0 event 0 other 0; max in-degree 2
2026-09-22 02:10:54.717 INFO  rank 2: graph variant 1 instantiated — 21.1 MiB of device memory (15.4 GiB free)
2026-09-22 02:10:54.717 INFO  rank 2: serving scalar graph variants 0/1 captured for request slot 0 (2 rows, MTP)
2026-09-22 02:10:54.718 INFO  bus graph era: variant 8 recorded with 94 collective node(s)
2026-09-22 02:10:54.719 INFO  rank 2: graph variant 8 shape: 1299 nodes, 1614 edges: kernel 1299 empty 0 memcpy 0 memset 0 host 0 event 0 other 0; max in-degree 2
2026-09-22 02:10:54.724 INFO  rank 2: graph variant 8 instantiated — 25.9 MiB of device memory (15.4 GiB free)
2026-09-22 02:10:54.725 INFO  bus graph era: variant 9 recorded with 94 collective node(s)
2026-09-22 02:10:54.725 INFO  rank 2: graph variant 9 shape: 1299 nodes, 1614 edges: kernel 1299 empty 0 memcpy 0 memset 0 host 0 event 0 other 0; max in-degree 2
2026-09-22 02:10:54.731 INFO  rank 2: graph variant 9 instantiated — 34.1 MiB of device memory (15.4 GiB free)
2026-09-22 02:10:54.731 INFO  rank 2: serving row-batched graph variants 8/9 captured for 2 slots x 2 rows = 4 fixed rows, MTP (a batch is selected at 2+ live requests, the smallest that covers the live slots)
2026-09-22 02:10:54.744 INFO  bus graph era: variant 10 recorded with 94 collective node(s)
2026-09-22 02:10:54.744 INFO  rank 2: graph variant 10 shape: 1359 nodes, 1674 edges: kernel 1359 empty 0 memcpy 0 memset 0 host 0 event 0 other 0; max in-degree 2
2026-09-22 02:10:54.750 INFO  rank 2: graph variant 10 instantiated — 29.3 MiB of device memory (15.3 GiB free)
2026-09-22 02:10:54.751 INFO  bus graph era: variant 11 recorded with 94 collective node(s)
2026-09-22 02:10:54.751 INFO  rank 2: graph variant 11 shape: 1359 nodes, 1674 edges: kernel 1359 empty 0 memcpy 0 memset 0 host 0 event 0 other 0; max in-degree 2
2026-09-22 02:10:54.758 INFO  rank 2: graph variant 11 instantiated — 31.1 MiB of device memory (15.3 GiB free)
2026-09-22 02:10:54.758 INFO  rank 2: serving row-batched graph variants 10/11 captured for 3 slots x 2 rows = 6 fixed rows, MTP (a batch is selected at 2+ live requests, the smallest that covers the live slots)
2026-09-22 02:10:54.759 INFO  bus graph era: variant 12 recorded with 94 collective node(s)
2026-09-22 02:10:54.759 INFO  rank 2: graph variant 12 shape: 1361 nodes, 1676 edges: kernel 1361 empty 0 memcpy 0 memset 0 host 0 event 0 other 0; max in-degree 2
2026-09-22 02:10:54.766 INFO  rank 2: graph variant 12 instantiated — 34.3 MiB of device memory (15.2 GiB free)
2026-09-22 02:10:54.767 INFO  bus graph era: variant 13 recorded with 94 collective node(s)
2026-09-22 02:10:54.767 INFO  rank 2: graph variant 13 shape: 1361 nodes, 1676 edges: kernel 1361 empty 0 memcpy 0 memset 0 host 0 event 0 other 0; max in-degree 2
2026-09-22 02:10:54.773 INFO  rank 2: graph variant 13 instantiated — 31.5 MiB of device memory (15.2 GiB free)
2026-09-22 02:10:54.773 INFO  rank 2: serving row-batched graph variants 12/13 captured for 4 slots x 2 rows = 8 fixed rows, MTP (a batch is selected at 2+ live requests, the smallest that covers the live slots)
2026-09-22 02:10:54.838 INFO  bus graph era: variant 2 recorded with 94 collective node(s)
2026-09-22 02:10:54.838 INFO  rank 2: graph variant 2 shape: 1297 nodes, 1612 edges: kernel 1297 empty 0 memcpy 0 memset 0 host 0 event 0 other 0; max in-degree 2
2026-09-22 02:10:54.844 INFO  rank 2: graph variant 2 instantiated — 32.0 MiB of device memory (15.2 GiB free)
2026-09-22 02:10:54.845 INFO  bus graph era: variant 3 recorded with 94 collective node(s)
2026-09-22 02:10:54.845 INFO  rank 2: graph variant 3 shape: 1297 nodes, 1612 edges: kernel 1297 empty 0 memcpy 0 memset 0 host 0 event 0 other 0; max in-degree 2
2026-09-22 02:10:54.852 INFO  rank 2: graph variant 3 instantiated — 34.2 MiB of device memory (15.1 GiB free)
2026-09-22 02:10:54.852 INFO  rank 2: serving scalar graph variants 2/3 captured for request slot 1 (2 rows, MTP)
2026-09-22 02:10:54.918 INFO  bus graph era: variant 4 recorded with 94 collective node(s)
2026-09-22 02:10:54.918 INFO  rank 2: graph variant 4 shape: 1297 nodes, 1612 edges: kernel 1297 empty 0 memcpy 0 memset 0 host 0 event 0 other 0; max in-degree 2
2026-09-22 02:10:54.924 INFO  rank 2: graph variant 4 instantiated — 32.4 MiB of device memory (15.1 GiB free)
2026-09-22 02:10:54.925 INFO  bus graph era: variant 5 recorded with 94 collective node(s)
2026-09-22 02:10:54.925 INFO  rank 2: graph variant 5 shape: 1297 nodes, 1612 edges: kernel 1297 empty 0 memcpy 0 memset 0 host 0 event 0 other 0; max in-degree 2
2026-09-22 02:10:54.934 INFO  rank 2: graph variant 5 instantiated — 32.9 MiB of device memory (15.1 GiB free)
2026-09-22 02:10:54.934 INFO  rank 2: serving scalar graph variants 4/5 captured for request slot 2 (2 rows, MTP)
2026-09-22 02:10:55.000 INFO  bus graph era: variant 6 recorded with 94 collective node(s)
2026-09-22 02:10:55.000 INFO  rank 2: graph variant 6 shape: 1297 nodes, 1612 edges: kernel 1297 empty 0 memcpy 0 memset 0 host 0 event 0 other 0; max in-degree 2
2026-09-22 02:10:55.007 INFO  rank 2: graph variant 6 instantiated — 34.2 MiB of device memory (15.0 GiB free)
2026-09-22 02:10:55.008 INFO  bus graph era: variant 7 recorded with 94 collective node(s)
2026-09-22 02:10:55.008 INFO  rank 2: graph variant 7 shape: 1297 nodes, 1612 edges: kernel 1297 empty 0 memcpy 0 memset 0 host 0 event 0 other 0; max in-degree 2
2026-09-22 02:10:55.014 INFO  rank 2: graph variant 7 instantiated — 33.3 MiB of device memory (15.0 GiB free)
2026-09-22 02:10:55.014 INFO  rank 2: serving scalar graph variants 6/7 captured for request slot 3 (2 rows, MTP)
2026-09-22 02:10:55.015 INFO  rank 2: warm capture complete — 4 scalar variants and the row batches for 2 slots, 3 slots, 4 slots recorded before the first request
2026-09-22 02:10:55.015 INFO  memory ledger: rank 2 after the warm capture — rss 3.54 GiB (anon 0.88, shmem 2.01, file 0.65; locked 14.15); device free 15.01 GiB, node available 19.01 GiB
2026-09-22 02:10:55.015 INFO  rank 2: graph variants warm-captured in 0.79s
2026-09-22 02:10:55.015 INFO  rank 2: following rank 0's journal (admission full, window 256)
2026-09-22 02:10:56.922 INFO  sched: request 'chatcmpl-0f41ae51846fca48' prefix cache miss — 2 cut(s), the cache is empty
2026-09-22 02:10:56.922 INFO  sched: request 'chatcmpl-0f41ae51846fca48' admitted to slot 0 (reserve 1 blocks; pool 2/6144 blocks in use) — first token 785
2026-09-22 02:10:58.009 INFO  sched: request 'chatcmpl-0f41ae51846fca48' retired (steps): 64 tok in 1.1 s — prefill 62 tok (0 cached) in 307 ms; decode 63 tok / 34 passes in 0.8 s: 80.8 tok/s, 12.4 ms/tok, 23 ms/pass, 1.85 tok/pass, accept p1 85 %
2026-09-22 02:10:58.083 INFO  sched: request 'chatcmpl-0f41ae51846fca49' admitted to slot 0 (reserve 3 blocks; pool 5/6144 blocks in use) — first token 785
2026-09-22 02:11:02.536 INFO  sched: request 'chatcmpl-0f41ae51846fca49' retired (steps): 256 tok in 4.5 s — prefill 62 tok (60 cached) in 52 ms; decode 255 tok / 140 passes in 4.4 s: 57.9 tok/s, 17.3 ms/tok, 31 ms/pass, 1.82 tok/pass, accept p1 82 %
2026-09-22 02:11:02.598 INFO  sched: request 'chatcmpl-0f41ae51846fca4a' admitted to slot 0 (reserve 3 blocks; pool 8/6144 blocks in use) — first token 785
2026-09-22 02:11:05.170 INFO  stats: rank 2 | 10.0 s | decode 47.1 tok/s, 16.9 ms/tok, 31.2 ms/step (255 steps / 471 tok, 80 % of wall) | mtp 1.85 tok/step/req, accept p1 84 % | prefill 3 prompts / 66 tok, 7 tok/s, 6.21 ms/tok, 137 ms avg (4 % of wall), 120 tok cached (2/3 hits) | live 1, queued 0 | pool 9/6144 blocks (0 %) | prefix cache 3/232 entries
2026-09-22 02:11:07.046 INFO  sched: request 'chatcmpl-0f41ae51846fca4a' retired (steps): 256 tok in 4.4 s — prefill 62 tok (60 cached) in 50 ms; decode 255 tok / 140 passes in 4.4 s: 58.0 tok/s, 17.2 ms/tok, 31 ms/pass, 1.82 tok/pass, accept p1 82 %
2026-09-22 02:11:07.114 INFO  sched: request 'chatcmpl-0f41ae51846fca4b' admitted to slot 0 (reserve 3 blocks; pool 8/6144 blocks in use) — first token 785
2026-09-22 02:11:07.443 INFO  sched: request 'chatcmpl-0f41ae51846fca4c' prefix cache miss — 2 cut(s) probed against 3 entries; the nearest entry (position 316) shares the first 22 of the prompt's 59 tokens (the prompt differs from it from that token on)
2026-09-22 02:11:07.443 INFO  sched: request 'chatcmpl-0f41ae51846fca4c' admitted to slot 1 (reserve 3 blocks; pool 12/6144 blocks in use) — first token 785
2026-09-22 02:11:13.558 INFO  sched: request 'chatcmpl-0f41ae51846fca4b' retired (steps): 256 tok in 6.4 s — prefill 62 tok (60 cached) in 51 ms; decode 255 tok / 140 passes in 6.4 s: 39.9 tok/s, 25.1 ms/tok, 46 ms/pass, 1.82 tok/pass, accept p1 82 %
2026-09-22 02:11:13.591 INFO  sched: request 'chatcmpl-0f41ae51846fca4c' retired (steps): 256 tok in 6.1 s — prefill 59 tok (0 cached) in 297 ms; decode 255 tok / 140 passes in 5.9 s: 43.6 tok/s, 22.9 ms/tok, 42 ms/pass, 1.82 tok/pass, accept p1 82 %
2026-09-22 02:11:13.681 INFO  sched: request 'chatcmpl-0f41ae51846fca4d' admitted to slot 0 (reserve 3 blocks; pool 12/6144 blocks in use) — first token 785
2026-09-22 02:11:13.764 INFO  sched: request 'chatcmpl-0f41ae51846fca4e' admitted to slot 1 (reserve 3 blocks; pool 16/6144 blocks in use) — first token 785
2026-09-22 02:11:15.187 INFO  stats: rank 2 | 10.0 s | decode 74.2 tok/s, 12.6 ms/tok, 40.1 ms/step (233 steps / 743 tok, 93 % of wall) | mtp 1.84 tok/step/req, accept p1 83 % | prefill 4 prompts / 66 tok, 7 tok/s, 6.90 ms/tok, 114 ms avg (5 % of wall), 176 tok cached (3/4 hits) | live 2, queued 0 | pool 17/6144 blocks (0 %) | prefix cache 5/232 entries
2026-09-22 02:11:19.879 INFO  sched: request 'chatcmpl-0f41ae51846fca4d' retired (steps): 256 tok in 6.2 s — prefill 59 tok (56 cached) in 57 ms; decode 255 tok / 140 passes in 6.1 s: 41.5 tok/s, 24.1 ms/tok, 44 ms/pass, 1.82 tok/pass, accept p1 82 %
2026-09-22 02:11:19.913 INFO  sched: request 'chatcmpl-0f41ae51846fca4e' retired (steps): 256 tok in 6.1 s — prefill 62 tok (60 cached) in 50 ms; decode 255 tok / 140 passes in 6.1 s: 41.8 tok/s, 23.9 ms/tok, 44 ms/pass, 1.82 tok/pass, accept p1 82 %
2026-09-22 02:11:19.982 INFO  sched: request 'chatcmpl-0f41ae51846fca4f' admitted to slot 0 (reserve 3 blocks; pool 12/6144 blocks in use) — first token 785
2026-09-22 02:11:20.313 INFO  sched: request 'chatcmpl-0f41ae51846fca50' prefix cache miss — 2 cut(s) probed against 5 entries; the nearest entry (position 316) shares the first 22 of the prompt's 66 tokens (the prompt differs from it from that token on)
2026-09-22 02:11:20.313 INFO  sched: request 'chatcmpl-0f41ae51846fca50' admitted to slot 1 (reserve 3 blocks; pool 16/6144 blocks in use) — first token 785
2026-09-22 02:11:20.415 INFO  sched: request 'chatcmpl-0f41ae51846fca51' admitted to slot 2 (reserve 3 blocks; pool 20/6144 blocks in use) — first token 785
2026-09-22 02:11:25.210 INFO  stats: rank 2 | 10.0 s | decode 86.2 tok/s, 10.9 ms/tok, 48.0 ms/step (197 steps / 864 tok, 94 % of wall) | mtp 1.80 tok/step/req, accept p1 80 % | prefill 3 prompts / 71 tok, 7 tok/s, 5.75 ms/tok, 136 ms avg (4 % of wall), 116 tok cached (2/3 hits) | live 3, queued 0 | pool 22/6144 blocks (0 %) | prefix cache 6/232 entries
2026-09-22 02:11:28.068 INFO  sched: request 'chatcmpl-0f41ae51846fca51' retired (steps): 256 tok in 7.7 s — prefill 59 tok (56 cached) in 57 ms; decode 255 tok / 139 passes in 7.6 s: 33.6 tok/s, 29.8 ms/tok, 55 ms/pass, 1.83 tok/pass, accept p1 84 %
2026-09-22 02:11:28.290 INFO  sched: request 'chatcmpl-0f41ae51846fca4f' retired (steps): 256 tok in 8.3 s — prefill 62 tok (60 cached) in 53 ms; decode 255 tok / 146 passes in 8.3 s: 30.9 tok/s, 32.4 ms/tok, 57 ms/pass, 1.75 tok/pass, accept p1 75 %
2026-09-22 02:11:28.451 INFO  sched: request 'chatcmpl-0f41ae51846fca50' retired (steps): 256 tok in 8.1 s — prefill 66 tok (0 cached) in 299 ms; decode 255 tok / 150 passes in 7.8 s: 32.5 tok/s, 30.7 ms/tok, 52 ms/pass, 1.70 tok/pass, accept p1 70 %
2026-09-22 02:11:28.515 INFO  sched: request 'chatcmpl-0f41ae51846fca52' admitted to slot 0 (reserve 3 blocks; pool 22/6144 blocks in use) — first token 785
2026-09-22 02:11:28.603 INFO  sched: request 'chatcmpl-0f41ae51846fca53' admitted to slot 1 (reserve 3 blocks; pool 25/6144 blocks in use) — first token 785
2026-09-22 02:11:28.699 INFO  sched: request 'chatcmpl-0f41ae51846fca54' admitted to slot 2 (reserve 3 blocks; pool 30/6144 blocks in use) — first token 785
2026-09-22 02:11:35.263 INFO  stats: rank 2 | 10.1 s | decode 93.8 tok/s, 10.3 ms/tok, 53.2 ms/step (183 steps / 943 tok, 97 % of wall) | mtp 1.78 tok/step/req, accept p1 77 % | prefill 3 prompts / 7 tok, 1 tok/s, 22.76 ms/tok, 53 ms avg (2 % of wall), 180 tok cached (3/3 hits) | live 3, queued 0 | pool 31/6144 blocks (1 %) | prefix cache 9/232 entries
2026-09-22 02:11:36.371 INFO  sched: request 'chatcmpl-0f41ae51846fca53' retired (steps): 256 tok in 7.8 s — prefill 59 tok (56 cached) in 54 ms; decode 255 tok / 140 passes in 7.7 s: 33.1 tok/s, 30.3 ms/tok, 55 ms/pass, 1.82 tok/pass, accept p1 83 %
2026-09-22 02:11:36.639 INFO  sched: request 'chatcmpl-0f41ae51846fca54' retired (steps): 256 tok in 7.9 s — prefill 66 tok (64 cached) in 51 ms; decode 255 tok / 144 passes in 7.9 s: 32.3 tok/s, 30.9 ms/tok, 55 ms/pass, 1.77 tok/pass, accept p1 78 %
2026-09-22 02:11:36.639 INFO  sched: request 'chatcmpl-0f41ae51846fca52' retired (steps): 256 tok in 8.1 s — prefill 62 tok (60 cached) in 54 ms; decode 255 tok / 146 passes in 8.1 s: 31.6 tok/s, 31.6 ms/tok, 55 ms/pass, 1.75 tok/pass, accept p1 75 %
2026-09-22 02:11:36.712 INFO  sched: request 'chatcmpl-0f41ae51846fca55' admitted to slot 0 (reserve 3 blocks; pool 28/6144 blocks in use) — first token 785
2026-09-22 02:11:36.799 INFO  sched: request 'chatcmpl-0f41ae51846fca56' admitted to slot 1 (reserve 3 blocks; pool 31/6144 blocks in use) — first token 785
2026-09-22 02:11:37.137 INFO  sched: request 'chatcmpl-0f41ae51846fca57' prefix cache miss — 2 cut(s) probed against 11 entries; the nearest entry (position 320) shares the first 22 of the prompt's 62 tokens (the prompt differs from it from that token on)
2026-09-22 02:11:37.137 INFO  sched: request 'chatcmpl-0f41ae51846fca57' admitted to slot 2 (reserve 3 blocks; pool 37/6144 blocks in use) — first token 785
2026-09-22 02:11:37.242 INFO  sched: request 'chatcmpl-0f41ae51846fca58' admitted to slot 3 (reserve 3 blocks; pool 40/6144 blocks in use) — first token 785
2026-09-22 02:11:45.291 INFO  stats: rank 2 | 10.0 s | decode 102.0 tok/s, 9.2 ms/tok, 62.9 ms/step (150 steps / 1023 tok, 94 % of wall) | mtp 1.81 tok/step/req, accept p1 81 % | prefill 4 prompts / 69 tok, 7 tok/s, 6.52 ms/tok, 112 ms avg (4 % of wall), 180 tok cached (3/4 hits) | live 4, queued 0 | pool 42/6144 blocks (1 %) | prefix cache 12/232 entries
2026-09-22 02:11:46.027 INFO  sched: request 'chatcmpl-0f41ae51846fca57' retired (steps): 256 tok in 8.9 s — prefill 62 tok (0 cached) in 292 ms; decode 255 tok / 134 passes in 8.6 s: 29.7 tok/s, 33.7 ms/tok, 64 ms/pass, 1.90 tok/pass, accept p1 90 %
2026-09-22 02:11:46.351 INFO  sched: request 'chatcmpl-0f41ae51846fca56' retired (steps): 256 tok in 9.6 s — prefill 59 tok (56 cached) in 56 ms; decode 255 tok / 140 passes in 9.5 s: 26.9 tok/s, 37.2 ms/tok, 68 ms/pass, 1.82 tok/pass, accept p1 83 %
2026-09-22 02:11:46.651 INFO  sched: request 'chatcmpl-0f41ae51846fca55' retired (steps): 256 tok in 9.9 s — prefill 62 tok (60 cached) in 51 ms; decode 255 tok / 146 passes in 9.9 s: 25.8 tok/s, 38.8 ms/tok, 68 ms/pass, 1.75 tok/pass, accept p1 75 %
2026-09-22 02:11:46.686 INFO  sched: request 'chatcmpl-0f41ae51846fca58' retired (steps): 256 tok in 9.4 s — prefill 66 tok (64 cached) in 50 ms; decode 255 tok / 144 passes in 9.4 s: 27.1 tok/s, 36.8 ms/tok, 65 ms/pass, 1.77 tok/pass, accept p1 78 %
2026-09-22 02:11:46.765 INFO  sched: request 'chatcmpl-0f41ae51846fca59' admitted to slot 0 (reserve 3 blocks; pool 32/6144 blocks in use) — first token 785
2026-09-22 02:11:46.847 INFO  sched: request 'chatcmpl-0f41ae51846fca5a' admitted to slot 1 (reserve 3 blocks; pool 35/6144 blocks in use) — first token 785
2026-09-22 02:11:46.943 INFO  sched: request 'chatcmpl-0f41ae51846fca5b' admitted to slot 2 (reserve 3 blocks; pool 39/6144 blocks in use) — first token 785
2026-09-22 02:11:47.055 INFO  sched: request 'chatcmpl-0f41ae51846fca5c' admitted to slot 3 (reserve 3 blocks; pool 43/6144 blocks in use) — first token 785
2026-09-22 02:11:55.343 INFO  stats: rank 2 | 10.1 s | decode 103.5 tok/s, 9.3 ms/tok, 64.1 ms/step (151 steps / 1040 tok, 96 % of wall) | mtp 1.79 tok/step/req, accept p1 79 % | prefill 4 prompts / 9 tok, 1 tok/s, 23.13 ms/tok, 52 ms avg (2 % of wall), 240 tok cached (4/4 hits) | live 4, queued 0 | pool 45/6144 blocks (1 %) | prefix cache 13/232 entries
2026-09-22 02:11:55.813 INFO  sched: request 'chatcmpl-0f41ae51846fca5b' retired (steps): 256 tok in 8.9 s — prefill 62 tok (60 cached) in 51 ms; decode 255 tok / 134 passes in 8.8 s: 28.9 tok/s, 34.6 ms/tok, 66 ms/pass, 1.90 tok/pass, accept p1 90 %
2026-09-22 02:11:56.201 INFO  sched: request 'chatcmpl-0f41ae51846fca5c' retired (steps): 256 tok in 9.1 s — prefill 59 tok (56 cached) in 57 ms; decode 255 tok / 139 passes in 9.1 s: 28.1 tok/s, 35.6 ms/tok, 65 ms/pass, 1.83 tok/pass, accept p1 84 %
2026-09-22 02:11:56.379 INFO  sched: request 'chatcmpl-0f41ae51846fca59' retired (steps): 256 tok in 9.6 s — prefill 62 tok (60 cached) in 52 ms; decode 255 tok / 146 passes in 9.6 s: 26.7 tok/s, 37.5 ms/tok, 65 ms/pass, 1.75 tok/pass, accept p1 75 %
2026-09-22 02:11:56.542 INFO  sched: request 'chatcmpl-0f41ae51846fca5a' retired (steps): 256 tok in 9.7 s — prefill 66 tok (64 cached) in 49 ms; decode 255 tok / 150 passes in 9.6 s: 26.4 tok/s, 37.8 ms/tok, 64 ms/pass, 1.70 tok/pass, accept p1 70 %
2026-09-22 02:11:56.612 INFO  sched: request 'chatcmpl-0f41ae51846fca5d' admitted to slot 0 (reserve 3 blocks; pool 32/6144 blocks in use) — first token 785
2026-09-22 02:12:01.076 INFO  sched: request 'chatcmpl-0f41ae51846fca5d' retired (steps): 256 tok in 4.5 s — prefill 62 tok (60 cached) in 53 ms; decode 255 tok / 140 passes in 4.4 s: 57.8 tok/s, 17.3 ms/tok, 32 ms/pass, 1.82 tok/pass, accept p1 82 %
2026-09-22 02:12:01.145 INFO  sched: request 'chatcmpl-0f41ae51846fca5e' admitted to slot 0 (reserve 3 blocks; pool 32/6144 blocks in use) — first token 785
2026-09-22 02:12:05.353 INFO  stats: rank 2 | 10.0 s | decode 59.6 tok/s, 16.2 ms/tok, 32.9 ms/step (294 steps / 597 tok, 97 % of wall) | mtp 1.80 tok/step/req, accept p1 80 % | prefill 2 prompts / 4 tok, 0 tok/s, 26.50 ms/tok, 53 ms avg (1 % of wall), 120 tok cached (2/2 hits) | live 1, queued 0 | pool 33/6144 blocks (1 %) | prefix cache 13/232 entries
2026-09-22 02:12:05.609 INFO  sched: request 'chatcmpl-0f41ae51846fca5e' retired (steps): 256 tok in 4.5 s — prefill 62 tok (60 cached) in 53 ms; decode 255 tok / 140 passes in 4.4 s: 57.8 tok/s, 17.3 ms/tok, 32 ms/pass, 1.82 tok/pass, accept p1 82 %
2026-09-22 02:12:07.214 INFO  journal: stop record — exiting
2026-09-22 02:12:07.236 INFO  rank 2: graph engine sampling summary — 0 sampled decode steps, 0 served by the exact gather fallback (0.0%), 112 candidates per rank
2026-09-22 02:12:08.683 INFO  rank 2: exited cleanly
