2026-09-22 02:10:42.321 INFO  dgpp-serve 0.1.0+ga3ed8994a34c (git a3ed8994a34c)
2026-09-22 02:10:42.321 INFO  config /tmp/bus4/deployments/7273bb7da0308830/cluster.json: model HawkBearPig/GLM-5.3-Flash-NVFP4-FP8, world 4, rank 1, http :18080, fabric :29970, journal :29971
2026-09-22 02:10:42.321 INFO  model HawkBearPig/GLM-5.3-Flash-NVFP4-FP8 -> /home/stephen/.cache/huggingface/hub/models--HawkBearPig--GLM-5.3-Flash-NVFP4-FP8/snapshots/17b8d4d83e33e836e9549d7e1a8d25b5117203c1
2026-09-22 02:10:42.322 INFO  journal: connected to rank 0 at 192.168.88.11:29971 (120000 attempt window)
2026-09-22 02:10:42.389 INFO  rank 1: settings from rank 0: model=HawkBearPig/GLM-5.3-Flash-NVFP4-FP8 world=4 fabric=29970 journal=29971 conc=4 kv=786432 kvdt=bf16 ngt=resident dw=checkpoint bfw=bf12+bf16 fp8head=gemv pf=bounded emsh=replicated maxtok=256 queue=8 eos=1 graph=1 compact=0 mtp=1 mtpd=1 mss=0 msrow=8 msbase=28 mslam=0 msmin=1 msad=1 batchmin=2 cand=128 pcgib=8 adm=full win=256 pfbudget=256 pfidle=2048 pace=-1 inflight=-1 reasoning_in_content=0 rs=off
2026-09-22 02:10:42.389 INFO  config: model=HawkBearPig/GLM-5.3-Flash-NVFP4-FP8 world=4 fabric=29970 journal=29971 conc=4 kv=786432 kvdt=bf16 ngt=resident dw=checkpoint bfw=bf12+bf16 fp8head=gemv pf=bounded emsh=replicated maxtok=256 queue=8 eos=1 graph=1 compact=0 mtp=1 mtpd=1 mss=0 msrow=8 msbase=28 mslam=0 msmin=1 msad=1 batchmin=2 cand=128 pcgib=8 adm=full win=256 pfbudget=256 pfidle=2048 pace=-1 inflight=-1 reasoning_in_content=0 rs=off (digest ee39883879453127)
2026-09-22 02:10:42.516 INFO  serve: model family glm5 (/home/stephen/.cache/huggingface/hub/models--HawkBearPig--GLM-5.3-Flash-NVFP4-FP8/snapshots/17b8d4d83e33e836e9549d7e1a8d25b5117203c1)
2026-09-22 02:10:42.516 INFO  serve: decode rows 8 (4 slot(s) x 2 row(s) per request, floor 8, the glm5 family's cap 8)
2026-09-22 02:10:42.526 WARN  generation config /home/stephen/.cache/huggingface/hub/models--HawkBearPig--GLM-5.3-Flash-NVFP4-FP8/snapshots/17b8d4d83e33e836e9549d7e1a8d25b5117203c1/generation_config.json omits top_k, min_p, repetition_penalty; using greedy-safe/neutral fallbacks for those fields
2026-09-22 02:10:42.526 INFO  generation defaults: temperature=1 top_p=0.95 top_k=0 min_p=0 repetition_penalty=1
2026-09-22 02:10:42.526 INFO  serve: sampling defaults temperature 1 top_p 0.95 top_k 0 min_p 0 repetition_penalty 1 (from generation_config.json; overrides: none)
2026-09-22 02:10:42.526 INFO  serve: request context limit 786432 tokens (the 786432-token K/V pool from engine.kv_capacity 786432; this family states no positional ceiling of its own)
2026-09-22 02:10:42.526 INFO  rank 1: prefix cache plan — 8 GiB budget, 232 slots of 35.227 MiB, 7.981 GiB allocated; cached K/V blocks share the 786432-token pool
2026-09-22 02:10:42.699 INFO  tokenizer: loaded vocab 154820 merges 321649 added 36 (revision 0x700b4469fc43f23b; glm pattern, no normalizer, ignore_merges true)
2026-09-22 02:10:42.708 INFO  serve: grammar vocabulary built (154880 ids, tool markers present, call-turn EOS 154829)
2026-09-22 02:10:42.808 INFO  serve: JSON grammar tables built in 0.10 s
2026-09-22 02:10:43.036 INFO  bus: globaltimer offset 8247010654 ns (+-2 us)
2026-09-22 02:10:43.045 INFO  verbs: device roceP2p1s0f0 port 1 gid_index 3
2026-09-22 02:10:43.048 INFO  verbs: device rocep1s0f0 port 1 gid_index 3
2026-09-22 02:10:43.664 INFO  bus: rank 1 up — 3 peer(s) x 2 lane(s), lat 8x65536B, bulk 8x262144B, bulk pace 28.3 Gb/s per QP, window 4 per lane
2026-09-22 02:10:43.664 INFO  rank 1: boundary reducer host-driven
2026-09-22 02:10:43.758 INFO  bus engine: rank 1 pinned to cpu 19
2026-09-22 02:10:43.870 INFO  rank 1: process memory locked (mlockall MCL_CURRENT, 14513 MiB)
2026-09-22 02:10:43.870 INFO  rank 1: resident image cache at /home/stephen/.cache/dgpp/resident
2026-09-22 02:10:43.926 INFO  rank 1: memory plan for a 786432-token context — vision weights (replicated) 1.05 GiB; vision workspace (bounded image prefill) 0.33 GiB; model weights (resident) 48.27 GiB (1.81 GiB pinned); tensor-parallel slice views 0.67 GiB; bf16 decode packing (12-bit companions) 1.96 GiB; gemm workspace (at least) 0.06 GiB; kda scratch 0.08 GiB; kv cache pool (bf16) 9.29 GiB; dsa scratch 0.23 GiB; moe scratch 0.68 GiB (0.00 GiB pinned); kda state (request slots) 0.14 GiB; kda speculative snapshots 0.27 GiB; draft hidden cache (per position) 24.00 GiB; draft activations 0.05 GiB; activations (per-forward rows) 0.61 GiB (0.00 GiB pinned); route-trace staging 0.10 GiB (0.10 GiB pinned); prefix cache 7.98 GiB; engine 0.08 GiB
2026-09-22 02:10:43.926 INFO  rank 1: memory plan total 95.85 GiB (85.87 GiB device + 9.97 GiB pinned) + 4.00 GiB headroom against 116.67 GiB free (device free 112.41 GiB of 121.69 GiB, host available 116.67 GiB)
2026-09-22 02:10:43.926 INFO  memory ledger: rank 1 after the plan check — rss 1.14 GiB (anon 0.41, shmem 0.09, file 0.64; locked 14.17); device free 112.41 GiB, node available 116.67 GiB
2026-09-22 02:10:43.926 INFO  memory ledger: rank 1 after the bus — rss 1.14 GiB (anon 0.41, shmem 0.09, file 0.64; locked 14.17); device free 112.41 GiB, node available 116.67 GiB
2026-09-22 02:10:44.282 INFO  glm loader: rank 1 resident footprint 46.5 GiB; device free 112.4 of 121.7 GiB, host available 116.6 GiB
2026-09-22 02:10:45.137 INFO  glm loader: rank 1 resident image /home/stephen/.cache/dgpp/resident/44076e8b908aed4a.img — 46/46 layers present, direct I/O
2026-09-22 02:10:45.179 INFO  l2 prefetch: on, window budget 12 MiB, boundary rate light, layer rate light
2026-09-22 02:10:45.179 INFO  glm loader: rank 1 boot digest from the resident image (713 tensors, 2.91 GiB)
2026-09-22 02:10:55.936 INFO  glm loader: rank 1 resident load complete — released 40 shard mappings (181.7 GiB) and evicted their page cache; image: 46 layers restored, 0 captured
2026-09-22 02:10:56.319 INFO  rank 1 bf12: 70 decode matrices packed (2.55 GiB of bf16 -> 1.92 GiB, 213419 escapes, widest row 64, 3 rows kept raw; 0 matrices kept bf16) in 1.4 s
2026-09-22 02:11:01.168 INFO  rank 1 boot phases: digest 0.0 s (3.96 GiB hashed), globals 1.9 s, layers 12.8 s
2026-09-22 02:11:01.168 INFO  memory ledger: rank 1 after the model — rss 3.06 GiB (anon 0.41, shmem 2.00, file 0.64; locked 14.16); device free 23.67 GiB, node available 27.91 GiB
2026-09-22 02:11:01.168 INFO  rank 1: model constructed in 17.2s (resident, 4 request slots, 786432-token pool in bf16, 2048-row forwards)
2026-09-22 02:11:01.168 INFO  rank 1: prefix cache on — 232 snapshot slot(s) of 35.2 MiB (8.00 GiB asked)
2026-09-22 02:11:01.418 INFO  rank 1: graph engine samples on the device — 112 candidates per rank (8 rows x 4 ranks in a 65536-byte latency slot; the planned width is 128); constrained decoding available
2026-09-22 02:11:05.058 INFO  memory ledger: rank 1 after the graph engine — rss 3.06 GiB (anon 0.41, shmem 2.01, file 0.64; locked 14.16); device free 15.57 GiB, node available 19.81 GiB
2026-09-22 02:11:05.323 INFO  allreduce: device clock rate 2418000 kHz (stamps conversion)
2026-09-22 02:11:05.323 INFO  allreduce: rank 1 seq 1 launched (3 peers)
2026-09-22 02:11:05.323 INFO  allreduce: rank 1 seq 1 ready after 36.5us
2026-09-22 02:11:05.418 INFO  allreduce: rank 1 seq 1 done status=0 after 95160.8us
2026-09-22 02:11:05.450 INFO  allreduce: rank 1 seq 2 launched (3 peers)
2026-09-22 02:11:05.450 INFO  allreduce: rank 1 seq 2 ready after 11.3us
2026-09-22 02:11:05.453 INFO  allreduce: rank 1 seq 2 done status=0 after 2862.3us
2026-09-22 02:11:05.453 INFO  allreduce: rank 1 seq 3 launched (3 peers)
2026-09-22 02:11:05.453 INFO  allreduce: rank 1 seq 3 ready after 11.7us
2026-09-22 02:11:05.453 INFO  allreduce: rank 1 seq 3 done status=0 after 125.4us
2026-09-22 02:11:05.453 INFO  allreduce: rank 1 seq 4 launched (3 peers)
2026-09-22 02:11:05.453 INFO  allreduce: rank 1 seq 4 ready after 11.5us
2026-09-22 02:11:05.454 INFO  allreduce: rank 1 seq 4 done status=0 after 119.5us
2026-09-22 02:11:05.454 INFO  allreduce: rank 1 seq 5 launched (3 peers)
2026-09-22 02:11:05.454 INFO  allreduce: rank 1 seq 5 ready after 11.7us
2026-09-22 02:11:05.454 INFO  allreduce: rank 1 seq 5 done status=0 after 51.3us
2026-09-22 02:11:05.454 INFO  allreduce: rank 1 seq 6 launched (3 peers)
2026-09-22 02:11:05.454 INFO  allreduce: rank 1 seq 6 ready after 11.5us
2026-09-22 02:11:05.454 INFO  allreduce: rank 1 seq 6 done status=0 after 75.4us
2026-09-22 02:11:05.458 INFO  allreduce: rank 1 seq 7 launched (3 peers)
2026-09-22 02:11:05.458 INFO  allreduce: rank 1 seq 7 ready after 14.0us
2026-09-22 02:11:05.458 INFO  allreduce: rank 1 seq 7 done status=0 after 60.1us
2026-09-22 02:11:05.458 INFO  allreduce: rank 1 seq 8 launched (3 peers)
2026-09-22 02:11:05.458 INFO  allreduce: rank 1 seq 8 ready after 11.5us
2026-09-22 02:11:05.458 INFO  allreduce: rank 1 seq 8 done status=0 after 50.6us
2026-09-22 02:11:05.459 INFO  allreduce: rank 1 seq 9 launched (3 peers)
2026-09-22 02:11:05.459 INFO  allreduce: rank 1 seq 9 ready after 11.3us
2026-09-22 02:11:05.459 INFO  allreduce: rank 1 seq 9 done status=0 after 49.1us
2026-09-22 02:11:05.459 INFO  allreduce: rank 1 seq 10 launched (3 peers)
2026-09-22 02:11:05.459 INFO  allreduce: rank 1 seq 10 ready after 13.1us
2026-09-22 02:11:05.459 INFO  allreduce: rank 1 seq 10 done status=0 after 53.6us
2026-09-22 02:11:05.460 INFO  allreduce: rank 1 seq 11 launched (3 peers)
2026-09-22 02:11:05.460 INFO  allreduce: rank 1 seq 11 ready after 11.3us
2026-09-22 02:11:05.460 INFO  allreduce: rank 1 seq 11 done status=0 after 87.2us
2026-09-22 02:11:05.461 INFO  allreduce: rank 1 seq 12 launched (3 peers)
2026-09-22 02:11:05.461 INFO  allreduce: rank 1 seq 12 ready after 15.9us
2026-09-22 02:11:05.461 INFO  allreduce: rank 1 seq 12 done status=0 after 54.0us
2026-09-22 02:11:05.461 INFO  allreduce: rank 1 seq 13 launched (3 peers)
2026-09-22 02:11:05.461 INFO  allreduce: rank 1 seq 13 ready after 11.5us
2026-09-22 02:11:05.461 INFO  allreduce: rank 1 seq 13 done status=0 after 69.9us
2026-09-22 02:11:05.462 INFO  allreduce: rank 1 seq 14 launched (3 peers)
2026-09-22 02:11:05.462 INFO  allreduce: rank 1 seq 14 ready after 13.0us
2026-09-22 02:11:05.462 INFO  allreduce: rank 1 seq 14 done status=0 after 58.7us
2026-09-22 02:11:05.462 INFO  allreduce: rank 1 seq 15 launched (3 peers)
2026-09-22 02:11:05.462 INFO  allreduce: rank 1 seq 15 ready after 9.4us
2026-09-22 02:11:05.462 INFO  allreduce: rank 1 seq 15 done status=0 after 57.6us
2026-09-22 02:11:05.463 INFO  allreduce: rank 1 seq 16 launched (3 peers)
2026-09-22 02:11:05.463 INFO  allreduce: rank 1 seq 16 ready after 9.1us
2026-09-22 02:11:05.463 INFO  allreduce: rank 1 seq 16 done status=0 after 59.4us
2026-09-22 02:11:05.539 INFO  bus graph era: variant 0 recorded with 94 collective node(s)
2026-09-22 02:11:05.539 INFO  rank 1: graph variant 0 shape: 1297 nodes, 1612 edges: kernel 1297 empty 0 memcpy 0 memset 0 host 0 event 0 other 0; max in-degree 2
2026-09-22 02:11:05.543 INFO  rank 1: graph variant 0 instantiated — 23.2 MiB of device memory (15.1 GiB free)
2026-09-22 02:11:05.544 INFO  bus graph era: variant 1 recorded with 94 collective node(s)
2026-09-22 02:11:05.544 INFO  rank 1: graph variant 1 shape: 1297 nodes, 1612 edges: kernel 1297 empty 0 memcpy 0 memset 0 host 0 event 0 other 0; max in-degree 2
2026-09-22 02:11:05.547 INFO  rank 1: graph variant 1 instantiated — 21.1 MiB of device memory (15.1 GiB free)
2026-09-22 02:11:05.547 INFO  rank 1: serving scalar graph variants 0/1 captured for request slot 0 (2 rows, MTP)
2026-09-22 02:11:05.549 INFO  bus graph era: variant 8 recorded with 94 collective node(s)
2026-09-22 02:11:05.549 INFO  rank 1: graph variant 8 shape: 1299 nodes, 1614 edges: kernel 1299 empty 0 memcpy 0 memset 0 host 0 event 0 other 0; max in-degree 2
2026-09-22 02:11:05.554 INFO  rank 1: graph variant 8 instantiated — 25.9 MiB of device memory (15.1 GiB free)
2026-09-22 02:11:05.555 INFO  bus graph era: variant 9 recorded with 94 collective node(s)
2026-09-22 02:11:05.555 INFO  rank 1: graph variant 9 shape: 1299 nodes, 1614 edges: kernel 1299 empty 0 memcpy 0 memset 0 host 0 event 0 other 0; max in-degree 2
2026-09-22 02:11:05.561 INFO  rank 1: graph variant 9 instantiated — 34.5 MiB of device memory (15.1 GiB free)
2026-09-22 02:11:05.561 INFO  rank 1: serving row-batched graph variants 8/9 captured for 2 slots x 2 rows = 4 fixed rows, MTP (a batch is selected at 2+ live requests, the smallest that covers the live slots)
2026-09-22 02:11:05.574 INFO  bus graph era: variant 10 recorded with 94 collective node(s)
2026-09-22 02:11:05.574 INFO  rank 1: graph variant 10 shape: 1359 nodes, 1674 edges: kernel 1359 empty 0 memcpy 0 memset 0 host 0 event 0 other 0; max in-degree 2
2026-09-22 02:11:05.580 INFO  rank 1: graph variant 10 instantiated — 26.7 MiB of device memory (15.0 GiB free)
2026-09-22 02:11:05.581 INFO  bus graph era: variant 11 recorded with 94 collective node(s)
2026-09-22 02:11:05.581 INFO  rank 1: graph variant 11 shape: 1359 nodes, 1674 edges: kernel 1359 empty 0 memcpy 0 memset 0 host 0 event 0 other 0; max in-degree 2
2026-09-22 02:11:05.587 INFO  rank 1: graph variant 11 instantiated — 33.2 MiB of device memory (15.0 GiB free)
2026-09-22 02:11:05.587 INFO  rank 1: serving row-batched graph variants 10/11 captured for 3 slots x 2 rows = 6 fixed rows, MTP (a batch is selected at 2+ live requests, the smallest that covers the live slots)
2026-09-22 02:11:05.589 INFO  bus graph era: variant 12 recorded with 94 collective node(s)
2026-09-22 02:11:05.589 INFO  rank 1: graph variant 12 shape: 1361 nodes, 1676 edges: kernel 1361 empty 0 memcpy 0 memset 0 host 0 event 0 other 0; max in-degree 2
2026-09-22 02:11:05.595 INFO  rank 1: graph variant 12 instantiated — 35.0 MiB of device memory (14.9 GiB free)
2026-09-22 02:11:05.596 INFO  bus graph era: variant 13 recorded with 94 collective node(s)
2026-09-22 02:11:05.597 INFO  rank 1: graph variant 13 shape: 1361 nodes, 1676 edges: kernel 1361 empty 0 memcpy 0 memset 0 host 0 event 0 other 0; max in-degree 2
2026-09-22 02:11:05.603 INFO  rank 1: graph variant 13 instantiated — 31.0 MiB of device memory (14.9 GiB free)
2026-09-22 02:11:05.603 INFO  rank 1: serving row-batched graph variants 12/13 captured for 4 slots x 2 rows = 8 fixed rows, MTP (a batch is selected at 2+ live requests, the smallest that covers the live slots)
2026-09-22 02:11:05.668 INFO  bus graph era: variant 2 recorded with 94 collective node(s)
2026-09-22 02:11:05.668 INFO  rank 1: graph variant 2 shape: 1297 nodes, 1612 edges: kernel 1297 empty 0 memcpy 0 memset 0 host 0 event 0 other 0; max in-degree 2
2026-09-22 02:11:05.674 INFO  rank 1: graph variant 2 instantiated — 31.9 MiB of device memory (14.9 GiB free)
2026-09-22 02:11:05.675 INFO  bus graph era: variant 3 recorded with 94 collective node(s)
2026-09-22 02:11:05.675 INFO  rank 1: graph variant 3 shape: 1297 nodes, 1612 edges: kernel 1297 empty 0 memcpy 0 memset 0 host 0 event 0 other 0; max in-degree 2
2026-09-22 02:11:05.682 INFO  rank 1: graph variant 3 instantiated — 34.5 MiB of device memory (14.8 GiB free)
2026-09-22 02:11:05.682 INFO  rank 1: serving scalar graph variants 2/3 captured for request slot 1 (2 rows, MTP)
2026-09-22 02:11:05.748 INFO  bus graph era: variant 4 recorded with 94 collective node(s)
2026-09-22 02:11:05.748 INFO  rank 1: graph variant 4 shape: 1297 nodes, 1612 edges: kernel 1297 empty 0 memcpy 0 memset 0 host 0 event 0 other 0; max in-degree 2
2026-09-22 02:11:05.754 INFO  rank 1: graph variant 4 instantiated — 31.9 MiB of device memory (14.8 GiB free)
2026-09-22 02:11:05.755 INFO  bus graph era: variant 5 recorded with 94 collective node(s)
2026-09-22 02:11:05.755 INFO  rank 1: graph variant 5 shape: 1297 nodes, 1612 edges: kernel 1297 empty 0 memcpy 0 memset 0 host 0 event 0 other 0; max in-degree 2
2026-09-22 02:11:05.764 INFO  rank 1: graph variant 5 instantiated — 33.2 MiB of device memory (14.8 GiB free)
2026-09-22 02:11:05.764 INFO  rank 1: serving scalar graph variants 4/5 captured for request slot 2 (2 rows, MTP)
2026-09-22 02:11:05.830 INFO  bus graph era: variant 6 recorded with 94 collective node(s)
2026-09-22 02:11:05.830 INFO  rank 1: graph variant 6 shape: 1297 nodes, 1612 edges: kernel 1297 empty 0 memcpy 0 memset 0 host 0 event 0 other 0; max in-degree 2
2026-09-22 02:11:05.837 INFO  rank 1: graph variant 6 instantiated — 34.6 MiB of device memory (14.8 GiB free)
2026-09-22 02:11:05.838 INFO  bus graph era: variant 7 recorded with 94 collective node(s)
2026-09-22 02:11:05.838 INFO  rank 1: graph variant 7 shape: 1297 nodes, 1612 edges: kernel 1297 empty 0 memcpy 0 memset 0 host 0 event 0 other 0; max in-degree 2
2026-09-22 02:11:05.844 INFO  rank 1: graph variant 7 instantiated — 32.8 MiB of device memory (14.7 GiB free)
2026-09-22 02:11:05.844 INFO  rank 1: serving scalar graph variants 6/7 captured for request slot 3 (2 rows, MTP)
2026-09-22 02:11:05.844 INFO  rank 1: warm capture complete — 4 scalar variants and the row batches for 2 slots, 3 slots, 4 slots recorded before the first request
2026-09-22 02:11:05.844 INFO  memory ledger: rank 1 after the warm capture — rss 3.54 GiB (anon 0.88, shmem 2.01, file 0.65; locked 14.15); device free 14.72 GiB, node available 18.95 GiB
2026-09-22 02:11:05.844 INFO  rank 1: graph variants warm-captured in 0.79s
2026-09-22 02:11:05.844 INFO  rank 1: following rank 0's journal (admission full, window 256)
2026-09-22 02:11:07.752 INFO  sched: request 'chatcmpl-0f41ae51846fca48' prefix cache miss — 2 cut(s), the cache is empty
2026-09-22 02:11:07.752 INFO  sched: request 'chatcmpl-0f41ae51846fca48' admitted to slot 0 (reserve 1 blocks; pool 2/6144 blocks in use) — first token 785
2026-09-22 02:11:08.839 INFO  sched: request 'chatcmpl-0f41ae51846fca48' retired (steps): 64 tok in 1.1 s — prefill 62 tok (0 cached) in 308 ms; decode 63 tok / 34 passes in 0.8 s: 80.8 tok/s, 12.4 ms/tok, 23 ms/pass, 1.85 tok/pass, accept p1 85 %
2026-09-22 02:11:08.914 INFO  sched: request 'chatcmpl-0f41ae51846fca49' admitted to slot 0 (reserve 3 blocks; pool 5/6144 blocks in use) — first token 785
2026-09-22 02:11:13.367 INFO  sched: request 'chatcmpl-0f41ae51846fca49' retired (steps): 256 tok in 4.5 s — prefill 62 tok (60 cached) in 52 ms; decode 255 tok / 140 passes in 4.4 s: 57.9 tok/s, 17.3 ms/tok, 31 ms/pass, 1.82 tok/pass, accept p1 82 %
2026-09-22 02:11:13.428 INFO  sched: request 'chatcmpl-0f41ae51846fca4a' admitted to slot 0 (reserve 3 blocks; pool 8/6144 blocks in use) — first token 785
2026-09-22 02:11:16.001 INFO  stats: rank 1 | 10.0 s | decode 47.1 tok/s, 17.1 ms/tok, 31.6 ms/step (255 steps / 471 tok, 81 % of wall) | mtp 1.85 tok/step/req, accept p1 84 % | prefill 3 prompts / 66 tok, 7 tok/s, 6.21 ms/tok, 137 ms avg (4 % of wall), 120 tok cached (2/3 hits) | live 1, queued 0 | pool 9/6144 blocks (0 %) | prefix cache 3/232 entries
2026-09-22 02:11:17.877 INFO  sched: request 'chatcmpl-0f41ae51846fca4a' retired (steps): 256 tok in 4.4 s — prefill 62 tok (60 cached) in 50 ms; decode 255 tok / 140 passes in 4.4 s: 58.0 tok/s, 17.2 ms/tok, 31 ms/pass, 1.82 tok/pass, accept p1 82 %
2026-09-22 02:11:17.945 INFO  sched: request 'chatcmpl-0f41ae51846fca4b' admitted to slot 0 (reserve 3 blocks; pool 8/6144 blocks in use) — first token 785
2026-09-22 02:11:18.274 INFO  sched: request 'chatcmpl-0f41ae51846fca4c' prefix cache miss — 2 cut(s) probed against 3 entries; the nearest entry (position 316) shares the first 22 of the prompt's 59 tokens (the prompt differs from it from that token on)
2026-09-22 02:11:18.274 INFO  sched: request 'chatcmpl-0f41ae51846fca4c' admitted to slot 1 (reserve 3 blocks; pool 12/6144 blocks in use) — first token 785
2026-09-22 02:11:24.389 INFO  sched: request 'chatcmpl-0f41ae51846fca4b' retired (steps): 256 tok in 6.4 s — prefill 62 tok (60 cached) in 51 ms; decode 255 tok / 140 passes in 6.4 s: 39.9 tok/s, 25.1 ms/tok, 46 ms/pass, 1.82 tok/pass, accept p1 82 %
2026-09-22 02:11:24.422 INFO  sched: request 'chatcmpl-0f41ae51846fca4c' retired (steps): 256 tok in 6.1 s — prefill 59 tok (0 cached) in 297 ms; decode 255 tok / 140 passes in 5.9 s: 43.6 tok/s, 22.9 ms/tok, 42 ms/pass, 1.82 tok/pass, accept p1 82 %
2026-09-22 02:11:24.512 INFO  sched: request 'chatcmpl-0f41ae51846fca4d' admitted to slot 0 (reserve 3 blocks; pool 12/6144 blocks in use) — first token 785
2026-09-22 02:11:24.595 INFO  sched: request 'chatcmpl-0f41ae51846fca4e' admitted to slot 1 (reserve 3 blocks; pool 16/6144 blocks in use) — first token 785
2026-09-22 02:11:26.018 INFO  stats: rank 1 | 10.0 s | decode 74.2 tok/s, 12.7 ms/tok, 40.6 ms/step (233 steps / 743 tok, 94 % of wall) | mtp 1.84 tok/step/req, accept p1 83 % | prefill 4 prompts / 66 tok, 7 tok/s, 6.91 ms/tok, 114 ms avg (5 % of wall), 176 tok cached (3/4 hits) | live 2, queued 0 | pool 17/6144 blocks (0 %) | prefix cache 5/232 entries
2026-09-22 02:11:30.710 INFO  sched: request 'chatcmpl-0f41ae51846fca4d' retired (steps): 256 tok in 6.2 s — prefill 59 tok (56 cached) in 57 ms; decode 255 tok / 140 passes in 6.1 s: 41.5 tok/s, 24.1 ms/tok, 44 ms/pass, 1.82 tok/pass, accept p1 82 %
2026-09-22 02:11:30.744 INFO  sched: request 'chatcmpl-0f41ae51846fca4e' retired (steps): 256 tok in 6.1 s — prefill 62 tok (60 cached) in 50 ms; decode 255 tok / 140 passes in 6.1 s: 41.8 tok/s, 23.9 ms/tok, 44 ms/pass, 1.82 tok/pass, accept p1 82 %
2026-09-22 02:11:30.813 INFO  sched: request 'chatcmpl-0f41ae51846fca4f' admitted to slot 0 (reserve 3 blocks; pool 12/6144 blocks in use) — first token 785
2026-09-22 02:11:31.145 INFO  sched: request 'chatcmpl-0f41ae51846fca50' prefix cache miss — 2 cut(s) probed against 5 entries; the nearest entry (position 316) shares the first 22 of the prompt's 66 tokens (the prompt differs from it from that token on)
2026-09-22 02:11:31.145 INFO  sched: request 'chatcmpl-0f41ae51846fca50' admitted to slot 1 (reserve 3 blocks; pool 16/6144 blocks in use) — first token 785
2026-09-22 02:11:31.246 INFO  sched: request 'chatcmpl-0f41ae51846fca51' admitted to slot 2 (reserve 3 blocks; pool 20/6144 blocks in use) — first token 785
2026-09-22 02:11:36.042 INFO  stats: rank 1 | 10.0 s | decode 86.2 tok/s, 11.1 ms/tok, 48.5 ms/step (197 steps / 864 tok, 95 % of wall) | mtp 1.80 tok/step/req, accept p1 80 % | prefill 3 prompts / 71 tok, 7 tok/s, 5.75 ms/tok, 136 ms avg (4 % of wall), 116 tok cached (2/3 hits) | live 3, queued 0 | pool 22/6144 blocks (0 %) | prefix cache 6/232 entries
2026-09-22 02:11:38.900 INFO  sched: request 'chatcmpl-0f41ae51846fca51' retired (steps): 256 tok in 7.7 s — prefill 59 tok (56 cached) in 57 ms; decode 255 tok / 139 passes in 7.6 s: 33.6 tok/s, 29.8 ms/tok, 55 ms/pass, 1.83 tok/pass, accept p1 84 %
2026-09-22 02:11:39.121 INFO  sched: request 'chatcmpl-0f41ae51846fca4f' retired (steps): 256 tok in 8.3 s — prefill 62 tok (60 cached) in 53 ms; decode 255 tok / 146 passes in 8.3 s: 30.9 tok/s, 32.4 ms/tok, 57 ms/pass, 1.75 tok/pass, accept p1 75 %
2026-09-22 02:11:39.282 INFO  sched: request 'chatcmpl-0f41ae51846fca50' retired (steps): 256 tok in 8.1 s — prefill 66 tok (0 cached) in 299 ms; decode 255 tok / 150 passes in 7.8 s: 32.5 tok/s, 30.7 ms/tok, 52 ms/pass, 1.70 tok/pass, accept p1 70 %
2026-09-22 02:11:39.347 INFO  sched: request 'chatcmpl-0f41ae51846fca52' admitted to slot 0 (reserve 3 blocks; pool 22/6144 blocks in use) — first token 785
2026-09-22 02:11:39.434 INFO  sched: request 'chatcmpl-0f41ae51846fca53' admitted to slot 1 (reserve 3 blocks; pool 25/6144 blocks in use) — first token 785
2026-09-22 02:11:39.530 INFO  sched: request 'chatcmpl-0f41ae51846fca54' admitted to slot 2 (reserve 3 blocks; pool 30/6144 blocks in use) — first token 785
2026-09-22 02:11:46.095 INFO  stats: rank 1 | 10.1 s | decode 93.8 tok/s, 10.4 ms/tok, 53.7 ms/step (183 steps / 943 tok, 98 % of wall) | mtp 1.78 tok/step/req, accept p1 77 % | prefill 3 prompts / 7 tok, 1 tok/s, 22.75 ms/tok, 53 ms avg (2 % of wall), 180 tok cached (3/3 hits) | live 3, queued 0 | pool 31/6144 blocks (1 %) | prefix cache 9/232 entries
2026-09-22 02:11:47.203 INFO  sched: request 'chatcmpl-0f41ae51846fca53' retired (steps): 256 tok in 7.8 s — prefill 59 tok (56 cached) in 54 ms; decode 255 tok / 140 passes in 7.7 s: 33.1 tok/s, 30.3 ms/tok, 55 ms/pass, 1.82 tok/pass, accept p1 83 %
2026-09-22 02:11:47.471 INFO  sched: request 'chatcmpl-0f41ae51846fca54' retired (steps): 256 tok in 7.9 s — prefill 66 tok (64 cached) in 51 ms; decode 255 tok / 144 passes in 7.9 s: 32.3 tok/s, 30.9 ms/tok, 55 ms/pass, 1.77 tok/pass, accept p1 78 %
2026-09-22 02:11:47.471 INFO  sched: request 'chatcmpl-0f41ae51846fca52' retired (steps): 256 tok in 8.1 s — prefill 62 tok (60 cached) in 54 ms; decode 255 tok / 146 passes in 8.1 s: 31.6 tok/s, 31.6 ms/tok, 55 ms/pass, 1.75 tok/pass, accept p1 75 %
2026-09-22 02:11:47.544 INFO  sched: request 'chatcmpl-0f41ae51846fca55' admitted to slot 0 (reserve 3 blocks; pool 28/6144 blocks in use) — first token 785
2026-09-22 02:11:47.631 INFO  sched: request 'chatcmpl-0f41ae51846fca56' admitted to slot 1 (reserve 3 blocks; pool 31/6144 blocks in use) — first token 785
2026-09-22 02:11:47.969 INFO  sched: request 'chatcmpl-0f41ae51846fca57' prefix cache miss — 2 cut(s) probed against 11 entries; the nearest entry (position 320) shares the first 22 of the prompt's 62 tokens (the prompt differs from it from that token on)
2026-09-22 02:11:47.969 INFO  sched: request 'chatcmpl-0f41ae51846fca57' admitted to slot 2 (reserve 3 blocks; pool 37/6144 blocks in use) — first token 785
2026-09-22 02:11:48.074 INFO  sched: request 'chatcmpl-0f41ae51846fca58' admitted to slot 3 (reserve 3 blocks; pool 40/6144 blocks in use) — first token 785
2026-09-22 02:11:56.123 INFO  stats: rank 1 | 10.0 s | decode 102.0 tok/s, 9.3 ms/tok, 63.3 ms/step (150 steps / 1023 tok, 95 % of wall) | mtp 1.81 tok/step/req, accept p1 81 % | prefill 4 prompts / 69 tok, 7 tok/s, 6.52 ms/tok, 112 ms avg (4 % of wall), 180 tok cached (3/4 hits) | live 4, queued 0 | pool 42/6144 blocks (1 %) | prefix cache 12/232 entries
2026-09-22 02:11:56.860 INFO  sched: request 'chatcmpl-0f41ae51846fca57' retired (steps): 256 tok in 8.9 s — prefill 62 tok (0 cached) in 292 ms; decode 255 tok / 134 passes in 8.6 s: 29.7 tok/s, 33.7 ms/tok, 64 ms/pass, 1.90 tok/pass, accept p1 90 %
2026-09-22 02:11:57.183 INFO  sched: request 'chatcmpl-0f41ae51846fca56' retired (steps): 256 tok in 9.6 s — prefill 59 tok (56 cached) in 56 ms; decode 255 tok / 140 passes in 9.5 s: 26.9 tok/s, 37.2 ms/tok, 68 ms/pass, 1.82 tok/pass, accept p1 83 %
2026-09-22 02:11:57.484 INFO  sched: request 'chatcmpl-0f41ae51846fca55' retired (steps): 256 tok in 9.9 s — prefill 62 tok (60 cached) in 51 ms; decode 255 tok / 146 passes in 9.9 s: 25.8 tok/s, 38.8 ms/tok, 68 ms/pass, 1.75 tok/pass, accept p1 75 %
2026-09-22 02:11:57.519 INFO  sched: request 'chatcmpl-0f41ae51846fca58' retired (steps): 256 tok in 9.4 s — prefill 66 tok (64 cached) in 50 ms; decode 255 tok / 144 passes in 9.4 s: 27.1 tok/s, 36.8 ms/tok, 65 ms/pass, 1.77 tok/pass, accept p1 78 %
2026-09-22 02:11:57.598 INFO  sched: request 'chatcmpl-0f41ae51846fca59' admitted to slot 0 (reserve 3 blocks; pool 32/6144 blocks in use) — first token 785
2026-09-22 02:11:57.680 INFO  sched: request 'chatcmpl-0f41ae51846fca5a' admitted to slot 1 (reserve 3 blocks; pool 35/6144 blocks in use) — first token 785
2026-09-22 02:11:57.775 INFO  sched: request 'chatcmpl-0f41ae51846fca5b' admitted to slot 2 (reserve 3 blocks; pool 39/6144 blocks in use) — first token 785
2026-09-22 02:11:57.888 INFO  sched: request 'chatcmpl-0f41ae51846fca5c' admitted to slot 3 (reserve 3 blocks; pool 43/6144 blocks in use) — first token 785
2026-09-22 02:12:06.176 INFO  stats: rank 1 | 10.1 s | decode 103.5 tok/s, 9.4 ms/tok, 64.5 ms/step (151 steps / 1040 tok, 97 % of wall) | mtp 1.79 tok/step/req, accept p1 79 % | prefill 4 prompts / 9 tok, 1 tok/s, 23.13 ms/tok, 52 ms avg (2 % of wall), 240 tok cached (4/4 hits) | live 4, queued 0 | pool 45/6144 blocks (1 %) | prefix cache 13/232 entries
2026-09-22 02:12:06.646 INFO  sched: request 'chatcmpl-0f41ae51846fca5b' retired (steps): 256 tok in 8.9 s — prefill 62 tok (60 cached) in 51 ms; decode 255 tok / 134 passes in 8.8 s: 28.9 tok/s, 34.6 ms/tok, 66 ms/pass, 1.90 tok/pass, accept p1 90 %
2026-09-22 02:12:07.034 INFO  sched: request 'chatcmpl-0f41ae51846fca5c' retired (steps): 256 tok in 9.1 s — prefill 59 tok (56 cached) in 57 ms; decode 255 tok / 139 passes in 9.1 s: 28.1 tok/s, 35.6 ms/tok, 65 ms/pass, 1.83 tok/pass, accept p1 84 %
2026-09-22 02:12:07.212 INFO  sched: request 'chatcmpl-0f41ae51846fca59' retired (steps): 256 tok in 9.6 s — prefill 62 tok (60 cached) in 51 ms; decode 255 tok / 146 passes in 9.6 s: 26.7 tok/s, 37.5 ms/tok, 65 ms/pass, 1.75 tok/pass, accept p1 75 %
2026-09-22 02:12:07.375 INFO  sched: request 'chatcmpl-0f41ae51846fca5a' retired (steps): 256 tok in 9.7 s — prefill 66 tok (64 cached) in 49 ms; decode 255 tok / 150 passes in 9.6 s: 26.4 tok/s, 37.8 ms/tok, 64 ms/pass, 1.70 tok/pass, accept p1 70 %
2026-09-22 02:12:07.445 INFO  sched: request 'chatcmpl-0f41ae51846fca5d' admitted to slot 0 (reserve 3 blocks; pool 32/6144 blocks in use) — first token 785
2026-09-22 02:12:11.909 INFO  sched: request 'chatcmpl-0f41ae51846fca5d' retired (steps): 256 tok in 4.5 s — prefill 62 tok (60 cached) in 53 ms; decode 255 tok / 140 passes in 4.4 s: 57.8 tok/s, 17.3 ms/tok, 32 ms/pass, 1.82 tok/pass, accept p1 82 %
2026-09-22 02:12:11.979 INFO  sched: request 'chatcmpl-0f41ae51846fca5e' admitted to slot 0 (reserve 3 blocks; pool 32/6144 blocks in use) — first token 785
2026-09-22 02:12:16.187 INFO  stats: rank 1 | 10.0 s | decode 59.6 tok/s, 16.4 ms/tok, 33.4 ms/step (294 steps / 597 tok, 98 % of wall) | mtp 1.80 tok/step/req, accept p1 80 % | prefill 2 prompts / 4 tok, 0 tok/s, 26.54 ms/tok, 53 ms avg (1 % of wall), 120 tok cached (2/2 hits) | live 1, queued 0 | pool 33/6144 blocks (1 %) | prefix cache 13/232 entries
2026-09-22 02:12:16.443 INFO  sched: request 'chatcmpl-0f41ae51846fca5e' retired (steps): 256 tok in 4.5 s — prefill 62 tok (60 cached) in 53 ms; decode 255 tok / 140 passes in 4.4 s: 57.8 tok/s, 17.3 ms/tok, 32 ms/pass, 1.82 tok/pass, accept p1 82 %
2026-09-22 02:12:18.048 INFO  journal: stop record — exiting
2026-09-22 02:12:18.092 INFO  rank 1: graph engine sampling summary — 0 sampled decode steps, 0 served by the exact gather fallback (0.0%), 112 candidates per rank
2026-09-22 02:12:19.480 INFO  rank 1: exited cleanly
