model XiaomiMiMo/MiMo-V2.6-Flash-RL
warm 0: status 200 tokens 64
== prose concurrency 1: 21:25:12.319 .. 21:25:16.178  wall 3.9 s
   req 0: status 200 finish=length tokens 256 chunks 256 ttft 228 ms  client update pace 14.14 ms/update
   aggregate wall: 256 tokens in 3.86 s = 66.33 tok/s (prefill included)
   legacy output-span aggregate: 71.00520629369912 tok/s (initial TTFT excluded; later admissions included)
   engine decode: 71.363 tok/s
== prose concurrency 1: 21:25:16.179 .. 21:25:19.861  wall 3.7 s
   req 0: status 200 finish=length tokens 256 chunks 256 ttft 77 ms  client update pace 14.14 ms/update
   aggregate wall: 256 tokens in 3.68 s = 69.52 tok/s (prefill included)
   legacy output-span aggregate: 71.02085455403387 tok/s (initial TTFT excluded; later admissions included)
   engine decode: 71.335 tok/s
== prose concurrency 1: 21:25:19.862 .. 21:25:23.547  wall 3.7 s
   req 0: status 200 finish=length tokens 256 chunks 256 ttft 77 ms  client update pace 14.14 ms/update
   aggregate wall: 256 tokens in 3.68 s = 69.48 tok/s (prefill included)
   legacy output-span aggregate: 70.97645300712738 tok/s (initial TTFT excluded; later admissions included)
   engine decode: 71.271 tok/s
== prose concurrency 2: 21:25:23.548 .. 21:25:29.279  wall 5.7 s
   req 0: status 200 finish=length tokens 256 chunks 256 ttft 227 ms  client update pace 21.09 ms/update
   req 1: status 200 finish=length tokens 256 chunks 256 ttft 454 ms  client update pace 20.69 ms/update
   aggregate wall: 512 tokens in 5.73 s = 89.34 tok/s (prefill included)
   legacy output-span aggregate: 93.03395179405284 tok/s (initial TTFT excluded; later admissions included)
   engine decode: 97.585 tok/s
== prose concurrency 2: 21:25:29.280 .. 21:25:34.709  wall 5.4 s
   req 0: status 200 finish=length tokens 256 chunks 256 ttft 76 ms  client update pace 20.50 ms/update
   req 1: status 200 finish=length tokens 256 chunks 256 ttft 152 ms  client update pace 20.69 ms/update
   aggregate wall: 512 tokens in 5.43 s = 94.30 tok/s (prefill included)
   legacy output-span aggregate: 95.64414603693675 tok/s (initial TTFT excluded; later admissions included)
   engine decode: 97.915 tok/s
== prose concurrency 2: 21:25:34.710 .. 21:25:40.137  wall 5.4 s
   req 0: status 200 finish=length tokens 256 chunks 256 ttft 76 ms  client update pace 20.48 ms/update
   req 1: status 200 finish=length tokens 256 chunks 256 ttft 152 ms  client update pace 20.68 ms/update
   aggregate wall: 512 tokens in 5.43 s = 94.34 tok/s (prefill included)
   legacy output-span aggregate: 95.70743633426763 tok/s (initial TTFT excluded; later admissions included)
   engine decode: 97.983 tok/s
== prose concurrency 4: 21:25:40.139 .. 21:25:48.618  wall 8.5 s
   req 0: status 200 finish=length tokens 256 chunks 256 ttft 231 ms  client update pace 32.14 ms/update
   req 1: status 200 finish=length tokens 256 chunks 256 ttft 941 ms  client update pace 28.86 ms/update
   req 2: status 200 finish=length tokens 256 chunks 256 ttft 459 ms  client update pace 31.45 ms/update
   req 3: status 200 finish=length tokens 256 chunks 256 ttft 687 ms  client update pace 30.55 ms/update
   aggregate wall: 1024 tokens in 8.48 s = 120.77 tok/s (prefill included)
   legacy output-span aggregate: 124.15493302246811 tok/s (initial TTFT excluded; later admissions included)
   engine decode: 136.273 tok/s
== prose concurrency 4: 21:25:48.618 .. 21:25:56.571  wall 8.0 s
   req 0: status 200 finish=length tokens 256 chunks 256 ttft 77 ms  client update pace 30.48 ms/update
   req 1: status 200 finish=length tokens 256 chunks 256 ttft 152 ms  client update pace 29.19 ms/update
   req 2: status 200 finish=length tokens 256 chunks 256 ttft 253 ms  client update pace 30.19 ms/update
   req 3: status 200 finish=length tokens 256 chunks 256 ttft 353 ms  client update pace 29.79 ms/update
   aggregate wall: 1024 tokens in 7.95 s = 128.77 tok/s (prefill included)
   legacy output-span aggregate: 130.03690675498183 tok/s (initial TTFT excluded; later admissions included)
   engine decode: 134.794 tok/s
== prose concurrency 4: 21:25:56.572 .. 21:26:04.449  wall 7.9 s
   req 0: status 200 finish=length tokens 256 chunks 256 ttft 78 ms  client update pace 30.39 ms/update
   req 1: status 200 finish=length tokens 256 chunks 256 ttft 356 ms  client update pace 28.80 ms/update
   req 2: status 200 finish=length tokens 256 chunks 256 ttft 154 ms  client update pace 30.29 ms/update
   req 3: status 200 finish=length tokens 256 chunks 256 ttft 255 ms  client update pace 29.89 ms/update
   aggregate wall: 1024 tokens in 7.88 s = 129.99 tok/s (prefill included)
   legacy output-span aggregate: 131.28907356407467 tok/s (initial TTFT excluded; later admissions included)
   engine decode: 136.251 tok/s
== code concurrency 1: 21:26:04.453 .. 21:26:08.113  wall 3.7 s
   req 0: status 200 finish=length tokens 256 chunks 256 ttft 254 ms  client update pace 13.35 ms/update
   aggregate wall: 256 tokens in 3.66 s = 69.95 tok/s (prefill included)
   legacy output-span aggregate: 75.18823012927666 tok/s (initial TTFT excluded; later admissions included)
   engine decode: 75.764 tok/s
== code concurrency 1: 21:26:08.114 .. 21:26:11.595  wall 3.5 s
   req 0: status 200 finish=length tokens 256 chunks 256 ttft 77 ms  client update pace 13.35 ms/update
   aggregate wall: 256 tokens in 3.48 s = 73.53 tok/s (prefill included)
   legacy output-span aggregate: 75.20796128677884 tok/s (initial TTFT excluded; later admissions included)
   engine decode: 75.679 tok/s
== code concurrency 1: 21:26:11.596 .. 21:26:15.079  wall 3.5 s
   req 0: status 200 finish=length tokens 256 chunks 256 ttft 77 ms  client update pace 13.36 ms/update
   aggregate wall: 256 tokens in 3.48 s = 73.50 tok/s (prefill included)
   legacy output-span aggregate: 75.16713674238976 tok/s (initial TTFT excluded; later admissions included)
   engine decode: 75.760 tok/s
== code concurrency 2: 21:26:15.083 .. 21:26:20.580  wall 5.5 s
   req 0: status 200 finish=length tokens 256 chunks 256 ttft 509 ms  client update pace 19.55 ms/update
   req 1: status 200 finish=length tokens 256 chunks 256 ttft 255 ms  client update pace 20.45 ms/update
   aggregate wall: 512 tokens in 5.50 s = 93.16 tok/s (prefill included)
   legacy output-span aggregate: 97.69985621626566 tok/s (initial TTFT excluded; later admissions included)
   engine decode: 103.718 tok/s
== code concurrency 2: 21:26:20.580 .. 21:26:25.732  wall 5.2 s
   req 0: status 200 finish=length tokens 256 chunks 256 ttft 152 ms  client update pace 19.50 ms/update
   req 1: status 200 finish=length tokens 256 chunks 256 ttft 76 ms  client update pace 19.70 ms/update
   aggregate wall: 512 tokens in 5.15 s = 99.39 tok/s (prefill included)
   legacy output-span aggregate: 101.40017438610191 tok/s (initial TTFT excluded; later admissions included)
   engine decode: 103.576 tok/s
== code concurrency 2: 21:26:25.733 .. 21:26:30.883  wall 5.2 s
   req 0: status 200 finish=length tokens 256 chunks 256 ttft 76 ms  client update pace 19.79 ms/update
   req 1: status 200 finish=length tokens 256 chunks 256 ttft 152 ms  client update pace 19.60 ms/update
   aggregate wall: 512 tokens in 5.15 s = 99.41 tok/s (prefill included)
   legacy output-span aggregate: 100.91892205424514 tok/s (initial TTFT excluded; later admissions included)
   engine decode: 103.465 tok/s
== code concurrency 4: 21:26:30.888 .. 21:26:39.097  wall 8.2 s
   req 0: status 200 finish=length tokens 256 chunks 256 ttft 256 ms  client update pace 30.38 ms/update
   req 1: status 200 finish=length tokens 256 chunks 256 ttft 966 ms  client update pace 28.40 ms/update
   req 2: status 200 finish=length tokens 256 chunks 256 ttft 484 ms  client update pace 30.09 ms/update
   req 3: status 200 finish=length tokens 256 chunks 256 ttft 713 ms  client update pace 28.59 ms/update
   aggregate wall: 1024 tokens in 8.21 s = 124.75 tok/s (prefill included)
   legacy output-span aggregate: 128.77825784658006 tok/s (initial TTFT excluded; later admissions included)
   engine decode: 141.818 tok/s
== code concurrency 4: 21:26:39.097 .. 21:26:46.731  wall 7.6 s
   req 0: status 200 finish=length tokens 256 chunks 256 ttft 154 ms  client update pace 28.63 ms/update
   req 1: status 200 finish=length tokens 256 chunks 256 ttft 256 ms  client update pace 28.83 ms/update
   req 2: status 200 finish=length tokens 256 chunks 256 ttft 358 ms  client update pace 28.53 ms/update
   req 3: status 200 finish=length tokens 256 chunks 256 ttft 78 ms  client update pace 28.32 ms/update
   aggregate wall: 1024 tokens in 7.63 s = 134.14 tok/s (prefill included)
   legacy output-span aggregate: 135.53404336161856 tok/s (initial TTFT excluded; later admissions included)
   engine decode: 141.126 tok/s
== code concurrency 4: 21:26:46.732 .. 21:26:54.306  wall 7.6 s
   req 0: status 200 finish=length tokens 256 chunks 256 ttft 77 ms  client update pace 28.60 ms/update
   req 1: status 200 finish=length tokens 256 chunks 256 ttft 152 ms  client update pace 28.90 ms/update
   req 2: status 200 finish=length tokens 256 chunks 256 ttft 354 ms  client update pace 28.31 ms/update
   req 3: status 200 finish=length tokens 256 chunks 256 ttft 253 ms  client update pace 27.91 ms/update
   aggregate wall: 1024 tokens in 7.57 s = 135.19 tok/s (prefill included)
   legacy output-span aggregate: 136.58380321587785 tok/s (initial TTFT excluded; later admissions included)
   engine decode: 142.212 tok/s
== json concurrency 1: 21:26:54.313 .. 21:26:57.799  wall 3.5 s
   req 0: status 200 finish=length tokens 256 chunks 256 ttft 253 ms  client update pace 12.68 ms/update
   aggregate wall: 256 tokens in 3.49 s = 73.44 tok/s (prefill included)
   legacy output-span aggregate: 79.19387289654972 tok/s (initial TTFT excluded; later admissions included)
   engine decode: 79.474 tok/s
== json concurrency 1: 21:26:57.799 .. 21:27:01.123  wall 3.3 s
   req 0: status 200 finish=length tokens 256 chunks 256 ttft 77 ms  client update pace 12.73 ms/update
   aggregate wall: 256 tokens in 3.32 s = 77.03 tok/s (prefill included)
   legacy output-span aggregate: 78.8871060437329 tok/s (initial TTFT excluded; later admissions included)
   engine decode: 79.479 tok/s
== json concurrency 1: 21:27:01.124 .. 21:27:04.428  wall 3.3 s
   req 0: status 200 finish=length tokens 256 chunks 256 ttft 78 ms  client update pace 12.65 ms/update
   aggregate wall: 256 tokens in 3.30 s = 77.47 tok/s (prefill included)
   legacy output-span aggregate: 79.35267775405724 tok/s (initial TTFT excluded; later admissions included)
   engine decode: 79.419 tok/s
== json concurrency 2: 21:27:04.436 .. 21:27:09.499  wall 5.1 s
   req 0: status 200 finish=length tokens 256 chunks 256 ttft 509 ms  client update pace 17.86 ms/update
   req 1: status 200 finish=length tokens 256 chunks 256 ttft 255 ms  client update pace 18.65 ms/update
   aggregate wall: 512 tokens in 5.06 s = 101.11 tok/s (prefill included)
   legacy output-span aggregate: 106.48528351794006 tok/s (initial TTFT excluded; later admissions included)
   engine decode: 112.909 tok/s
== json concurrency 2: 21:27:09.500 .. 21:27:14.174  wall 4.7 s
   req 0: status 200 finish=length tokens 256 chunks 256 ttft 77 ms  client update pace 18.03 ms/update
   req 1: status 200 finish=length tokens 256 chunks 256 ttft 152 ms  client update pace 17.73 ms/update
   aggregate wall: 512 tokens in 4.67 s = 109.54 tok/s (prefill included)
   legacy output-span aggregate: 111.37500078501705 tok/s (initial TTFT excluded; later admissions included)
   engine decode: 114.091 tok/s
== json concurrency 2: 21:27:14.175 .. 21:27:18.821  wall 4.6 s
   req 0: status 200 finish=length tokens 256 chunks 256 ttft 77 ms  client update pace 17.91 ms/update
   req 1: status 200 finish=length tokens 256 chunks 256 ttft 155 ms  client update pace 17.61 ms/update
   aggregate wall: 512 tokens in 4.65 s = 110.19 tok/s (prefill included)
   legacy output-span aggregate: 112.0734192607362 tok/s (initial TTFT excluded; later admissions included)
   engine decode: 114.296 tok/s
== json concurrency 4: 21:27:18.830 .. 21:27:26.814  wall 8.0 s
   req 0: status 200 finish=length tokens 256 chunks 256 ttft 257 ms  client update pace 29.40 ms/update
   req 1: status 200 finish=length tokens 256 chunks 256 ttft 488 ms  client update pace 28.29 ms/update
   req 2: status 200 finish=length tokens 256 chunks 256 ttft 745 ms  client update pace 27.49 ms/update
   req 3: status 200 finish=length tokens 256 chunks 256 ttft 974 ms  client update pace 27.48 ms/update
   aggregate wall: 1024 tokens in 7.98 s = 128.26 tok/s (prefill included)
   legacy output-span aggregate: 132.54351167246978 tok/s (initial TTFT excluded; later admissions included)
   engine decode: 146.178 tok/s
== json concurrency 4: 21:27:26.815 .. 21:27:34.121  wall 7.3 s
   req 0: status 200 finish=length tokens 256 chunks 256 ttft 78 ms  client update pace 27.54 ms/update
   req 1: status 200 finish=length tokens 256 chunks 256 ttft 256 ms  client update pace 26.84 ms/update
   req 2: status 200 finish=length tokens 256 chunks 256 ttft 358 ms  client update pace 26.64 ms/update
   req 3: status 200 finish=length tokens 256 chunks 256 ttft 154 ms  client update pace 28.04 ms/update
   aggregate wall: 1024 tokens in 7.31 s = 140.16 tok/s (prefill included)
   legacy output-span aggregate: 141.67054827240128 tok/s (initial TTFT excluded; later admissions included)
   engine decode: 146.906 tok/s
== json concurrency 4: 21:27:34.122 .. 21:27:41.450  wall 7.3 s
   req 0: status 200 finish=length tokens 256 chunks 256 ttft 78 ms  client update pace 27.63 ms/update
   req 1: status 200 finish=length tokens 256 chunks 256 ttft 254 ms  client update pace 26.94 ms/update
   req 2: status 200 finish=length tokens 256 chunks 256 ttft 355 ms  client update pace 26.75 ms/update
   req 3: status 200 finish=length tokens 256 chunks 256 ttft 153 ms  client update pace 28.13 ms/update
   aggregate wall: 1024 tokens in 7.33 s = 139.74 tok/s (prefill included)
   legacy output-span aggregate: 141.2441502285766 tok/s (initial TTFT excluded; later admissions included)
   engine decode: 146.510 tok/s
== math concurrency 1: 21:27:41.460 .. 21:27:45.052  wall 3.6 s
   req 0: status 200 finish=length tokens 256 chunks 256 ttft 281 ms  client update pace 12.98 ms/update
   aggregate wall: 256 tokens in 3.59 s = 71.26 tok/s (prefill included)
   legacy output-span aggregate: 77.32285868529347 tok/s (initial TTFT excluded; later admissions included)
   engine decode: 77.817 tok/s
== math concurrency 1: 21:27:45.053 .. 21:27:48.454  wall 3.4 s
   req 0: status 200 finish=length tokens 256 chunks 256 ttft 77 ms  client update pace 13.03 ms/update
   aggregate wall: 256 tokens in 3.40 s = 75.28 tok/s (prefill included)
   legacy output-span aggregate: 77.04584468448054 tok/s (initial TTFT excluded; later admissions included)
   engine decode: 77.779 tok/s
== math concurrency 1: 21:27:48.455 .. 21:27:51.840  wall 3.4 s
   req 0: status 200 finish=length tokens 256 chunks 256 ttft 77 ms  client update pace 12.97 ms/update
   aggregate wall: 256 tokens in 3.39 s = 75.62 tok/s (prefill included)
   legacy output-span aggregate: 77.38534263844065 tok/s (initial TTFT excluded; later admissions included)
   engine decode: 77.751 tok/s
== math concurrency 2: 21:27:51.851 .. 21:27:57.017  wall 5.2 s
   req 0: status 200 finish=length tokens 256 chunks 256 ttft 560 ms  client update pace 18.06 ms/update
   req 1: status 200 finish=length tokens 256 chunks 256 ttft 255 ms  client update pace 19.26 ms/update
   aggregate wall: 512 tokens in 5.17 s = 99.10 tok/s (prefill included)
   legacy output-span aggregate: 104.26385251176771 tok/s (initial TTFT excluded; later admissions included)
   engine decode: 111.380 tok/s
== math concurrency 2: 21:27:57.018 .. 21:28:01.818  wall 4.8 s
   req 0: status 200 finish=length tokens 256 chunks 256 ttft 76 ms  client update pace 18.32 ms/update
   req 1: status 200 finish=length tokens 256 chunks 256 ttft 152 ms  client update pace 18.23 ms/update
   aggregate wall: 512 tokens in 4.80 s = 106.66 tok/s (prefill included)
   legacy output-span aggregate: 108.39261799568493 tok/s (initial TTFT excluded; later admissions included)
   engine decode: 110.617 tok/s
== math concurrency 2: 21:28:01.819 .. 21:28:06.612  wall 4.8 s
   req 0: status 200 finish=length tokens 256 chunks 256 ttft 78 ms  client update pace 18.28 ms/update
   req 1: status 200 finish=length tokens 256 chunks 256 ttft 155 ms  client update pace 18.18 ms/update
   aggregate wall: 512 tokens in 4.79 s = 106.82 tok/s (prefill included)
   legacy output-span aggregate: 108.60235213831926 tok/s (initial TTFT excluded; later admissions included)
   engine decode: 110.728 tok/s
== math concurrency 4: 21:28:06.632 .. 21:28:14.861  wall 8.2 s
   req 0: status 200 finish=length tokens 256 chunks 256 ttft 256 ms  client update pace 29.95 ms/update
   req 1: status 200 finish=length tokens 256 chunks 256 ttft 512 ms  client update pace 29.55 ms/update
   req 2: status 200 finish=length tokens 256 chunks 256 ttft 999 ms  client update pace 28.25 ms/update
   req 3: status 200 finish=length tokens 256 chunks 256 ttft 769 ms  client update pace 29.25 ms/update
   aggregate wall: 1024 tokens in 8.23 s = 124.43 tok/s (prefill included)
   legacy output-span aggregate: 128.43130426729812 tok/s (initial TTFT excluded; later admissions included)
   engine decode: 141.680 tok/s
== math concurrency 4: 21:28:14.862 .. 21:28:22.461  wall 7.6 s
   req 0: status 200 finish=length tokens 256 chunks 256 ttft 78 ms  client update pace 28.18 ms/update
   req 1: status 200 finish=length tokens 256 chunks 256 ttft 257 ms  client update pace 28.38 ms/update
   req 2: status 200 finish=length tokens 256 chunks 256 ttft 154 ms  client update pace 28.78 ms/update
   req 3: status 200 finish=length tokens 256 chunks 256 ttft 359 ms  client update pace 28.39 ms/update
   aggregate wall: 1024 tokens in 7.60 s = 134.76 tok/s (prefill included)
   legacy output-span aggregate: 136.17093314997229 tok/s (initial TTFT excluded; later admissions included)
   engine decode: 141.333 tok/s
== math concurrency 4: 21:28:22.462 .. 21:28:30.059  wall 7.6 s
   req 0: status 200 finish=length tokens 256 chunks 256 ttft 78 ms  client update pace 28.09 ms/update
   req 1: status 200 finish=length tokens 256 chunks 256 ttft 154 ms  client update pace 28.39 ms/update
   req 2: status 200 finish=length tokens 256 chunks 256 ttft 256 ms  client update pace 28.39 ms/update
   req 3: status 200 finish=length tokens 256 chunks 256 ttft 357 ms  client update pace 28.29 ms/update
   aggregate wall: 1024 tokens in 7.60 s = 134.78 tok/s (prefill included)
   legacy output-span aggregate: 136.65932625285336 tok/s (initial TTFT excluded; later admissions included)
   engine decode: 141.564 tok/s
== chat concurrency 1: 21:28:30.082 .. 21:28:33.989  wall 3.9 s
   req 0: status 200 finish=length tokens 256 chunks 256 ttft 257 ms  client update pace 14.31 ms/update
   aggregate wall: 256 tokens in 3.91 s = 65.53 tok/s (prefill included)
   legacy output-span aggregate: 70.15481811845606 tok/s (initial TTFT excluded; later admissions included)
   engine decode: 70.419 tok/s
== chat concurrency 1: 21:28:33.990 .. 21:28:37.718  wall 3.7 s
   req 0: status 200 finish=length tokens 256 chunks 256 ttft 78 ms  client update pace 14.31 ms/update
   aggregate wall: 256 tokens in 3.73 s = 68.67 tok/s (prefill included)
   legacy output-span aggregate: 70.14315567037865 tok/s (initial TTFT excluded; later admissions included)
   engine decode: 70.438 tok/s
== chat concurrency 1: 21:28:37.719 .. 21:28:41.455  wall 3.7 s
   req 0: status 200 finish=length tokens 256 chunks 256 ttft 78 ms  client update pace 14.35 ms/update
   aggregate wall: 256 tokens in 3.74 s = 68.51 tok/s (prefill included)
   legacy output-span aggregate: 69.97419566846116 tok/s (initial TTFT excluded; later admissions included)
   engine decode: 70.557 tok/s
== chat concurrency 2: 21:28:41.479 .. 21:28:47.176  wall 5.7 s
   req 0: status 200 finish=length tokens 256 chunks 256 ttft 256 ms  client update pace 21.33 ms/update
   req 1: status 200 finish=length tokens 256 chunks 256 ttft 510 ms  client update pace 19.64 ms/update
   aggregate wall: 512 tokens in 5.70 s = 89.87 tok/s (prefill included)
   legacy output-span aggregate: 94.11374419253784 tok/s (initial TTFT excluded; later admissions included)
   engine decode: 98.730 tok/s
== chat concurrency 2: 21:28:47.177 .. 21:28:52.546  wall 5.4 s
   req 0: status 200 finish=length tokens 256 chunks 256 ttft 77 ms  client update pace 20.75 ms/update
   req 1: status 200 finish=length tokens 256 chunks 256 ttft 152 ms  client update pace 19.75 ms/update
   aggregate wall: 512 tokens in 5.37 s = 95.37 tok/s (prefill included)
   legacy output-span aggregate: 96.7608651968514 tok/s (initial TTFT excluded; later admissions included)
   engine decode: 98.475 tok/s
== chat concurrency 2: 21:28:52.547 .. 21:28:57.925  wall 5.4 s
   req 0: status 200 finish=length tokens 256 chunks 256 ttft 77 ms  client update pace 20.69 ms/update
   req 1: status 200 finish=length tokens 256 chunks 256 ttft 153 ms  client update pace 19.69 ms/update
   aggregate wall: 512 tokens in 5.38 s = 95.20 tok/s (prefill included)
   legacy output-span aggregate: 97.06097827961112 tok/s (initial TTFT excluded; later admissions included)
   engine decode: 98.612 tok/s
== chat concurrency 4: 21:28:57.950 .. 21:29:06.602  wall 8.7 s
   req 0: status 200 finish=length tokens 256 chunks 256 ttft 968 ms  client update pace 29.73 ms/update
   req 1: status 200 finish=length tokens 256 chunks 256 ttft 230 ms  client update pace 32.13 ms/update
   req 2: status 200 finish=length tokens 256 chunks 256 ttft 687 ms  client update pace 30.83 ms/update
   req 3: status 200 finish=length tokens 256 chunks 256 ttft 457 ms  client update pace 32.13 ms/update
   aggregate wall: 1024 tokens in 8.65 s = 118.35 tok/s (prefill included)
   legacy output-span aggregate: 121.59324709880197 tok/s (initial TTFT excluded; later admissions included)
   engine decode: 132.939 tok/s
== chat concurrency 4: 21:29:06.603 .. 21:29:14.703  wall 8.1 s
   req 0: status 200 finish=length tokens 256 chunks 256 ttft 78 ms  client update pace 30.25 ms/update
   req 1: status 200 finish=length tokens 256 chunks 256 ttft 254 ms  client update pace 30.16 ms/update
   req 2: status 200 finish=length tokens 256 chunks 256 ttft 153 ms  client update pace 30.35 ms/update
   req 3: status 200 finish=length tokens 256 chunks 256 ttft 355 ms  client update pace 30.37 ms/update
   aggregate wall: 1024 tokens in 8.10 s = 126.42 tok/s (prefill included)
   legacy output-span aggregate: 127.65484736648555 tok/s (initial TTFT excluded; later admissions included)
   engine decode: 131.986 tok/s
== chat concurrency 4: 21:29:14.704 .. 21:29:22.794  wall 8.1 s
   req 0: status 200 finish=length tokens 256 chunks 256 ttft 78 ms  client update pace 30.22 ms/update
   req 1: status 200 finish=length tokens 256 chunks 256 ttft 355 ms  client update pace 29.93 ms/update
   req 2: status 200 finish=length tokens 256 chunks 256 ttft 153 ms  client update pace 30.32 ms/update
   req 3: status 200 finish=length tokens 256 chunks 256 ttft 254 ms  client update pace 30.73 ms/update
   aggregate wall: 1024 tokens in 8.09 s = 126.57 tok/s (prefill included)
   legacy output-span aggregate: 127.81078346827039 tok/s (initial TTFT excluded; later admissions included)
   engine decode: 132.090 tok/s
== per-class wall aggregate tokens/s (prefill included), greedy, max_tokens 256
| class | c=1 | c=2 | c=4 |
|---|---|---|---|
| prose | 69.5 | 94.3 | 128.8 |
| code | 73.5 | 99.4 | 134.1 |
| json | 77.0 | 109.5 | 139.7 |
| math | 75.3 | 106.7 | 134.8 |
| chat | 68.5 | 95.2 | 126.4 |
