2026-09-22 13:33:04.321 INFO  dgpp-serve 0.1.0+ga3ed8994a34c (git a3ed8994a34c)
2026-09-22 13:33:04.322 INFO  config /tmp/bus4/deployments/2f9b4051f3e6da7a/cluster.json: model HawkBearPig/GLM-5.3-Int4-Int8Mix-RTN-g64, world 4, rank 2, http :18080, fabric :29970, journal :29971
2026-09-22 13:33:04.322 INFO  model HawkBearPig/GLM-5.3-Int4-Int8Mix-RTN-g64 -> /home/stephen/.cache/huggingface/hub/models--HawkBearPig--GLM-5.3-Int4-Int8Mix-RTN-g64/snapshots/147684fbad20c1e283ddff46fd07cb9d4ccbb3da
2026-09-22 13:33:04.322 INFO  journal: connected to rank 0 at 192.168.88.11:29971 (120000 attempt window)
2026-09-22 13:33:04.323 INFO  rank 2: settings from rank 0: model=HawkBearPig/GLM-5.3-Int4-Int8Mix-RTN-g64 world=4 fabric=29970 journal=29971 conc=8 kv=212992 kvdt=fp8 ngt=resident dw=checkpoint bfw=bf12 fp8head=gemv pf=bounded emsh=vocab maxtok=256 queue=8 eos=1 graph=1 compact=0 mtp=0 mtpd=1 mss=0 msrow=8 msbase=28 mslam=0 msmin=1 msad=1 batchmin=2 cand=128 pcgib=1.5 adm=full win=256 pfbudget=0 pfidle=0 pace=-1 inflight=-1 reasoning_in_content=0 rs=off
2026-09-22 13:33:04.323 INFO  config: model=HawkBearPig/GLM-5.3-Int4-Int8Mix-RTN-g64 world=4 fabric=29970 journal=29971 conc=8 kv=212992 kvdt=fp8 ngt=resident dw=checkpoint bfw=bf12 fp8head=gemv pf=bounded emsh=vocab maxtok=256 queue=8 eos=1 graph=1 compact=0 mtp=0 mtpd=1 mss=0 msrow=8 msbase=28 mslam=0 msmin=1 msad=1 batchmin=2 cand=128 pcgib=1.5 adm=full win=256 pfbudget=0 pfidle=0 pace=-1 inflight=-1 reasoning_in_content=0 rs=off (digest f183e305891ba67b)
2026-09-22 13:33:04.450 INFO  serve: model family glm_moe_dsa (/home/stephen/.cache/huggingface/hub/models--HawkBearPig--GLM-5.3-Int4-Int8Mix-RTN-g64/snapshots/147684fbad20c1e283ddff46fd07cb9d4ccbb3da)
2026-09-22 13:33:04.450 INFO  serve: decode rows 8 (8 slot(s) x 1 row(s) per request, floor 8, the glm_moe_dsa family's cap 16)
2026-09-22 13:33:04.461 WARN  generation config /home/stephen/.cache/huggingface/hub/models--HawkBearPig--GLM-5.3-Int4-Int8Mix-RTN-g64/snapshots/147684fbad20c1e283ddff46fd07cb9d4ccbb3da/generation_config.json omits top_k, min_p, repetition_penalty; using greedy-safe/neutral fallbacks for those fields
2026-09-22 13:33:04.461 INFO  generation defaults: temperature=1 top_p=0.95 top_k=0 min_p=0 repetition_penalty=1
2026-09-22 13:33:04.461 INFO  serve: sampling defaults temperature 1 top_p 0.95 top_k 0 min_p 0 repetition_penalty 1 (from generation_config.json; overrides: none)
2026-09-22 13:33:04.461 INFO  serve: request context limit 212992 tokens (the 212992-token K/V pool from engine.kv_capacity 212992; this family states no positional ceiling of its own)
2026-09-22 13:33:04.461 INFO  rank 2: prefix cache plan — 1.5 GiB budget, 4096 slots of 0.000 MiB, 0.000 GiB allocated; cached K/V blocks share the 212992-token pool
2026-09-22 13:33:04.633 INFO  tokenizer: loaded vocab 154820 merges 321649 added 36 (revision 0x700b4469fc43f23b; glm pattern, no normalizer, ignore_merges true)
2026-09-22 13:33:04.642 INFO  serve: grammar vocabulary built (154880 ids, tool markers present, call-turn EOS 154829)
2026-09-22 13:33:04.745 INFO  serve: JSON grammar tables built in 0.10 s
2026-09-22 13:33:04.970 INFO  bus: globaltimer offset 18374412008 ns (+-2 us)
2026-09-22 13:33:04.975 INFO  verbs: device roceP2p1s0f0 port 1 gid_index 3
2026-09-22 13:33:04.979 INFO  verbs: device rocep1s0f0 port 1 gid_index 3
2026-09-22 13:33:05.573 INFO  bus: rank 2 up — 3 peer(s) x 2 lane(s), lat 8x98304B, bulk 8x262144B, bulk pace 28.3 Gb/s per QP, window 4 per lane
2026-09-22 13:33:05.573 INFO  rank 2: boundary reducer host-driven
2026-09-22 13:33:05.698 INFO  rank 2: process memory locked (mlockall MCL_CURRENT, 14513 MiB)
2026-09-22 13:33:05.698 INFO  rank 2: resident image cache at /home/stephen/.cache/dgpp/resident
2026-09-22 13:33:05.699 INFO  bus engine: rank 2 pinned to cpu 19
2026-09-22 13:33:05.831 INFO  rank 2: memory plan for a 212992-token context — model weights (resident, packed bf16 matrices released) 95.10 GiB; bf16 decode packing (12-bit companions) 1.08 GiB; bf16 prefill expansion scratch 0.05 GiB; gemm workspace (at least) 0.06 GiB; dsa cache pool (latent fp8 + rope keys on every layer, fp8 index caches on the indexed layers) 10.51 GiB; dsa scratch (projections, selection, attention, the prefill dot tiles) 0.24 GiB; rotary table (bf16 cos/sin per position) 0.03 GiB; activations (session core, residual, block io, dense scratch, route staging) 0.43 GiB (0.01 GiB pinned); moe scratch (routed slots, shared expert, graph tables) 0.75 GiB (0.01 GiB pinned); prefix cache 0.00 GiB; engine 0.07 GiB
2026-09-22 13:33:05.831 INFO  rank 2: memory plan total 108.33 GiB (108.24 GiB device + 0.09 GiB pinned) + 4.00 GiB headroom against 116.84 GiB free (device free 107.52 GiB of 121.69 GiB, host available 116.84 GiB)
2026-09-22 13:33:05.831 INFO  memory ledger: rank 2 after the plan check — rss 1.15 GiB (anon 0.41, shmem 0.09, file 0.64; locked 14.17); device free 107.52 GiB, node available 116.84 GiB
2026-09-22 13:33:05.831 INFO  memory ledger: rank 2 after the bus — rss 1.15 GiB (anon 0.41, shmem 0.09, file 0.64; locked 14.17); device free 107.52 GiB, node available 116.84 GiB
2026-09-22 13:33:06.363 INFO  glm_dsa loader: rank 2 resident footprint 96.5 GiB; device free 107.4 of 121.7 GiB, host available 116.7 GiB
2026-09-22 13:33:07.261 INFO  glm_dsa loader: rank 2 resident image /home/stephen/.cache/dgpp/resident/a4f128845248d27f.img — 79/79 layers present, direct I/O
2026-09-22 13:33:07.276 INFO  l2 prefetch: on, window budget 12 MiB, boundary rate light, layer rate light
2026-09-22 13:33:07.276 INFO  memory ledger: glm_dsa: loader opened — rss 2.71 GiB (anon 0.48, shmem 1.56, file 0.67; locked 14.17); device free 105.49 GiB, node available 114.81 GiB
2026-09-22 13:33:08.243 INFO  memory ledger: glm_dsa: globals resident — rss 3.60 GiB (anon 0.48, shmem 1.56, file 1.55; locked 14.17); device free 104.15 GiB, node available 114.35 GiB
2026-09-22 13:33:22.682 INFO  rank 2 bf12: 82 decode matrices packed (1.40 GiB of bf16 -> 1.06 GiB, 137395 escapes, widest row 12, 0 rows kept raw; 0 matrices kept bf16) in 0.7 s
2026-09-22 13:33:22.682 INFO  rank 2 bf12: 82 of them released their bf16 bytes (1.45 GiB returned; prefill expands through a 48 MiB scratch)
2026-09-22 13:33:23.024 INFO  glm_dsa loader: rank 2 resident load complete — released 79 shard mappings (398.1 GiB) and evicted their page cache, freed the 1.46 GiB pinned staging mirror; image: 78 layers restored, 0 captured
2026-09-22 13:33:23.071 INFO  memory ledger: glm_dsa: layers resident, sources released — rss 1.21 GiB (anon 0.47, shmem 0.09, file 0.64; locked 14.16); device free 9.64 GiB, node available 18.93 GiB
2026-09-22 13:33:23.660 INFO  memory ledger: glm_dsa: arena, pool and scratch — rss 1.22 GiB (anon 0.47, shmem 0.10, file 0.64; locked 14.16); device free 1.52 GiB, node available 7.79 GiB
2026-09-22 13:33:23.738 INFO  memory ledger: rank 2 after the model — rss 1.22 GiB (anon 0.47, shmem 0.11, file 0.64; locked 14.16); device free 1.38 GiB, node available 7.65 GiB
2026-09-22 13:33:23.738 INFO  rank 2: model constructed in 17.9s (resident, 8 request slots, 212992-token pool in fp8, 2048-row forwards)
2026-09-22 13:33:23.738 INFO  rank 2: prefix cache on — 4096 snapshot slot(s) of 0.0 MiB (1.50 GiB asked)
2026-09-22 13:33:23.740 INFO  rank 2: graph engine samples on the device — 128 candidates per rank (8 rows x 4 ranks in a 98304-byte latency slot; the planned width is 128); constrained decoding available
2026-09-22 13:33:33.445 INFO  memory ledger: rank 2 after the graph engine — rss 1.23 GiB (anon 0.47, shmem 0.11, file 0.64; locked 14.16); device free 1.36 GiB, node available 7.63 GiB
2026-09-22 13:33:33.449 INFO  allreduce: device clock rate 2418000 kHz (stamps conversion)
2026-09-22 13:33:33.449 INFO  allreduce: rank 2 seq 1 launched (3 peers)
2026-09-22 13:33:33.449 INFO  allreduce: rank 2 seq 1 ready after 56.0us
2026-09-22 13:33:33.449 INFO  allreduce: rank 2 seq 1 done status=0 after 405.0us
2026-09-22 13:33:33.764 INFO  allreduce: rank 2 seq 2 launched (3 peers)
2026-09-22 13:33:33.764 INFO  allreduce: rank 2 seq 2 ready after 28.5us
2026-09-22 13:33:33.764 INFO  allreduce: rank 2 seq 2 done status=0 after 77.9us
2026-09-22 13:33:33.765 INFO  allreduce: rank 2 seq 3 launched (3 peers)
2026-09-22 13:33:33.766 INFO  allreduce: rank 2 seq 3 ready after 729.0us
2026-09-22 13:33:33.766 INFO  allreduce: rank 2 seq 3 done status=0 after 739.5us
2026-09-22 13:33:33.767 INFO  allreduce: rank 2 seq 4 launched (3 peers)
2026-09-22 13:33:33.767 INFO  allreduce: rank 2 seq 4 ready after 23.0us
2026-09-22 13:33:33.767 INFO  allreduce: rank 2 seq 4 done status=0 after 129.8us
2026-09-22 13:33:33.767 INFO  allreduce: rank 2 seq 5 launched (3 peers)
2026-09-22 13:33:33.767 INFO  allreduce: rank 2 seq 5 ready after 22.5us
2026-09-22 13:33:33.767 INFO  allreduce: rank 2 seq 5 done status=0 after 68.0us
2026-09-22 13:33:33.768 INFO  allreduce: rank 2 seq 6 launched (3 peers)
2026-09-22 13:33:33.768 INFO  allreduce: rank 2 seq 6 ready after 22.4us
2026-09-22 13:33:33.768 INFO  allreduce: rank 2 seq 6 done status=0 after 84.5us
2026-09-22 13:33:33.769 INFO  allreduce: rank 2 seq 7 launched (3 peers)
2026-09-22 13:33:33.769 INFO  allreduce: rank 2 seq 7 ready after 21.0us
2026-09-22 13:33:33.769 INFO  allreduce: rank 2 seq 7 done status=0 after 93.8us
2026-09-22 13:33:33.833 INFO  allreduce: rank 2 seq 8 launched (3 peers)
2026-09-22 13:33:33.833 INFO  allreduce: rank 2 seq 8 ready after 27.9us
2026-09-22 13:33:33.876 INFO  allreduce: rank 2 seq 8 done status=0 after 43422.9us
2026-09-22 13:33:33.911 INFO  allreduce: rank 2 seq 9 launched (3 peers)
2026-09-22 13:33:33.911 INFO  allreduce: rank 2 seq 9 ready after 19.7us
2026-09-22 13:33:33.912 INFO  allreduce: rank 2 seq 9 done status=0 after 1235.4us
2026-09-22 13:33:33.913 INFO  allreduce: rank 2 seq 10 launched (3 peers)
2026-09-22 13:33:33.913 INFO  allreduce: rank 2 seq 10 ready after 22.0us
2026-09-22 13:33:33.913 INFO  allreduce: rank 2 seq 10 done status=0 after 71.5us
2026-09-22 13:33:33.913 INFO  allreduce: rank 2 seq 11 launched (3 peers)
2026-09-22 13:33:33.913 INFO  allreduce: rank 2 seq 11 ready after 20.0us
2026-09-22 13:33:33.913 INFO  allreduce: rank 2 seq 11 done status=0 after 75.6us
2026-09-22 13:33:33.914 INFO  allreduce: rank 2 seq 12 launched (3 peers)
2026-09-22 13:33:33.914 INFO  allreduce: rank 2 seq 12 ready after 24.0us
2026-09-22 13:33:33.914 INFO  allreduce: rank 2 seq 12 done status=0 after 84.6us
2026-09-22 13:33:33.915 INFO  allreduce: rank 2 seq 13 launched (3 peers)
2026-09-22 13:33:33.915 INFO  allreduce: rank 2 seq 13 ready after 22.3us
2026-09-22 13:33:33.915 INFO  allreduce: rank 2 seq 13 done status=0 after 85.7us
2026-09-22 13:33:33.915 INFO  allreduce: rank 2 seq 14 launched (3 peers)
2026-09-22 13:33:33.915 INFO  allreduce: rank 2 seq 14 ready after 21.9us
2026-09-22 13:33:33.915 INFO  allreduce: rank 2 seq 14 done status=0 after 71.5us
2026-09-22 13:33:33.916 INFO  allreduce: rank 2 seq 15 launched (3 peers)
2026-09-22 13:33:33.916 INFO  allreduce: rank 2 seq 15 ready after 22.9us
2026-09-22 13:33:33.916 INFO  allreduce: rank 2 seq 15 done status=0 after 98.4us
2026-09-22 13:33:33.916 INFO  allreduce: rank 2 seq 16 launched (3 peers)
2026-09-22 13:33:33.916 INFO  allreduce: rank 2 seq 16 ready after 17.4us
2026-09-22 13:33:33.917 INFO  allreduce: rank 2 seq 16 done status=0 after 195.6us
2026-09-22 13:33:34.023 INFO  bus graph era: variant 0 recorded with 158 collective node(s)
2026-09-22 13:33:34.023 INFO  rank 2: graph variant 0 shape: 2359 nodes, 2592 edges: kernel 2359 empty 0 memcpy 0 memset 0 host 0 event 0 other 0; max in-degree 2
2026-09-22 13:33:34.039 INFO  rank 2: graph variant 0 instantiated — 91.4 MiB of device memory (1.0 GiB free)
2026-09-22 13:33:34.041 INFO  bus graph era: variant 1 recorded with 158 collective node(s)
2026-09-22 13:33:34.041 INFO  rank 2: graph variant 1 shape: 2359 nodes, 2592 edges: kernel 2359 empty 0 memcpy 0 memset 0 host 0 event 0 other 0; max in-degree 2
2026-09-22 13:33:34.046 INFO  rank 2: graph variant 1 instantiated — 15.8 MiB of device memory (1.0 GiB free)
2026-09-22 13:33:34.046 INFO  rank 2: serving scalar graph variants 0/1 captured for request slot 0 (1 rows)
2026-09-22 13:33:34.049 INFO  bus graph era: variant 16 recorded with 158 collective node(s)
2026-09-22 13:33:34.049 INFO  rank 2: graph variant 16 shape: 2435 nodes, 2668 edges: kernel 2435 empty 0 memcpy 0 memset 0 host 0 event 0 other 0; max in-degree 2
2026-09-22 13:33:34.054 INFO  rank 2: graph variant 16 instantiated — 17.8 MiB of device memory (1.0 GiB free)
2026-09-22 13:33:34.056 INFO  bus graph era: variant 17 recorded with 158 collective node(s)
2026-09-22 13:33:34.056 INFO  rank 2: graph variant 17 shape: 2435 nodes, 2668 edges: kernel 2435 empty 0 memcpy 0 memset 0 host 0 event 0 other 0; max in-degree 2
2026-09-22 13:33:34.062 INFO  rank 2: graph variant 17 instantiated — 22.8 MiB of device memory (1.0 GiB free)
2026-09-22 13:33:34.062 INFO  rank 2: serving row-batched graph variants 16/17 captured for 2 slots x 1 rows = 2 fixed rows (a batch is selected at 2+ live requests, the smallest that covers the live slots)
2026-09-22 13:33:34.065 INFO  bus graph era: variant 18 recorded with 158 collective node(s)
2026-09-22 13:33:34.065 INFO  rank 2: graph variant 18 shape: 2436 nodes, 2669 edges: kernel 2436 empty 0 memcpy 0 memset 0 host 0 event 0 other 0; max in-degree 2
2026-09-22 13:33:34.073 INFO  rank 2: graph variant 18 instantiated — 28.7 MiB of device memory (0.9 GiB free)
2026-09-22 13:33:34.075 INFO  bus graph era: variant 19 recorded with 158 collective node(s)
2026-09-22 13:33:34.075 INFO  rank 2: graph variant 19 shape: 2436 nodes, 2669 edges: kernel 2436 empty 0 memcpy 0 memset 0 host 0 event 0 other 0; max in-degree 2
2026-09-22 13:33:34.084 INFO  rank 2: graph variant 19 instantiated — 32.7 MiB of device memory (0.9 GiB free)
2026-09-22 13:33:34.084 INFO  rank 2: serving row-batched graph variants 18/19 captured for 3 slots x 1 rows = 3 fixed rows (a batch is selected at 2+ live requests, the smallest that covers the live slots)
2026-09-22 13:33:34.086 INFO  bus graph era: variant 20 recorded with 158 collective node(s)
2026-09-22 13:33:34.086 INFO  rank 2: graph variant 20 shape: 2437 nodes, 2670 edges: kernel 2437 empty 0 memcpy 0 memset 0 host 0 event 0 other 0; max in-degree 2
2026-09-22 13:33:34.095 INFO  rank 2: graph variant 20 instantiated — 31.7 MiB of device memory (0.9 GiB free)
2026-09-22 13:33:34.097 INFO  bus graph era: variant 21 recorded with 158 collective node(s)
2026-09-22 13:33:34.097 INFO  rank 2: graph variant 21 shape: 2437 nodes, 2670 edges: kernel 2437 empty 0 memcpy 0 memset 0 host 0 event 0 other 0; max in-degree 2
2026-09-22 13:33:34.105 INFO  rank 2: graph variant 21 instantiated — 30.0 MiB of device memory (0.8 GiB free)
2026-09-22 13:33:34.105 INFO  rank 2: serving row-batched graph variants 20/21 captured for 4 slots x 1 rows = 4 fixed rows (a batch is selected at 2+ live requests, the smallest that covers the live slots)
2026-09-22 13:33:34.107 INFO  bus graph era: variant 22 recorded with 158 collective node(s)
2026-09-22 13:33:34.107 INFO  rank 2: graph variant 22 shape: 2664 nodes, 2897 edges: kernel 2664 empty 0 memcpy 0 memset 0 host 0 event 0 other 0; max in-degree 2
2026-09-22 13:33:34.116 INFO  rank 2: graph variant 22 instantiated — 14.9 MiB of device memory (0.8 GiB free)
2026-09-22 13:33:34.118 INFO  bus graph era: variant 23 recorded with 158 collective node(s)
2026-09-22 13:33:34.118 INFO  rank 2: graph variant 23 shape: 2664 nodes, 2897 edges: kernel 2664 empty 0 memcpy 0 memset 0 host 0 event 0 other 0; max in-degree 2
2026-09-22 13:33:34.128 INFO  rank 2: graph variant 23 instantiated — 17592186044387.2 MiB of device memory (0.9 GiB free)
2026-09-22 13:33:34.128 INFO  rank 2: serving row-batched graph variants 22/23 captured for 6 slots x 1 rows = 6 fixed rows (a batch is selected at 2+ live requests, the smallest that covers the live slots)
2026-09-22 13:33:34.130 INFO  bus graph era: variant 24 recorded with 158 collective node(s)
2026-09-22 13:33:34.130 INFO  rank 2: graph variant 24 shape: 2666 nodes, 2899 edges: kernel 2666 empty 0 memcpy 0 memset 0 host 0 event 0 other 0; max in-degree 2
2026-09-22 13:33:34.139 INFO  rank 2: graph variant 24 instantiated — 17592186044385.0 MiB of device memory (0.9 GiB free)
2026-09-22 13:33:34.141 INFO  bus graph era: variant 25 recorded with 158 collective node(s)
2026-09-22 13:33:34.141 INFO  rank 2: graph variant 25 shape: 2666 nodes, 2899 edges: kernel 2666 empty 0 memcpy 0 memset 0 host 0 event 0 other 0; max in-degree 2
2026-09-22 13:33:34.150 INFO  rank 2: graph variant 25 instantiated — 17592186044383.2 MiB of device memory (1.0 GiB free)
2026-09-22 13:33:34.150 INFO  rank 2: serving row-batched graph variants 24/25 captured for 8 slots x 1 rows = 8 fixed rows (a batch is selected at 2+ live requests, the smallest that covers the live slots)
2026-09-22 13:33:34.253 INFO  bus graph era: variant 2 recorded with 158 collective node(s)
2026-09-22 13:33:34.253 INFO  rank 2: graph variant 2 shape: 2359 nodes, 2592 edges: kernel 2359 empty 0 memcpy 0 memset 0 host 0 event 0 other 0; max in-degree 2
2026-09-22 13:33:34.261 INFO  rank 2: graph variant 2 instantiated — 30.0 MiB of device memory (1.1 GiB free)
2026-09-22 13:33:34.263 INFO  bus graph era: variant 3 recorded with 158 collective node(s)
2026-09-22 13:33:34.263 INFO  rank 2: graph variant 3 shape: 2359 nodes, 2592 edges: kernel 2359 empty 0 memcpy 0 memset 0 host 0 event 0 other 0; max in-degree 2
2026-09-22 13:33:34.271 INFO  rank 2: graph variant 3 instantiated — 28.2 MiB of device memory (1.0 GiB free)
2026-09-22 13:33:34.271 INFO  rank 2: serving scalar graph variants 2/3 captured for request slot 1 (1 rows)
2026-09-22 13:33:34.375 INFO  bus graph era: variant 4 recorded with 158 collective node(s)
2026-09-22 13:33:34.375 INFO  rank 2: graph variant 4 shape: 2359 nodes, 2592 edges: kernel 2359 empty 0 memcpy 0 memset 0 host 0 event 0 other 0; max in-degree 2
2026-09-22 13:33:34.384 INFO  rank 2: graph variant 4 instantiated — 32.6 MiB of device memory (1.0 GiB free)
2026-09-22 13:33:34.385 INFO  bus graph era: variant 5 recorded with 158 collective node(s)
2026-09-22 13:33:34.386 INFO  rank 2: graph variant 5 shape: 2359 nodes, 2592 edges: kernel 2359 empty 0 memcpy 0 memset 0 host 0 event 0 other 0; max in-degree 2
2026-09-22 13:33:34.394 INFO  rank 2: graph variant 5 instantiated — 28.4 MiB of device memory (1.0 GiB free)
2026-09-22 13:33:34.394 INFO  rank 2: serving scalar graph variants 4/5 captured for request slot 2 (1 rows)
2026-09-22 13:33:34.496 INFO  bus graph era: variant 6 recorded with 158 collective node(s)
2026-09-22 13:33:34.496 INFO  rank 2: graph variant 6 shape: 2359 nodes, 2592 edges: kernel 2359 empty 0 memcpy 0 memset 0 host 0 event 0 other 0; max in-degree 2
2026-09-22 13:33:34.505 INFO  rank 2: graph variant 6 instantiated — 32.6 MiB of device memory (1.0 GiB free)
2026-09-22 13:33:34.507 INFO  bus graph era: variant 7 recorded with 158 collective node(s)
2026-09-22 13:33:34.507 INFO  rank 2: graph variant 7 shape: 2359 nodes, 2592 edges: kernel 2359 empty 0 memcpy 0 memset 0 host 0 event 0 other 0; max in-degree 2
2026-09-22 13:33:34.515 INFO  rank 2: graph variant 7 instantiated — 28.1 MiB of device memory (0.9 GiB free)
2026-09-22 13:33:34.515 INFO  rank 2: serving scalar graph variants 6/7 captured for request slot 3 (1 rows)
2026-09-22 13:33:34.616 INFO  bus graph era: variant 8 recorded with 158 collective node(s)
2026-09-22 13:33:34.616 INFO  rank 2: graph variant 8 shape: 2359 nodes, 2592 edges: kernel 2359 empty 0 memcpy 0 memset 0 host 0 event 0 other 0; max in-degree 2
2026-09-22 13:33:34.625 INFO  rank 2: graph variant 8 instantiated — 32.6 MiB of device memory (0.9 GiB free)
2026-09-22 13:33:34.627 INFO  bus graph era: variant 9 recorded with 158 collective node(s)
2026-09-22 13:33:34.627 INFO  rank 2: graph variant 9 shape: 2359 nodes, 2592 edges: kernel 2359 empty 0 memcpy 0 memset 0 host 0 event 0 other 0; max in-degree 2
2026-09-22 13:33:34.635 INFO  rank 2: graph variant 9 instantiated — 28.4 MiB of device memory (0.9 GiB free)
2026-09-22 13:33:34.635 INFO  rank 2: serving scalar graph variants 8/9 captured for request slot 4 (1 rows)
2026-09-22 13:33:34.737 INFO  bus graph era: variant 10 recorded with 158 collective node(s)
2026-09-22 13:33:34.737 INFO  rank 2: graph variant 10 shape: 2359 nodes, 2592 edges: kernel 2359 empty 0 memcpy 0 memset 0 host 0 event 0 other 0; max in-degree 2
2026-09-22 13:33:34.746 INFO  rank 2: graph variant 10 instantiated — 29.7 MiB of device memory (0.8 GiB free)
2026-09-22 13:33:34.748 INFO  bus graph era: variant 11 recorded with 158 collective node(s)
2026-09-22 13:33:34.748 INFO  rank 2: graph variant 11 shape: 2359 nodes, 2592 edges: kernel 2359 empty 0 memcpy 0 memset 0 host 0 event 0 other 0; max in-degree 2
2026-09-22 13:33:34.757 INFO  rank 2: graph variant 11 instantiated — 33.4 MiB of device memory (0.8 GiB free)
2026-09-22 13:33:34.757 INFO  rank 2: serving scalar graph variants 10/11 captured for request slot 5 (1 rows)
2026-09-22 13:33:34.860 INFO  bus graph era: variant 12 recorded with 158 collective node(s)
2026-09-22 13:33:34.861 INFO  rank 2: graph variant 12 shape: 2359 nodes, 2592 edges: kernel 2359 empty 0 memcpy 0 memset 0 host 0 event 0 other 0; max in-degree 2
2026-09-22 13:33:34.869 INFO  rank 2: graph variant 12 instantiated — 26.6 MiB of device memory (0.8 GiB free)
2026-09-22 13:33:34.870 INFO  bus graph era: variant 13 recorded with 158 collective node(s)
2026-09-22 13:33:34.871 INFO  rank 2: graph variant 13 shape: 2359 nodes, 2592 edges: kernel 2359 empty 0 memcpy 0 memset 0 host 0 event 0 other 0; max in-degree 2
2026-09-22 13:33:34.880 INFO  rank 2: graph variant 13 instantiated — 41.3 MiB of device memory (0.7 GiB free)
2026-09-22 13:33:34.880 INFO  rank 2: serving scalar graph variants 12/13 captured for request slot 6 (1 rows)
2026-09-22 13:33:34.982 INFO  bus graph era: variant 14 recorded with 158 collective node(s)
2026-09-22 13:33:34.982 INFO  rank 2: graph variant 14 shape: 2359 nodes, 2592 edges: kernel 2359 empty 0 memcpy 0 memset 0 host 0 event 0 other 0; max in-degree 2
2026-09-22 13:33:34.990 INFO  rank 2: graph variant 14 instantiated — 25.8 MiB of device memory (0.7 GiB free)
2026-09-22 13:33:34.992 INFO  bus graph era: variant 15 recorded with 158 collective node(s)
2026-09-22 13:33:34.992 INFO  rank 2: graph variant 15 shape: 2359 nodes, 2592 edges: kernel 2359 empty 0 memcpy 0 memset 0 host 0 event 0 other 0; max in-degree 2
2026-09-22 13:33:35.001 INFO  rank 2: graph variant 15 instantiated — 3.7 MiB of device memory (0.7 GiB free)
2026-09-22 13:33:35.001 INFO  rank 2: serving scalar graph variants 14/15 captured for request slot 7 (1 rows)
2026-09-22 13:33:35.001 INFO  rank 2: warm capture complete — 8 scalar variants and the row batches for 2 slots, 3 slots, 4 slots, 6 slots, 8 slots recorded before the first request
2026-09-22 13:33:35.001 INFO  memory ledger: rank 2 after the warm capture — rss 1.89 GiB (anon 1.13, shmem 0.11, file 0.65; locked 14.16); device free 0.71 GiB, node available 5.77 GiB
2026-09-22 13:33:35.001 INFO  rank 2: graph variants warm-captured in 1.56s
2026-09-22 13:33:35.001 INFO  rank 2: following rank 0's journal (admission full, window 256)
2026-09-22 13:33:36.327 INFO  sched: request 'chatcmpl-0150f48f4bc2f0d0' prefix cache miss — 3 cut(s), the cache is empty
2026-09-22 13:33:36.327 INFO  sched: request 'chatcmpl-0150f48f4bc2f0d0' admitted to slot 0 (reserve 1 blocks; pool 2/1664 blocks in use) — first token 785
2026-09-22 13:33:39.498 INFO  sched: request 'chatcmpl-0150f48f4bc2f0d0' retired (steps): 64 tok in 3.2 s — prefill 62 tok (0 cached) in 904 ms; decode 63 tok / 63 passes in 2.3 s: 27.8 tok/s, 36.0 ms/tok, 36 ms/pass, 1.00 tok/pass
2026-09-22 13:33:40.222 INFO  sched: request 'chatcmpl-0150f48f4bc2f0d1' prefix cache miss — 3 cut(s) probed against 2 entries; the nearest entry (position 125) shares the first 12 of the prompt's 37 tokens (the prompt differs from it from that token on)
2026-09-22 13:33:40.222 INFO  sched: request 'chatcmpl-0150f48f4bc2f0d1' admitted to slot 0 (reserve 3 blocks; pool 6/1664 blocks in use) — first token 785
2026-09-22 13:33:45.180 INFO  stats: rank 2 | 10.0 s | decode 16.4 tok/s, 48.8 ms/tok, 49.5 ms/step (162 steps / 164 tok, 80 % of wall) | prefill 2 prompts / 99 tok, 10 tok/s, 16.28 ms/tok, 806 ms avg (16 % of wall), 0 tok cached (0/2 hits) | live 1, queued 0 | pool 7/1664 blocks (0 %) | prefix cache 3/4096 entries
2026-09-22 13:33:53.002 INFO  sched: request 'chatcmpl-0150f48f4bc2f0d1' retired (steps): 256 tok in 12.8 s — prefill 37 tok (0 cached) in 708 ms; decode 255 tok / 255 passes in 12.1 s: 21.1 tok/s, 47.3 ms/tok, 47 ms/pass, 1.00 tok/pass
2026-09-22 13:33:53.121 INFO  sched: request 'chatcmpl-0150f48f4bc2f0d2' admitted to slot 0 (reserve 3 blocks; pool 9/1664 blocks in use) — first token 785
2026-09-22 13:33:55.228 INFO  stats: rank 2 | 10.0 s | decode 19.8 tok/s, 49.2 ms/tok, 49.5 ms/step (198 steps / 199 tok, 97 % of wall) | prefill 1 prompt / 2 tok, 0 tok/s, 48.47 ms/tok, 97 ms avg (1 % of wall), 35 tok cached (1/1 hit) | live 1, queued 0 | pool 10/1664 blocks (1 %) | prefix cache 4/4096 entries
2026-09-22 13:34:05.267 INFO  stats: rank 2 | 10.0 s | decode 19.9 tok/s, 49.5 ms/tok, 49.5 ms/step (200 steps / 200 tok, 99 % of wall) | prefill 0 prompts / 0 tok, 0 tok cached (0/0 hits) | live 1, queued 0 | pool 10/1664 blocks (1 %) | prefix cache 4/4096 entries
2026-09-22 13:34:05.919 INFO  sched: request 'chatcmpl-0150f48f4bc2f0d2' retired (steps): 256 tok in 12.8 s — prefill 37 tok (35 cached) in 97 ms; decode 255 tok / 255 passes in 12.7 s: 20.1 tok/s, 49.8 ms/tok, 50 ms/pass, 1.00 tok/pass
2026-09-22 13:34:06.041 INFO  sched: request 'chatcmpl-0150f48f4bc2f0d3' admitted to slot 0 (reserve 3 blocks; pool 9/1664 blocks in use) — first token 785
2026-09-22 13:34:15.267 INFO  stats: rank 2 | 10.0 s | decode 19.5 tok/s, 50.0 ms/tok, 50.3 ms/step (194 steps / 195 tok, 98 % of wall) | prefill 1 prompt / 2 tok, 0 tok/s, 52.33 ms/tok, 105 ms avg (1 % of wall), 35 tok cached (1/1 hit) | live 1, queued 0 | pool 10/1664 blocks (1 %) | prefix cache 4/4096 entries
2026-09-22 13:34:19.028 INFO  sched: request 'chatcmpl-0150f48f4bc2f0d3' retired (steps): 256 tok in 13.0 s — prefill 37 tok (35 cached) in 105 ms; decode 255 tok / 255 passes in 12.9 s: 19.8 tok/s, 50.5 ms/tok, 51 ms/pass, 1.00 tok/pass
2026-09-22 13:34:19.851 INFO  sched: request 'chatcmpl-0150f48f4bc2f0d4' prefix cache miss — 3 cut(s) probed against 4 entries; the nearest entry (position 292) shares the first 12 of the prompt's 51 tokens (the prompt differs from it from that token on)
2026-09-22 13:34:19.851 INFO  sched: request 'chatcmpl-0150f48f4bc2f0d4' admitted to slot 0 (reserve 3 blocks; pool 10/1664 blocks in use) — first token 785
2026-09-22 13:34:25.293 INFO  stats: rank 2 | 10.0 s | decode 18.2 tok/s, 49.9 ms/tok, 50.2 ms/step (181 steps / 182 tok, 91 % of wall) | prefill 1 prompt / 51 tok, 5 tok/s, 15.82 ms/tok, 807 ms avg (8 % of wall), 0 tok cached (0/1 hit) | live 1, queued 0 | pool 11/1664 blocks (1 %) | prefix cache 5/4096 entries
2026-09-22 13:34:32.836 INFO  sched: request 'chatcmpl-0150f48f4bc2f0d4' retired (steps): 256 tok in 13.0 s — prefill 51 tok (0 cached) in 807 ms; decode 255 tok / 255 passes in 12.2 s: 20.9 tok/s, 47.8 ms/tok, 48 ms/pass, 1.00 tok/pass
2026-09-22 13:34:32.940 INFO  sched: request 'chatcmpl-0150f48f4bc2f0d5' admitted to slot 0 (reserve 3 blocks; pool 13/1664 blocks in use) — first token 785
2026-09-22 13:34:35.325 INFO  stats: rank 2 | 10.0 s | decode 19.5 tok/s, 50.0 ms/tok, 50.3 ms/step (195 steps / 196 tok, 98 % of wall) | prefill 1 prompt / 2 tok, 0 tok/s, 46.04 ms/tok, 92 ms avg (1 % of wall), 49 tok cached (1/1 hit) | live 1, queued 0 | pool 14/1664 blocks (1 %) | prefix cache 6/4096 entries
2026-09-22 13:34:45.341 INFO  stats: rank 2 | 10.0 s | decode 19.7 tok/s, 50.1 ms/tok, 50.1 ms/step (197 steps / 197 tok, 99 % of wall) | prefill 0 prompts / 0 tok, 0 tok cached (0/0 hits) | live 1, queued 0 | pool 14/1664 blocks (1 %) | prefix cache 6/4096 entries
2026-09-22 13:34:45.911 INFO  sched: request 'chatcmpl-0150f48f4bc2f0d5' retired (steps): 256 tok in 13.0 s — prefill 51 tok (49 cached) in 92 ms; decode 255 tok / 255 passes in 12.9 s: 19.8 tok/s, 50.5 ms/tok, 51 ms/pass, 1.00 tok/pass
2026-09-22 13:34:46.032 INFO  sched: request 'chatcmpl-0150f48f4bc2f0d6' admitted to slot 0 (reserve 3 blocks; pool 13/1664 blocks in use) — first token 785
2026-09-22 13:34:55.347 INFO  stats: rank 2 | 10.0 s | decode 19.6 tok/s, 49.7 ms/tok, 50.0 ms/step (195 steps / 196 tok, 97 % of wall) | prefill 1 prompt / 2 tok, 0 tok/s, 47.39 ms/tok, 95 ms avg (1 % of wall), 49 tok cached (1/1 hit) | live 1, queued 0 | pool 14/1664 blocks (1 %) | prefix cache 6/4096 entries
2026-09-22 13:34:58.914 INFO  sched: request 'chatcmpl-0150f48f4bc2f0d6' retired (steps): 256 tok in 12.9 s — prefill 51 tok (49 cached) in 95 ms; decode 255 tok / 255 passes in 12.8 s: 19.9 tok/s, 50.1 ms/tok, 50 ms/pass, 1.00 tok/pass
2026-09-22 13:34:59.716 INFO  sched: request 'chatcmpl-0150f48f4bc2f0d7' prefix cache miss — 3 cut(s) probed against 6 entries; the nearest entry (position 306) shares the first 10 of the prompt's 46 tokens (the prompt differs from it from that token on)
2026-09-22 13:34:59.716 INFO  sched: request 'chatcmpl-0150f48f4bc2f0d7' admitted to slot 0 (reserve 3 blocks; pool 14/1664 blocks in use) — first token 785
2026-09-22 13:35:05.382 INFO  stats: rank 2 | 10.0 s | decode 18.4 tok/s, 49.2 ms/tok, 49.5 ms/step (184 steps / 185 tok, 91 % of wall) | prefill 1 prompt / 46 tok, 5 tok/s, 16.76 ms/tok, 771 ms avg (8 % of wall), 0 tok cached (0/1 hit) | live 1, queued 0 | pool 15/1664 blocks (1 %) | prefix cache 7/4096 entries
2026-09-22 13:35:12.498 INFO  sched: request 'chatcmpl-0150f48f4bc2f0d7' retired (steps): 256 tok in 12.8 s — prefill 46 tok (0 cached) in 771 ms; decode 255 tok / 255 passes in 12.0 s: 21.2 tok/s, 47.1 ms/tok, 47 ms/pass, 1.00 tok/pass
2026-09-22 13:35:12.612 INFO  sched: request 'chatcmpl-0150f48f4bc2f0d8' admitted to slot 0 (reserve 3 blocks; pool 17/1664 blocks in use) — first token 785
2026-09-22 13:35:15.427 INFO  stats: rank 2 | 10.0 s | decode 19.8 tok/s, 49.3 ms/tok, 49.5 ms/step (198 steps / 199 tok, 98 % of wall) | prefill 1 prompt / 2 tok, 0 tok/s, 46.53 ms/tok, 93 ms avg (1 % of wall), 44 tok cached (1/1 hit) | live 1, queued 0 | pool 18/1664 blocks (1 %) | prefix cache 8/4096 entries
2026-09-22 13:35:25.416 INFO  sched: request 'chatcmpl-0150f48f4bc2f0d8' retired (steps): 256 tok in 12.8 s — prefill 46 tok (44 cached) in 93 ms; decode 255 tok / 255 passes in 12.7 s: 20.1 tok/s, 49.8 ms/tok, 50 ms/pass, 1.00 tok/pass
2026-09-22 13:35:25.427 INFO  stats: rank 2 | 10.0 s | decode 19.9 tok/s, 49.5 ms/tok, 49.5 ms/step (199 steps / 199 tok, 99 % of wall) | prefill 0 prompts / 0 tok, 0 tok cached (0/0 hits) | live 0, queued 0 | pool 14/1664 blocks (1 %) | prefix cache 8/4096 entries
2026-09-22 13:35:25.526 INFO  sched: request 'chatcmpl-0150f48f4bc2f0d9' admitted to slot 0 (reserve 3 blocks; pool 17/1664 blocks in use) — first token 785
2026-09-22 13:35:35.465 INFO  stats: rank 2 | 10.0 s | decode 19.8 tok/s, 49.2 ms/tok, 49.5 ms/step (198 steps / 199 tok, 98 % of wall) | prefill 1 prompt / 2 tok, 0 tok/s, 47.03 ms/tok, 94 ms avg (1 % of wall), 44 tok cached (1/1 hit) | live 1, queued 0 | pool 18/1664 blocks (1 %) | prefix cache 8/4096 entries
2026-09-22 13:35:38.320 INFO  sched: request 'chatcmpl-0150f48f4bc2f0d9' retired (steps): 256 tok in 12.8 s — prefill 46 tok (44 cached) in 94 ms; decode 255 tok / 255 passes in 12.7 s: 20.1 tok/s, 49.8 ms/tok, 50 ms/pass, 1.00 tok/pass
2026-09-22 13:35:39.283 INFO  sched: request 'chatcmpl-0150f48f4bc2f0da' prefix cache miss — 3 cut(s) probed against 8 entries; the nearest entry (position 306) shares the first 10 of the prompt's 68 tokens (the prompt differs from it from that token on)
2026-09-22 13:35:39.284 INFO  sched: request 'chatcmpl-0150f48f4bc2f0da' admitted to slot 0 (reserve 3 blocks; pool 18/1664 blocks in use) — first token 1654
2026-09-22 13:35:45.508 INFO  stats: rank 2 | 10.0 s | decode 18.1 tok/s, 49.2 ms/tok, 49.5 ms/step (181 steps / 182 tok, 89 % of wall) | prefill 1 prompt / 68 tok, 7 tok/s, 13.69 ms/tok, 931 ms avg (9 % of wall), 0 tok cached (0/1 hit) | live 1, queued 0 | pool 19/1664 blocks (1 %) | prefix cache 9/4096 entries
2026-09-22 13:35:52.081 INFO  sched: request 'chatcmpl-0150f48f4bc2f0da' retired (steps): 256 tok in 12.8 s — prefill 68 tok (0 cached) in 931 ms; decode 255 tok / 255 passes in 11.9 s: 21.5 tok/s, 46.5 ms/tok, 47 ms/pass, 1.00 tok/pass
2026-09-22 13:35:52.190 INFO  sched: request 'chatcmpl-0150f48f4bc2f0db' admitted to slot 0 (reserve 3 blocks; pool 21/1664 blocks in use) — first token 1654
2026-09-22 13:35:55.517 INFO  stats: rank 2 | 10.0 s | decode 19.8 tok/s, 49.3 ms/tok, 49.5 ms/step (197 steps / 198 tok, 98 % of wall) | prefill 1 prompt / 2 tok, 0 tok/s, 46.52 ms/tok, 93 ms avg (1 % of wall), 66 tok cached (1/1 hit) | live 1, queued 0 | pool 22/1664 blocks (1 %) | prefix cache 10/4096 entries
2026-09-22 13:36:05.003 INFO  sched: request 'chatcmpl-0150f48f4bc2f0db' retired (steps): 256 tok in 12.8 s — prefill 68 tok (66 cached) in 93 ms; decode 255 tok / 255 passes in 12.7 s: 20.0 tok/s, 49.9 ms/tok, 50 ms/pass, 1.00 tok/pass
2026-09-22 13:36:05.129 INFO  sched: request 'chatcmpl-0150f48f4bc2f0dc' admitted to slot 0 (reserve 3 blocks; pool 21/1664 blocks in use) — first token 1654
2026-09-22 13:36:05.534 INFO  stats: rank 2 | 10.0 s | decode 19.8 tok/s, 49.4 ms/tok, 49.6 ms/step (197 steps / 198 tok, 98 % of wall) | prefill 1 prompt / 2 tok, 0 tok/s, 46.90 ms/tok, 94 ms avg (1 % of wall), 66 tok cached (1/1 hit) | live 1, queued 0 | pool 22/1664 blocks (1 %) | prefix cache 10/4096 entries
2026-09-22 13:36:15.568 INFO  stats: rank 2 | 10.0 s | decode 19.9 tok/s, 49.5 ms/tok, 49.5 ms/step (200 steps / 200 tok, 99 % of wall) | prefill 0 prompts / 0 tok, 0 tok cached (0/0 hits) | live 1, queued 0 | pool 22/1664 blocks (1 %) | prefix cache 10/4096 entries
2026-09-22 13:36:17.919 INFO  sched: request 'chatcmpl-0150f48f4bc2f0dc' retired (steps): 256 tok in 12.8 s — prefill 68 tok (66 cached) in 94 ms; decode 255 tok / 255 passes in 12.7 s: 20.1 tok/s, 49.8 ms/tok, 50 ms/pass, 1.00 tok/pass
2026-09-22 13:36:18.674 INFO  sched: request 'chatcmpl-0150f48f4bc2f0dd' prefix cache miss — 3 cut(s) probed against 10 entries; the nearest entry (position 323) shares the first 10 of the prompt's 40 tokens (the prompt differs from it from that token on)
2026-09-22 13:36:18.674 INFO  sched: request 'chatcmpl-0150f48f4bc2f0dd' admitted to slot 0 (reserve 3 blocks; pool 22/1664 blocks in use) — first token 785
2026-09-22 13:36:25.569 INFO  stats: rank 2 | 10.0 s | decode 18.5 tok/s, 49.3 ms/tok, 49.5 ms/step (184 steps / 185 tok, 91 % of wall) | prefill 1 prompt / 40 tok, 4 tok/s, 18.59 ms/tok, 744 ms avg (7 % of wall), 0 tok cached (0/1 hit) | live 1, queued 0 | pool 23/1664 blocks (1 %) | prefix cache 11/4096 entries
2026-09-22 13:36:31.490 INFO  sched: request 'chatcmpl-0150f48f4bc2f0dd' retired (steps): 256 tok in 12.8 s — prefill 40 tok (0 cached) in 744 ms; decode 255 tok / 255 passes in 12.1 s: 21.1 tok/s, 47.3 ms/tok, 47 ms/pass, 1.00 tok/pass
2026-09-22 13:36:31.600 INFO  sched: request 'chatcmpl-0150f48f4bc2f0de' admitted to slot 0 (reserve 3 blocks; pool 25/1664 blocks in use) — first token 785
2026-09-22 13:36:35.571 INFO  stats: rank 2 | 10.0 s | decode 19.8 tok/s, 49.2 ms/tok, 49.5 ms/step (197 steps / 198 tok, 97 % of wall) | prefill 1 prompt / 2 tok, 0 tok/s, 46.41 ms/tok, 93 ms avg (1 % of wall), 38 tok cached (1/1 hit) | live 1, queued 0 | pool 26/1664 blocks (2 %) | prefix cache 12/4096 entries
2026-09-22 13:36:44.392 INFO  sched: request 'chatcmpl-0150f48f4bc2f0de' retired (steps): 256 tok in 12.8 s — prefill 40 tok (38 cached) in 93 ms; decode 255 tok / 255 passes in 12.7 s: 20.1 tok/s, 49.8 ms/tok, 50 ms/pass, 1.00 tok/pass
2026-09-22 13:36:44.513 INFO  sched: request 'chatcmpl-0150f48f4bc2f0df' admitted to slot 0 (reserve 3 blocks; pool 25/1664 blocks in use) — first token 785
2026-09-22 13:36:45.582 INFO  stats: rank 2 | 10.0 s | decode 19.8 tok/s, 49.3 ms/tok, 49.5 ms/step (197 steps / 198 tok, 97 % of wall) | prefill 1 prompt / 2 tok, 0 tok/s, 47.06 ms/tok, 94 ms avg (1 % of wall), 38 tok cached (1/1 hit) | live 1, queued 0 | pool 26/1664 blocks (2 %) | prefix cache 12/4096 entries
2026-09-22 13:36:55.615 INFO  stats: rank 2 | 10.0 s | decode 19.9 tok/s, 49.4 ms/tok, 49.4 ms/step (200 steps / 200 tok, 99 % of wall) | prefill 0 prompts / 0 tok, 0 tok cached (0/0 hits) | live 1, queued 0 | pool 26/1664 blocks (2 %) | prefix cache 12/4096 entries
2026-09-22 13:36:57.319 INFO  sched: request 'chatcmpl-0150f48f4bc2f0df' retired (steps): 256 tok in 12.8 s — prefill 40 tok (38 cached) in 94 ms; decode 255 tok / 255 passes in 12.7 s: 20.1 tok/s, 49.9 ms/tok, 50 ms/pass, 1.00 tok/pass
2026-09-22 13:36:59.271 INFO  journal: stop record — exiting
2026-09-22 13:36:59.316 INFO  rank 2: graph engine sampling summary — 0 sampled decode steps, 0 served by the exact gather fallback (0.0%), 128 candidates per rank
2026-09-22 13:37:00.478 INFO  rank 2: exited cleanly
