2026-09-22 13:33:04.302 INFO  dgpp-serve 0.1.0+ga3ed8994a34c (git a3ed8994a34c)
2026-09-22 13:33:04.303 INFO  config /tmp/bus4/deployments/2f9b4051f3e6da7a/cluster.json: model HawkBearPig/GLM-5.3-Int4-Int8Mix-RTN-g64, world 4, rank 3, http :18080, fabric :29970, journal :29971
2026-09-22 13:33:04.303 INFO  model HawkBearPig/GLM-5.3-Int4-Int8Mix-RTN-g64 -> /home/stephen/.cache/huggingface/hub/models--HawkBearPig--GLM-5.3-Int4-Int8Mix-RTN-g64/snapshots/147684fbad20c1e283ddff46fd07cb9d4ccbb3da
2026-09-22 13:33:04.303 INFO  journal: connected to rank 0 at 192.168.88.11:29971 (120000 attempt window)
2026-09-22 13:33:04.318 INFO  rank 3: settings from rank 0: model=HawkBearPig/GLM-5.3-Int4-Int8Mix-RTN-g64 world=4 fabric=29970 journal=29971 conc=8 kv=212992 kvdt=fp8 ngt=resident dw=checkpoint bfw=bf12 fp8head=gemv pf=bounded emsh=vocab maxtok=256 queue=8 eos=1 graph=1 compact=0 mtp=0 mtpd=1 mss=0 msrow=8 msbase=28 mslam=0 msmin=1 msad=1 batchmin=2 cand=128 pcgib=1.5 adm=full win=256 pfbudget=0 pfidle=0 pace=-1 inflight=-1 reasoning_in_content=0 rs=off
2026-09-22 13:33:04.319 INFO  config: model=HawkBearPig/GLM-5.3-Int4-Int8Mix-RTN-g64 world=4 fabric=29970 journal=29971 conc=8 kv=212992 kvdt=fp8 ngt=resident dw=checkpoint bfw=bf12 fp8head=gemv pf=bounded emsh=vocab maxtok=256 queue=8 eos=1 graph=1 compact=0 mtp=0 mtpd=1 mss=0 msrow=8 msbase=28 mslam=0 msmin=1 msad=1 batchmin=2 cand=128 pcgib=1.5 adm=full win=256 pfbudget=0 pfidle=0 pace=-1 inflight=-1 reasoning_in_content=0 rs=off (digest f183e305891ba67b)
2026-09-22 13:33:04.452 INFO  serve: model family glm_moe_dsa (/home/stephen/.cache/huggingface/hub/models--HawkBearPig--GLM-5.3-Int4-Int8Mix-RTN-g64/snapshots/147684fbad20c1e283ddff46fd07cb9d4ccbb3da)
2026-09-22 13:33:04.452 INFO  serve: decode rows 8 (8 slot(s) x 1 row(s) per request, floor 8, the glm_moe_dsa family's cap 16)
2026-09-22 13:33:04.452 WARN  generation config /home/stephen/.cache/huggingface/hub/models--HawkBearPig--GLM-5.3-Int4-Int8Mix-RTN-g64/snapshots/147684fbad20c1e283ddff46fd07cb9d4ccbb3da/generation_config.json omits top_k, min_p, repetition_penalty; using greedy-safe/neutral fallbacks for those fields
2026-09-22 13:33:04.452 INFO  generation defaults: temperature=1 top_p=0.95 top_k=0 min_p=0 repetition_penalty=1
2026-09-22 13:33:04.452 INFO  serve: sampling defaults temperature 1 top_p 0.95 top_k 0 min_p 0 repetition_penalty 1 (from generation_config.json; overrides: none)
2026-09-22 13:33:04.452 INFO  serve: request context limit 212992 tokens (the 212992-token K/V pool from engine.kv_capacity 212992; this family states no positional ceiling of its own)
2026-09-22 13:33:04.452 INFO  rank 3: prefix cache plan — 1.5 GiB budget, 4096 slots of 0.000 MiB, 0.000 GiB allocated; cached K/V blocks share the 212992-token pool
2026-09-22 13:33:04.630 INFO  tokenizer: loaded vocab 154820 merges 321649 added 36 (revision 0x700b4469fc43f23b; glm pattern, no normalizer, ignore_merges true)
2026-09-22 13:33:04.639 INFO  serve: grammar vocabulary built (154880 ids, tool markers present, call-turn EOS 154829)
2026-09-22 13:33:04.742 INFO  serve: JSON grammar tables built in 0.10 s
2026-09-22 13:33:04.971 INFO  bus: globaltimer offset 17396067430 ns (+-2 us)
2026-09-22 13:33:04.974 INFO  verbs: device roceP2p1s0f0 port 1 gid_index 3
2026-09-22 13:33:04.976 INFO  verbs: device rocep1s0f0 port 1 gid_index 3
2026-09-22 13:33:05.568 INFO  bus: rank 3 up — 3 peer(s) x 2 lane(s), lat 8x98304B, bulk 8x262144B, bulk pace 28.3 Gb/s per QP, window 4 per lane
2026-09-22 13:33:05.568 INFO  rank 3: boundary reducer host-driven
2026-09-22 13:33:05.685 INFO  rank 3: process memory locked (mlockall MCL_CURRENT, 14513 MiB)
2026-09-22 13:33:05.685 INFO  rank 3: resident image cache at /home/stephen/.cache/dgpp/resident
2026-09-22 13:33:05.686 INFO  bus engine: rank 3 pinned to cpu 19
2026-09-22 13:33:05.816 INFO  rank 3: memory plan for a 212992-token context — model weights (resident, packed bf16 matrices released) 95.10 GiB; bf16 decode packing (12-bit companions) 1.08 GiB; bf16 prefill expansion scratch 0.05 GiB; gemm workspace (at least) 0.06 GiB; dsa cache pool (latent fp8 + rope keys on every layer, fp8 index caches on the indexed layers) 10.51 GiB; dsa scratch (projections, selection, attention, the prefill dot tiles) 0.24 GiB; rotary table (bf16 cos/sin per position) 0.03 GiB; activations (session core, residual, block io, dense scratch, route staging) 0.43 GiB (0.01 GiB pinned); moe scratch (routed slots, shared expert, graph tables) 0.75 GiB (0.01 GiB pinned); prefix cache 0.00 GiB; engine 0.07 GiB
2026-09-22 13:33:05.816 INFO  rank 3: memory plan total 108.33 GiB (108.24 GiB device + 0.09 GiB pinned) + 4.00 GiB headroom against 116.73 GiB free (device free 107.39 GiB of 121.69 GiB, host available 116.73 GiB)
2026-09-22 13:33:05.816 INFO  memory ledger: rank 3 after the plan check — rss 1.15 GiB (anon 0.41, shmem 0.09, file 0.64; locked 14.17); device free 107.39 GiB, node available 116.73 GiB
2026-09-22 13:33:05.816 INFO  memory ledger: rank 3 after the bus — rss 1.15 GiB (anon 0.41, shmem 0.09, file 0.64; locked 14.17); device free 107.39 GiB, node available 116.73 GiB
2026-09-22 13:33:06.338 INFO  glm_dsa loader: rank 3 resident footprint 96.5 GiB; device free 107.3 of 121.7 GiB, host available 116.6 GiB
2026-09-22 13:33:07.183 INFO  glm_dsa loader: rank 3 resident image /home/stephen/.cache/dgpp/resident/4e19ad9a970d9938.img — 79/79 layers present, direct I/O
2026-09-22 13:33:07.196 INFO  l2 prefetch: on, window budget 12 MiB, boundary rate light, layer rate light
2026-09-22 13:33:07.196 INFO  memory ledger: glm_dsa: loader opened — rss 2.71 GiB (anon 0.48, shmem 1.56, file 0.67; locked 14.17); device free 105.36 GiB, node available 114.71 GiB
2026-09-22 13:33:08.001 INFO  memory ledger: glm_dsa: globals resident — rss 3.60 GiB (anon 0.48, shmem 1.56, file 1.55; locked 14.17); device free 104.01 GiB, node available 114.25 GiB
2026-09-22 13:33:22.778 INFO  rank 3 bf12: 82 decode matrices packed (1.40 GiB of bf16 -> 1.06 GiB, 137990 escapes, widest row 12, 0 rows kept raw; 0 matrices kept bf16) in 0.7 s
2026-09-22 13:33:22.778 INFO  rank 3 bf12: 82 of them released their bf16 bytes (1.45 GiB returned; prefill expands through a 48 MiB scratch)
2026-09-22 13:33:23.079 INFO  glm_dsa loader: rank 3 resident load complete — released 79 shard mappings (398.1 GiB) and evicted their page cache, freed the 1.46 GiB pinned staging mirror; image: 78 layers restored, 0 captured
2026-09-22 13:33:23.124 INFO  memory ledger: glm_dsa: layers resident, sources released — rss 1.21 GiB (anon 0.47, shmem 0.09, file 0.64; locked 14.16); device free 9.61 GiB, node available 18.92 GiB
2026-09-22 13:33:23.577 INFO  memory ledger: glm_dsa: arena, pool and scratch — rss 1.22 GiB (anon 0.47, shmem 0.10, file 0.64; locked 14.16); device free 1.46 GiB, node available 7.79 GiB
2026-09-22 13:33:23.655 INFO  memory ledger: rank 3 after the model — rss 1.22 GiB (anon 0.47, shmem 0.11, file 0.64; locked 14.16); device free 1.31 GiB, node available 7.61 GiB
2026-09-22 13:33:23.655 INFO  rank 3: model constructed in 17.8s (resident, 8 request slots, 212992-token pool in fp8, 2048-row forwards)
2026-09-22 13:33:23.655 INFO  rank 3: prefix cache on — 4096 snapshot slot(s) of 0.0 MiB (1.50 GiB asked)
2026-09-22 13:33:23.657 INFO  rank 3: graph engine samples on the device — 128 candidates per rank (8 rows x 4 ranks in a 98304-byte latency slot; the planned width is 128); constrained decoding available
2026-09-22 13:33:33.441 INFO  memory ledger: rank 3 after the graph engine — rss 1.23 GiB (anon 0.47, shmem 0.11, file 0.64; locked 14.16); device free 1.29 GiB, node available 7.57 GiB
2026-09-22 13:33:33.445 INFO  allreduce: device clock rate 2418000 kHz (stamps conversion)
2026-09-22 13:33:33.445 INFO  allreduce: rank 3 seq 1 launched (3 peers)
2026-09-22 13:33:33.445 INFO  allreduce: rank 3 seq 1 ready after 50.5us
2026-09-22 13:33:33.445 INFO  allreduce: rank 3 seq 1 done status=0 after 351.9us
2026-09-22 13:33:33.704 INFO  allreduce: rank 3 seq 2 launched (3 peers)
2026-09-22 13:33:33.704 INFO  allreduce: rank 3 seq 2 ready after 28.2us
2026-09-22 13:33:33.760 INFO  allreduce: rank 3 seq 2 done status=0 after 55855.0us
2026-09-22 13:33:33.761 INFO  allreduce: rank 3 seq 3 launched (3 peers)
2026-09-22 13:33:33.761 INFO  allreduce: rank 3 seq 3 ready after 21.0us
2026-09-22 13:33:33.762 INFO  allreduce: rank 3 seq 3 done status=0 after 236.6us
2026-09-22 13:33:33.762 INFO  allreduce: rank 3 seq 4 launched (3 peers)
2026-09-22 13:33:33.762 INFO  allreduce: rank 3 seq 4 ready after 21.6us
2026-09-22 13:33:33.762 INFO  allreduce: rank 3 seq 4 done status=0 after 71.3us
2026-09-22 13:33:33.763 INFO  allreduce: rank 3 seq 5 launched (3 peers)
2026-09-22 13:33:33.763 INFO  allreduce: rank 3 seq 5 ready after 19.5us
2026-09-22 13:33:33.763 INFO  allreduce: rank 3 seq 5 done status=0 after 118.3us
2026-09-22 13:33:33.764 INFO  allreduce: rank 3 seq 6 launched (3 peers)
2026-09-22 13:33:33.764 INFO  allreduce: rank 3 seq 6 ready after 22.6us
2026-09-22 13:33:33.764 INFO  allreduce: rank 3 seq 6 done status=0 after 186.6us
2026-09-22 13:33:33.765 INFO  allreduce: rank 3 seq 7 launched (3 peers)
2026-09-22 13:33:33.765 INFO  allreduce: rank 3 seq 7 ready after 19.5us
2026-09-22 13:33:33.765 INFO  allreduce: rank 3 seq 7 done status=0 after 65.5us
2026-09-22 13:33:33.841 INFO  allreduce: rank 3 seq 8 launched (3 peers)
2026-09-22 13:33:33.841 INFO  allreduce: rank 3 seq 8 ready after 27.4us
2026-09-22 13:33:33.872 INFO  allreduce: rank 3 seq 8 done status=0 after 30627.2us
2026-09-22 13:33:33.908 INFO  allreduce: rank 3 seq 9 launched (3 peers)
2026-09-22 13:33:33.908 INFO  allreduce: rank 3 seq 9 ready after 22.0us
2026-09-22 13:33:33.908 INFO  allreduce: rank 3 seq 9 done status=0 after 68.2us
2026-09-22 13:33:33.909 INFO  allreduce: rank 3 seq 10 launched (3 peers)
2026-09-22 13:33:33.909 INFO  allreduce: rank 3 seq 10 ready after 23.2us
2026-09-22 13:33:33.909 INFO  allreduce: rank 3 seq 10 done status=0 after 78.6us
2026-09-22 13:33:33.909 INFO  allreduce: rank 3 seq 11 launched (3 peers)
2026-09-22 13:33:33.909 INFO  allreduce: rank 3 seq 11 ready after 20.3us
2026-09-22 13:33:33.909 INFO  allreduce: rank 3 seq 11 done status=0 after 84.7us
2026-09-22 13:33:33.910 INFO  allreduce: rank 3 seq 12 launched (3 peers)
2026-09-22 13:33:33.910 INFO  allreduce: rank 3 seq 12 ready after 22.4us
2026-09-22 13:33:33.910 INFO  allreduce: rank 3 seq 12 done status=0 after 77.3us
2026-09-22 13:33:33.910 INFO  allreduce: rank 3 seq 13 launched (3 peers)
2026-09-22 13:33:33.910 INFO  allreduce: rank 3 seq 13 ready after 21.8us
2026-09-22 13:33:33.910 INFO  allreduce: rank 3 seq 13 done status=0 after 89.3us
2026-09-22 13:33:33.911 INFO  allreduce: rank 3 seq 14 launched (3 peers)
2026-09-22 13:33:33.911 INFO  allreduce: rank 3 seq 14 ready after 21.1us
2026-09-22 13:33:33.911 INFO  allreduce: rank 3 seq 14 done status=0 after 69.3us
2026-09-22 13:33:33.912 INFO  allreduce: rank 3 seq 15 launched (3 peers)
2026-09-22 13:33:33.912 INFO  allreduce: rank 3 seq 15 ready after 22.1us
2026-09-22 13:33:33.912 INFO  allreduce: rank 3 seq 15 done status=0 after 114.4us
2026-09-22 13:33:33.912 INFO  allreduce: rank 3 seq 16 launched (3 peers)
2026-09-22 13:33:33.912 INFO  allreduce: rank 3 seq 16 ready after 16.6us
2026-09-22 13:33:33.912 INFO  allreduce: rank 3 seq 16 done status=0 after 127.4us
2026-09-22 13:33:34.018 INFO  bus graph era: variant 0 recorded with 158 collective node(s)
2026-09-22 13:33:34.018 INFO  rank 3: graph variant 0 shape: 2359 nodes, 2592 edges: kernel 2359 empty 0 memcpy 0 memset 0 host 0 event 0 other 0; max in-degree 2
2026-09-22 13:33:34.033 INFO  rank 3: graph variant 0 instantiated — 90.2 MiB of device memory (1.6 GiB free)
2026-09-22 13:33:34.035 INFO  bus graph era: variant 1 recorded with 158 collective node(s)
2026-09-22 13:33:34.035 INFO  rank 3: graph variant 1 shape: 2359 nodes, 2592 edges: kernel 2359 empty 0 memcpy 0 memset 0 host 0 event 0 other 0; max in-degree 2
2026-09-22 13:33:34.041 INFO  rank 3: graph variant 1 instantiated — 15.5 MiB of device memory (1.6 GiB free)
2026-09-22 13:33:34.041 INFO  rank 3: serving scalar graph variants 0/1 captured for request slot 0 (1 rows)
2026-09-22 13:33:34.043 INFO  bus graph era: variant 16 recorded with 158 collective node(s)
2026-09-22 13:33:34.043 INFO  rank 3: graph variant 16 shape: 2435 nodes, 2668 edges: kernel 2435 empty 0 memcpy 0 memset 0 host 0 event 0 other 0; max in-degree 2
2026-09-22 13:33:34.048 INFO  rank 3: graph variant 16 instantiated — 17.8 MiB of device memory (1.6 GiB free)
2026-09-22 13:33:34.050 INFO  bus graph era: variant 17 recorded with 158 collective node(s)
2026-09-22 13:33:34.050 INFO  rank 3: graph variant 17 shape: 2435 nodes, 2668 edges: kernel 2435 empty 0 memcpy 0 memset 0 host 0 event 0 other 0; max in-degree 2
2026-09-22 13:33:34.056 INFO  rank 3: graph variant 17 instantiated — 22.3 MiB of device memory (1.6 GiB free)
2026-09-22 13:33:34.056 INFO  rank 3: serving row-batched graph variants 16/17 captured for 2 slots x 1 rows = 2 fixed rows (a batch is selected at 2+ live requests, the smallest that covers the live slots)
2026-09-22 13:33:34.059 INFO  bus graph era: variant 18 recorded with 158 collective node(s)
2026-09-22 13:33:34.059 INFO  rank 3: graph variant 18 shape: 2436 nodes, 2669 edges: kernel 2436 empty 0 memcpy 0 memset 0 host 0 event 0 other 0; max in-degree 2
2026-09-22 13:33:34.067 INFO  rank 3: graph variant 18 instantiated — 28.1 MiB of device memory (1.6 GiB free)
2026-09-22 13:33:34.069 INFO  bus graph era: variant 19 recorded with 158 collective node(s)
2026-09-22 13:33:34.069 INFO  rank 3: graph variant 19 shape: 2436 nodes, 2669 edges: kernel 2436 empty 0 memcpy 0 memset 0 host 0 event 0 other 0; max in-degree 2
2026-09-22 13:33:34.078 INFO  rank 3: graph variant 19 instantiated — 33.3 MiB of device memory (1.5 GiB free)
2026-09-22 13:33:34.078 INFO  rank 3: serving row-batched graph variants 18/19 captured for 3 slots x 1 rows = 3 fixed rows (a batch is selected at 2+ live requests, the smallest that covers the live slots)
2026-09-22 13:33:34.080 INFO  bus graph era: variant 20 recorded with 158 collective node(s)
2026-09-22 13:33:34.080 INFO  rank 3: graph variant 20 shape: 2437 nodes, 2670 edges: kernel 2437 empty 0 memcpy 0 memset 0 host 0 event 0 other 0; max in-degree 2
2026-09-22 13:33:34.089 INFO  rank 3: graph variant 20 instantiated — 31.4 MiB of device memory (1.5 GiB free)
2026-09-22 13:33:34.091 INFO  bus graph era: variant 21 recorded with 158 collective node(s)
2026-09-22 13:33:34.091 INFO  rank 3: graph variant 21 shape: 2437 nodes, 2670 edges: kernel 2437 empty 0 memcpy 0 memset 0 host 0 event 0 other 0; max in-degree 2
2026-09-22 13:33:34.099 INFO  rank 3: graph variant 21 instantiated — 28.3 MiB of device memory (1.5 GiB free)
2026-09-22 13:33:34.099 INFO  rank 3: serving row-batched graph variants 20/21 captured for 4 slots x 1 rows = 4 fixed rows (a batch is selected at 2+ live requests, the smallest that covers the live slots)
2026-09-22 13:33:34.101 INFO  bus graph era: variant 22 recorded with 158 collective node(s)
2026-09-22 13:33:34.101 INFO  rank 3: graph variant 22 shape: 2664 nodes, 2897 edges: kernel 2664 empty 0 memcpy 0 memset 0 host 0 event 0 other 0; max in-degree 2
2026-09-22 13:33:34.110 INFO  rank 3: graph variant 22 instantiated — 32.7 MiB of device memory (1.4 GiB free)
2026-09-22 13:33:34.112 INFO  bus graph era: variant 23 recorded with 158 collective node(s)
2026-09-22 13:33:34.112 INFO  rank 3: graph variant 23 shape: 2664 nodes, 2897 edges: kernel 2664 empty 0 memcpy 0 memset 0 host 0 event 0 other 0; max in-degree 2
2026-09-22 13:33:34.122 INFO  rank 3: graph variant 23 instantiated — 36.5 MiB of device memory (1.4 GiB free)
2026-09-22 13:33:34.122 INFO  rank 3: serving row-batched graph variants 22/23 captured for 6 slots x 1 rows = 6 fixed rows (a batch is selected at 2+ live requests, the smallest that covers the live slots)
2026-09-22 13:33:34.124 INFO  bus graph era: variant 24 recorded with 158 collective node(s)
2026-09-22 13:33:34.124 INFO  rank 3: graph variant 24 shape: 2666 nodes, 2899 edges: kernel 2666 empty 0 memcpy 0 memset 0 host 0 event 0 other 0; max in-degree 2
2026-09-22 13:33:34.133 INFO  rank 3: graph variant 24 instantiated — 29.2 MiB of device memory (1.4 GiB free)
2026-09-22 13:33:34.135 INFO  bus graph era: variant 25 recorded with 158 collective node(s)
2026-09-22 13:33:34.135 INFO  rank 3: graph variant 25 shape: 2666 nodes, 2899 edges: kernel 2666 empty 0 memcpy 0 memset 0 host 0 event 0 other 0; max in-degree 2
2026-09-22 13:33:34.145 INFO  rank 3: graph variant 25 instantiated — 34.2 MiB of device memory (1.3 GiB free)
2026-09-22 13:33:34.145 INFO  rank 3: serving row-batched graph variants 24/25 captured for 8 slots x 1 rows = 8 fixed rows (a batch is selected at 2+ live requests, the smallest that covers the live slots)
2026-09-22 13:33:34.249 INFO  bus graph era: variant 2 recorded with 158 collective node(s)
2026-09-22 13:33:34.249 INFO  rank 3: graph variant 2 shape: 2359 nodes, 2592 edges: kernel 2359 empty 0 memcpy 0 memset 0 host 0 event 0 other 0; max in-degree 2
2026-09-22 13:33:34.257 INFO  rank 3: graph variant 2 instantiated — 28.8 MiB of device memory (1.3 GiB free)
2026-09-22 13:33:34.258 INFO  bus graph era: variant 3 recorded with 158 collective node(s)
2026-09-22 13:33:34.259 INFO  rank 3: graph variant 3 shape: 2359 nodes, 2592 edges: kernel 2359 empty 0 memcpy 0 memset 0 host 0 event 0 other 0; max in-degree 2
2026-09-22 13:33:34.267 INFO  rank 3: graph variant 3 instantiated — 28.2 MiB of device memory (1.3 GiB free)
2026-09-22 13:33:34.267 INFO  rank 3: serving scalar graph variants 2/3 captured for request slot 1 (1 rows)
2026-09-22 13:33:34.371 INFO  bus graph era: variant 4 recorded with 158 collective node(s)
2026-09-22 13:33:34.371 INFO  rank 3: graph variant 4 shape: 2359 nodes, 2592 edges: kernel 2359 empty 0 memcpy 0 memset 0 host 0 event 0 other 0; max in-degree 2
2026-09-22 13:33:34.380 INFO  rank 3: graph variant 4 instantiated — 33.0 MiB of device memory (1.2 GiB free)
2026-09-22 13:33:34.381 INFO  bus graph era: variant 5 recorded with 158 collective node(s)
2026-09-22 13:33:34.382 INFO  rank 3: graph variant 5 shape: 2359 nodes, 2592 edges: kernel 2359 empty 0 memcpy 0 memset 0 host 0 event 0 other 0; max in-degree 2
2026-09-22 13:33:34.390 INFO  rank 3: graph variant 5 instantiated — 28.2 MiB of device memory (1.2 GiB free)
2026-09-22 13:33:34.390 INFO  rank 3: serving scalar graph variants 4/5 captured for request slot 2 (1 rows)
2026-09-22 13:33:34.492 INFO  bus graph era: variant 6 recorded with 158 collective node(s)
2026-09-22 13:33:34.492 INFO  rank 3: graph variant 6 shape: 2359 nodes, 2592 edges: kernel 2359 empty 0 memcpy 0 memset 0 host 0 event 0 other 0; max in-degree 2
2026-09-22 13:33:34.501 INFO  rank 3: graph variant 6 instantiated — 32.6 MiB of device memory (1.2 GiB free)
2026-09-22 13:33:34.502 INFO  bus graph era: variant 7 recorded with 158 collective node(s)
2026-09-22 13:33:34.502 INFO  rank 3: graph variant 7 shape: 2359 nodes, 2592 edges: kernel 2359 empty 0 memcpy 0 memset 0 host 0 event 0 other 0; max in-degree 2
2026-09-22 13:33:34.510 INFO  rank 3: graph variant 7 instantiated — 27.9 MiB of device memory (1.2 GiB free)
2026-09-22 13:33:34.510 INFO  rank 3: serving scalar graph variants 6/7 captured for request slot 3 (1 rows)
2026-09-22 13:33:34.612 INFO  bus graph era: variant 8 recorded with 158 collective node(s)
2026-09-22 13:33:34.612 INFO  rank 3: graph variant 8 shape: 2359 nodes, 2592 edges: kernel 2359 empty 0 memcpy 0 memset 0 host 0 event 0 other 0; max in-degree 2
2026-09-22 13:33:34.621 INFO  rank 3: graph variant 8 instantiated — 32.7 MiB of device memory (1.1 GiB free)
2026-09-22 13:33:34.623 INFO  bus graph era: variant 9 recorded with 158 collective node(s)
2026-09-22 13:33:34.623 INFO  rank 3: graph variant 9 shape: 2359 nodes, 2592 edges: kernel 2359 empty 0 memcpy 0 memset 0 host 0 event 0 other 0; max in-degree 2
2026-09-22 13:33:34.631 INFO  rank 3: graph variant 9 instantiated — 28.8 MiB of device memory (1.1 GiB free)
2026-09-22 13:33:34.631 INFO  rank 3: serving scalar graph variants 8/9 captured for request slot 4 (1 rows)
2026-09-22 13:33:34.733 INFO  bus graph era: variant 10 recorded with 158 collective node(s)
2026-09-22 13:33:34.733 INFO  rank 3: graph variant 10 shape: 2359 nodes, 2592 edges: kernel 2359 empty 0 memcpy 0 memset 0 host 0 event 0 other 0; max in-degree 2
2026-09-22 13:33:34.742 INFO  rank 3: graph variant 10 instantiated — 30.1 MiB of device memory (1.1 GiB free)
2026-09-22 13:33:34.744 INFO  bus graph era: variant 11 recorded with 158 collective node(s)
2026-09-22 13:33:34.744 INFO  rank 3: graph variant 11 shape: 2359 nodes, 2592 edges: kernel 2359 empty 0 memcpy 0 memset 0 host 0 event 0 other 0; max in-degree 2
2026-09-22 13:33:34.753 INFO  rank 3: graph variant 11 instantiated — 32.4 MiB of device memory (1.0 GiB free)
2026-09-22 13:33:34.753 INFO  rank 3: serving scalar graph variants 10/11 captured for request slot 5 (1 rows)
2026-09-22 13:33:34.856 INFO  bus graph era: variant 12 recorded with 158 collective node(s)
2026-09-22 13:33:34.856 INFO  rank 3: graph variant 12 shape: 2359 nodes, 2592 edges: kernel 2359 empty 0 memcpy 0 memset 0 host 0 event 0 other 0; max in-degree 2
2026-09-22 13:33:34.864 INFO  rank 3: graph variant 12 instantiated — 28.5 MiB of device memory (1.0 GiB free)
2026-09-22 13:33:34.866 INFO  bus graph era: variant 13 recorded with 158 collective node(s)
2026-09-22 13:33:34.866 INFO  rank 3: graph variant 13 shape: 2359 nodes, 2592 edges: kernel 2359 empty 0 memcpy 0 memset 0 host 0 event 0 other 0; max in-degree 2
2026-09-22 13:33:34.875 INFO  rank 3: graph variant 13 instantiated — 32.5 MiB of device memory (1.0 GiB free)
2026-09-22 13:33:34.875 INFO  rank 3: serving scalar graph variants 12/13 captured for request slot 6 (1 rows)
2026-09-22 13:33:34.978 INFO  bus graph era: variant 14 recorded with 158 collective node(s)
2026-09-22 13:33:34.978 INFO  rank 3: graph variant 14 shape: 2359 nodes, 2592 edges: kernel 2359 empty 0 memcpy 0 memset 0 host 0 event 0 other 0; max in-degree 2
2026-09-22 13:33:34.986 INFO  rank 3: graph variant 14 instantiated — 26.1 MiB of device memory (1.0 GiB free)
2026-09-22 13:33:34.987 INFO  bus graph era: variant 15 recorded with 158 collective node(s)
2026-09-22 13:33:34.988 INFO  rank 3: graph variant 15 shape: 2359 nodes, 2592 edges: kernel 2359 empty 0 memcpy 0 memset 0 host 0 event 0 other 0; max in-degree 2
2026-09-22 13:33:34.997 INFO  rank 3: graph variant 15 instantiated — 31.6 MiB of device memory (0.9 GiB free)
2026-09-22 13:33:34.997 INFO  rank 3: serving scalar graph variants 14/15 captured for request slot 7 (1 rows)
2026-09-22 13:33:34.997 INFO  rank 3: warm capture complete — 8 scalar variants and the row batches for 2 slots, 3 slots, 4 slots, 6 slots, 8 slots recorded before the first request
2026-09-22 13:33:34.997 INFO  memory ledger: rank 3 after the warm capture — rss 1.89 GiB (anon 1.13, shmem 0.11, file 0.65; locked 14.16); device free 0.92 GiB, node available 5.55 GiB
2026-09-22 13:33:34.997 INFO  rank 3: graph variants warm-captured in 1.56s
2026-09-22 13:33:34.997 INFO  rank 3: following rank 0's journal (admission full, window 256)
2026-09-22 13:33:36.323 INFO  sched: request 'chatcmpl-0150f48f4bc2f0d0' prefix cache miss — 3 cut(s), the cache is empty
2026-09-22 13:33:36.323 INFO  sched: request 'chatcmpl-0150f48f4bc2f0d0' admitted to slot 0 (reserve 1 blocks; pool 2/1664 blocks in use) — first token 785
2026-09-22 13:33:39.494 INFO  sched: request 'chatcmpl-0150f48f4bc2f0d0' retired (steps): 64 tok in 3.2 s — prefill 62 tok (0 cached) in 904 ms; decode 63 tok / 63 passes in 2.3 s: 27.8 tok/s, 36.0 ms/tok, 36 ms/pass, 1.00 tok/pass
2026-09-22 13:33:40.218 INFO  sched: request 'chatcmpl-0150f48f4bc2f0d1' prefix cache miss — 3 cut(s) probed against 2 entries; the nearest entry (position 125) shares the first 12 of the prompt's 37 tokens (the prompt differs from it from that token on)
2026-09-22 13:33:40.218 INFO  sched: request 'chatcmpl-0150f48f4bc2f0d1' admitted to slot 0 (reserve 3 blocks; pool 6/1664 blocks in use) — first token 785
2026-09-22 13:33:45.176 INFO  stats: rank 3 | 10.0 s | decode 16.4 tok/s, 48.8 ms/tok, 49.4 ms/step (162 steps / 164 tok, 80 % of wall) | prefill 2 prompts / 99 tok, 10 tok/s, 16.28 ms/tok, 806 ms avg (16 % of wall), 0 tok cached (0/2 hits) | live 1, queued 0 | pool 7/1664 blocks (0 %) | prefix cache 3/4096 entries
2026-09-22 13:33:52.998 INFO  sched: request 'chatcmpl-0150f48f4bc2f0d1' retired (steps): 256 tok in 12.8 s — prefill 37 tok (0 cached) in 707 ms; decode 255 tok / 255 passes in 12.1 s: 21.1 tok/s, 47.3 ms/tok, 47 ms/pass, 1.00 tok/pass
2026-09-22 13:33:53.117 INFO  sched: request 'chatcmpl-0150f48f4bc2f0d2' admitted to slot 0 (reserve 3 blocks; pool 9/1664 blocks in use) — first token 785
2026-09-22 13:33:55.224 INFO  stats: rank 3 | 10.0 s | decode 19.8 tok/s, 49.3 ms/tok, 49.5 ms/step (198 steps / 199 tok, 98 % of wall) | prefill 1 prompt / 2 tok, 0 tok/s, 48.68 ms/tok, 97 ms avg (1 % of wall), 35 tok cached (1/1 hit) | live 1, queued 0 | pool 10/1664 blocks (1 %) | prefix cache 4/4096 entries
2026-09-22 13:34:05.263 INFO  stats: rank 3 | 10.0 s | decode 19.9 tok/s, 49.6 ms/tok, 49.6 ms/step (200 steps / 200 tok, 99 % of wall) | prefill 0 prompts / 0 tok, 0 tok cached (0/0 hits) | live 1, queued 0 | pool 10/1664 blocks (1 %) | prefix cache 4/4096 entries
2026-09-22 13:34:05.915 INFO  sched: request 'chatcmpl-0150f48f4bc2f0d2' retired (steps): 256 tok in 12.8 s — prefill 37 tok (35 cached) in 97 ms; decode 255 tok / 255 passes in 12.7 s: 20.1 tok/s, 49.8 ms/tok, 50 ms/pass, 1.00 tok/pass
2026-09-22 13:34:06.037 INFO  sched: request 'chatcmpl-0150f48f4bc2f0d3' admitted to slot 0 (reserve 3 blocks; pool 9/1664 blocks in use) — first token 785
2026-09-22 13:34:15.263 INFO  stats: rank 3 | 10.0 s | decode 19.5 tok/s, 50.0 ms/tok, 50.3 ms/step (194 steps / 195 tok, 98 % of wall) | prefill 1 prompt / 2 tok, 0 tok/s, 52.62 ms/tok, 105 ms avg (1 % of wall), 35 tok cached (1/1 hit) | live 1, queued 0 | pool 10/1664 blocks (1 %) | prefix cache 4/4096 entries
2026-09-22 13:34:19.024 INFO  sched: request 'chatcmpl-0150f48f4bc2f0d3' retired (steps): 256 tok in 13.0 s — prefill 37 tok (35 cached) in 105 ms; decode 255 tok / 255 passes in 12.9 s: 19.8 tok/s, 50.5 ms/tok, 51 ms/pass, 1.00 tok/pass
2026-09-22 13:34:19.847 INFO  sched: request 'chatcmpl-0150f48f4bc2f0d4' prefix cache miss — 3 cut(s) probed against 4 entries; the nearest entry (position 292) shares the first 12 of the prompt's 51 tokens (the prompt differs from it from that token on)
2026-09-22 13:34:19.847 INFO  sched: request 'chatcmpl-0150f48f4bc2f0d4' admitted to slot 0 (reserve 3 blocks; pool 10/1664 blocks in use) — first token 785
2026-09-22 13:34:25.289 INFO  stats: rank 3 | 10.0 s | decode 18.2 tok/s, 49.9 ms/tok, 50.2 ms/step (181 steps / 182 tok, 91 % of wall) | prefill 1 prompt / 51 tok, 5 tok/s, 15.82 ms/tok, 807 ms avg (8 % of wall), 0 tok cached (0/1 hit) | live 1, queued 0 | pool 11/1664 blocks (1 %) | prefix cache 5/4096 entries
2026-09-22 13:34:32.832 INFO  sched: request 'chatcmpl-0150f48f4bc2f0d4' retired (steps): 256 tok in 13.0 s — prefill 51 tok (0 cached) in 807 ms; decode 255 tok / 255 passes in 12.2 s: 20.9 tok/s, 47.8 ms/tok, 48 ms/pass, 1.00 tok/pass
2026-09-22 13:34:32.936 INFO  sched: request 'chatcmpl-0150f48f4bc2f0d5' admitted to slot 0 (reserve 3 blocks; pool 13/1664 blocks in use) — first token 785
2026-09-22 13:34:35.321 INFO  stats: rank 3 | 10.0 s | decode 19.5 tok/s, 50.0 ms/tok, 50.3 ms/step (195 steps / 196 tok, 98 % of wall) | prefill 1 prompt / 2 tok, 0 tok/s, 46.25 ms/tok, 92 ms avg (1 % of wall), 49 tok cached (1/1 hit) | live 1, queued 0 | pool 14/1664 blocks (1 %) | prefix cache 6/4096 entries
2026-09-22 13:34:45.337 INFO  stats: rank 3 | 10.0 s | decode 19.7 tok/s, 50.3 ms/tok, 50.3 ms/step (197 steps / 197 tok, 99 % of wall) | prefill 0 prompts / 0 tok, 0 tok cached (0/0 hits) | live 1, queued 0 | pool 14/1664 blocks (1 %) | prefix cache 6/4096 entries
2026-09-22 13:34:45.907 INFO  sched: request 'chatcmpl-0150f48f4bc2f0d5' retired (steps): 256 tok in 13.0 s — prefill 51 tok (49 cached) in 92 ms; decode 255 tok / 255 passes in 12.9 s: 19.8 tok/s, 50.5 ms/tok, 51 ms/pass, 1.00 tok/pass
2026-09-22 13:34:46.028 INFO  sched: request 'chatcmpl-0150f48f4bc2f0d6' admitted to slot 0 (reserve 3 blocks; pool 13/1664 blocks in use) — first token 785
2026-09-22 13:34:55.343 INFO  stats: rank 3 | 10.0 s | decode 19.6 tok/s, 49.9 ms/tok, 50.1 ms/step (195 steps / 196 tok, 98 % of wall) | prefill 1 prompt / 2 tok, 0 tok/s, 47.59 ms/tok, 95 ms avg (1 % of wall), 49 tok cached (1/1 hit) | live 1, queued 0 | pool 14/1664 blocks (1 %) | prefix cache 6/4096 entries
2026-09-22 13:34:58.910 INFO  sched: request 'chatcmpl-0150f48f4bc2f0d6' retired (steps): 256 tok in 12.9 s — prefill 51 tok (49 cached) in 95 ms; decode 255 tok / 255 passes in 12.8 s: 19.9 tok/s, 50.1 ms/tok, 50 ms/pass, 1.00 tok/pass
2026-09-22 13:34:59.713 INFO  sched: request 'chatcmpl-0150f48f4bc2f0d7' prefix cache miss — 3 cut(s) probed against 6 entries; the nearest entry (position 306) shares the first 10 of the prompt's 46 tokens (the prompt differs from it from that token on)
2026-09-22 13:34:59.713 INFO  sched: request 'chatcmpl-0150f48f4bc2f0d7' admitted to slot 0 (reserve 3 blocks; pool 14/1664 blocks in use) — first token 785
2026-09-22 13:35:05.379 INFO  stats: rank 3 | 10.0 s | decode 18.4 tok/s, 49.4 ms/tok, 49.6 ms/step (184 steps / 185 tok, 91 % of wall) | prefill 1 prompt / 46 tok, 5 tok/s, 16.76 ms/tok, 771 ms avg (8 % of wall), 0 tok cached (0/1 hit) | live 1, queued 0 | pool 15/1664 blocks (1 %) | prefix cache 7/4096 entries
2026-09-22 13:35:12.494 INFO  sched: request 'chatcmpl-0150f48f4bc2f0d7' retired (steps): 256 tok in 12.8 s — prefill 46 tok (0 cached) in 771 ms; decode 255 tok / 255 passes in 12.0 s: 21.2 tok/s, 47.1 ms/tok, 47 ms/pass, 1.00 tok/pass
2026-09-22 13:35:12.609 INFO  sched: request 'chatcmpl-0150f48f4bc2f0d8' admitted to slot 0 (reserve 3 blocks; pool 17/1664 blocks in use) — first token 785
2026-09-22 13:35:15.423 INFO  stats: rank 3 | 10.0 s | decode 19.8 tok/s, 49.3 ms/tok, 49.5 ms/step (198 steps / 199 tok, 98 % of wall) | prefill 1 prompt / 2 tok, 0 tok/s, 46.73 ms/tok, 93 ms avg (1 % of wall), 44 tok cached (1/1 hit) | live 1, queued 0 | pool 18/1664 blocks (1 %) | prefix cache 8/4096 entries
2026-09-22 13:35:25.412 INFO  sched: request 'chatcmpl-0150f48f4bc2f0d8' retired (steps): 256 tok in 12.8 s — prefill 46 tok (44 cached) in 93 ms; decode 255 tok / 255 passes in 12.7 s: 20.1 tok/s, 49.8 ms/tok, 50 ms/pass, 1.00 tok/pass
2026-09-22 13:35:25.523 INFO  sched: request 'chatcmpl-0150f48f4bc2f0d9' admitted to slot 0 (reserve 3 blocks; pool 17/1664 blocks in use) — first token 785
2026-09-22 13:35:25.574 INFO  stats: rank 3 | 10.2 s | decode 19.8 tok/s, 49.3 ms/tok, 49.6 ms/step (200 steps / 201 tok, 98 % of wall) | prefill 1 prompt / 2 tok, 0 tok/s, 47.27 ms/tok, 95 ms avg (1 % of wall), 44 tok cached (1/1 hit) | live 1, queued 0 | pool 18/1664 blocks (1 %) | prefix cache 8/4096 entries
2026-09-22 13:35:35.611 INFO  stats: rank 3 | 10.0 s | decode 19.9 tok/s, 49.6 ms/tok, 49.6 ms/step (200 steps / 200 tok, 99 % of wall) | prefill 0 prompts / 0 tok, 0 tok cached (0/0 hits) | live 1, queued 0 | pool 18/1664 blocks (1 %) | prefix cache 8/4096 entries
2026-09-22 13:35:38.317 INFO  sched: request 'chatcmpl-0150f48f4bc2f0d9' retired (steps): 256 tok in 12.8 s — prefill 46 tok (44 cached) in 95 ms; decode 255 tok / 255 passes in 12.7 s: 20.1 tok/s, 49.8 ms/tok, 50 ms/pass, 1.00 tok/pass
2026-09-22 13:35:39.280 INFO  sched: request 'chatcmpl-0150f48f4bc2f0da' prefix cache miss — 3 cut(s) probed against 8 entries; the nearest entry (position 306) shares the first 10 of the prompt's 68 tokens (the prompt differs from it from that token on)
2026-09-22 13:35:39.280 INFO  sched: request 'chatcmpl-0150f48f4bc2f0da' admitted to slot 0 (reserve 3 blocks; pool 18/1664 blocks in use) — first token 1654
2026-09-22 13:35:45.654 INFO  stats: rank 3 | 10.0 s | decode 18.1 tok/s, 49.3 ms/tok, 49.5 ms/step (181 steps / 182 tok, 89 % of wall) | prefill 1 prompt / 68 tok, 7 tok/s, 13.70 ms/tok, 932 ms avg (9 % of wall), 0 tok cached (0/1 hit) | live 1, queued 0 | pool 19/1664 blocks (1 %) | prefix cache 9/4096 entries
2026-09-22 13:35:52.078 INFO  sched: request 'chatcmpl-0150f48f4bc2f0da' retired (steps): 256 tok in 12.8 s — prefill 68 tok (0 cached) in 932 ms; decode 255 tok / 255 passes in 11.9 s: 21.5 tok/s, 46.5 ms/tok, 47 ms/pass, 1.00 tok/pass
2026-09-22 13:35:52.187 INFO  sched: request 'chatcmpl-0150f48f4bc2f0db' admitted to slot 0 (reserve 3 blocks; pool 21/1664 blocks in use) — first token 1654
2026-09-22 13:35:55.663 INFO  stats: rank 3 | 10.0 s | decode 19.8 tok/s, 49.3 ms/tok, 49.6 ms/step (197 steps / 198 tok, 98 % of wall) | prefill 1 prompt / 2 tok, 0 tok/s, 46.74 ms/tok, 93 ms avg (1 % of wall), 66 tok cached (1/1 hit) | live 1, queued 0 | pool 22/1664 blocks (1 %) | prefix cache 10/4096 entries
2026-09-22 13:36:05.000 INFO  sched: request 'chatcmpl-0150f48f4bc2f0db' retired (steps): 256 tok in 12.8 s — prefill 68 tok (66 cached) in 93 ms; decode 255 tok / 255 passes in 12.7 s: 20.0 tok/s, 49.9 ms/tok, 50 ms/pass, 1.00 tok/pass
2026-09-22 13:36:05.125 INFO  sched: request 'chatcmpl-0150f48f4bc2f0dc' admitted to slot 0 (reserve 3 blocks; pool 21/1664 blocks in use) — first token 1654
2026-09-22 13:36:05.680 INFO  stats: rank 3 | 10.0 s | decode 19.8 tok/s, 49.4 ms/tok, 49.6 ms/step (197 steps / 198 tok, 98 % of wall) | prefill 1 prompt / 2 tok, 0 tok/s, 47.09 ms/tok, 94 ms avg (1 % of wall), 66 tok cached (1/1 hit) | live 1, queued 0 | pool 22/1664 blocks (1 %) | prefix cache 10/4096 entries
2026-09-22 13:36:15.715 INFO  stats: rank 3 | 10.0 s | decode 19.9 tok/s, 49.5 ms/tok, 49.5 ms/step (200 steps / 200 tok, 99 % of wall) | prefill 0 prompts / 0 tok, 0 tok cached (0/0 hits) | live 1, queued 0 | pool 22/1664 blocks (1 %) | prefix cache 10/4096 entries
2026-09-22 13:36:17.916 INFO  sched: request 'chatcmpl-0150f48f4bc2f0dc' retired (steps): 256 tok in 12.8 s — prefill 68 tok (66 cached) in 94 ms; decode 255 tok / 255 passes in 12.7 s: 20.1 tok/s, 49.8 ms/tok, 50 ms/pass, 1.00 tok/pass
2026-09-22 13:36:18.671 INFO  sched: request 'chatcmpl-0150f48f4bc2f0dd' prefix cache miss — 3 cut(s) probed against 10 entries; the nearest entry (position 323) shares the first 10 of the prompt's 40 tokens (the prompt differs from it from that token on)
2026-09-22 13:36:18.671 INFO  sched: request 'chatcmpl-0150f48f4bc2f0dd' admitted to slot 0 (reserve 3 blocks; pool 22/1664 blocks in use) — first token 785
2026-09-22 13:36:25.716 INFO  stats: rank 3 | 10.0 s | decode 18.5 tok/s, 49.3 ms/tok, 49.6 ms/step (184 steps / 185 tok, 91 % of wall) | prefill 1 prompt / 40 tok, 4 tok/s, 18.60 ms/tok, 744 ms avg (7 % of wall), 0 tok cached (0/1 hit) | live 1, queued 0 | pool 23/1664 blocks (1 %) | prefix cache 11/4096 entries
2026-09-22 13:36:31.487 INFO  sched: request 'chatcmpl-0150f48f4bc2f0dd' retired (steps): 256 tok in 12.8 s — prefill 40 tok (0 cached) in 744 ms; decode 255 tok / 255 passes in 12.1 s: 21.1 tok/s, 47.3 ms/tok, 47 ms/pass, 1.00 tok/pass
2026-09-22 13:36:31.597 INFO  sched: request 'chatcmpl-0150f48f4bc2f0de' admitted to slot 0 (reserve 3 blocks; pool 25/1664 blocks in use) — first token 785
2026-09-22 13:36:35.718 INFO  stats: rank 3 | 10.0 s | decode 19.8 tok/s, 49.3 ms/tok, 49.6 ms/step (197 steps / 198 tok, 98 % of wall) | prefill 1 prompt / 2 tok, 0 tok/s, 46.87 ms/tok, 94 ms avg (1 % of wall), 38 tok cached (1/1 hit) | live 1, queued 0 | pool 26/1664 blocks (2 %) | prefix cache 12/4096 entries
2026-09-22 13:36:44.389 INFO  sched: request 'chatcmpl-0150f48f4bc2f0de' retired (steps): 256 tok in 12.8 s — prefill 40 tok (38 cached) in 94 ms; decode 255 tok / 255 passes in 12.7 s: 20.1 tok/s, 49.8 ms/tok, 50 ms/pass, 1.00 tok/pass
2026-09-22 13:36:44.510 INFO  sched: request 'chatcmpl-0150f48f4bc2f0df' admitted to slot 0 (reserve 3 blocks; pool 25/1664 blocks in use) — first token 785
2026-09-22 13:36:45.729 INFO  stats: rank 3 | 10.0 s | decode 19.8 tok/s, 49.4 ms/tok, 49.6 ms/step (197 steps / 198 tok, 98 % of wall) | prefill 1 prompt / 2 tok, 0 tok/s, 47.34 ms/tok, 95 ms avg (1 % of wall), 38 tok cached (1/1 hit) | live 1, queued 0 | pool 26/1664 blocks (2 %) | prefix cache 12/4096 entries
2026-09-22 13:36:55.762 INFO  stats: rank 3 | 10.0 s | decode 19.9 tok/s, 49.5 ms/tok, 49.5 ms/step (200 steps / 200 tok, 99 % of wall) | prefill 0 prompts / 0 tok, 0 tok cached (0/0 hits) | live 1, queued 0 | pool 26/1664 blocks (2 %) | prefix cache 12/4096 entries
2026-09-22 13:36:57.316 INFO  sched: request 'chatcmpl-0150f48f4bc2f0df' retired (steps): 256 tok in 12.8 s — prefill 40 tok (38 cached) in 95 ms; decode 255 tok / 255 passes in 12.7 s: 20.1 tok/s, 49.8 ms/tok, 50 ms/pass, 1.00 tok/pass
2026-09-22 13:36:59.268 INFO  journal: stop record — exiting
2026-09-22 13:36:59.291 INFO  rank 3: graph engine sampling summary — 0 sampled decode steps, 0 served by the exact gather fallback (0.0%), 128 candidates per rank
2026-09-22 13:37:00.466 INFO  rank 3: exited cleanly
