model XiaomiMiMo/MiMo-V2.6-Flash-RL
warm 0: status 200 tokens 64
== prose concurrency 1: 23:06:11.902 .. 23:06:18.239  wall 6.3 s
   req 0: status 200 finish=length tokens 256 chunks 256 ttft 379 ms  client update pace 23.36 ms/update
   aggregate wall: 256 tokens in 6.34 s = 40.40 tok/s (prefill included)
   legacy output-span aggregate: 42.96852296820599 tok/s (initial TTFT excluded; later admissions included)
   engine decode: 43.236 tok/s
== prose concurrency 1: 23:06:18.240 .. 23:06:24.309  wall 6.1 s
   req 0: status 200 finish=length tokens 256 chunks 256 ttft 102 ms  client update pace 23.29 ms/update
   aggregate wall: 256 tokens in 6.07 s = 42.18 tok/s (prefill included)
   legacy output-span aggregate: 43.097047538325526 tok/s (initial TTFT excluded; later admissions included)
   engine decode: 43.273 tok/s
== prose concurrency 1: 23:06:24.310 .. 23:06:30.390  wall 6.1 s
   req 0: status 200 finish=length tokens 256 chunks 256 ttft 101 ms  client update pace 23.34 ms/update
   aggregate wall: 256 tokens in 6.08 s = 42.11 tok/s (prefill included)
   legacy output-span aggregate: 43.01088396083297 tok/s (initial TTFT excluded; later admissions included)
   engine decode: 43.212 tok/s
== prose concurrency 2: 23:06:30.391 .. 23:06:40.319  wall 9.9 s
   req 0: status 200 finish=length tokens 256 chunks 256 ttft 381 ms  client update pace 36.14 ms/update
   req 1: status 200 finish=length tokens 256 chunks 256 ttft 787 ms  client update pace 35.84 ms/update
   aggregate wall: 512 tokens in 9.93 s = 51.57 tok/s (prefill included)
   legacy output-span aggregate: 53.62760237203442 tok/s (initial TTFT excluded; later admissions included)
   engine decode: 56.192 tok/s
== prose concurrency 2: 23:06:40.320 .. 23:06:49.712  wall 9.4 s
   req 0: status 200 finish=length tokens 256 chunks 256 ttft 102 ms  client update pace 35.14 ms/update
   req 1: status 200 finish=length tokens 256 chunks 256 ttft 253 ms  client update pace 35.83 ms/update
   aggregate wall: 512 tokens in 9.39 s = 54.52 tok/s (prefill included)
   legacy output-span aggregate: 55.12071908208677 tok/s (initial TTFT excluded; later admissions included)
   engine decode: 56.226 tok/s
== prose concurrency 2: 23:06:49.713 .. 23:06:59.112  wall 9.4 s
   req 0: status 200 finish=length tokens 256 chunks 256 ttft 128 ms  client update pace 35.05 ms/update
   req 1: status 200 finish=length tokens 256 chunks 256 ttft 254 ms  client update pace 35.86 ms/update
   aggregate wall: 512 tokens in 9.40 s = 54.47 tok/s (prefill included)
   legacy output-span aggregate: 55.22840422450227 tok/s (initial TTFT excluded; later admissions included)
   engine decode: 56.265 tok/s
== prose concurrency 4: 23:06:59.115 .. 23:07:14.281  wall 15.2 s
   req 0: status 200 finish=length tokens 256 chunks 256 ttft 384 ms  client update pace 57.96 ms/update
   req 1: status 200 finish=length tokens 256 chunks 256 ttft 1575 ms  client update pace 51.49 ms/update
   req 2: status 200 finish=length tokens 256 chunks 256 ttft 763 ms  client update pace 54.97 ms/update
   req 3: status 200 finish=length tokens 256 chunks 256 ttft 1144 ms  client update pace 53.78 ms/update
   aggregate wall: 1024 tokens in 15.17 s = 67.52 tok/s (prefill included)
   legacy output-span aggregate: 69.28030486244245 tok/s (initial TTFT excluded; later admissions included)
   engine decode: 75.413 tok/s
== prose concurrency 4: 23:07:14.282 .. 23:07:28.455  wall 14.2 s
   req 0: status 200 finish=length tokens 256 chunks 256 ttft 103 ms  client update pace 55.18 ms/update
   req 1: status 200 finish=length tokens 256 chunks 256 ttft 560 ms  client update pace 51.58 ms/update
   req 2: status 200 finish=length tokens 256 chunks 256 ttft 407 ms  client update pace 52.78 ms/update
   req 3: status 200 finish=length tokens 256 chunks 256 ttft 254 ms  client update pace 53.08 ms/update
   aggregate wall: 1024 tokens in 14.17 s = 72.25 tok/s (prefill included)
   legacy output-span aggregate: 72.77903818287099 tok/s (initial TTFT excluded; later admissions included)
   engine decode: 75.288 tok/s
== prose concurrency 4: 23:07:28.456 .. 23:07:42.653  wall 14.2 s
   req 0: status 200 finish=length tokens 256 chunks 256 ttft 128 ms  client update pace 55.17 ms/update
   req 1: status 200 finish=length tokens 256 chunks 256 ttft 256 ms  client update pace 51.85 ms/update
   req 2: status 200 finish=length tokens 256 chunks 256 ttft 410 ms  client update pace 52.76 ms/update
   req 3: status 200 finish=length tokens 256 chunks 256 ttft 563 ms  client update pace 52.46 ms/update
   aggregate wall: 1024 tokens in 14.20 s = 72.13 tok/s (prefill included)
   legacy output-span aggregate: 72.78695097053999 tok/s (initial TTFT excluded; later admissions included)
   engine decode: 75.175 tok/s
== code concurrency 1: 23:07:42.660 .. 23:07:48.870  wall 6.2 s
   req 0: status 200 finish=length tokens 256 chunks 256 ttft 435 ms  client update pace 22.65 ms/update
   aggregate wall: 256 tokens in 6.21 s = 41.22 tok/s (prefill included)
   legacy output-span aggregate: 44.32816427368054 tok/s (initial TTFT excluded; later admissions included)
   engine decode: 44.635 tok/s
== code concurrency 1: 23:07:48.871 .. 23:07:54.758  wall 5.9 s
   req 0: status 200 finish=length tokens 256 chunks 256 ttft 103 ms  client update pace 22.68 ms/update
   aggregate wall: 256 tokens in 5.89 s = 43.49 tok/s (prefill included)
   legacy output-span aggregate: 44.26473574985224 tok/s (initial TTFT excluded; later admissions included)
   engine decode: 44.614 tok/s
== code concurrency 1: 23:07:54.759 .. 23:08:00.632  wall 5.9 s
   req 0: status 200 finish=length tokens 256 chunks 256 ttft 103 ms  client update pace 22.63 ms/update
   aggregate wall: 256 tokens in 5.87 s = 43.58 tok/s (prefill included)
   legacy output-span aggregate: 44.36771240403345 tok/s (initial TTFT excluded; later admissions included)
   engine decode: 44.710 tok/s
== code concurrency 2: 23:08:00.637 .. 23:08:10.036  wall 9.4 s
   req 0: status 200 finish=length tokens 256 chunks 256 ttft 435 ms  client update pace 35.15 ms/update
   req 1: status 200 finish=length tokens 256 chunks 256 ttft 896 ms  client update pace 32.44 ms/update
   aggregate wall: 512 tokens in 9.40 s = 54.47 tok/s (prefill included)
   legacy output-span aggregate: 57.121799338206806 tok/s (initial TTFT excluded; later admissions included)
   engine decode: 60.399 tok/s
== code concurrency 2: 23:08:10.037 .. 23:08:18.791  wall 8.8 s
   req 0: status 200 finish=length tokens 256 chunks 256 ttft 103 ms  client update pace 33.92 ms/update
   req 1: status 200 finish=length tokens 256 chunks 256 ttft 256 ms  client update pace 32.33 ms/update
   aggregate wall: 512 tokens in 8.75 s = 58.49 tok/s (prefill included)
   legacy output-span aggregate: 59.19160176482881 tok/s (initial TTFT excluded; later admissions included)
   engine decode: 60.404 tok/s
== code concurrency 2: 23:08:18.792 .. 23:08:27.528  wall 8.7 s
   req 0: status 200 finish=length tokens 256 chunks 256 ttft 103 ms  client update pace 33.85 ms/update
   req 1: status 200 finish=length tokens 256 chunks 256 ttft 254 ms  client update pace 32.27 ms/update
   aggregate wall: 512 tokens in 8.74 s = 58.61 tok/s (prefill included)
   legacy output-span aggregate: 59.31079866833535 tok/s (initial TTFT excluded; later admissions included)
   engine decode: 60.512 tok/s
== code concurrency 4: 23:08:27.537 .. 23:08:42.031  wall 14.5 s
   req 0: status 200 finish=length tokens 256 chunks 256 ttft 431 ms  client update pace 52.56 ms/update
   req 1: status 200 finish=length tokens 256 chunks 256 ttft 1213 ms  client update pace 51.98 ms/update
   req 2: status 200 finish=length tokens 256 chunks 256 ttft 809 ms  client update pace 53.07 ms/update
   req 3: status 200 finish=length tokens 256 chunks 256 ttft 1615 ms  client update pace 49.31 ms/update
   aggregate wall: 1024 tokens in 14.49 s = 70.65 tok/s (prefill included)
   legacy output-span aggregate: 72.95006424413863 tok/s (initial TTFT excluded; later admissions included)
   engine decode: 79.614 tok/s
== code concurrency 4: 23:08:42.032 .. 23:08:55.464  wall 13.4 s
   req 0: status 200 finish=length tokens 256 chunks 256 ttft 103 ms  client update pace 49.65 ms/update
   req 1: status 200 finish=length tokens 256 chunks 256 ttft 385 ms  client update pace 51.16 ms/update
   req 2: status 200 finish=length tokens 256 chunks 256 ttft 256 ms  client update pace 51.06 ms/update
   req 3: status 200 finish=length tokens 256 chunks 256 ttft 564 ms  client update pace 49.35 ms/update
   aggregate wall: 1024 tokens in 13.43 s = 76.24 tok/s (prefill included)
   legacy output-span aggregate: 76.82901299003885 tok/s (initial TTFT excluded; later admissions included)
   engine decode: 79.760 tok/s
== code concurrency 4: 23:08:55.464 .. 23:09:08.854  wall 13.4 s
   req 0: status 200 finish=length tokens 256 chunks 256 ttft 103 ms  client update pace 49.61 ms/update
   req 1: status 200 finish=length tokens 256 chunks 256 ttft 254 ms  client update pace 51.51 ms/update
   req 2: status 200 finish=length tokens 256 chunks 256 ttft 404 ms  client update pace 50.72 ms/update
   req 3: status 200 finish=length tokens 256 chunks 256 ttft 555 ms  client update pace 49.23 ms/update
   aggregate wall: 1024 tokens in 13.39 s = 76.48 tok/s (prefill included)
   legacy output-span aggregate: 77.07014984596145 tok/s (initial TTFT excluded; later admissions included)
   engine decode: 80.021 tok/s
== json concurrency 1: 23:09:08.862 .. 23:09:14.653  wall 5.8 s
   req 0: status 200 finish=length tokens 256 chunks 256 ttft 432 ms  client update pace 21.01 ms/update
   aggregate wall: 256 tokens in 5.79 s = 44.21 tok/s (prefill included)
   legacy output-span aggregate: 47.78179876286131 tok/s (initial TTFT excluded; later admissions included)
   engine decode: 48.188 tok/s
== json concurrency 1: 23:09:14.668 .. 23:09:20.136  wall 5.5 s
   req 0: status 200 finish=length tokens 256 chunks 256 ttft 103 ms  client update pace 21.04 ms/update
   aggregate wall: 256 tokens in 5.47 s = 46.82 tok/s (prefill included)
   legacy output-span aggregate: 47.722254735655646 tok/s (initial TTFT excluded; later admissions included)
   engine decode: 48.209 tok/s
== json concurrency 1: 23:09:20.137 .. 23:09:25.587  wall 5.4 s
   req 0: status 200 finish=length tokens 256 chunks 256 ttft 102 ms  client update pace 20.97 ms/update
   aggregate wall: 256 tokens in 5.45 s = 46.98 tok/s (prefill included)
   legacy output-span aggregate: 47.88258811108455 tok/s (initial TTFT excluded; later admissions included)
   engine decode: 48.192 tok/s
== json concurrency 2: 23:09:25.595 .. 23:09:34.311  wall 8.7 s
   req 0: status 200 finish=length tokens 256 chunks 256 ttft 431 ms  client update pace 32.49 ms/update
   req 1: status 200 finish=length tokens 256 chunks 256 ttft 888 ms  client update pace 30.60 ms/update
   aggregate wall: 512 tokens in 8.72 s = 58.74 tok/s (prefill included)
   legacy output-span aggregate: 61.80325461884302 tok/s (initial TTFT excluded; later admissions included)
   engine decode: 65.858 tok/s
== json concurrency 2: 23:09:34.312 .. 23:09:42.369  wall 8.1 s
   req 0: status 200 finish=length tokens 256 chunks 256 ttft 103 ms  client update pace 31.19 ms/update
   req 1: status 200 finish=length tokens 256 chunks 256 ttft 231 ms  client update pace 30.69 ms/update
   aggregate wall: 512 tokens in 8.06 s = 63.55 tok/s (prefill included)
   legacy output-span aggregate: 64.37282430448725 tok/s (initial TTFT excluded; later admissions included)
   engine decode: 65.886 tok/s
== json concurrency 2: 23:09:42.370 .. 23:09:50.441  wall 8.1 s
   req 0: status 200 finish=length tokens 256 chunks 256 ttft 103 ms  client update pace 31.24 ms/update
   req 1: status 200 finish=length tokens 256 chunks 256 ttft 256 ms  client update pace 30.54 ms/update
   aggregate wall: 512 tokens in 8.07 s = 63.44 tok/s (prefill included)
   legacy output-span aggregate: 64.26227791601704 tok/s (initial TTFT excluded; later admissions included)
   engine decode: 65.881 tok/s
== json concurrency 4: 23:09:50.450 .. 23:10:04.573  wall 14.1 s
   req 0: status 200 finish=length tokens 256 chunks 256 ttft 431 ms  client update pace 51.41 ms/update
   req 1: status 200 finish=length tokens 256 chunks 256 ttft 834 ms  client update pace 50.22 ms/update
   req 2: status 200 finish=length tokens 256 chunks 256 ttft 1237 ms  client update pace 49.04 ms/update
   req 3: status 200 finish=length tokens 256 chunks 256 ttft 1666 ms  client update pace 48.85 ms/update
   aggregate wall: 1024 tokens in 14.12 s = 72.50 tok/s (prefill included)
   legacy output-span aggregate: 74.78715158694513 tok/s (initial TTFT excluded; later admissions included)
   engine decode: 82.178 tok/s
== json concurrency 4: 23:10:04.574 .. 23:10:17.556  wall 13.0 s
   req 0: status 200 finish=length tokens 256 chunks 256 ttft 104 ms  client update pace 48.39 ms/update
   req 1: status 200 finish=length tokens 256 chunks 256 ttft 383 ms  client update pace 48.10 ms/update
   req 2: status 200 finish=length tokens 256 chunks 256 ttft 561 ms  client update pace 47.70 ms/update
   req 3: status 200 finish=length tokens 256 chunks 256 ttft 255 ms  client update pace 49.90 ms/update
   aggregate wall: 1024 tokens in 12.98 s = 78.88 tok/s (prefill included)
   legacy output-span aggregate: 79.51959708418556 tok/s (initial TTFT excluded; later admissions included)
   engine decode: 82.346 tok/s
== json concurrency 4: 23:10:17.557 .. 23:10:30.596  wall 13.0 s
   req 0: status 200 finish=length tokens 256 chunks 256 ttft 103 ms  client update pace 48.41 ms/update
   req 1: status 200 finish=length tokens 256 chunks 256 ttft 406 ms  client update pace 47.93 ms/update
   req 2: status 200 finish=length tokens 256 chunks 256 ttft 254 ms  client update pace 48.23 ms/update
   req 3: status 200 finish=length tokens 256 chunks 256 ttft 557 ms  client update pace 48.84 ms/update
   aggregate wall: 1024 tokens in 13.04 s = 78.53 tok/s (prefill included)
   legacy output-span aggregate: 79.3136899103823 tok/s (initial TTFT excluded; later admissions included)
   engine decode: 82.055 tok/s
== math concurrency 1: 23:10:30.614 .. 23:10:36.607  wall 6.0 s
   req 0: status 200 finish=length tokens 256 chunks 256 ttft 513 ms  client update pace 21.49 ms/update
   aggregate wall: 256 tokens in 5.99 s = 42.72 tok/s (prefill included)
   legacy output-span aggregate: 46.721271702944506 tok/s (initial TTFT excluded; later admissions included)
   engine decode: 46.829 tok/s
== math concurrency 1: 23:10:36.608 .. 23:10:42.212  wall 5.6 s
   req 0: status 200 finish=length tokens 256 chunks 256 ttft 102 ms  client update pace 21.58 ms/update
   aggregate wall: 256 tokens in 5.60 s = 45.68 tok/s (prefill included)
   legacy output-span aggregate: 46.529875607459374 tok/s (initial TTFT excluded; later admissions included)
   engine decode: 46.831 tok/s
== math concurrency 1: 23:10:42.213 .. 23:10:47.816  wall 5.6 s
   req 0: status 200 finish=length tokens 256 chunks 256 ttft 103 ms  client update pace 21.56 ms/update
   aggregate wall: 256 tokens in 5.60 s = 45.69 tok/s (prefill included)
   legacy output-span aggregate: 46.55724795323871 tok/s (initial TTFT excluded; later admissions included)
   engine decode: 46.861 tok/s
== math concurrency 2: 23:10:47.834 .. 23:10:56.737  wall 8.9 s
   req 0: status 200 finish=length tokens 256 chunks 256 ttft 487 ms  client update pace 33.00 ms/update
   req 1: status 200 finish=length tokens 256 chunks 256 ttft 949 ms  client update pace 31.19 ms/update
   aggregate wall: 512 tokens in 8.90 s = 57.51 tok/s (prefill included)
   legacy output-span aggregate: 60.84390195409807 tok/s (initial TTFT excluded; later admissions included)
   engine decode: 64.750 tok/s
== math concurrency 2: 23:10:56.737 .. 23:11:04.936  wall 8.2 s
   req 0: status 200 finish=length tokens 256 chunks 256 ttft 103 ms  client update pace 31.75 ms/update
   req 1: status 200 finish=length tokens 256 chunks 256 ttft 257 ms  client update pace 31.04 ms/update
   aggregate wall: 512 tokens in 8.20 s = 62.45 tok/s (prefill included)
   legacy output-span aggregate: 63.24656884488762 tok/s (initial TTFT excluded; later admissions included)
   engine decode: 64.751 tok/s
== math concurrency 2: 23:11:04.937 .. 23:11:13.132  wall 8.2 s
   req 0: status 200 finish=length tokens 256 chunks 256 ttft 103 ms  client update pace 31.73 ms/update
   req 1: status 200 finish=length tokens 256 chunks 256 ttft 255 ms  client update pace 31.13 ms/update
   aggregate wall: 512 tokens in 8.19 s = 62.48 tok/s (prefill included)
   legacy output-span aggregate: 63.27850309547223 tok/s (initial TTFT excluded; later admissions included)
   engine decode: 64.667 tok/s
== math concurrency 4: 23:11:13.145 .. 23:11:27.833  wall 14.7 s
   req 0: status 200 finish=length tokens 256 chunks 256 ttft 457 ms  client update pace 51.71 ms/update
   req 1: status 200 finish=length tokens 256 chunks 256 ttft 861 ms  client update pace 52.33 ms/update
   req 2: status 200 finish=length tokens 256 chunks 256 ttft 1264 ms  client update pace 52.14 ms/update
   req 3: status 200 finish=length tokens 256 chunks 256 ttft 1718 ms  client update pace 50.86 ms/update
   aggregate wall: 1024 tokens in 14.69 s = 69.71 tok/s (prefill included)
   legacy output-span aggregate: 71.95420476937726 tok/s (initial TTFT excluded; later admissions included)
   engine decode: 78.955 tok/s
== math concurrency 4: 23:11:27.834 .. 23:11:41.348  wall 13.5 s
   req 0: status 200 finish=length tokens 256 chunks 256 ttft 104 ms  client update pace 48.61 ms/update
   req 1: status 200 finish=length tokens 256 chunks 256 ttft 383 ms  client update pace 50.09 ms/update
   req 2: status 200 finish=length tokens 256 chunks 256 ttft 231 ms  client update pace 51.38 ms/update
   req 3: status 200 finish=length tokens 256 chunks 256 ttft 559 ms  client update pace 50.79 ms/update
   aggregate wall: 1024 tokens in 13.51 s = 75.78 tok/s (prefill included)
   legacy output-span aggregate: 76.36877632181992 tok/s (initial TTFT excluded; later admissions included)
   engine decode: 79.209 tok/s
== math concurrency 4: 23:11:41.348 .. 23:11:54.913  wall 13.6 s
   req 0: status 200 finish=length tokens 256 chunks 256 ttft 102 ms  client update pace 48.80 ms/update
   req 1: status 200 finish=length tokens 256 chunks 256 ttft 253 ms  client update pace 50.40 ms/update
   req 2: status 200 finish=length tokens 256 chunks 256 ttft 405 ms  client update pace 51.11 ms/update
   req 3: status 200 finish=length tokens 256 chunks 256 ttft 556 ms  client update pace 51.01 ms/update
   aggregate wall: 1024 tokens in 13.57 s = 75.49 tok/s (prefill included)
   legacy output-span aggregate: 76.06459773677135 tok/s (initial TTFT excluded; later admissions included)
   engine decode: 78.902 tok/s
== chat concurrency 1: 23:11:54.928 .. 23:12:01.797  wall 6.9 s
   req 0: status 200 finish=length tokens 256 chunks 256 ttft 406 ms  client update pace 25.34 ms/update
   aggregate wall: 256 tokens in 6.87 s = 37.27 tok/s (prefill included)
   legacy output-span aggregate: 39.61187270216099 tok/s (initial TTFT excluded; later admissions included)
   engine decode: 39.899 tok/s
== chat concurrency 1: 23:12:01.798 .. 23:12:08.373  wall 6.6 s
   req 0: status 200 finish=length tokens 256 chunks 256 ttft 102 ms  client update pace 25.38 ms/update
   aggregate wall: 256 tokens in 6.57 s = 38.94 tok/s (prefill included)
   legacy output-span aggregate: 39.5524055366335 tok/s (initial TTFT excluded; later admissions included)
   engine decode: 39.983 tok/s
== chat concurrency 1: 23:12:08.374 .. 23:12:14.947  wall 6.6 s
   req 0: status 200 finish=length tokens 256 chunks 256 ttft 103 ms  client update pace 25.37 ms/update
   aggregate wall: 256 tokens in 6.57 s = 38.94 tok/s (prefill included)
   legacy output-span aggregate: 39.56728887062169 tok/s (initial TTFT excluded; later admissions included)
   engine decode: 39.913 tok/s
== chat concurrency 2: 23:12:14.962 .. 23:12:24.711  wall 9.7 s
   req 0: status 200 finish=length tokens 256 chunks 256 ttft 410 ms  client update pace 36.62 ms/update
   req 1: status 200 finish=length tokens 256 chunks 256 ttft 847 ms  client update pace 34.50 ms/update
   aggregate wall: 512 tokens in 9.75 s = 52.52 tok/s (prefill included)
   legacy output-span aggregate: 54.828973528254686 tok/s (initial TTFT excluded; later admissions included)
   engine decode: 57.908 tok/s
== chat concurrency 2: 23:12:24.712 .. 23:12:33.837  wall 9.1 s
   req 0: status 200 finish=length tokens 256 chunks 256 ttft 102 ms  client update pace 35.38 ms/update
   req 1: status 200 finish=length tokens 256 chunks 256 ttft 253 ms  client update pace 34.49 ms/update
   aggregate wall: 512 tokens in 9.12 s = 56.11 tok/s (prefill included)
   legacy output-span aggregate: 56.75047768333899 tok/s (initial TTFT excluded; later admissions included)
   engine decode: 57.963 tok/s
== chat concurrency 2: 23:12:33.837 .. 23:12:42.978  wall 9.1 s
   req 0: status 200 finish=length tokens 256 chunks 256 ttft 102 ms  client update pace 35.44 ms/update
   req 1: status 200 finish=length tokens 256 chunks 256 ttft 256 ms  client update pace 34.44 ms/update
   aggregate wall: 512 tokens in 9.14 s = 56.02 tok/s (prefill included)
   legacy output-span aggregate: 56.65606480026311 tok/s (initial TTFT excluded; later admissions included)
   engine decode: 57.945 tok/s
== chat concurrency 4: 23:12:42.993 .. 23:12:58.090  wall 15.1 s
   req 0: status 200 finish=length tokens 256 chunks 256 ttft 410 ms  client update pace 55.88 ms/update
   req 1: status 200 finish=length tokens 256 chunks 256 ttft 1204 ms  client update pace 54.38 ms/update
   req 2: status 200 finish=length tokens 256 chunks 256 ttft 1613 ms  client update pace 52.67 ms/update
   req 3: status 200 finish=length tokens 256 chunks 256 ttft 792 ms  client update pace 55.89 ms/update
   aggregate wall: 1024 tokens in 15.10 s = 67.83 tok/s (prefill included)
   legacy output-span aggregate: 69.8455989204747 tok/s (initial TTFT excluded; later admissions included)
   engine decode: 76.102 tok/s
== chat concurrency 4: 23:12:58.090 .. 23:13:12.212  wall 14.1 s
   req 0: status 200 finish=length tokens 256 chunks 256 ttft 105 ms  client update pace 53.06 ms/update
   req 1: status 200 finish=length tokens 256 chunks 256 ttft 232 ms  client update pace 54.06 ms/update
   req 2: status 200 finish=length tokens 256 chunks 256 ttft 412 ms  client update pace 53.05 ms/update
   req 3: status 200 finish=length tokens 256 chunks 256 ttft 566 ms  client update pace 53.16 ms/update
   aggregate wall: 1024 tokens in 14.12 s = 72.51 tok/s (prefill included)
   legacy output-span aggregate: 73.05620983751298 tok/s (initial TTFT excluded; later admissions included)
   engine decode: 75.735 tok/s
== chat concurrency 4: 23:13:12.213 .. 23:13:26.292  wall 14.1 s
   req 0: status 200 finish=length tokens 256 chunks 256 ttft 103 ms  client update pace 53.20 ms/update
   req 1: status 200 finish=length tokens 256 chunks 256 ttft 256 ms  client update pace 54.00 ms/update
   req 2: status 200 finish=length tokens 256 chunks 256 ttft 586 ms  client update pace 52.71 ms/update
   req 3: status 200 finish=length tokens 256 chunks 256 ttft 407 ms  client update pace 53.61 ms/update
   aggregate wall: 1024 tokens in 14.08 s = 72.73 tok/s (prefill included)
   legacy output-span aggregate: 73.27438837559973 tok/s (initial TTFT excluded; later admissions included)
   engine decode: 75.967 tok/s
== per-class wall aggregate tokens/s (prefill included), greedy, max_tokens 256
| class | c=1 | c=2 | c=4 |
|---|---|---|---|
| prose | 42.1 | 54.5 | 72.1 |
| code | 43.5 | 58.5 | 76.2 |
| json | 46.8 | 63.4 | 78.5 |
| math | 45.7 | 62.4 | 75.5 |
| chat | 38.9 | 56.0 | 72.5 |
