model HawkBearPig/GLM-5.3-Flash-NVFP4-FP8
warm 0: status 200 tokens 64
== prose concurrency 1: 01:36:21.003 .. 01:36:25.620  wall 4.6 s
   req 0: status 200 finish=length tokens 256 chunks 256 ttft 277 ms  client update pace 17.01 ms/update
   aggregate wall: 256 tokens in 4.62 s = 55.45 tok/s (prefill included)
   legacy output-span aggregate: 59.01277675600807 tok/s (initial TTFT excluded; later admissions included)
   engine decode: 59.077 tok/s
== prose concurrency 1: 01:36:25.620 .. 01:36:30.035  wall 4.4 s
   req 0: status 200 finish=length tokens 256 chunks 256 ttft 76 ms  client update pace 17.01 ms/update
   aggregate wall: 256 tokens in 4.41 s = 57.98 tok/s (prefill included)
   legacy output-span aggregate: 59.01172602342514 tok/s (initial TTFT excluded; later admissions included)
   engine decode: 59.051 tok/s
== prose concurrency 1: 01:36:30.036 .. 01:36:34.451  wall 4.4 s
   req 0: status 200 finish=length tokens 256 chunks 256 ttft 76 ms  client update pace 17.01 ms/update
   aggregate wall: 256 tokens in 4.42 s = 57.98 tok/s (prefill included)
   legacy output-span aggregate: 59.00273503490928 tok/s (initial TTFT excluded; later admissions included)
   engine decode: 59.005 tok/s
== prose concurrency 2: 01:36:34.452 .. 01:36:41.417  wall 7.0 s
   req 0: status 200 finish=length tokens 256 chunks 256 ttft 278 ms  client update pace 26.22 ms/update
   req 1: status 200 finish=length tokens 256 chunks 256 ttft 555 ms  client update pace 24.34 ms/update
   aggregate wall: 512 tokens in 6.97 s = 73.51 tok/s (prefill included)
   legacy output-span aggregate: 76.57449224381563 tok/s (initial TTFT excluded; later admissions included)
   engine decode: 79.679 tok/s
== prose concurrency 2: 01:36:41.417 .. 01:36:48.003  wall 6.6 s
   req 0: status 200 finish=length tokens 256 chunks 256 ttft 77 ms  client update pace 25.43 ms/update
   req 1: status 200 finish=length tokens 256 chunks 256 ttft 177 ms  client update pace 24.33 ms/update
   aggregate wall: 512 tokens in 6.59 s = 77.74 tok/s (prefill included)
   legacy output-span aggregate: 78.96990379148633 tok/s (initial TTFT excluded; later admissions included)
   engine decode: 79.543 tok/s
== prose concurrency 2: 01:36:48.004 .. 01:36:54.590  wall 6.6 s
   req 0: status 200 finish=length tokens 256 chunks 256 ttft 77 ms  client update pace 25.42 ms/update
   req 1: status 200 finish=length tokens 256 chunks 256 ttft 177 ms  client update pace 24.33 ms/update
   aggregate wall: 512 tokens in 6.59 s = 77.74 tok/s (prefill included)
   legacy output-span aggregate: 78.98435927782553 tok/s (initial TTFT excluded; later admissions included)
   engine decode: 79.547 tok/s
== prose concurrency 4: 01:36:54.592 .. 01:37:05.147  wall 10.6 s
   req 0: status 200 finish=length tokens 256 chunks 256 ttft 281 ms  client update pace 39.68 ms/update
   req 1: status 200 finish=length tokens 256 chunks 256 ttft 559 ms  client update pace 39.19 ms/update
   req 2: status 200 finish=length tokens 256 chunks 256 ttft 839 ms  client update pace 37.50 ms/update
   req 3: status 200 finish=length tokens 256 chunks 256 ttft 1165 ms  client update pace 36.41 ms/update
   aggregate wall: 1024 tokens in 10.55 s = 97.02 tok/s (prefill included)
   legacy output-span aggregate: 99.68477271334724 tok/s (initial TTFT excluded; later admissions included)
   engine decode: 107.930 tok/s
== prose concurrency 4: 01:37:05.148 .. 01:37:14.883  wall 9.7 s
   req 0: status 200 finish=length tokens 256 chunks 256 ttft 378 ms  client update pace 36.48 ms/update
   req 1: status 200 finish=length tokens 256 chunks 256 ttft 77 ms  client update pace 37.77 ms/update
   req 2: status 200 finish=length tokens 256 chunks 256 ttft 177 ms  client update pace 37.07 ms/update
   req 3: status 200 finish=length tokens 256 chunks 256 ttft 277 ms  client update pace 36.68 ms/update
   aggregate wall: 1024 tokens in 9.74 s = 105.18 tok/s (prefill included)
   legacy output-span aggregate: 106.3250769007842 tok/s (initial TTFT excluded; later admissions included)
   engine decode: 108.286 tok/s
== prose concurrency 4: 01:37:14.884 .. 01:37:24.797  wall 9.9 s
   req 0: status 200 finish=length tokens 256 chunks 256 ttft 381 ms  client update pace 36.97 ms/update
   req 1: status 200 finish=length tokens 256 chunks 256 ttft 179 ms  client update pace 38.17 ms/update
   req 2: status 200 finish=length tokens 256 chunks 256 ttft 280 ms  client update pace 37.17 ms/update
   req 3: status 200 finish=length tokens 256 chunks 256 ttft 78 ms  client update pace 37.17 ms/update
   aggregate wall: 1024 tokens in 9.91 s = 103.30 tok/s (prefill included)
   legacy output-span aggregate: 104.12612186947884 tok/s (initial TTFT excluded; later admissions included)
   engine decode: 106.167 tok/s
== code concurrency 1: 01:37:24.803 .. 01:37:29.346  wall 4.5 s
   req 0: status 200 finish=length tokens 256 chunks 256 ttft 302 ms  client update pace 16.62 ms/update
   aggregate wall: 256 tokens in 4.54 s = 56.36 tok/s (prefill included)
   legacy output-span aggregate: 60.39836799154606 tok/s (initial TTFT excluded; later admissions included)
   engine decode: 60.435 tok/s
== code concurrency 1: 01:37:29.346 .. 01:37:33.686  wall 4.3 s
   req 0: status 200 finish=length tokens 256 chunks 256 ttft 76 ms  client update pace 16.72 ms/update
   aggregate wall: 256 tokens in 4.34 s = 59.00 tok/s (prefill included)
   legacy output-span aggregate: 60.05795155005151 tok/s (initial TTFT excluded; later admissions included)
   engine decode: 59.825 tok/s
== code concurrency 1: 01:37:33.687 .. 01:37:38.002  wall 4.3 s
   req 0: status 200 finish=length tokens 256 chunks 256 ttft 76 ms  client update pace 16.62 ms/update
   aggregate wall: 256 tokens in 4.31 s = 59.33 tok/s (prefill included)
   legacy output-span aggregate: 60.400248660824 tok/s (initial TTFT excluded; later admissions included)
   engine decode: 60.346 tok/s
== code concurrency 2: 01:37:38.009 .. 01:37:44.790  wall 6.8 s
   req 0: status 200 finish=length tokens 256 chunks 256 ttft 306 ms  client update pace 25.09 ms/update
   req 1: status 200 finish=length tokens 256 chunks 256 ttft 610 ms  client update pace 24.09 ms/update
   aggregate wall: 512 tokens in 6.78 s = 75.51 tok/s (prefill included)
   legacy output-span aggregate: 79.39378968643115 tok/s (initial TTFT excluded; later admissions included)
   engine decode: 82.634 tok/s
== code concurrency 2: 01:37:44.790 .. 01:37:51.072  wall 6.3 s
   req 0: status 200 finish=length tokens 256 chunks 256 ttft 152 ms  client update pace 24.03 ms/update
   req 1: status 200 finish=length tokens 256 chunks 256 ttft 76 ms  client update pace 24.33 ms/update
   aggregate wall: 512 tokens in 6.28 s = 81.50 tok/s (prefill included)
   legacy output-span aggregate: 82.52244899927047 tok/s (initial TTFT excluded; later admissions included)
   engine decode: 82.958 tok/s
== code concurrency 2: 01:37:51.073 .. 01:37:57.255  wall 6.2 s
   req 0: status 200 finish=length tokens 256 chunks 256 ttft 152 ms  client update pace 23.64 ms/update
   req 1: status 200 finish=length tokens 256 chunks 256 ttft 76 ms  client update pace 23.94 ms/update
   aggregate wall: 512 tokens in 6.18 s = 82.82 tok/s (prefill included)
   legacy output-span aggregate: 83.86649861391712 tok/s (initial TTFT excluded; later admissions included)
   engine decode: 84.337 tok/s
== code concurrency 4: 01:37:57.264 .. 01:38:07.681  wall 10.4 s
   req 0: status 200 finish=length tokens 256 chunks 256 ttft 890 ms  client update pace 36.55 ms/update
   req 1: status 200 finish=length tokens 256 chunks 256 ttft 1194 ms  client update pace 36.16 ms/update
   req 2: status 200 finish=length tokens 256 chunks 256 ttft 281 ms  client update pace 39.24 ms/update
   req 3: status 200 finish=length tokens 256 chunks 256 ttft 560 ms  client update pace 38.35 ms/update
   aggregate wall: 1024 tokens in 10.42 s = 98.30 tok/s (prefill included)
   legacy output-span aggregate: 101.03629785162711 tok/s (initial TTFT excluded; later admissions included)
   engine decode: 109.660 tok/s
== code concurrency 4: 01:38:07.682 .. 01:38:17.219  wall 9.5 s
   req 0: status 200 finish=length tokens 256 chunks 256 ttft 77 ms  client update pace 35.70 ms/update
   req 1: status 200 finish=length tokens 256 chunks 256 ttft 178 ms  client update pace 36.70 ms/update
   req 2: status 200 finish=length tokens 256 chunks 256 ttft 404 ms  client update pace 35.21 ms/update
   req 3: status 200 finish=length tokens 256 chunks 256 ttft 278 ms  client update pace 36.30 ms/update
   aggregate wall: 1024 tokens in 9.54 s = 107.37 tok/s (prefill included)
   legacy output-span aggregate: 108.25796126524749 tok/s (initial TTFT excluded; later admissions included)
   engine decode: 110.516 tok/s
== code concurrency 4: 01:38:17.220 .. 01:38:26.770  wall 9.6 s
   req 0: status 200 finish=length tokens 256 chunks 256 ttft 407 ms  client update pace 35.55 ms/update
   req 1: status 200 finish=length tokens 256 chunks 256 ttft 179 ms  client update pace 36.75 ms/update
   req 2: status 200 finish=length tokens 256 chunks 256 ttft 280 ms  client update pace 35.55 ms/update
   req 3: status 200 finish=length tokens 256 chunks 256 ttft 77 ms  client update pace 36.64 ms/update
   aggregate wall: 1024 tokens in 9.55 s = 107.22 tok/s (prefill included)
   legacy output-span aggregate: 108.10873493784813 tok/s (initial TTFT excluded; later admissions included)
   engine decode: 110.477 tok/s
== json concurrency 1: 01:38:26.782 .. 01:38:31.204  wall 4.4 s
   req 0: status 200 finish=length tokens 256 chunks 256 ttft 279 ms  client update pace 16.24 ms/update
   aggregate wall: 256 tokens in 4.42 s = 57.90 tok/s (prefill included)
   legacy output-span aggregate: 61.819439793783374 tok/s (initial TTFT excluded; later admissions included)
   engine decode: 61.763 tok/s
== json concurrency 1: 01:38:31.205 .. 01:38:35.418  wall 4.2 s
   req 0: status 200 finish=length tokens 256 chunks 256 ttft 76 ms  client update pace 16.12 ms/update
   aggregate wall: 256 tokens in 4.21 s = 60.75 tok/s (prefill included)
   legacy output-span aggregate: 62.2717425625547 tok/s (initial TTFT excluded; later admissions included)
   engine decode: 61.797 tok/s
== json concurrency 1: 01:38:35.419 .. 01:38:39.633  wall 4.2 s
   req 0: status 200 finish=length tokens 256 chunks 256 ttft 76 ms  client update pace 16.22 ms/update
   aggregate wall: 256 tokens in 4.21 s = 60.76 tok/s (prefill included)
   legacy output-span aggregate: 61.88725701816354 tok/s (initial TTFT excluded; later admissions included)
   engine decode: 61.799 tok/s
== json concurrency 2: 01:38:39.645 .. 01:38:46.608  wall 7.0 s
   req 0: status 200 finish=length tokens 256 chunks 256 ttft 605 ms  client update pace 24.93 ms/update
   req 1: status 200 finish=length tokens 256 chunks 256 ttft 303 ms  client update pace 23.94 ms/update
   aggregate wall: 512 tokens in 6.96 s = 73.53 tok/s (prefill included)
   legacy output-span aggregate: 76.88789641315691 tok/s (initial TTFT excluded; later admissions included)
   engine decode: 79.947 tok/s
== json concurrency 2: 01:38:46.609 .. 01:38:53.140  wall 6.5 s
   req 0: status 200 finish=length tokens 256 chunks 256 ttft 153 ms  client update pace 25.01 ms/update
   req 1: status 200 finish=length tokens 256 chunks 256 ttft 77 ms  client update pace 23.11 ms/update
   aggregate wall: 512 tokens in 6.53 s = 78.40 tok/s (prefill included)
   legacy output-span aggregate: 79.3430048969757 tok/s (initial TTFT excluded; later admissions included)
   engine decode: 79.868 tok/s
== json concurrency 2: 01:38:53.140 .. 01:38:59.672  wall 6.5 s
   req 0: status 200 finish=length tokens 256 chunks 256 ttft 77 ms  client update pace 25.30 ms/update
   req 1: status 200 finish=length tokens 256 chunks 256 ttft 153 ms  client update pace 23.01 ms/update
   aggregate wall: 512 tokens in 6.53 s = 78.39 tok/s (prefill included)
   legacy output-span aggregate: 79.34593128008649 tok/s (initial TTFT excluded; later admissions included)
   engine decode: 79.971 tok/s
== json concurrency 4: 01:38:59.686 .. 01:39:09.497  wall 9.8 s
   req 0: status 200 finish=length tokens 256 chunks 256 ttft 306 ms  client update pace 35.97 ms/update
   req 1: status 200 finish=length tokens 256 chunks 256 ttft 888 ms  client update pace 34.98 ms/update
   req 2: status 200 finish=length tokens 256 chunks 256 ttft 610 ms  client update pace 35.77 ms/update
   req 3: status 200 finish=length tokens 256 chunks 256 ttft 1218 ms  client update pace 33.68 ms/update
   aggregate wall: 1024 tokens in 9.81 s = 104.37 tok/s (prefill included)
   legacy output-span aggregate: 107.75475053256692 tok/s (initial TTFT excluded; later admissions included)
   engine decode: 117.376 tok/s
== json concurrency 4: 01:39:09.498 .. 01:39:18.472  wall 9.0 s
   req 0: status 200 finish=length tokens 256 chunks 256 ttft 407 ms  client update pace 33.28 ms/update
   req 1: status 200 finish=length tokens 256 chunks 256 ttft 281 ms  client update pace 34.08 ms/update
   req 2: status 200 finish=length tokens 256 chunks 256 ttft 78 ms  client update pace 34.28 ms/update
   req 3: status 200 finish=length tokens 256 chunks 256 ttft 180 ms  client update pace 34.18 ms/update
   aggregate wall: 1024 tokens in 8.97 s = 114.10 tok/s (prefill included)
   legacy output-span aggregate: 115.12152587061559 tok/s (initial TTFT excluded; later admissions included)
   engine decode: 117.684 tok/s
== json concurrency 4: 01:39:18.473 .. 01:39:27.450  wall 9.0 s
   req 0: status 200 finish=length tokens 256 chunks 256 ttft 280 ms  client update pace 33.50 ms/update
   req 1: status 200 finish=length tokens 256 chunks 256 ttft 154 ms  client update pace 34.00 ms/update
   req 2: status 200 finish=length tokens 256 chunks 256 ttft 77 ms  client update pace 34.29 ms/update
   req 3: status 200 finish=length tokens 256 chunks 256 ttft 407 ms  client update pace 33.60 ms/update
   aggregate wall: 1024 tokens in 8.98 s = 114.07 tok/s (prefill included)
   legacy output-span aggregate: 115.08501264424882 tok/s (initial TTFT excluded; later admissions included)
   engine decode: 117.652 tok/s
== math concurrency 1: 01:39:27.467 .. 01:39:32.084  wall 4.6 s
   req 0: status 200 finish=length tokens 256 chunks 256 ttft 328 ms  client update pace 16.82 ms/update
   aggregate wall: 256 tokens in 4.62 s = 55.44 tok/s (prefill included)
   legacy output-span aggregate: 59.69537532051046 tok/s (initial TTFT excluded; later admissions included)
   engine decode: 59.702 tok/s
== math concurrency 1: 01:39:32.085 .. 01:39:36.448  wall 4.4 s
   req 0: status 200 finish=length tokens 256 chunks 256 ttft 76 ms  client update pace 16.81 ms/update
   aggregate wall: 256 tokens in 4.36 s = 58.68 tok/s (prefill included)
   legacy output-span aggregate: 59.72576232674686 tok/s (initial TTFT excluded; later admissions included)
   engine decode: 59.602 tok/s
== math concurrency 1: 01:39:36.449 .. 01:39:40.824  wall 4.4 s
   req 0: status 200 finish=length tokens 256 chunks 256 ttft 77 ms  client update pace 16.85 ms/update
   aggregate wall: 256 tokens in 4.37 s = 58.52 tok/s (prefill included)
   legacy output-span aggregate: 59.574530501665215 tok/s (initial TTFT excluded; later admissions included)
   engine decode: 59.599 tok/s
== math concurrency 2: 01:39:40.841 .. 01:39:47.372  wall 6.5 s
   req 0: status 200 finish=length tokens 256 chunks 256 ttft 636 ms  client update pace 23.11 ms/update
   req 1: status 200 finish=length tokens 256 chunks 255 ttft 306 ms  client update pace 24.20 ms/update
   aggregate wall: 512 tokens in 6.53 s = 78.40 tok/s (prefill included)
   legacy output-span aggregate: 82.2782609666831 tok/s (initial TTFT excluded; later admissions included)
   engine decode: 86.474 tok/s
== math concurrency 2: 01:39:47.373 .. 01:39:53.419  wall 6.0 s
   req 0: status 200 finish=length tokens 256 chunks 256 ttft 77 ms  client update pace 23.41 ms/update
   req 1: status 200 finish=length tokens 256 chunks 255 ttft 178 ms  client update pace 23.10 ms/update
   aggregate wall: 512 tokens in 6.05 s = 84.68 tok/s (prefill included)
   legacy output-span aggregate: 85.7784860908602 tok/s (initial TTFT excluded; later admissions included)
   engine decode: 86.693 tok/s
== math concurrency 2: 01:39:53.420 .. 01:39:59.476  wall 6.1 s
   req 0: status 200 finish=length tokens 256 chunks 256 ttft 178 ms  client update pace 23.04 ms/update
   req 1: status 200 finish=length tokens 256 chunks 255 ttft 77 ms  client update pace 23.23 ms/update
   aggregate wall: 512 tokens in 6.06 s = 84.54 tok/s (prefill included)
   legacy output-span aggregate: 85.64836229911924 tok/s (initial TTFT excluded; later admissions included)
   engine decode: 86.474 tok/s
== math concurrency 4: 01:39:59.537 .. 01:40:10.297  wall 10.8 s
   req 0: status 200 finish=length tokens 256 chunks 256 ttft 606 ms  client update pace 37.22 ms/update
   req 1: status 200 finish=length tokens 256 chunks 256 ttft 933 ms  client update pace 36.93 ms/update
   req 2: status 200 finish=length tokens 256 chunks 256 ttft 1235 ms  client update pace 37.34 ms/update
   req 3: status 200 finish=length tokens 256 chunks 256 ttft 278 ms  client update pace 40.40 ms/update
   aggregate wall: 1024 tokens in 10.76 s = 95.17 tok/s (prefill included)
   legacy output-span aggregate: 97.71422941158255 tok/s (initial TTFT excluded; later admissions included)
   engine decode: 106.240 tok/s
== math concurrency 4: 01:40:10.297 .. 01:40:19.907  wall 9.6 s
   req 0: status 200 finish=length tokens 256 chunks 256 ttft 382 ms  client update pace 34.88 ms/update
   req 1: status 200 finish=length tokens 256 chunks 256 ttft 280 ms  client update pace 35.98 ms/update
   req 2: status 200 finish=length tokens 256 chunks 255 ttft 179 ms  client update pace 36.72 ms/update
   req 3: status 200 finish=length tokens 256 chunks 256 ttft 78 ms  client update pace 37.37 ms/update
   aggregate wall: 1024 tokens in 9.61 s = 106.56 tok/s (prefill included)
   legacy output-span aggregate: 107.4542652063251 tok/s (initial TTFT excluded; later admissions included)
   engine decode: 109.607 tok/s
== math concurrency 4: 01:40:19.907 .. 01:40:29.569  wall 9.7 s
   req 0: status 200 finish=length tokens 256 chunks 256 ttft 154 ms  client update pace 35.48 ms/update
   req 1: status 200 finish=length tokens 256 chunks 256 ttft 78 ms  client update pace 36.08 ms/update
   req 2: status 200 finish=length tokens 256 chunks 256 ttft 382 ms  client update pace 36.38 ms/update
   req 3: status 200 finish=length tokens 256 chunks 256 ttft 280 ms  client update pace 35.28 ms/update
   aggregate wall: 1024 tokens in 9.66 s = 105.99 tok/s (prefill included)
   legacy output-span aggregate: 106.86628101301346 tok/s (initial TTFT excluded; later admissions included)
   engine decode: 108.772 tok/s
== chat concurrency 1: 01:40:29.632 .. 01:40:34.653  wall 5.0 s
   req 0: status 200 finish=length tokens 256 chunks 256 ttft 303 ms  client update pace 18.50 ms/update
   aggregate wall: 256 tokens in 5.02 s = 50.98 tok/s (prefill included)
   legacy output-span aggregate: 54.276576488471896 tok/s (initial TTFT excluded; later admissions included)
   engine decode: 54.082 tok/s
== chat concurrency 1: 01:40:34.654 .. 01:40:39.473  wall 4.8 s
   req 0: status 200 finish=length tokens 256 chunks 256 ttft 76 ms  client update pace 18.60 ms/update
   aggregate wall: 256 tokens in 4.82 s = 53.12 tok/s (prefill included)
   legacy output-span aggregate: 53.98316689494699 tok/s (initial TTFT excluded; later admissions included)
   engine decode: 54.037 tok/s
== chat concurrency 1: 01:40:39.474 .. 01:40:44.293  wall 4.8 s
   req 0: status 200 finish=length tokens 256 chunks 256 ttft 76 ms  client update pace 18.60 ms/update
   aggregate wall: 256 tokens in 4.82 s = 53.12 tok/s (prefill included)
   legacy output-span aggregate: 53.985409941236114 tok/s (initial TTFT excluded; later admissions included)
   engine decode: 54.024 tok/s
== chat concurrency 2: 01:40:44.320 .. 01:40:51.339  wall 7.0 s
   req 0: status 200 finish=length tokens 256 chunks 256 ttft 611 ms  client update pace 25.13 ms/update
   req 1: status 200 finish=length tokens 256 chunks 256 ttft 306 ms  client update pace 25.02 ms/update
   aggregate wall: 512 tokens in 7.02 s = 72.94 tok/s (prefill included)
   legacy output-span aggregate: 76.27729438246773 tok/s (initial TTFT excluded; later admissions included)
   engine decode: 79.338 tok/s
== chat concurrency 2: 01:40:51.340 .. 01:40:57.924  wall 6.6 s
   req 0: status 200 finish=length tokens 256 chunks 256 ttft 101 ms  client update pace 25.42 ms/update
   req 1: status 200 finish=length tokens 256 chunks 256 ttft 177 ms  client update pace 24.13 ms/update
   aggregate wall: 512 tokens in 6.58 s = 77.76 tok/s (prefill included)
   legacy output-span aggregate: 79.00095120592762 tok/s (initial TTFT excluded; later admissions included)
   engine decode: 79.648 tok/s
== chat concurrency 2: 01:40:57.925 .. 01:41:04.533  wall 6.6 s
   req 0: status 200 finish=length tokens 256 chunks 256 ttft 179 ms  client update pace 25.21 ms/update
   req 1: status 200 finish=length tokens 256 chunks 256 ttft 77 ms  client update pace 24.31 ms/update
   aggregate wall: 512 tokens in 6.61 s = 77.48 tok/s (prefill included)
   legacy output-span aggregate: 78.40789499387085 tok/s (initial TTFT excluded; later admissions included)
   engine decode: 79.218 tok/s
== chat concurrency 4: 01:41:04.558 .. 01:41:15.280  wall 10.7 s
   req 0: status 200 finish=length tokens 256 chunks 256 ttft 864 ms  client update pace 37.15 ms/update
   req 1: status 200 finish=length tokens 256 chunks 256 ttft 1168 ms  client update pace 37.45 ms/update
   req 2: status 200 finish=length tokens 256 chunks 256 ttft 534 ms  client update pace 39.64 ms/update
   req 3: status 200 finish=length tokens 256 chunks 256 ttft 255 ms  client update pace 39.04 ms/update
   aggregate wall: 1024 tokens in 10.72 s = 95.50 tok/s (prefill included)
   legacy output-span aggregate: 97.85745975187275 tok/s (initial TTFT excluded; later admissions included)
   engine decode: 105.841 tok/s
== chat concurrency 4: 01:41:15.280 .. 01:41:25.143  wall 9.9 s
   req 0: status 200 finish=length tokens 256 chunks 256 ttft 178 ms  client update pace 37.27 ms/update
   req 1: status 200 finish=length tokens 256 chunks 256 ttft 77 ms  client update pace 36.88 ms/update
   req 2: status 200 finish=length tokens 256 chunks 256 ttft 382 ms  client update pace 37.07 ms/update
   req 3: status 200 finish=length tokens 256 chunks 256 ttft 280 ms  client update pace 36.38 ms/update
   aggregate wall: 1024 tokens in 9.86 s = 103.83 tok/s (prefill included)
   legacy output-span aggregate: 104.94022575216233 tok/s (initial TTFT excluded; later admissions included)
   engine decode: 106.795 tok/s
== chat concurrency 4: 01:41:25.143 .. 01:41:35.109  wall 10.0 s
   req 0: status 200 finish=length tokens 256 chunks 256 ttft 177 ms  client update pace 37.29 ms/update
   req 1: status 200 finish=length tokens 256 chunks 256 ttft 277 ms  client update pace 37.78 ms/update
   req 2: status 200 finish=length tokens 256 chunks 256 ttft 378 ms  client update pace 37.59 ms/update
   req 3: status 200 finish=length tokens 256 chunks 256 ttft 77 ms  client update pace 36.69 ms/update
   aggregate wall: 1024 tokens in 9.97 s = 102.75 tok/s (prefill included)
   legacy output-span aggregate: 103.57514523382397 tok/s (initial TTFT excluded; later admissions included)
   engine decode: 105.599 tok/s
== per-class wall aggregate tokens/s (prefill included), greedy, max_tokens 256
| class | c=1 | c=2 | c=4 |
|---|---|---|---|
| prose | 58.0 | 77.7 | 103.3 |
| code | 59.0 | 81.5 | 107.2 |
| json | 60.8 | 78.4 | 114.1 |
| math | 58.5 | 84.5 | 106.0 |
| chat | 53.1 | 77.5 | 102.8 |
